/home/sc/mp3/tigerfm4/jingle/LDN_SWEEP_05.MP3
/home/sc/mp3/tigerfm4/music/2 Heads - Out Of The City (Hardkandy Mix).mp3
/home/sc/mp3/tigerfm4/music/30 Seconds To Mars [Cover] - Stronger.mp3
/home/sc/mp3/tigerfm4/music/3Rd Force - Echoes Of A Dream.mp3
/home/sc/mp3/tigerfm4/music/A.O.C._-_Bluntz.mp3
/home/sc/mp3/tigerfm4/jingle/LDN_SWEEP_10.MP3
/home/sc/mp3/tigerfm4/music/A_Man_Called_Adam_-_Estelle.mp3
/home/sc/mp3/tigerfm4/music/Achillea - Shears From Scar.mp3
/home/sc/mp3/tigerfm4/music/Adele - Chasing Pavements.mp3
/home/sc/mp3/tigerfm4/music/Adiemus - Adiemus.mp3
/home/sc/mp3/tigerfm4/jingle/LDN_ID_01_W.MP3
/home/sc/mp3/tigerfm4/music/Adiemus - Beyond The Century.mp3
/home/sc/mp3/tigerfm4/music/Adiemus - Cantus - Song Of Tears.mp3
/home/sc/mp3/tigerfm4/music/Adiemus - Cantus Insolitus.mp3
/home/sc/mp3/tigerfm4/music/Adiemus - Hymn.mp3
/home/sc/mp3/tigerfm4/jingle/LDN_ID_05_M.MP3
/home/sc/mp3/tigerfm4/music/Adiemus - Kayama.mp3
/home/sc/mp3/tigerfm4/music/Adiemus - Rain Dance.mp3
/home/sc/mp3/tigerfm4/music/Aeroplane - Above The Clouds.mp3
/home/sc/mp3/tigerfm4/music/Afro Medusa - Pasilda (Afterlife Mix).mp3
/home/sc/mp3/tigerfm4/jingle/LDN_ID_08_M.MP3
/home/sc/mp3/tigerfm4/music/Afterlife - Glide.mp3
/home/sc/mp3/tigerfm4/music/Afterlife feat. Danii Minoque - Take Me Inside (mix).mp3
/home/sc/mp3/tigerfm4/music/Afterlife_-_Shine.mp3
/home/sc/mp3/tigerfm4/music/Agnelli & Nelson - Everyday (Chillout Mix).mp3
/home/sc/mp3/tigerfm4/jingle/LDN_ID_02_W.MP3
/home/sc/mp3/tigerfm4/music/Air - All I Need.mp3
/home/sc/mp3/tigerfm4/music/Air_-_All_I_Need.mp3
/home/sc/mp3/tigerfm4/music/Air_-_Playground_Love.mp3
/home/sc/mp3/tigerfm4/music/Airstream - Electra (Religion Cut).mp3
/home/sc/mp3/tigerfm4/jingle/LDN_SWEEP_09.MP3
/home/sc/mp3/tigerfm4/music/Alain Planes - Debussy_ Clair de Lune.mp3
/home/sc/mp3/tigerfm4/music/Alain Sylvain - Doux Mystere VII.mp3
/home/sc/mp3/tigerfm4/music/Alchemorph_Soundtracks_-_Lost_Dreams.mp3
/home/sc/mp3/tigerfm4/music/Alex Gold Feat. Phil Johnston - Flying.mp3
/home/sc/mp3/tigerfm4/jingle/LDN_ID_02_W.MP3
/home/sc/mp3/tigerfm4/music/Alex Gopher - The Child.mp3
/home/sc/mp3/tigerfm4/music/Alexkid - Come With Me.mp3
/home/sc/mp3/tigerfm4/music/Alexkid - Fear_In_Flight.mp3
/home/sc/mp3/tigerfm4/music/Alice Russell - Take Your Time Change Your Mind.mp3
/home/sc/mp3/tigerfm4/jingle/LDN_SWEEP_08.MP3
/home/sc/mp3/tigerfm4/music/Alison Pierce - Doesn't Matter (Trentmoller Remix).mp3
/home/sc/mp3/tigerfm4/music/Almadrava - Now You Can Reach The Sky.mp3
/home/sc/mp3/tigerfm4/music/Alpha - Elvis.mp3
/home/sc/mp3/tigerfm4/music/Alpha - Sometime Later.mp3
/home/sc/mp3/tigerfm4/jingle/LDN_SWEEP_02.MP3
/home/sc/mp3/tigerfm4/music/Alphawezen - Into_The_Stars_(Geb.El_Rework).mp3
/home/sc/mp3/tigerfm4/music/Alphawezen - Speed Of Light.mp3
/home/sc/mp3/tigerfm4/music/Altan - The Waves Of Gola.mp3
/home/sc/mp3/tigerfm4/music/Altan - The Waves of Gola.mp3
/home/sc/mp3/tigerfm4/jingle/LDN_SWEEP_01.MP3
/home/sc/mp3/tigerfm4/music/Altered Ego Feat. Deajay - Dont Rush Me (Las Vegas Chilled Mix).mp3
/home/sc/mp3/tigerfm4/music/Amarna - Night Rain.mp3
/home/sc/mp3/tigerfm4/music/Ambient Lounge 5 CD 2.mp3
/home/sc/mp3/tigerfm4/music/Ame_Strong_-_Bout_A_Bout.mp3
/home/sc/mp3/tigerfm4/jingle/LDN_SWEEP_02.MP3
/home/sc/mp3/tigerfm4/music/Aminah_-_My_Life.mp3
/home/sc/mp3/tigerfm4/music/Amy Winehouse - Love Is a Losing Game.mp3
/home/sc/mp3/tigerfm4/music/Amy Winehouse - Tears Dry On Their Own.mp3
/home/sc/mp3/tigerfm4/music/Amy Winehouse [Cover] - Valerie.mp3
/home/sc/mp3/tigerfm4/jingle/LDN_SWEEP_06.MP3
/home/sc/mp3/tigerfm4/music/And_I_Love_Him_-_LTJ_Experience.mp3
/home/sc/mp3/tigerfm4/music/Andrew_D._Bernstein_-_Any_Other_Name.mp3
/home/sc/mp3/tigerfm4/music/Angelo_Badalamenti_-_Country_Waltz.mp3
/home/sc/mp3/tigerfm4/music/Angie Stone - Wish I Didn't Miss You.mp3
/home/sc/mp3/tigerfm4/jingle/LDN_SWEEP_02.MP3
/home/sc/mp3/tigerfm4/music/Angus_And_Julia_Stone_-_Paper_Aeoroplane.mp3
/home/sc/mp3/tigerfm4/music/Anja_Garbarek_-_Can_I_Keep_Him.mp3
/home/sc/mp3/tigerfm4/music/Anonimix_-_Twilight_Hours.mp3
/home/sc/mp3/tigerfm4/music/Anonimix_-_Zone.mp3
/home/sc/mp3/tigerfm4/jingle/LDN_ID_01_M.MP3
/home/sc/mp3/tigerfm4/music/Aqualung - Strange And Beautiful.mp3
/home/sc/mp3/tigerfm4/music/Aquarium_-_Lifetimes.mp3
/home/sc/mp3/tigerfm4/music/Arkestra_One_-_Into_The_Light.mp3
/home/sc/mp3/tigerfm4/music/Armin Van Buuren - Burned With Desire (feat. Justi).mp3
/home/sc/mp3/tigerfm4/jingle/LDN_SWEEP_06.MP3
/home/sc/mp3/tigerfm4/music/Armstrong - Future City.mp3
/home/sc/mp3/tigerfm4/music/Aromabar - Little_Brother_(Mo_Horizons_Restyled).mp3
/home/sc/mp3/tigerfm4/music/Art of Noise - Moments in Love.mp3
/home/sc/mp3/tigerfm4/music/Assorted Artists - Chinese Canon.mp3
/home/sc/mp3/tigerfm4/jingle/LDN_ID_09_M.MP3
/home/sc/mp3/tigerfm4/music/Astrud_Gilberto_-_Fly_Me_To_The_Moon.mp3
/home/sc/mp3/tigerfm4/music/Atb - Searching For Satellite.mp3
/home/sc/mp3/tigerfm4/music/Athlete - Wires.mp3
/home/sc/mp3/tigerfm4/music/Audioglider_-_To_The_Wire.mp3
/home/sc/mp3/tigerfm4/jingle/LDN_ID_01_M.MP3
/home/sc/mp3/tigerfm4/music/Aural Float - At The Crossroads (Video Edit).mp3
/home/sc/mp3/tigerfm4/music/Avi_Paul_Weinstein_-_Face_Of_Jesus_In_My_Soup.mp3
/home/sc/mp3/tigerfm4/music/Avia - Why Should I Cry.mp3
/home/sc/mp3/tigerfm4/music/Avril Lavigne - The Scientist.mp3
/home/sc/mp3/tigerfm4/jingle/LDN_SWEEP_05.MP3
/home/sc/mp3/tigerfm4/music/Aziz_-_Return_of_the_Pharoah.mp3
/home/sc/mp3/tigerfm4/music/Baaba Maal - Call To A Prayer.mp3
/home/sc/mp3/tigerfm4/music/Baby Blak & Pauly Yamzi - Love Of Da Game.mp3
/home/sc/mp3/tigerfm4/music/Badly Drawn Boy - All Possibilities.mp3
/home/sc/mp3/tigerfm4/jingle/LDN_ID_01_M.MP3
/home/sc/mp3/tigerfm4/music/Badly Drawn Boy - The Shining.mp3
/home/sc/mp3/tigerfm4/music/Bag Raiders - Shooting Stars.mp3
/home/sc/mp3/tigerfm4/music/Balqis_-_Habibi.mp3
/home/sc/mp3/tigerfm4/music/Bam_Budd_-_Recstra.mp3
/home/sc/mp3/tigerfm4/jingle/LDN_SWEEP_07.MP3
/home/sc/mp3/tigerfm4/music/Barrington Pheloung - Theme From Inspector Morse.mp3
/home/sc/mp3/tigerfm4/music/Basement_Jaxx - Being_With_You.mp3
/home/sc/mp3/tigerfm4/music/Bat For Lashes - What's A Girl To Do.mp3
/home/sc/mp3/tigerfm4/music/Beanfield - The Season (Video Edit).mp3
/home/sc/mp3/tigerfm4/jingle/LDN_ID_04_M.MP3
/home/sc/mp3/tigerfm4/music/Bebel Gilberto - O Caminho.mp3
/home/sc/mp3/tigerfm4/music/Bebel Gilberto - River Song.mp3
/home/sc/mp3/tigerfm4/music/Bebel Gilberto - Simplesmente.mp3
/home/sc/mp3/tigerfm4/music/Bebel Gilberto - Winter.mp3
/home/sc/mp3/tigerfm4/jingle/LDN_ID_05_M.MP3
/home/sc/mp3/tigerfm4/music/Beloved - The Sunrising (Album Mix).mp3
/home/sc/mp3/tigerfm4/music/Benny_Sings_-_Coconut.mp3
/home/sc/mp3/tigerfm4/music/Bent - Private Road.mp3
/home/sc/mp3/tigerfm4/music/Bent_-_Magic_Love.mp3
/home/sc/mp3/tigerfm4/jingle/LDN_SWEEP_03.MP3
/home/sc/mp3/tigerfm4/music/Bent_-_So_Long_Without_You.mp3
/home/sc/mp3/tigerfm4/music/Beth Orton - She Cries Your Name.mp3
/home/sc/mp3/tigerfm4/music/Bhangralution - Buddha Bath (Dave Neri Rmx).mp3
/home/sc/mp3/tigerfm4/music/Biffy Clyro [Cover] - Umbrella.mp3
/home/sc/mp3/tigerfm4/jingle/LDN_SWEEP_10.MP3
/home/sc/mp3/tigerfm4/music/Billie_Holiday_and_Bent_-_Speak_Low.mp3
/home/sc/mp3/tigerfm4/music/Black Kids - Hurricane Jane (Twelves Mix).mp3
/home/sc/mp3/tigerfm4/music/Blank & Jones - Die Blaue Stunde.mp3
/home/sc/mp3/tigerfm4/music/Blank_And_Jones - Beyond_Time_(Ambient_Remix).mp3
/home/sc/mp3/tigerfm4/jingle/LDN_ID_08_M.MP3
/home/sc/mp3/tigerfm4/music/Bliss_-_Its_Not_The_Sweetness_We_Are_After_Its_The_Sugar.mp3
/home/sc/mp3/tigerfm4/music/Bliss_-_Life_On_The_Rooftop.mp3
/home/sc/mp3/tigerfm4/music/Bliss_-_Things_Will_Eventually_Make_Sense.mp3
/home/sc/mp3/tigerfm4/music/Bliss_-_Transportation.mp3
/home/sc/mp3/tigerfm4/jingle/LDN_SWEEP_07.MP3
/home/sc/mp3/tigerfm4/music/Blue Metheny - Silver Lights (Canis Mix).mp3
/home/sc/mp3/tigerfm4/music/Blue On Blue - Adagio (Strings Extended).mp3
/home/sc/mp3/tigerfm4/music/Bob James - Angela (Theme from Taxi).mp3
/home/sc/mp3/tigerfm4/music/Bob Sinclar feat. Steve Edwards - World, Hold On (Childreen Of The Sky) (Acoustic Version).mp3
/home/sc/mp3/tigerfm4/jingle/LDN_SWEEP_01.MP3
/home/sc/mp3/tigerfm4/music/Boozoo Bajou - Night Over Manaus.mp3
/home/sc/mp3/tigerfm4/music/Boozoo Bajou - Under My Sensi.mp3
/home/sc/mp3/tigerfm4/music/Brazilian_Girls_-_Sirenes_De_La_Fete.mp3
/home/sc/mp3/tigerfm4/music/Brian Eno - An Ending (Ascent).mp3
/home/sc/mp3/tigerfm4/jingle/LDN_ID_04_M.MP3
/home/sc/mp3/tigerfm4/music/Brian Eno - Another Green World.mp3
/home/sc/mp3/tigerfm4/music/Brian Eno - From The Same Hill.mp3
/home/sc/mp3/tigerfm4/music/Brian Eno - From the Same Hill.mp3
/home/sc/mp3/tigerfm4/music/Brian Eno - Sombre Reptiles.mp3
/home/sc/mp3/tigerfm4/jingle/LDN_ID_02_M.MP3
/home/sc/mp3/tigerfm4/music/Brooke Russell - So Sweet (Rae & Christian Remix).mp3
/home/sc/mp3/tigerfm4/music/Bruno-Leonardo Gelber - Beethoven_ Moonlight Sonata.mp3
/home/sc/mp3/tigerfm4/music/Bryan Ferry - I Put A Spell On You.mp3
/home/sc/mp3/tigerfm4/music/CJ Stone - Don't Look Back (Chill Out Mix).mp3
/home/sc/mp3/tigerfm4/jingle/LDN_ID_08_M.MP3
/home/sc/mp3/tigerfm4/music/Cabaret_Noir_-_Ballade_Du_Nuage.mp3
/home/sc/mp3/tigerfm4/music/Cafe Americaine - Solitude Charmante (Level One).mp3
/home/sc/mp3/tigerfm4/music/Cafe Ibiza - Playa Pt. 4 (Dub Mix).mp3
/home/sc/mp3/tigerfm4/music/Cafe Lounge - Refelection Del Mar.mp3
/home/sc/mp3/tigerfm4/jingle/LDN_ID_01_M.MP3
/home/sc/mp3/tigerfm4/music/Cagedbaby_-_Hello_There.mp3
/home/sc/mp3/tigerfm4/music/Calido - El Calor (Patrick Marsh Chill Out Mix).mp3
/home/sc/mp3/tigerfm4/music/Calvin Harris - Girls.mp3
/home/sc/mp3/tigerfm4/music/Camera_Sintetica_-_Veneri_Topiarie.mp3
/home/sc/mp3/tigerfm4/jingle/LDN_ID_04_M.MP3
/home/sc/mp3/tigerfm4/music/Camiel - Sunset.mp3
/home/sc/mp3/tigerfm4/music/Canceloman - Moments.mp3
/home/sc/mp3/tigerfm4/music/Candy Dulfer_David A. Stewart - Lily Was Here.mp3
/home/sc/mp3/tigerfm4/music/Canis - Una De La Noche (Cafe Lounge Mix).mp3
/home/sc/mp3/tigerfm4/jingle/LDN_ID_02_M.MP3
/home/sc/mp3/tigerfm4/music/Carlos Libedinsky - Vi Luz y Subi.mp3
/home/sc/mp3/tigerfm4/music/Carlos_Campos_and_Benjamin_Franklin_-_Amor_De_Siempre.mp3
/home/sc/mp3/tigerfm4/music/Cazals - Life Is Boring (Ali Love - Harder Remix).mp3
/home/sc/mp3/tigerfm4/music/Chambao - Flamenco Chill.mp3
/home/sc/mp3/tigerfm4/jingle/LDN_SWEEP_01.MP3
/home/sc/mp3/tigerfm4/music/Chambao_-_Ahi_Estas_Tu.mp3
/home/sc/mp3/tigerfm4/music/Champagne Moment - Marylin's Reprise.mp3
/home/sc/mp3/tigerfm4/music/Chariot feat. Rob - Aural Echoes (Space Night Dub).mp3
/home/sc/mp3/tigerfm4/music/Charles Schilling & Pompon F - No Communication No Love.mp3
/home/sc/mp3/tigerfm4/jingle/LDN_ID_08_M.MP3
/home/sc/mp3/tigerfm4/music/Chateau Flight - Connected.mp3
/home/sc/mp3/tigerfm4/music/Chicane - No Ordinary Morning (Original Mix).mp3
/home/sc/mp3/tigerfm4/music/Chicane - No Ordinary Morning.mp3
/home/sc/mp3/tigerfm4/music/Chicane - Offshore (Original Album Mix).mp3
/home/sc/mp3/tigerfm4/jingle/LDN_SWEEP_05.MP3
/home/sc/mp3/tigerfm4/music/Chillwalker - Costa Del Sol (Sunshine Mix).mp3
/home/sc/mp3/tigerfm4/music/Chris Hinze - Angel.mp3
/home/sc/mp3/tigerfm4/music/Chris Hinze - Mantras & Names (Remix II).mp3
/home/sc/mp3/tigerfm4/music/Chris_Botti_and_Ch.Kreviazuk_-_The_Look_Of_Love.mp3
/home/sc/mp3/tigerfm4/jingle/LDN_ID_02_M.MP3
/home/sc/mp3/tigerfm4/music/Christopher Franke - A Radiant Band Of Light.mp3
/home/sc/mp3/tigerfm4/music/Christopher Franke - Black Garden View.mp3
/home/sc/mp3/tigerfm4/music/Chungking - Sunday rules.mp3
/home/sc/mp3/tigerfm4/music/Chungking_-_Bubble_Love.mp3
/home/sc/mp3/tigerfm4/jingle/LDN_ID_08_M.MP3
/home/sc/mp3/tigerfm4/music/Chungking_-_Sundays_Rule.mp3
/home/sc/mp3/tigerfm4/music/Cicada - Can't Be Doing With Love.mp3
/home/sc/mp3/tigerfm4/music/Cicada_-_Golden_Blue.mp3
/home/sc/mp3/tigerfm4/music/Clannad - Theme from Harry's Game.mp3
/home/sc/mp3/tigerfm4/jingle/LDN_SWEEP_07.MP3
/home/sc/mp3/tigerfm4/music/Claude DeBussy - Clair de Lune - Ocean's Eleven Soundtrack.mp3
/home/sc/mp3/tigerfm4/music/Claude Debussy - Clair de Lune .mp3
/home/sc/mp3/tigerfm4/music/Claude_Monnet_-_Je_Suis_Venu_Te_Dire_Que_Je_M'en_Vais.mp3
/home/sc/mp3/tigerfm4/music/Clear Project Studio - Alegria.mp3
/home/sc/mp3/tigerfm4/jingle/LDN_SWEEP_10.MP3
/home/sc/mp3/tigerfm4/music/Clear Project Studio - Quidam.mp3
/home/sc/mp3/tigerfm4/music/Clear Project Studio - Suite Chinoise.mp3
/home/sc/mp3/tigerfm4/music/Coldplay - Trouble.mp3
/home/sc/mp3/tigerfm4/music/Coldplay - Yellow.mp3
/home/sc/mp3/tigerfm4/jingle/LDN_ID_02_W.MP3
/home/sc/mp3/tigerfm4/music/Colin Towns - Full Circle (Main Theme).mp3
/home/sc/mp3/tigerfm4/music/Coralie_Clement_-_A'loccasion_Tu_Sours.mp3
/home/sc/mp3/tigerfm4/music/Corinne Bailey Rae [Cover] - Sexyback.mp3
/home/sc/mp3/tigerfm4/music/Correo Nuevo - Vibes And More (Dub).mp3
/home/sc/mp3/tigerfm4/jingle/LDN_SWEEP_04.MP3
/home/sc/mp3/tigerfm4/music/Craig Armstrong - Balcony Scene (Romeo And Juliet).mp3
/home/sc/mp3/tigerfm4/music/Craig Armstrong - Balcony Scene (Romeo and Juliet).mp3
/home/sc/mp3/tigerfm4/music/Craig Armstrong - This Is Love.mp3
/home/sc/mp3/tigerfm4/music/Craig Armstrong - Weather Storm.mp3
/home/sc/mp3/tigerfm4/jingle/LDN_ID_01_W.MP3
/home/sc/mp3/tigerfm4/music/Craig Chaquito - Indian Spring.mp3
/home/sc/mp3/tigerfm4/music/Css - Move (Cut Copy Remix).mp3
/home/sc/mp3/tigerfm4/music/Cut Copy - Feel The Love.mp3
/home/sc/mp3/tigerfm4/music/DJ Sammy & Yanou Feat. Do - Heaven (Candlelight Mix).mp3
/home/sc/mp3/tigerfm4/jingle/LDN_ID_08_M.MP3
/home/sc/mp3/tigerfm4/music/DJ Sammy - The boys of Summer - Soulside remix.mp3
/home/sc/mp3/tigerfm4/music/DJ_Sammy_-_Heaven.mp3
/home/sc/mp3/tigerfm4/music/Daft_Punk_-_Make_Love.mp3
/home/sc/mp3/tigerfm4/music/Damien Rice - Cannonball.mp3
/home/sc/mp3/tigerfm4/jingle/LDN_SWEEP_06.MP3
/home/sc/mp3/tigerfm4/music/Danceries - Satie_ Gymnopedie No.1.mp3
/home/sc/mp3/tigerfm4/music/David Arkenstone - Discovery.mp3
/home/sc/mp3/tigerfm4/music/David Arkenstone - Jewels Of The Night.mp3
/home/sc/mp3/tigerfm4/music/David Arkenstone - Jewels of the Night.mp3
/home/sc/mp3/tigerfm4/jingle/LDN_ID_08_M.MP3
/home/sc/mp3/tigerfm4/music/David Arkenstone - Magic Forest.mp3
/home/sc/mp3/tigerfm4/music/David Bedford - King Aeolus.mp3
/home/sc/mp3/tigerfm4/music/David Byrne - The Last Emporer.mp3
/home/sc/mp3/tigerfm4/music/David Holmes - Rodney Yates.mp3
/home/sc/mp3/tigerfm4/jingle/LDN_ID_02_W.MP3
/home/sc/mp3/tigerfm4/music/David Sylvian - Home.mp3
/home/sc/mp3/tigerfm4/music/David Sylvian - I Surrender.mp3
/home/sc/mp3/tigerfm4/music/De - Phazz - Cut The Jazz.mp3
/home/sc/mp3/tigerfm4/music/De - Phazz_Feat._Pat_Appleton_.mp3
/home/sc/mp3/tigerfm4/jingle/LDN_SWEEP_04.MP3
/home/sc/mp3/tigerfm4/music/De Santos - Ojos De Sol (Exclusive Bonus Version).mp3
/home/sc/mp3/tigerfm4/music/De_Phazz_Astrud_-_Astronatte.mp3
/home/sc/mp3/tigerfm4/music/Deadly_Avenger_-_Day_One.mp3
/home/sc/mp3/tigerfm4/music/Deadly_Avenger_-_We_Took_Pelham.mp3
/home/sc/mp3/tigerfm4/jingle/LDN_SWEEP_07.MP3
/home/sc/mp3/tigerfm4/music/Debussy - Clair de lune.mp3
/home/sc/mp3/tigerfm4/music/Deepest Blue - Deepest Blue (Jon Hopkins Mix).mp3
/home/sc/mp3/tigerfm4/music/Deepest_Blue_-_Deepest_Blue.mp3
/home/sc/mp3/tigerfm4/music/Del Mar - Evening Cafe (Ibiza Dub).mp3
/home/sc/mp3/tigerfm4/jingle/LDN_SWEEP_05.MP3
/home/sc/mp3/tigerfm4/music/Delerium Feat. Sarah McLachlan - Silence (Michael Woods Remix).mp3
/home/sc/mp3/tigerfm4/music/Delerium feat. Sarah McLachlan - Silence (Album Version).mp3
/home/sc/mp3/tigerfm4/music/Delibes - Flower Duet (Lakme) (Theme From B.A. TV Ad).mp3
/home/sc/mp3/tigerfm4/music/Der Spyra - Invisble Fields - Three Players In An Artificial Landscape.mp3
/home/sc/mp3/tigerfm4/jingle/LDN_SWEEP_09.MP3
/home/sc/mp3/tigerfm4/music/Destiny_-_Blu.mp3
/home/sc/mp3/tigerfm4/music/Deux - Deux.mp3
/home/sc/mp3/tigerfm4/music/Dhanab_Al_Jady_-_Wild_Wadi.mp3
/home/sc/mp3/tigerfm4/music/Diana_Krall_-_The_Look_Of_Love.mp3
/home/sc/mp3/tigerfm4/jingle/LDN_ID_01_M.MP3
/home/sc/mp3/tigerfm4/music/Dido - Here With Me.mp3
/home/sc/mp3/tigerfm4/music/Die Elfen - Peace In The Air.mp3
/home/sc/mp3/tigerfm4/music/Digby_Jones_-_Pina_Colada.mp3
/home/sc/mp3/tigerfm4/music/Dimitri From London - Panjabi Beats.mp3
/home/sc/mp3/tigerfm4/jingle/LDN_SWEEP_06.MP3
/home/sc/mp3/tigerfm4/music/Dino Lenny Vs Housemartins - Change The World (Stella Mix).mp3
/home/sc/mp3/tigerfm4/music/Discordia_-_Trumpets_of_Dawn.mp3
/home/sc/mp3/tigerfm4/music/Diskjokke - Folk I Farta.mp3
/home/sc/mp3/tigerfm4/music/Distant_-_Summer_Chill.mp3
/home/sc/mp3/tigerfm4/jingle/LDN_ID_04_M.MP3
/home/sc/mp3/tigerfm4/music/Divine Works - Ancient Person Of My Heart.mp3
/home/sc/mp3/tigerfm4/music/Divine Works - Father Of Eternal Life.mp3
/home/sc/mp3/tigerfm4/music/Diya_Al_Dine_-_Royal_Mirage.mp3
/home/sc/mp3/tigerfm4/music/Dj Shadow - Fixed Income.mp3
/home/sc/mp3/tigerfm4/jingle/LDN_SWEEP_02.MP3
/home/sc/mp3/tigerfm4/music/Dj_Pippi_Pres._Natural_Colours - Feel_It_(Harley_And_Muscl.mp3
/home/sc/mp3/tigerfm4/music/Dj_Sammy_And_Yanou_Feat._Do_-_Heaven_(Candlelight_Mix).mp3
/home/sc/mp3/tigerfm4/music/Dobie - B Boy Anthem.mp3
/home/sc/mp3/tigerfm4/music/Docktor_Rockit_-_Cafe_De_Flore.mp3
/home/sc/mp3/tigerfm4/jingle/LDN_ID_03_M.MP3
/home/sc/mp3/tigerfm4/music/Doctor Rockit - Cafe De Flore.mp3
/home/sc/mp3/tigerfm4/music/Doctor_Rockit_-_Cafe_De_Flore_(Charles_Websters_Latin_Lovers_Mix).mp3
/home/sc/mp3/tigerfm4/music/Dolphin's Talk - Ocean Of Love.mp3
/home/sc/mp3/tigerfm4/music/Dolphin_Boy_-_Dont_Stop.mp3
/home/sc/mp3/tigerfm4/jingle/LDN_SWEEP_03.MP3
/home/sc/mp3/tigerfm4/music/Dolphins Talk - Look Into The Future (Interlude).mp3
/home/sc/mp3/tigerfm4/music/Douglas Spotted Eagle - Fire Dance.mp3
/home/sc/mp3/tigerfm4/music/Douglas Spotted Eagle - Grandfather's Song.mp3
/home/sc/mp3/tigerfm4/music/Douglas Spotted Eagle - Silent Trail.mp3
/home/sc/mp3/tigerfm4/jingle/LDN_SWEEP_04.MP3
/home/sc/mp3/tigerfm4/music/Dream_Sound_-_Passion_Roots.mp3
/home/sc/mp3/tigerfm4/music/Duala - Tiare.mp3
/home/sc/mp3/tigerfm4/music/Dublication Feat Pierre - Chillin With Me (Slow Dub).mp3
/home/sc/mp3/tigerfm4/music/Dune - Who Wants To Live Forever.mp3
/home/sc/mp3/tigerfm4/jingle/LDN_SWEEP_04.MP3
/home/sc/mp3/tigerfm4/music/Dust_-_Stay_by_My_Side.mp3
/home/sc/mp3/tigerfm4/music/Dusted - Always Remember To Respect And Honour Your Mother (7' Mix).mp3
/home/sc/mp3/tigerfm4/music/Dusty Springfield -  The Look Of Love .mp3
/home/sc/mp3/tigerfm4/music/Dusty Springfield - The Look of Love.mp3
/home/sc/mp3/tigerfm4/jingle/LDN_SWEEP_06.MP3
/home/sc/mp3/tigerfm4/music/Dxnote - Upstream.mp3
/home/sc/mp3/tigerfm4/music/E - Leven - 11.mp3
/home/sc/mp3/tigerfm4/music/Easy Listening - Coffee Time.mp3
/home/sc/mp3/tigerfm4/music/Easy Listening - Trip Hoppin' (K&D Dub).mp3
/home/sc/mp3/tigerfm4/jingle/LDN_SWEEP_02.MP3
/home/sc/mp3/tigerfm4/music/Ecstatic_-_Deep_Belief.mp3
/home/sc/mp3/tigerfm4/music/Eddi Reader - Honey Child.mp3
/home/sc/mp3/tigerfm4/music/Editors - An End Has A Start.mp3
/home/sc/mp3/tigerfm4/music/El Fuego - Balearic Mind (Fire Island Lounge Mix).mp3
/home/sc/mp3/tigerfm4/jingle/LDN_ID_04_M.MP3
/home/sc/mp3/tigerfm4/music/El Fuego - Watching The Stars (Interlude).mp3
/home/sc/mp3/tigerfm4/music/Elbow - One Day Like This.mp3
/home/sc/mp3/tigerfm4/music/Electribe 101 - Talking With Myself 98.mp3
/home/sc/mp3/tigerfm4/music/Electric Feel - Sunset.mp3
/home/sc/mp3/tigerfm4/jingle/LDN_SWEEP_05.MP3
/home/sc/mp3/tigerfm4/music/Eliot - All I Am Made Of.mp3
/home/sc/mp3/tigerfm4/music/Ella_Fitzgerald_-_Wait_Till_You_See_Him.mp3
/home/sc/mp3/tigerfm4/music/Emmanuel Santaromana - Château Rouge.mp3
/home/sc/mp3/tigerfm4/music/Empire Of The Sun - Walking On A Dream.mp3
/home/sc/mp3/tigerfm4/jingle/LDN_ID_04_M.MP3
/home/sc/mp3/tigerfm4/music/En'deavour - Space Night Bubbles (Eno Motive Rmx).mp3
/home/sc/mp3/tigerfm4/music/Energy 52 - Cafe Del Mar (Michael Woods Mix).mp3
/home/sc/mp3/tigerfm4/music/Energy 52 - Café Del Mar (Nalin & Kane Remix).mp3
/home/sc/mp3/tigerfm4/music/Energy_52_-_Cafe_del_Mar.mp3
/home/sc/mp3/tigerfm4/jingle/LDN_ID_05_M.MP3
/home/sc/mp3/tigerfm4/music/Enigma - Return To Innocence.mp3
/home/sc/mp3/tigerfm4/music/Enigma - Sadeness.mp3
/home/sc/mp3/tigerfm4/music/Enigma - Sadness Part I.mp3
/home/sc/mp3/tigerfm4/music/Enigma - The Dream Of The Dolphin.mp3
/home/sc/mp3/tigerfm4/jingle/LDN_ID_09_M.MP3
/home/sc/mp3/tigerfm4/music/Enigmatic - Obsession] The Delta Of The Red River.mp3
/home/sc/mp3/tigerfm4/music/Ennio Morricone - Chi Mai.mp3
/home/sc/mp3/tigerfm4/music/Ennio Morricone - Cockeys Song.mp3
/home/sc/mp3/tigerfm4/music/Ennio Morricone - Once Upon A Time In The West.mp3
/home/sc/mp3/tigerfm4/jingle/LDN_SWEEP_08.MP3
/home/sc/mp3/tigerfm4/music/Ennio Morricone - Once Upon a Time in the West (Main Theme).mp3
/home/sc/mp3/tigerfm4/music/Ennio Morricone - The Man With The Harmonica.mp3
/home/sc/mp3/tigerfm4/music/Ennio Morricone - The Mission.mp3
/home/sc/mp3/tigerfm4/music/Ennio Morricone - Theme From The Mission.mp3
/home/sc/mp3/tigerfm4/jingle/LDN_SWEEP_10.MP3
/home/sc/mp3/tigerfm4/music/Enya - Caribbean Blue.mp3
/home/sc/mp3/tigerfm4/music/Enya - It's In The Rain.mp3
/home/sc/mp3/tigerfm4/music/Ernesto - Chosen.mp3
/home/sc/mp3/tigerfm4/music/Erotica feat. Jaimee - Chillout Now (Pacha Sax Mix).mp3
/home/sc/mp3/tigerfm4/jingle/LDN_ID_05_M.MP3
/home/sc/mp3/tigerfm4/music/Estelle - American Boy.mp3
/home/sc/mp3/tigerfm4/music/Eva Cassidy - Fields of Gold.mp3
/home/sc/mp3/tigerfm4/music/Eva Cassidy - Tall Trees In Georgia.mp3
/home/sc/mp3/tigerfm4/music/Exile_-_Resolution.mp3
/home/sc/mp3/tigerfm4/jingle/LDN_SWEEP_02.MP3
/home/sc/mp3/tigerfm4/music/FC_Kahuna_-_Hayling.mp3
/home/sc/mp3/tigerfm4/music/FSOL_-_Cascade.mp3
/home/sc/mp3/tigerfm4/music/FSOL_-_Everyone_In_The_World_Is_Doing....mp3
/home/sc/mp3/tigerfm4/music/FSOL_-_Far_Out_Son_Of_Lung_And_The_Ramblings.mp3
/home/sc/mp3/tigerfm4/jingle/LDN_ID_01_W.MP3
/home/sc/mp3/tigerfm4/music/FSOL_-_Mountain_Goat.mp3
/home/sc/mp3/tigerfm4/music/FSOL_-_My_Kingdom.mp3
/home/sc/mp3/tigerfm4/music/FSOL_-_Papua_New_Guinea.mp3
/home/sc/mp3/tigerfm4/music/FSOL_-_Smokin_Japanese_Babe.mp3
/home/sc/mp3/tigerfm4/jingle/LDN_ID_09_M.MP3
/home/sc/mp3/tigerfm4/music/Fareeda_-_Gardens_of_Wisdom.mp3
/home/sc/mp3/tigerfm4/music/Fatboy Slim Feat Macy Gray - Love Life.mp3
/home/sc/mp3/tigerfm4/music/Fc Kahuna - Hayling.mp3
/home/sc/mp3/tigerfm4/music/Feargal Sharkey - She Moved Through The Fair.mp3
/home/sc/mp3/tigerfm4/jingle/LDN_SWEEP_02.MP3
/home/sc/mp3/tigerfm4/music/Feargal Sharkey - She Moved Through the Fair.mp3
/home/sc/mp3/tigerfm4/music/Feist - So Sorry.mp3
/home/sc/mp3/tigerfm4/music/Feist_-_Inside_And_Out.mp3
/home/sc/mp3/tigerfm4/music/Felipe Gonzales - Shaka Chakra (Tiempo Mix).mp3
/home/sc/mp3/tigerfm4/jingle/LDN_ID_02_M.MP3
/home/sc/mp3/tigerfm4/music/Fertile Ground - Take Me Higher.mp3
/home/sc/mp3/tigerfm4/music/Fight Club Boys - Walking In Faith.mp3
/home/sc/mp3/tigerfm4/music/Filur feat. Pernille Rosendahl - You & I (Trentemoller Free Dub).mp3
/home/sc/mp3/tigerfm4/music/Finlay Quaye - Even After All.mp3
/home/sc/mp3/tigerfm4/jingle/LDN_ID_01_M.MP3
/home/sc/mp3/tigerfm4/music/Fischerspooner - The 15th (Album Mix).mp3
/home/sc/mp3/tigerfm4/music/Floatation - Summer Breeze.mp3
/home/sc/mp3/tigerfm4/music/Floatation Feat. Pierre - Beautiful (Dub).mp3
/home/sc/mp3/tigerfm4/music/Foo Fighters - Times Like These.mp3
/home/sc/mp3/tigerfm4/jingle/LDN_SWEEP_08.MP3
/home/sc/mp3/tigerfm4/music/Fortunato & Montresor - Imagine (Radio Edit).mp3
/home/sc/mp3/tigerfm4/music/Fragile_State_-_Barneys_Song.mp3
/home/sc/mp3/tigerfm4/music/Frank Borell - Landpartie (A Touch Of Gregorian Mix).mp3
/home/sc/mp3/tigerfm4/music/François K feat. Barbara Mendes - Awakening.mp3
/home/sc/mp3/tigerfm4/jingle/LDN_ID_01_M.MP3
/home/sc/mp3/tigerfm4/music/Fred Falke - 909 Pm At The Beach.mp3
/home/sc/mp3/tigerfm4/music/Freeflow_-_Big_Pun.mp3
/home/sc/mp3/tigerfm4/music/From_the_past_-_Shelter.mp3
/home/sc/mp3/tigerfm4/music/G.P.L._-_Chemistry.mp3
/home/sc/mp3/tigerfm4/jingle/LDN_SWEEP_07.MP3
/home/sc/mp3/tigerfm4/music/G8 - An Inconvinient Truth (Oh My Soul).mp3
/home/sc/mp3/tigerfm4/music/Gabin_-_La_Maison.mp3
/home/sc/mp3/tigerfm4/music/Gabor Szabo - Sealed with a Kiss.mp3
/home/sc/mp3/tigerfm4/music/Gabrielle - Rise.mp3
/home/sc/mp3/tigerfm4/jingle/LDN_ID_08_M.MP3
/home/sc/mp3/tigerfm4/music/Ganga_-_When_I_Close_My_Eyes.mp3
/home/sc/mp3/tigerfm4/music/Genesi - The Brazillian.mp3
/home/sc/mp3/tigerfm4/music/Gentle People - Journey (Aphex Twin Care Mix).mp3
/home/sc/mp3/tigerfm4/music/George Fenton - The Blue Planet (Theme From The BBC's Blue P.mp3
/home/sc/mp3/tigerfm4/jingle/LDN_ID_03_M.MP3
/home/sc/mp3/tigerfm4/music/George Levin - (I Got) Somebody New.mp3
/home/sc/mp3/tigerfm4/music/George Michael - Round Here.mp3
/home/sc/mp3/tigerfm4/music/Gerry Rafferty - The Right Moment.mp3
/home/sc/mp3/tigerfm4/music/Goa Foundation - Good Vibes (Rub Club Mix).mp3
/home/sc/mp3/tigerfm4/jingle/LDN_ID_02_W.MP3
/home/sc/mp3/tigerfm4/music/Gold_Digger_-_This_Is_The_Frequency_Of_The_Dub_King.mp3
/home/sc/mp3/tigerfm4/music/Goldfrapp - It's Not Over Yet (Originally By Grace).mp3
/home/sc/mp3/tigerfm4/music/Goldfrapp - Lovely Head (Theme from Mercury One-2-One Ad).mp3
/home/sc/mp3/tigerfm4/music/Goldfrapp - Tme Out From The World.mp3
/home/sc/mp3/tigerfm4/jingle/LDN_ID_07_M.MP3
/home/sc/mp3/tigerfm4/music/Goldfrapp_-_Time_Out_From_The_World.mp3
/home/sc/mp3/tigerfm4/music/Good Chillaz - Stoned Love (Jazzomatic Mix).mp3
/home/sc/mp3/tigerfm4/music/Gotan Project - Diferente.mp3
/home/sc/mp3/tigerfm4/music/Gotan Project Meet Chet Baker - Round About Midnight.mp3
/home/sc/mp3/tigerfm4/jingle/LDN_ID_06_M.MP3
/home/sc/mp3/tigerfm4/music/Gotan_Project_-_La_Revancha_Del_Tango.mp3
/home/sc/mp3/tigerfm4/music/Govinda - Exotica.mp3
/home/sc/mp3/tigerfm4/music/Grand National - Drink To Moving On.mp3
/home/sc/mp3/tigerfm4/music/Green Lemon Feat Magica Fe - 11 O Clock (Pure Beach Cut).mp3
/home/sc/mp3/tigerfm4/jingle/LDN_ID_04_M.MP3
/home/sc/mp3/tigerfm4/music/Gregory Isaacs - Night Nurse (Kruder & Dorfmeister Remix).mp3
/home/sc/mp3/tigerfm4/music/Groove Armada - At The River (Radio Edit).mp3
/home/sc/mp3/tigerfm4/music/Groove Armada - At The River.mp3
/home/sc/mp3/tigerfm4/music/Groove Armada - At the River.mp3
/home/sc/mp3/tigerfm4/jingle/LDN_SWEEP_10.MP3
/home/sc/mp3/tigerfm4/music/Groove Armada - Easy.mp3
/home/sc/mp3/tigerfm4/music/Groove Ascendants - Sensualtiy.mp3
/home/sc/mp3/tigerfm4/music/Groove_Armada - My_Friend.mp3
/home/sc/mp3/tigerfm4/music/Groove_Armada_-_At_The_River.mp3
/home/sc/mp3/tigerfm4/jingle/LDN_ID_06_M.MP3
/home/sc/mp3/tigerfm4/music/Groove_Armada_-_My_Friend.mp3
/home/sc/mp3/tigerfm4/music/Groovecatcher - After The Rain Rb Mix.mp3
/home/sc/mp3/tigerfm4/music/Groovecatcher - Intoxicated.mp3
/home/sc/mp3/tigerfm4/music/Grupo Cabana - Wave.mp3
/home/sc/mp3/tigerfm4/jingle/LDN_SWEEP_02.MP3
/home/sc/mp3/tigerfm4/music/Guidance_-_Personal_Reality.mp3
/home/sc/mp3/tigerfm4/music/Hacienda - Nord.mp3
/home/sc/mp3/tigerfm4/music/Hairy Diamond - Givin Up (Radio Edit).mp3
/home/sc/mp3/tigerfm4/music/Han_Ensemble_-_Suite_4.mp3
/home/sc/mp3/tigerfm4/jingle/LDN_ID_01_W.MP3
/home/sc/mp3/tigerfm4/music/Hans Zimmer - Courting Song - Love In The Himalaya.mp3
/home/sc/mp3/tigerfm4/music/Hans Zimmer - Courting Song - Love in the Himalaya.mp3
/home/sc/mp3/tigerfm4/music/Hans Zimmer - The Stone Drag.mp3
/home/sc/mp3/tigerfm4/music/Harold Budd & Brian Eno - Their Memories.mp3
/home/sc/mp3/tigerfm4/jingle/LDN_ID_01_W.MP3
/home/sc/mp3/tigerfm4/music/Harold Budd And Brian Eno - The Pearl.mp3
/home/sc/mp3/tigerfm4/music/Haven_3_-_Splash_Out.mp3
/home/sc/mp3/tigerfm4/music/Heidi_Leonore_-_Everybody_Loves_the_Sunshine.mp3
/home/sc/mp3/tigerfm4/music/Herbalism_-_Run_Away.mp3
/home/sc/mp3/tigerfm4/jingle/LDN_ID_03_M.MP3
/home/sc/mp3/tigerfm4/music/Herbert - The audience.mp3
/home/sc/mp3/tigerfm4/music/Hevia - Busindre Reel.mp3
/home/sc/mp3/tigerfm4/music/Hevia - El Garrotin.mp3
/home/sc/mp3/tigerfm4/music/Hi - Gate Feat Boy George - Out Of Fashion.mp3
/home/sc/mp3/tigerfm4/jingle/LDN_ID_02_W.MP3
/home/sc/mp3/tigerfm4/music/Hot Chip - Made In The Dark.mp3
/home/sc/mp3/tigerfm4/music/Hotel Costes - Quatre.mp3
/home/sc/mp3/tigerfm4/music/Husky - Ikjoi (Acoustic by Damm).mp3
/home/sc/mp3/tigerfm4/music/Husky - Ikjoi (Radio Edit).mp3
/home/sc/mp3/tigerfm4/jingle/LDN_SWEEP_02.MP3
/home/sc/mp3/tigerfm4/music/Husky_-_Kuki.mp3
/home/sc/mp3/tigerfm4/music/I Monster - Daydream In Blue.mp3
/home/sc/mp3/tigerfm4/music/I Monster - Daydream in Blue.mp3
/home/sc/mp3/tigerfm4/music/I Solisti Italiani - Albinoni_ Adagio in G Minor.mp3
/home/sc/mp3/tigerfm4/jingle/LDN_ID_07_M.MP3
/home/sc/mp3/tigerfm4/music/I Solisti Italiani - Barber_ Adagio for Strings.mp3
/home/sc/mp3/tigerfm4/music/I Solisti Italiani - Pachelbel_ Canon.mp3
/home/sc/mp3/tigerfm4/music/IIO - At The End.mp3
/home/sc/mp3/tigerfm4/music/IIO - Rapture (Soulside Remix).mp3
/home/sc/mp3/tigerfm4/jingle/LDN_ID_06_M.MP3
/home/sc/mp3/tigerfm4/music/I_Monster_-_Daydream_In_Blue.mp3
/home/sc/mp3/tigerfm4/music/Ian Rich Orchestra - Moonraker.mp3
/home/sc/mp3/tigerfm4/music/Ian Rich Orchestra - You Only Live Twice.mp3
/home/sc/mp3/tigerfm4/music/Iarla O Lionaird - Seacht.mp3
/home/sc/mp3/tigerfm4/jingle/LDN_SWEEP_01.MP3
/home/sc/mp3/tigerfm4/music/Icube - Adore.mp3
/home/sc/mp3/tigerfm4/music/Ikon - The Dove.mp3
/home/sc/mp3/tigerfm4/music/Ilya - Soleil, Soleil.mp3
/home/sc/mp3/tigerfm4/music/Ilya_-_Bliss.mp3
/home/sc/mp3/tigerfm4/jingle/LDN_ID_08_M.MP3
/home/sc/mp3/tigerfm4/music/In Credo - Siesta Del Sol (Laid Back Summer Cut).mp3
/home/sc/mp3/tigerfm4/music/Incognito_-_Do_Not_Turn_My_Love_Away.mp3
/home/sc/mp3/tigerfm4/music/Indigo Bliss - Shogun (Remix).mp3
/home/sc/mp3/tigerfm4/music/Inner_City_-_Buena_Vida.mp3
/home/sc/mp3/tigerfm4/jingle/LDN_SWEEP_05.MP3
/home/sc/mp3/tigerfm4/music/International Pony - Leaving home.mp3
/home/sc/mp3/tigerfm4/music/Ironik - Stay With Me.mp3
/home/sc/mp3/tigerfm4/music/Isolee - Beau Mot Plage.mp3
/home/sc/mp3/tigerfm4/music/Ivana Santilli - Superstar.mp3
/home/sc/mp3/tigerfm4/jingle/LDN_ID_07_M.MP3
/home/sc/mp3/tigerfm4/music/Ive_Mendes_-_If_You_Leave_Me_Now.mp3
/home/sc/mp3/tigerfm4/music/Jacky Jayet - Serrano Anthem (Amor_Amor) _ Sven Van Hees.mp3
/home/sc/mp3/tigerfm4/music/Jakatta - American Dream (Afterlife Mix).mp3
/home/sc/mp3/tigerfm4/music/Jakatta - Feelin' Blue.mp3
/home/sc/mp3/tigerfm4/jingle/LDN_SWEEP_04.MP3
/home/sc/mp3/tigerfm4/music/Jakatta Feat Seal - My Vision.mp3
/home/sc/mp3/tigerfm4/music/Jakatta_-_American_Dream.mp3
/home/sc/mp3/tigerfm4/music/Jakatta_Feat._Seal_-_My_Vision_(Summer_In_White_Edit).mp3
/home/sc/mp3/tigerfm4/music/James Morrison - You Give Me Something.mp3
/home/sc/mp3/tigerfm4/jingle/LDN_ID_03_M.MP3
/home/sc/mp3/tigerfm4/music/Jamie_Cullum_-_High_and_Dry.mp3
/home/sc/mp3/tigerfm4/music/Jan Hammer - Crockett's Theme.mp3
/home/sc/mp3/tigerfm4/music/Jason Nevins Presents U.K.N.Y Feat. Holly James - I'm In Heaven (Jason Bye Remix).mp3
/home/sc/mp3/tigerfm4/music/Jason Tyrello - When Da Sun Is Gone (Relaxation Mix).mp3
/home/sc/mp3/tigerfm4/jingle/LDN_SWEEP_07.MP3
/home/sc/mp3/tigerfm4/music/Jawab_A_Shikwa_-_You_R_The_Light.mp3
/home/sc/mp3/tigerfm4/music/Jay Dee - Think Twice.mp3
/home/sc/mp3/tigerfm4/music/Jaydee vs Tamara Maria - Sunset (Interlude) I'm Not In Love.mp3
/home/sc/mp3/tigerfm4/music/Jazz Connection - Passing Dolphins (Cool Sax Mix).mp3
/home/sc/mp3/tigerfm4/jingle/LDN_ID_09_M.MP3
/home/sc/mp3/tigerfm4/music/Jazzamor - Ambivalent Love Song.mp3
/home/sc/mp3/tigerfm4/music/Jazzanova - Bohemian Sunset.mp3
/home/sc/mp3/tigerfm4/music/Jerry Howard - La Grande Finale.mp3
/home/sc/mp3/tigerfm4/music/Jim_Noir_-_Eanie_Meany.mp3
/home/sc/mp3/tigerfm4/jingle/LDN_SWEEP_07.MP3
/home/sc/mp3/tigerfm4/music/Johan Gielen - Moments.mp3
/home/sc/mp3/tigerfm4/music/John Barry - Midnight Cowboy.mp3
/home/sc/mp3/tigerfm4/music/John Williams - Cavatina.mp3
/home/sc/mp3/tigerfm4/music/John_Coltrane_Quartet_-_Too_Young_To_Go_Steady.mp3
/home/sc/mp3/tigerfm4/jingle/LDN_ID_01_M.MP3
/home/sc/mp3/tigerfm4/music/Joi - Oh My People.mp3
/home/sc/mp3/tigerfm4/music/Jon Anderson - Change We Must.mp3
/home/sc/mp3/tigerfm4/music/Jon Crusoe - I Have A Dream (Chillout Mix).mp3
/home/sc/mp3/tigerfm4/music/Jon_Cutler_Feat._E - Man_.mp3
/home/sc/mp3/tigerfm4/jingle/LDN_SWEEP_08.MP3
/home/sc/mp3/tigerfm4/music/Jonathan Caine - Body Language.mp3
/home/sc/mp3/tigerfm4/music/Jose Gonzalez - Teardrop.mp3
/home/sc/mp3/tigerfm4/music/Jose Gonzalez [Cover] - Heartbeats.mp3
/home/sc/mp3/tigerfm4/music/Jose Padilla - Adios Ayer (Paul Daley Remix).mp3
/home/sc/mp3/tigerfm4/jingle/LDN_ID_06_M.MP3
/home/sc/mp3/tigerfm4/music/Joy - Fingers.mp3
/home/sc/mp3/tigerfm4/music/Julia Fordham - Happy Ever After.mp3
/home/sc/mp3/tigerfm4/music/Julie London -  Cry Me A River.mp3
/home/sc/mp3/tigerfm4/music/KT Tunstall - Someday Soon.mp3
/home/sc/mp3/tigerfm4/jingle/LDN_ID_02_W.MP3
/home/sc/mp3/tigerfm4/music/Kaoru Inoue - The Secret Field (Todd Terje Remix).mp3
/home/sc/mp3/tigerfm4/music/Kasabian - Empire.mp3
/home/sc/mp3/tigerfm4/music/Kate Price - Beloved.mp3
/home/sc/mp3/tigerfm4/music/Kate Price - The Isle Of Dreaming.mp3
/home/sc/mp3/tigerfm4/jingle/LDN_ID_02_W.MP3
/home/sc/mp3/tigerfm4/music/Kate Rogers - The Girl Who Fell Through The Ice.mp3
/home/sc/mp3/tigerfm4/music/Kevin And Perry Go Large - Ethnic Majority.mp3
/home/sc/mp3/tigerfm4/music/Kevin_Yost - If_She_Only_Knew.mp3
/home/sc/mp3/tigerfm4/music/Kid_Loco_-_Love_Me_Sweet.mp3
/home/sc/mp3/tigerfm4/jingle/LDN_ID_03_M.MP3
/home/sc/mp3/tigerfm4/music/King's of Convenience - I Don't Know What I Can Save You Fro.mp3
/home/sc/mp3/tigerfm4/music/Kinobe - Slip Into Something More Comfortable.mp3
/home/sc/mp3/tigerfm4/music/Kinobe - Slip into Something.mp3
/home/sc/mp3/tigerfm4/music/Kinobe_-_Slip_into_Something_More_Comfortable.mp3
/home/sc/mp3/tigerfm4/jingle/LDN_SWEEP_02.MP3
/home/sc/mp3/tigerfm4/music/Klaus Schultze - Floating.mp3
/home/sc/mp3/tigerfm4/music/Klaus Zimmer - Earth.mp3
/home/sc/mp3/tigerfm4/music/Klaxons - Golden Skans.mp3
/home/sc/mp3/tigerfm4/music/Knuf - an der beat.mp3
/home/sc/mp3/tigerfm4/jingle/LDN_ID_05_M.MP3
/home/sc/mp3/tigerfm4/music/Koop_-_Waltz_For_Koop_(Bacon_And_Quarmby_Remix).mp3
/home/sc/mp3/tigerfm4/music/Krackatoa_-_Blood_Moon_Rising.mp3
/home/sc/mp3/tigerfm4/music/Krackatoa_-_Nonata.mp3
/home/sc/mp3/tigerfm4/music/Kylie Minogue - Confide in Me.mp3
/home/sc/mp3/tigerfm4/jingle/LDN_SWEEP_05.MP3
/home/sc/mp3/tigerfm4/music/Ladytron - Ghosts (Modwheel Mood Remix).mp3
/home/sc/mp3/tigerfm4/music/Lalo Schifrin - Danube Incident.mp3
/home/sc/mp3/tigerfm4/music/Lamb - Gabriel.mp3
/home/sc/mp3/tigerfm4/music/Larry Gold Presents Don Cello & Friends - Travelin'.mp3
/home/sc/mp3/tigerfm4/jingle/LDN_SWEEP_01.MP3
/home/sc/mp3/tigerfm4/music/Larry Heard - Precious Tears.mp3
/home/sc/mp3/tigerfm4/music/Layo & Bushwacka! - Love Story vs finally (tim de luxe remix).mp3
/home/sc/mp3/tigerfm4/music/Lazy_Calm_Ensemble_-_Quiet_Storm.mp3
/home/sc/mp3/tigerfm4/music/Least_-_Free.mp3
/home/sc/mp3/tigerfm4/jingle/LDN_ID_02_W.MP3
/home/sc/mp3/tigerfm4/music/Leftfield - Melt.mp3
/home/sc/mp3/tigerfm4/music/Legion Of Green Men - For Maria Wherever I Might Fin.mp3
/home/sc/mp3/tigerfm4/music/Leila_-_Souls_Journey.mp3
/home/sc/mp3/tigerfm4/music/Lemon_Jelly_-_Come.mp3
/home/sc/mp3/tigerfm4/jingle/LDN_ID_08_M.MP3
/home/sc/mp3/tigerfm4/music/Lenny Kravitz - Believe.mp3
/home/sc/mp3/tigerfm4/music/Lenny McDowel - Ain't No Sunshine.mp3
/home/sc/mp3/tigerfm4/music/Leona Lewis - Run.mp3
/home/sc/mp3/tigerfm4/music/Les Gammas - See The Sun.mp3
/home/sc/mp3/tigerfm4/jingle/LDN_SWEEP_04.MP3
/home/sc/mp3/tigerfm4/music/Les Rythmes Divins - Divini Groove.mp3
/home/sc/mp3/tigerfm4/music/Levitation - More Than Ever People.mp3
/home/sc/mp3/tigerfm4/music/Life Project - High Time.mp3
/home/sc/mp3/tigerfm4/music/Lighthouse Family - Lifted.mp3
/home/sc/mp3/tigerfm4/jingle/LDN_SWEEP_10.MP3
/home/sc/mp3/tigerfm4/music/Liquid Motion - Flowmotional (Blue Metheny Remix).mp3
/home/sc/mp3/tigerfm4/music/Liquid Motion - To The Sky (Vocal Version).mp3
/home/sc/mp3/tigerfm4/music/Liquid Motion Feat Georgia - All The Time (New Horizon).mp3
/home/sc/mp3/tigerfm4/music/Lisa Mitchell - Neopolitan Dreams.mp3
/home/sc/mp3/tigerfm4/jingle/LDN_ID_03_M.MP3
/home/sc/mp3/tigerfm4/music/Llorca - Indigo Blues.mp3
/home/sc/mp3/tigerfm4/music/Llorca - The End.mp3
/home/sc/mp3/tigerfm4/music/Locke - Everything Happens For A Reason.mp3
/home/sc/mp3/tigerfm4/music/Losoul - You Can Do.mp3
/home/sc/mp3/tigerfm4/jingle/LDN_SWEEP_02.MP3
/home/sc/mp3/tigerfm4/music/Love From Above - Paris Mon Amour (K&D Dub).mp3
/home/sc/mp3/tigerfm4/music/Lovespirals_-_Love_Survives.mp3
/home/sc/mp3/tigerfm4/music/Lovespirals_-_Motherless_Child.mp3
/home/sc/mp3/tigerfm4/music/Lovespirals_-_Our_Nights.mp3
/home/sc/mp3/tigerfm4/jingle/LDN_ID_02_M.MP3
/home/sc/mp3/tigerfm4/music/Low Motion Disco - Love Love Love (Soft Rocks Remix).mp3
/home/sc/mp3/tigerfm4/music/Lupe Fiasco - Superstar.mp3
/home/sc/mp3/tigerfm4/music/Lux_-_Talkin_about_funk.mp3
/home/sc/mp3/tigerfm4/music/M - Feeling Your Spirit Calling (Afterlife Lounge Remix).mp3
/home/sc/mp3/tigerfm4/jingle/LDN_SWEEP_10.MP3
/home/sc/mp3/tigerfm4/music/MJ Cole - Sincere.mp3
/home/sc/mp3/tigerfm4/music/Mac Sensu - Sonnenstrahl (Goldtripp Rmx).mp3
/home/sc/mp3/tigerfm4/music/Madonna - Substitute For Love.mp3
/home/sc/mp3/tigerfm4/music/Madredeus - Oxala (Telepopmusic Mix).mp3
/home/sc/mp3/tigerfm4/jingle/LDN_SWEEP_06.MP3
/home/sc/mp3/tigerfm4/music/Mae Mcenna - Sayonara.mp3
/home/sc/mp3/tigerfm4/music/Magda_Umer_-_Juz_Szumia_Kasztany.mp3
/home/sc/mp3/tigerfm4/music/Magica Fe - Words (Original Version).mp3
/home/sc/mp3/tigerfm4/music/Major Swellings - Pole Vaulters Delight.mp3
/home/sc/mp3/tigerfm4/jingle/LDN_SWEEP_04.MP3
/home/sc/mp3/tigerfm4/music/Mandalay - Beautiful.mp3
/home/sc/mp3/tigerfm4/music/Mankato - Wasted (Bombay Monkey Mix).mp3
/home/sc/mp3/tigerfm4/music/Mannen Van Hee - Je Hoeft Niet Naar Bed.mp3
/home/sc/mp3/tigerfm4/music/Marcin_Nowakowski_-_You_Are_The_Sun.mp3
/home/sc/mp3/tigerfm4/jingle/LDN_SWEEP_02.MP3
/home/sc/mp3/tigerfm4/music/Mark Rae feat. Veba - Lavish (Deadbeats Remix).mp3
/home/sc/mp3/tigerfm4/music/Mark Ronson [Cover] - Stop Me.mp3
/home/sc/mp3/tigerfm4/music/Maroon 5 - Makes Me Wonder.mp3
/home/sc/mp3/tigerfm4/music/Marschmellows - Soulpower (Jazzanova's Straight Dub Mix).mp3
/home/sc/mp3/tigerfm4/jingle/LDN_SWEEP_03.MP3
/home/sc/mp3/tigerfm4/music/Martin_Grech_-_Open_Heart_Zoo.mp3
/home/sc/mp3/tigerfm4/music/Martin_Solveig_-_Something_About_You.mp3
/home/sc/mp3/tigerfm4/music/Martine Girault - Revival.mp3
/home/sc/mp3/tigerfm4/music/Masked Ball (1999 Remix).mp3
/home/sc/mp3/tigerfm4/jingle/LDN_SWEEP_02.MP3
/home/sc/mp3/tigerfm4/music/Massive Attack - Be Thankful For What You've Got.mp3
/home/sc/mp3/tigerfm4/music/Massive Attack - Teardrop.mp3
/home/sc/mp3/tigerfm4/music/Massive Attack - Unfinished Sympathy.mp3
/home/sc/mp3/tigerfm4/music/Massive Attack feat. Tracey Thorn - Protection.mp3
/home/sc/mp3/tigerfm4/jingle/LDN_SWEEP_10.MP3
/home/sc/mp3/tigerfm4/music/Matt Bianco - Wrong Side Of The Street.mp3
/home/sc/mp3/tigerfm4/music/Matt Molloy - Chinese Lake Reflections.mp3
/home/sc/mp3/tigerfm4/music/Matt_Bianco_-_Wrong_Side_Of_The_Street.mp3
/home/sc/mp3/tigerfm4/music/Matt_Dusk_-_Two_Shots_Of_Happy_One_Shot_Of_Sad.mp3
/home/sc/mp3/tigerfm4/jingle/LDN_ID_02_M.MP3
/home/sc/mp3/tigerfm4/music/Matthias Schaffhäuser - Hey Little Girl (Extended Blue Mix).mp3
/home/sc/mp3/tigerfm4/music/Max Melvin - Sand (Sunset Mix).mp3
/home/sc/mp3/tigerfm4/music/Mel And Heller - Autumn Leaves.mp3
/home/sc/mp3/tigerfm4/music/Melt - Walking On The Moon (Live Earth Mix).mp3
/home/sc/mp3/tigerfm4/jingle/LDN_SWEEP_10.MP3
/home/sc/mp3/tigerfm4/music/Memoire_-_Historys_Song.mp3
/home/sc/mp3/tigerfm4/music/Metricks_-_Labour_Girl.mp3
/home/sc/mp3/tigerfm4/music/Metricks_-_Make_the_Storm.mp3
/home/sc/mp3/tigerfm4/music/Metricks_-_Postcard_to_Outerspace.mp3
/home/sc/mp3/tigerfm4/jingle/LDN_ID_09_M.MP3
/home/sc/mp3/tigerfm4/music/Metricks_-_Reminds_of_Cat.mp3
/home/sc/mp3/tigerfm4/music/Metricks_-_Your_Reflection.mp3
/home/sc/mp3/tigerfm4/music/Metronomy - Heartbreaker.mp3
/home/sc/mp3/tigerfm4/music/Mgmt - Electric Feel.mp3
/home/sc/mp3/tigerfm4/jingle/LDN_ID_01_M.MP3
/home/sc/mp3/tigerfm4/music/Micatone feat. David Friedman - Still In Time.mp3
/home/sc/mp3/tigerfm4/music/Michael Gettel - Cumbrina Autumn.mp3
/home/sc/mp3/tigerfm4/music/Michael Gettel - When All Is Quiet (She Dreams Of Horses).mp3
/home/sc/mp3/tigerfm4/music/Michael Gray feat. Steve Edwards - Somewhere Beyond (Acoustic Mix).mp3
/home/sc/mp3/tigerfm4/jingle/LDN_SWEEP_02.MP3
/home/sc/mp3/tigerfm4/music/Michael Nyman - The Heart Asks For Pleasure First The Promis.mp3
/home/sc/mp3/tigerfm4/music/Michael Nyman - The Heart Asks Pleasure First - The Promise.mp3
/home/sc/mp3/tigerfm4/music/Micheal O. Suilleabhain - Woodbrook.mp3
/home/sc/mp3/tigerfm4/music/Mighty_Bob_-_Tell_Me.mp3
/home/sc/mp3/tigerfm4/jingle/LDN_ID_08_M.MP3
/home/sc/mp3/tigerfm4/music/Mike Oldfield - Guilty.mp3
/home/sc/mp3/tigerfm4/music/Mike Oldfield - Hibernaculum.mp3
/home/sc/mp3/tigerfm4/music/Mike Oldfield - Incantations (Part 4 - Excerpt).mp3
/home/sc/mp3/tigerfm4/music/Mike Oldfield - Jungle Gardenia.mp3
/home/sc/mp3/tigerfm4/jingle/LDN_ID_01_W.MP3
/home/sc/mp3/tigerfm4/music/Mike Oldfield - Platinum (Part 1 - Airborn).mp3
/home/sc/mp3/tigerfm4/music/Mike Oldfield - Tubular Bells (Part 1).mp3
/home/sc/mp3/tigerfm4/music/Mike Oldfield - Tubular Bells.mp3
/home/sc/mp3/tigerfm4/music/Miles Inc. - Children.mp3
/home/sc/mp3/tigerfm4/jingle/LDN_SWEEP_04.MP3
/home/sc/mp3/tigerfm4/music/Miles_Davis_-_The_Doo_Boop.mp3
/home/sc/mp3/tigerfm4/music/Miles_of_Ailes_-_Children.mp3
/home/sc/mp3/tigerfm4/music/Mina_Seyahi_-_Extravaganza_Mix.mp3
/home/sc/mp3/tigerfm4/music/Miro - The Cure.mp3
/home/sc/mp3/tigerfm4/jingle/LDN_ID_06_M.MP3
/home/sc/mp3/tigerfm4/music/Miss Kittin' - Happy Violentine.mp3
/home/sc/mp3/tigerfm4/music/Mission Control - Innerspace (Long John Saliva Remix).mp3
/home/sc/mp3/tigerfm4/music/Mists Of Avalon, The (Lee Holdridge) - 01 - The Mystic's Dre.mp3
/home/sc/mp3/tigerfm4/music/Mists Of Avalon, The (Lee Holdridge) - 03 - Igraine Meets Ut.mp3
/home/sc/mp3/tigerfm4/jingle/LDN_ID_08_M.MP3
/home/sc/mp3/tigerfm4/music/Mists Of Avalon, The (Lee Holdridge) - 11 - No Baby _ Castle.mp3
/home/sc/mp3/tigerfm4/music/Mo Horizons - Foto Viva (Radio Edit).mp3
/home/sc/mp3/tigerfm4/music/Mo'horizons - Superworld.mp3
/home/sc/mp3/tigerfm4/music/Moby - Another Woman.mp3
/home/sc/mp3/tigerfm4/jingle/LDN_ID_06_M.MP3
/home/sc/mp3/tigerfm4/music/Moby - In This World.mp3
/home/sc/mp3/tigerfm4/music/Moby - Natural Blues.mp3
/home/sc/mp3/tigerfm4/music/Moby - Porcelain.mp3
/home/sc/mp3/tigerfm4/music/Moby_-_In_This_World.mp3
/home/sc/mp3/tigerfm4/jingle/LDN_ID_08_M.MP3
/home/sc/mp3/tigerfm4/music/Modus_-_When_I_See_You.mp3
/home/sc/mp3/tigerfm4/music/Moloko - Sing It Back (Herbert's Tasteful Dub).mp3
/home/sc/mp3/tigerfm4/music/Moloko - Sing It Back (Original Album Version).mp3
/home/sc/mp3/tigerfm4/music/Moloko_-_Sing_It_Back_(Herberts_Tasteful_Dub).mp3
/home/sc/mp3/tigerfm4/jingle/LDN_ID_01_W.MP3
/home/sc/mp3/tigerfm4/music/Moonbootica - Hildegarde.mp3
/home/sc/mp3/tigerfm4/music/Morcheeba - Otherwise.mp3
/home/sc/mp3/tigerfm4/music/Moshi_-_Sambaiassosomo.mp3
/home/sc/mp3/tigerfm4/music/Mozez_-_Beautiful_Day.mp3
/home/sc/mp3/tigerfm4/jingle/LDN_ID_02_W.MP3
/home/sc/mp3/tigerfm4/music/Mozez_-_Fuzz.mp3
/home/sc/mp3/tigerfm4/music/Mr Natural Feat. Chantal Matar - Do You Feel What I'm Thinking_.mp3
/home/sc/mp3/tigerfm4/music/Mr Sam feat. Kirsty Hawkshaw - Split.mp3
/home/sc/mp3/tigerfm4/music/Mr Scruff - Get A Move On.mp3
/home/sc/mp3/tigerfm4/jingle/LDN_SWEEP_02.MP3
/home/sc/mp3/tigerfm4/music/Mr. Natural - Country lane.mp3
/home/sc/mp3/tigerfm4/music/Mr. Scruff - Sweetsmoke.mp3
/home/sc/mp3/tigerfm4/music/Mr_Scruff - Get_A_Move_On.mp3
/home/sc/mp3/tigerfm4/music/Ms. Dynamte - Dy-Na-Mi-Tee.mp3
/home/sc/mp3/tigerfm4/jingle/LDN_SWEEP_08.MP3
/home/sc/mp3/tigerfm4/music/Nalin & Kane - Beachball (Original Mix).mp3
/home/sc/mp3/tigerfm4/music/Natacha_Atlas_-_Diaspora.mp3
/home/sc/mp3/tigerfm4/music/Natasha Bedingfield [Cover] - Chasing Cars.mp3
/home/sc/mp3/tigerfm4/music/Navern_-_Ray_of_Light.mp3
/home/sc/mp3/tigerfm4/jingle/LDN_ID_02_M.MP3
/home/sc/mp3/tigerfm4/music/Nazem_Al_Ghazali_-_Raqs_Beledi.mp3
/home/sc/mp3/tigerfm4/music/Neal Schon - Cool Breeze.mp3
/home/sc/mp3/tigerfm4/music/Nel_-_Infinity_In_Love.mp3
/home/sc/mp3/tigerfm4/music/Nelly Furtado - Maneater.mp3
/home/sc/mp3/tigerfm4/jingle/LDN_SWEEP_04.MP3
/home/sc/mp3/tigerfm4/music/Nelly_Furtado_-_Wheare_You.mp3
/home/sc/mp3/tigerfm4/music/Neneh Cherry_Youssou N'Dour - 7 Seconds.mp3
/home/sc/mp3/tigerfm4/music/New Age Kings - Illusion (Instrumental Remix).mp3
/home/sc/mp3/tigerfm4/music/Newton Faulkner - Foundations.mp3
/home/sc/mp3/tigerfm4/jingle/LDN_SWEEP_07.MP3
/home/sc/mp3/tigerfm4/music/Nick Drake - River Man.mp3
/home/sc/mp3/tigerfm4/music/Nightmares On Wax - Les Nuits.mp3
/home/sc/mp3/tigerfm4/music/Nightmares_In_Wax - Les_Nuits.mp3
/home/sc/mp3/tigerfm4/music/Nightmares_on_Wax_-_70s_80s.mp3
/home/sc/mp3/tigerfm4/jingle/LDN_ID_01_M.MP3
/home/sc/mp3/tigerfm4/music/Niko - You're My Favorite Music.mp3
/home/sc/mp3/tigerfm4/music/Nikos Vangelis - I Am.mp3
/home/sc/mp3/tigerfm4/music/Nils Petter Molvaer - Vilderness (Chilluminati Remix).mp3
/home/sc/mp3/tigerfm4/music/Nitin Sawhney - Mausam.mp3
/home/sc/mp3/tigerfm4/jingle/LDN_SWEEP_02.MP3
/home/sc/mp3/tigerfm4/music/Nitin Sawhney - Sunset.mp3
/home/sc/mp3/tigerfm4/music/Nitin_Sawhney - Sunset_(Prophesy_Album_Version).mp3
/home/sc/mp3/tigerfm4/music/Noor-_Glowing_Desert.mp3
/home/sc/mp3/tigerfm4/music/Nor_Elle_-_Sunset_Print.mp3
/home/sc/mp3/tigerfm4/jingle/LDN_SWEEP_05.MP3
/home/sc/mp3/tigerfm4/music/Norah Jones - Those Sweet Words.mp3
/home/sc/mp3/tigerfm4/music/Norah_Jones_-_New_York_City.mp3
/home/sc/mp3/tigerfm4/music/Norman_Fairbanks_-_Blurred_Calm_and_Orange.mp3
/home/sc/mp3/tigerfm4/music/Norman_Fairbanks_-_Mystified.mp3
/home/sc/mp3/tigerfm4/jingle/LDN_SWEEP_10.MP3
/home/sc/mp3/tigerfm4/music/Norman_Fairbanks_-_The_Glam_Machines_Arrive.mp3
/home/sc/mp3/tigerfm4/music/Nouri - Peace & Friendship.mp3
/home/sc/mp3/tigerfm4/music/Nouvelle Vague - Love Will Tear Us Apart.mp3
/home/sc/mp3/tigerfm4/music/Nouvelle_Vague_-_Heart_Of_Glass.mp3
/home/sc/mp3/tigerfm4/jingle/LDN_SWEEP_04.MP3
/home/sc/mp3/tigerfm4/music/Nova June - More.mp3
/home/sc/mp3/tigerfm4/music/Novika_-_Movie_Girl.mp3
/home/sc/mp3/tigerfm4/music/Nudge - Window Pain.mp3
/home/sc/mp3/tigerfm4/music/Numb feat. Shelby - Cubism #2.mp3
/home/sc/mp3/tigerfm4/jingle/LDN_ID_01_W.MP3
/home/sc/mp3/tigerfm4/music/Nur_Al_Din_-_Thank_You.mp3
/home/sc/mp3/tigerfm4/music/Nural_Lita_-_Kafez.mp3
/home/sc/mp3/tigerfm4/music/Nusrat Fateh Ali Khan - Mustt Mustt.mp3
/home/sc/mp3/tigerfm4/music/Oakenfold_-_Starry_Eyed_Suprise.mp3
/home/sc/mp3/tigerfm4/jingle/LDN_SWEEP_02.MP3
/home/sc/mp3/tigerfm4/music/Olive - You're Not Alone.mp3
/home/sc/mp3/tigerfm4/music/Orient Team - The Quest (Oscar Salguero Nix).mp3
/home/sc/mp3/tigerfm4/music/Orient Team - The Quest.mp3
/home/sc/mp3/tigerfm4/music/Orion - Eternity (Acoustic Mix).mp3
/home/sc/mp3/tigerfm4/jingle/LDN_SWEEP_05.MP3
/home/sc/mp3/tigerfm4/music/Oscar Salguero - Love And Light.mp3
/home/sc/mp3/tigerfm4/music/Osker - Hidden Track.mp3
/home/sc/mp3/tigerfm4/music/Oxygene - The Ocean (Goldtripp Remix).mp3
/home/sc/mp3/tigerfm4/music/P.M. Dawn - Set Adrift on Memory Bliss.mp3
/home/sc/mp3/tigerfm4/jingle/LDN_SWEEP_08.MP3
/home/sc/mp3/tigerfm4/music/Paban Das Baul And Sam Mills - Dil Ki Doya.mp3
/home/sc/mp3/tigerfm4/music/Pacific! - Break Your Social System.mp3
/home/sc/mp3/tigerfm4/music/Pacific! - Lost & Found.mp3
/home/sc/mp3/tigerfm4/music/Paco Mendoza - Flamenco Trip.mp3
/home/sc/mp3/tigerfm4/jingle/LDN_ID_04_M.MP3
/home/sc/mp3/tigerfm4/music/Panic At The Disco - Nine In The Afternoon.mp3
/home/sc/mp3/tigerfm4/music/Panthers - Goblin City (Holy Ghost! Remix).mp3
/home/sc/mp3/tigerfm4/music/Paolo Nutini [Cover] - Rehab.mp3
/home/sc/mp3/tigerfm4/music/Paris_Combo_-_Je_Ne_Sais_Qui_Fumer.mp3
/home/sc/mp3/tigerfm4/jingle/LDN_ID_02_W.MP3
/home/sc/mp3/tigerfm4/music/Parov Stelar feat. Miss Anita Riegler & Peter Kreuzer - Tell Me.mp3
/home/sc/mp3/tigerfm4/music/Parov_Stealar_-_Tell_Me.mp3
/home/sc/mp3/tigerfm4/music/Patricia_Kass_-_If_You_Go_Away.mp3
/home/sc/mp3/tigerfm4/music/Paul & Price - Little White Roses [With Todd Ivy].mp3
/home/sc/mp3/tigerfm4/jingle/LDN_SWEEP_01.MP3
/home/sc/mp3/tigerfm4/music/Paul Jackson & Steve Smith (The Electric Bath Treatment) - The Push (Far From Here).mp3
/home/sc/mp3/tigerfm4/music/Paul Schutze - Sleep 2.mp3
/home/sc/mp3/tigerfm4/music/Paul Van Dyk - Vega (Album Mix).mp3
/home/sc/mp3/tigerfm4/music/Paul Weller Vs Portishead - Wild Wood (Sheared Wood Remix).mp3
/home/sc/mp3/tigerfm4/jingle/LDN_SWEEP_04.MP3
/home/sc/mp3/tigerfm4/music/Peace Orchestra - Who Am I (Animatrix Edit).mp3
/home/sc/mp3/tigerfm4/music/Peace Orchestra - Who Am I.mp3
/home/sc/mp3/tigerfm4/music/Peaceful_Ice_-_Shine_Moon.mp3
/home/sc/mp3/tigerfm4/music/Pearlcoder - Nighttrain (Ambiente Mix).mp3
/home/sc/mp3/tigerfm4/jingle/LDN_SWEEP_03.MP3
/home/sc/mp3/tigerfm4/music/Pendulum - Violet Hill.mp3
/home/sc/mp3/tigerfm4/music/Penguin Café Orchestra - Perpetuum Mobile.mp3
/home/sc/mp3/tigerfm4/music/Pepe Deluxe - Before You Leave (Radio Edit).mp3
/home/sc/mp3/tigerfm4/music/Pete Rock - A Little Soul.mp3
/home/sc/mp3/tigerfm4/jingle/LDN_SWEEP_02.MP3
/home/sc/mp3/tigerfm4/music/Peter_Mallick_feat_Norah_Jones_-_Things_You_Dont_Have_To_Do.mp3
/home/sc/mp3/tigerfm4/music/Pfl_W - Julia_Messenger_.mp3
/home/sc/mp3/tigerfm4/music/Philip Glass - Etoile Polaire (North Star).mp3
/home/sc/mp3/tigerfm4/music/Photek - Lost Blue Heaven.mp3
/home/sc/mp3/tigerfm4/jingle/LDN_SWEEP_05.MP3
/home/sc/mp3/tigerfm4/music/Physics - Leaving Monte Carlo.mp3
/home/sc/mp3/tigerfm4/music/Pinky_-_Still_Waters.mp3
/home/sc/mp3/tigerfm4/music/Planet_Bliss_-_Native_Phase.mp3
/home/sc/mp3/tigerfm4/music/Plastyc_Buddha - Rhodes_Royce.mp3
/home/sc/mp3/tigerfm4/jingle/LDN_SWEEP_05.MP3
/home/sc/mp3/tigerfm4/music/Pnau - With You Forever.mp3
/home/sc/mp3/tigerfm4/music/Pogo_-_Alice.mp3
/home/sc/mp3/tigerfm4/music/Polar Dreamer - Journey To Infiity (Space Night Dub).mp3
/home/sc/mp3/tigerfm4/music/Poloroid - So Damn Beautiful (Chris Coco Mix).mp3
/home/sc/mp3/tigerfm4/jingle/LDN_SWEEP_04.MP3
/home/sc/mp3/tigerfm4/music/Pouad_-_Arabian_Dreams.mp3
/home/sc/mp3/tigerfm4/music/Primal Scream - Loaded.mp3
/home/sc/mp3/tigerfm4/music/Quincy_Jones_-_Ai_No_Corrida.mp3
/home/sc/mp3/tigerfm4/music/Qzen - Don't Turn It Off.mp3
/home/sc/mp3/tigerfm4/jingle/LDN_ID_07_M.MP3
/home/sc/mp3/tigerfm4/music/Radiohead - Weird Fishes - Arpeggi.mp3
/home/sc/mp3/tigerfm4/music/Rae_And_Christian_-_Blazing_The_Crop.mp3
/home/sc/mp3/tigerfm4/music/Ralph_Myerz_And_The_Jack_Herren_Band_-_Nikita.mp3
/home/sc/mp3/tigerfm4/music/Rank 1 - T.T.C..mp3
/home/sc/mp3/tigerfm4/jingle/LDN_SWEEP_01.MP3
/home/sc/mp3/tigerfm4/music/Ratatat - Falcon Job.mp3
/home/sc/mp3/tigerfm4/music/Reflector - Avenue 7 (Buddha Bar Mix).mp3
/home/sc/mp3/tigerfm4/music/Regina_Gilberto_-_Dont_Know_Why.mp3
/home/sc/mp3/tigerfm4/music/Reno - She was flying.mp3
/home/sc/mp3/tigerfm4/jingle/LDN_SWEEP_07.MP3
/home/sc/mp3/tigerfm4/music/Reno_-_Thinking_About_The_Good_Times.mp3
/home/sc/mp3/tigerfm4/music/Reprazent_Roni Size - Brown Paper Bag.mp3
/home/sc/mp3/tigerfm4/music/Richard_Bona_-_Bona_Petite.mp3
/home/sc/mp3/tigerfm4/music/Rick Wakeman - The Journey.mp3
/home/sc/mp3/tigerfm4/jingle/LDN_SWEEP_01.MP3
/home/sc/mp3/tigerfm4/music/Rihanna - Hate That I Love You.mp3
/home/sc/mp3/tigerfm4/music/Rob Dougan - Clubbed To Death 2.mp3
/home/sc/mp3/tigerfm4/music/Robbie Robertson & The Red Road Ensemble - The Vanishing Breed.mp3
/home/sc/mp3/tigerfm4/music/Robbie Robertson And The Red Road Ensemble - Mahk Ichi (Heartbeat Drum Song).mp3
/home/sc/mp3/tigerfm4/jingle/LDN_SWEEP_01.MP3
/home/sc/mp3/tigerfm4/music/Robert_Amirian_Feat._Kayah_-_Sen_Nocy_Letniej.mp3
/home/sc/mp3/tigerfm4/music/Robyn - With Every Heartbeat.mp3
/home/sc/mp3/tigerfm4/music/Roger Eno - Through The Blue.mp3
/home/sc/mp3/tigerfm4/music/Roger Sanchez - Another Chance (Afterlife Mix).mp3
/home/sc/mp3/tigerfm4/jingle/LDN_ID_04_M.MP3
/home/sc/mp3/tigerfm4/music/Roisin Murphy - Scarlet Ribbon.mp3
/home/sc/mp3/tigerfm4/music/Roisin_Murphy_-_Scarlet_Ribbons.mp3
/home/sc/mp3/tigerfm4/music/Roots Manuva - Witness Dub.mp3
/home/sc/mp3/tigerfm4/music/Rosario_Flores_-_Como_Quieres_Que_Te_Quiera.mp3
/home/sc/mp3/tigerfm4/jingle/LDN_SWEEP_03.MP3
/home/sc/mp3/tigerfm4/music/Rouge_Rouge_-_L'amour_Avec_Toi.mp3
/home/sc/mp3/tigerfm4/music/Roxy Music - Tara.mp3
/home/sc/mp3/tigerfm4/music/Roy Ayers - Searching.mp3
/home/sc/mp3/tigerfm4/music/Royksopp - Eple.mp3
/home/sc/mp3/tigerfm4/jingle/LDN_ID_07_M.MP3
/home/sc/mp3/tigerfm4/music/Royksopp - So Easy.mp3
/home/sc/mp3/tigerfm4/music/Royksopp - Sparks.mp3
/home/sc/mp3/tigerfm4/music/Royksopp_-_Beautiful_Day_Without_You.mp3
/home/sc/mp3/tigerfm4/music/Rufus Wainwright - Tiergarten (Supermayer Remix).mp3
/home/sc/mp3/tigerfm4/jingle/LDN_ID_06_M.MP3
/home/sc/mp3/tigerfm4/music/Rumi_-_Moraccan_Dance.mp3
/home/sc/mp3/tigerfm4/music/Runrig - An Ubhal As Airde (The Highest Apple).mp3
/home/sc/mp3/tigerfm4/music/Ruqayyah_-_Turkish_Coffee.mp3
/home/sc/mp3/tigerfm4/music/Ryuichi Sakamoto & David Sylvian - Forbidden Colors.mp3
/home/sc/mp3/tigerfm4/jingle/LDN_ID_03_M.MP3
/home/sc/mp3/tigerfm4/music/Ryuichi Sakamoto With Youssou N'dour - Diabaram.mp3
/home/sc/mp3/tigerfm4/music/Röyksopp - Eple (Shakedown Remix).mp3
/home/sc/mp3/tigerfm4/music/S For Slow - Beautiful (Dub Mix).mp3
/home/sc/mp3/tigerfm4/music/SK123_-_Easter_Egg.mp3
/home/sc/mp3/tigerfm4/jingle/LDN_ID_03_M.MP3
/home/sc/mp3/tigerfm4/music/STM - Kabyn - Aphex Twin, Thievery Corporation, Mark Farina,.mp3
/home/sc/mp3/tigerfm4/music/Sacred Spirit - Heya-Hee (Intertribal Song To Stop The Rain).mp3
/home/sc/mp3/tigerfm4/music/Sacred Spirit - Roots.mp3
/home/sc/mp3/tigerfm4/music/Sacred Spirit - Tor-Cheney-Nahana (Winter Ceremony).mp3
/home/sc/mp3/tigerfm4/jingle/LDN_ID_03_M.MP3
/home/sc/mp3/tigerfm4/music/Sacred Spirit - Yeha Noha (Wishes Of Happiness & Prosperity).mp3
/home/sc/mp3/tigerfm4/music/Sacred Spirit - Yeha-noha.mp3
/home/sc/mp3/tigerfm4/music/Sacred Spirit - You've Gotta Learn (Three Kingdoms).mp3
/home/sc/mp3/tigerfm4/music/Sagi Re - For You.mp3
/home/sc/mp3/tigerfm4/jingle/LDN_SWEEP_06.MP3
/home/sc/mp3/tigerfm4/music/Saint Germain - Montego Bay Spleen.mp3
/home/sc/mp3/tigerfm4/music/Saint_Etienne_-_The_Process.mp3
/home/sc/mp3/tigerfm4/music/Saint_Privat_-_Pan_Am_009.mp3
/home/sc/mp3/tigerfm4/music/Saint_Rue_-_City_to_City.mp3
/home/sc/mp3/tigerfm4/jingle/LDN_ID_07_M.MP3
/home/sc/mp3/tigerfm4/music/Sam Sparro - Black & Gold.mp3
/home/sc/mp3/tigerfm4/music/Samuel Barber - Adagio For Strings.mp3
/home/sc/mp3/tigerfm4/music/Samuel_Barber_-_Adagio_for_Strings.mp3
/home/sc/mp3/tigerfm4/music/Santos - Hear My Soul.mp3
/home/sc/mp3/tigerfm4/jingle/LDN_SWEEP_02.MP3
/home/sc/mp3/tigerfm4/music/Sasha Vs Mike Koglin - Enjoy The Gravy.mp3
/home/sc/mp3/tigerfm4/music/Sasha Vs Mike Koglin - Perfect Motion (Way Out West Remix).mp3
/home/sc/mp3/tigerfm4/music/Satie - Gymnopedie No. 1.mp3
/home/sc/mp3/tigerfm4/music/Savanna feat. Salvador - Acid Beach (Lounge Mix).mp3
/home/sc/mp3/tigerfm4/jingle/LDN_SWEEP_01.MP3
/home/sc/mp3/tigerfm4/music/Schiller - Das Glockenspiel (Schill Out Mix).mp3
/home/sc/mp3/tigerfm4/music/Scott Walker - Dealer.mp3
/home/sc/mp3/tigerfm4/music/Scow_-_You_Have_Something_In_Your_Life.mp3
/home/sc/mp3/tigerfm4/music/Seaweed_Stones_-_Yellow_Days.mp3
/home/sc/mp3/tigerfm4/jingle/LDN_ID_09_M.MP3
/home/sc/mp3/tigerfm4/music/Sebastien Schuller - Weeping Willow.mp3
/home/sc/mp3/tigerfm4/music/Sebastien Tellier - Divine.mp3
/home/sc/mp3/tigerfm4/music/Seelenluft - Wasser-Kür 1.mp3
/home/sc/mp3/tigerfm4/music/Seigen Ono - The Green Chinese Table.mp3
/home/sc/mp3/tigerfm4/jingle/LDN_ID_06_M.MP3
/home/sc/mp3/tigerfm4/music/Senor_Coconut_-_Smooth_Operator.mp3
/home/sc/mp3/tigerfm4/music/September - Satellites (Live Acoustic Version).mp3
/home/sc/mp3/tigerfm4/music/Serge Gainsbourg - Je T'aime (Dzihan & Kamien Remix).mp3
/home/sc/mp3/tigerfm4/music/Serkan_Suleymaniye_-_Taksimde_Sen.mp3
/home/sc/mp3/tigerfm4/jingle/LDN_ID_02_W.MP3
/home/sc/mp3/tigerfm4/music/Shakedown - At Night (Afterlife Remix).mp3
/home/sc/mp3/tigerfm4/music/Shaun Escoffery - Music In Me.mp3
/home/sc/mp3/tigerfm4/music/Shazam - Luckier.mp3
/home/sc/mp3/tigerfm4/music/Sheila Chandra - Ever So Lonely - Eyes - Ocean.mp3
/home/sc/mp3/tigerfm4/jingle/LDN_ID_06_M.MP3
/home/sc/mp3/tigerfm4/music/Sheila Chandra - Excerpt From Abonecronedone 3.mp3
/home/sc/mp3/tigerfm4/music/Shiny Toy Guns - Joel's Theme.mp3
/home/sc/mp3/tigerfm4/music/Shirley_Horn_-_Yesterday.mp3
/home/sc/mp3/tigerfm4/music/Siddharta_Spirit_Of_Buddha_Bar_-_Wish You Were Here.mp3
/home/sc/mp3/tigerfm4/jingle/LDN_ID_02_M.MP3
/home/sc/mp3/tigerfm4/music/Side Fx - Take Off.mp3
/home/sc/mp3/tigerfm4/music/Sidewinder - Sideways Revenge.mp3
/home/sc/mp3/tigerfm4/music/Signfield - Sunday 3Pm (Reconstructed).mp3
/home/sc/mp3/tigerfm4/music/Signfield - Sunrise Theme.mp3
/home/sc/mp3/tigerfm4/jingle/LDN_ID_05_M.MP3
/home/sc/mp3/tigerfm4/music/Siji - Feels Like.mp3
/home/sc/mp3/tigerfm4/music/Silence - I Feel (Ambient Mix).mp3
/home/sc/mp3/tigerfm4/music/Silent Voices - Time Of Passion (Guitar Mix).mp3
/home/sc/mp3/tigerfm4/music/Simple Minds - Somebody Up There Likes You.mp3
/home/sc/mp3/tigerfm4/jingle/LDN_ID_01_M.MP3
/home/sc/mp3/tigerfm4/music/Siobhan_Donaghy_-_Ghosts.mp3
/home/sc/mp3/tigerfm4/music/Sirius & Nyla - Be Chilled (Dub Mix).mp3
/home/sc/mp3/tigerfm4/music/Sirius And Nyla - Yo Le Le (Wave Dub).mp3
/home/sc/mp3/tigerfm4/music/Skinny_Elvis_-_Slow_Drift_Rising.mp3
/home/sc/mp3/tigerfm4/jingle/LDN_SWEEP_07.MP3
/home/sc/mp3/tigerfm4/music/Skysurfer Feat Lovay - Circling Elements (Down By The Sea Mix).mp3
/home/sc/mp3/tigerfm4/music/Slow Train - In The Black Of Night.mp3
/home/sc/mp3/tigerfm4/music/Smoke City - It's Amazing.mp3
/home/sc/mp3/tigerfm4/music/Smoke City - Underwater Love.mp3
/home/sc/mp3/tigerfm4/jingle/LDN_ID_02_W.MP3
/home/sc/mp3/tigerfm4/music/Smoke_City_-_Flying_Away.mp3
/home/sc/mp3/tigerfm4/music/Smolik_-_Time_Take.mp3
/home/sc/mp3/tigerfm4/music/Sneaker Pimps - 6 Underground.mp3
/home/sc/mp3/tigerfm4/music/Sneaker_Pimps_-_Six_Underground.mp3
/home/sc/mp3/tigerfm4/jingle/LDN_SWEEP_04.MP3
/home/sc/mp3/tigerfm4/music/Sofa Surfers - Sofa Rockers (Richard Dorfmeister Remix).mp3
/home/sc/mp3/tigerfm4/music/Sofa Sweeper - Mos Rebeat (Jazzybell Mix).mp3
/home/sc/mp3/tigerfm4/music/Sol Y Mar - Amazone (Erotic Lounge Mix).mp3
/home/sc/mp3/tigerfm4/music/Sol Y Mar Presents Natascha - La Fantasia Del Mundo (Juan Padilla Mix).mp3
/home/sc/mp3/tigerfm4/jingle/LDN_ID_04_M.MP3
/home/sc/mp3/tigerfm4/music/Sonar - Moments In Love (Part 3).mp3
/home/sc/mp3/tigerfm4/music/Sotikev,_Kirsten_-_Laura.mp3
/home/sc/mp3/tigerfm4/music/Soul Central feat. Kathy Brown - Strings Of Life (Stronger On My Own) (Funky Lowlives Mix).mp3
/home/sc/mp3/tigerfm4/music/Soul II Soul - Courtney Blows.mp3
/home/sc/mp3/tigerfm4/jingle/LDN_ID_01_M.MP3
/home/sc/mp3/tigerfm4/music/Soulnsoda - El_Sol.mp3
/home/sc/mp3/tigerfm4/music/Space_People_-_Cook.mp3
/home/sc/mp3/tigerfm4/music/Space_Raiders_-_Beautiful_Crazy.mp3
/home/sc/mp3/tigerfm4/music/Spencer Brewer - Portraits.mp3
/home/sc/mp3/tigerfm4/jingle/LDN_SWEEP_01.MP3
/home/sc/mp3/tigerfm4/music/Spiller - Cry Baby (Royksopp's Målselves Memorablilia Mix).mp3
/home/sc/mp3/tigerfm4/music/Sporto Kantes - Impressed.mp3
/home/sc/mp3/tigerfm4/music/Squeeze - Labelled with Love.mp3
/home/sc/mp3/tigerfm4/music/St Germain - Alabama Blues (Todo Edwards Vocal Mix).mp3
/home/sc/mp3/tigerfm4/jingle/LDN_ID_05_M.MP3
/home/sc/mp3/tigerfm4/music/St._Germain_-_Dub_Experience.mp3
/home/sc/mp3/tigerfm4/music/Star Of 77 & Wyczes (feat. Novika) - Hesitation.mp3
/home/sc/mp3/tigerfm4/music/Starlive Cafe - Playa Del Mar (Chillout Mix).mp3
/home/sc/mp3/tigerfm4/music/Stephane Pompougnac - Pour Faire Le Portrait D'un Oiseau.mp3
/home/sc/mp3/tigerfm4/jingle/LDN_ID_03_M.MP3
/home/sc/mp3/tigerfm4/music/Stephane_De_Lucia - Pearls_Of_The_Night.mp3
/home/sc/mp3/tigerfm4/music/Stina_Nordenstam_-_On_Falling.mp3
/home/sc/mp3/tigerfm4/music/Stone_-_Heroes.mp3
/home/sc/mp3/tigerfm4/music/Strandgut - Wo Bist Du (Dub).mp3
/home/sc/mp3/tigerfm4/jingle/LDN_SWEEP_09.MP3
/home/sc/mp3/tigerfm4/music/Sueno_Latino_-_Sueno_Latino.mp3
/home/sc/mp3/tigerfm4/music/Sumptuastic - Cisza.mp3
/home/sc/mp3/tigerfm4/music/Sunset Dub - Waiting For Mr. G.mp3
/home/sc/mp3/tigerfm4/music/Sven Van Hees - Black Beans & Castro Queens.mp3
/home/sc/mp3/tigerfm4/jingle/LDN_SWEEP_08.MP3
/home/sc/mp3/tigerfm4/music/Sven Van Hees - Breakfast With Abductees.mp3
/home/sc/mp3/tigerfm4/music/Sven Van Hees - Flute Salad.mp3
/home/sc/mp3/tigerfm4/music/Sven Van Hees - Islamorada Fishing Company.mp3
/home/sc/mp3/tigerfm4/music/Sven Van Hees - Matrass Mambo.mp3
/home/sc/mp3/tigerfm4/jingle/LDN_ID_08_M.MP3
/home/sc/mp3/tigerfm4/music/Sven Van Hees - Ocean Jive.mp3
/home/sc/mp3/tigerfm4/music/Sven Van Hees - Seasonal Bounty (Smooth '94).mp3
/home/sc/mp3/tigerfm4/music/Sven Van Hees - Sun Of A Beach.mp3
/home/sc/mp3/tigerfm4/music/Sven Van Hees - Supafly (Hannah's Lullaby).mp3
/home/sc/mp3/tigerfm4/jingle/LDN_ID_03_M.MP3
/home/sc/mp3/tigerfm4/music/Sven Van Hees - Tamiami Blues.mp3
/home/sc/mp3/tigerfm4/music/Sven Van Hees - Tsunami (Inside My Soul).mp3
/home/sc/mp3/tigerfm4/music/Sw_-_Sweet_Lullabies.mp3
/home/sc/mp3/tigerfm4/music/Sweet Coffe - Don't Need You.mp3
/home/sc/mp3/tigerfm4/jingle/LDN_ID_02_W.MP3
/home/sc/mp3/tigerfm4/music/Sweethurts_-_Johnny_Meets_Jagger.mp3
/home/sc/mp3/tigerfm4/music/Tahiti 80 - Wallpaper For The Soul.mp3
/home/sc/mp3/tigerfm4/music/Talvin Singh - Traveller.mp3
/home/sc/mp3/tigerfm4/music/Tama - Taaba (The Leaving).mp3
/home/sc/mp3/tigerfm4/jingle/LDN_ID_08_M.MP3
/home/sc/mp3/tigerfm4/music/Tangerine Dream - Love On A Real Train.mp3
/home/sc/mp3/tigerfm4/music/Tangerine Dream - Rubycon II.mp3
/home/sc/mp3/tigerfm4/music/Tangerine Dream - The Dream Is Always The Same.mp3
/home/sc/mp3/tigerfm4/music/Tariq_-_Spiritual_Signs.mp3
/home/sc/mp3/tigerfm4/jingle/LDN_SWEEP_02.MP3
/home/sc/mp3/tigerfm4/music/Tarkan_-_Mashallah.mp3
/home/sc/mp3/tigerfm4/music/Tasmin Little - Theme From Schindler's List.mp3
/home/sc/mp3/tigerfm4/music/Taxi - Yes_Its_True.mp3
/home/sc/mp3/tigerfm4/music/Ted & Francis - Erlend.mp3
/home/sc/mp3/tigerfm4/jingle/LDN_SWEEP_01.MP3
/home/sc/mp3/tigerfm4/music/Telepopmusic - Breathe (radio mix).mp3
/home/sc/mp3/tigerfm4/music/Telepopmusic - Emi White.mp3
/home/sc/mp3/tigerfm4/music/Telepopmusic - Free.mp3
/home/sc/mp3/tigerfm4/music/Telepopmusic - Love can damage your health.mp3
/home/sc/mp3/tigerfm4/jingle/LDN_ID_02_W.MP3
/home/sc/mp3/tigerfm4/music/Telepopmusic - Relax.mp3
/home/sc/mp3/tigerfm4/music/Telepopmusic - Smile.mp3
/home/sc/mp3/tigerfm4/music/Telepopmusic - Trishika.mp3
/home/sc/mp3/tigerfm4/music/Telepopmusic- Da Hoola (Soda-Pop Mix) .mp3
/home/sc/mp3/tigerfm4/jingle/LDN_ID_07_M.MP3
/home/sc/mp3/tigerfm4/music/Telepopmusik feat. Angela McCluskey - Don't Look Back.mp3
/home/sc/mp3/tigerfm4/music/Temple Of Sound feat. Wendy Stubbs & Jah Wobble - Gold Of The Sun.mp3
/home/sc/mp3/tigerfm4/music/Tempus Fugit - Variazioni.mp3
/home/sc/mp3/tigerfm4/music/Tephany - Wanna Lose Touch.mp3
/home/sc/mp3/tigerfm4/jingle/LDN_SWEEP_03.MP3
/home/sc/mp3/tigerfm4/music/Terranova - Grounded.mp3
/home/sc/mp3/tigerfm4/music/That's Not My Name (Cover Version - Dizzee Rascal.mp3
/home/sc/mp3/tigerfm4/music/The Afterworld Vs Darwin - Hypnos (Interlude).mp3
/home/sc/mp3/tigerfm4/music/The Aloof - One Night Stand (7' Edit).mp3
/home/sc/mp3/tigerfm4/jingle/LDN_SWEEP_06.MP3
/home/sc/mp3/tigerfm4/music/The Ambient Cookbook CD2 - Datacide - Data Haiku.mp3
/home/sc/mp3/tigerfm4/music/The Ambient Cookbook CD2 - Shades of Orion - Biotrip.mp3
/home/sc/mp3/tigerfm4/music/The Avalanches - Since I Left You.mp3
/home/sc/mp3/tigerfm4/music/The Belles - (Who Will Be) Here To Hear_.mp3
/home/sc/mp3/tigerfm4/jingle/LDN_ID_02_M.MP3
/home/sc/mp3/tigerfm4/music/The Bird And The Bee - How Deep Is Your Love.mp3
/home/sc/mp3/tigerfm4/music/The Byrds - Mr. Tambourine Man.mp3
/home/sc/mp3/tigerfm4/music/The Cinematic Orchestra feat. Fontella Bass - All That You Give.mp3
/home/sc/mp3/tigerfm4/music/The Committee - Scream & Shout (Vincenzio's Classic Dub Mix).mp3
/home/sc/mp3/tigerfm4/jingle/LDN_SWEEP_06.MP3
/home/sc/mp3/tigerfm4/music/The Commodores - Easy.mp3
/home/sc/mp3/tigerfm4/music/The Detroit Experiment - Think Twice.mp3
/home/sc/mp3/tigerfm4/music/The Dining Rooms - Exit A New York.mp3
/home/sc/mp3/tigerfm4/music/The Do - On My Shoulders.mp3
/home/sc/mp3/tigerfm4/jingle/LDN_ID_06_M.MP3
/home/sc/mp3/tigerfm4/music/The Edge - Island.mp3
/home/sc/mp3/tigerfm4/music/The Edge - Rowena's Theme.mp3
/home/sc/mp3/tigerfm4/music/The Flying Burrito Brothers - Hot Burrito #1.mp3
/home/sc/mp3/tigerfm4/music/The Future Sound Of London - Cascade.mp3
/home/sc/mp3/tigerfm4/jingle/LDN_SWEEP_09.MP3
/home/sc/mp3/tigerfm4/music/The Future Sound Of London - Ephidrena.mp3
/home/sc/mp3/tigerfm4/music/The Future Sound Of London - Lifeforms (Path 4).mp3
/home/sc/mp3/tigerfm4/music/The Future Sound Of London - My Kingdom.mp3
/home/sc/mp3/tigerfm4/music/The Future Sound of London - Dead Skin Cells.mp3
/home/sc/mp3/tigerfm4/jingle/LDN_ID_02_W.MP3
/home/sc/mp3/tigerfm4/music/The Gardyne Chamber Ensemble - Riverdance.mp3
/home/sc/mp3/tigerfm4/music/The Gardyne Chamber Ensemble - The Gypsy.mp3
/home/sc/mp3/tigerfm4/music/The Grid - Angel Tech.mp3
/home/sc/mp3/tigerfm4/music/The Haunted - Sun & Air.mp3
/home/sc/mp3/tigerfm4/jingle/LDN_ID_07_M.MP3
/home/sc/mp3/tigerfm4/music/The Herbaliser feat. Seaming To - Something Wicked This Way Comes.mp3
/home/sc/mp3/tigerfm4/music/The Holloways - Generator.mp3
/home/sc/mp3/tigerfm4/music/The Hoosiers - Lovestoned.mp3
/home/sc/mp3/tigerfm4/music/The Karminsky Experience Inc. - Exploration.mp3
/home/sc/mp3/tigerfm4/jingle/LDN_ID_09_M.MP3
/home/sc/mp3/tigerfm4/music/The Kooks - Shine On.mp3
/home/sc/mp3/tigerfm4/music/The Limp Twins - Sunday Driver.mp3
/home/sc/mp3/tigerfm4/music/The Man Behind C. - See You Again.mp3
/home/sc/mp3/tigerfm4/music/The Mighty Bop - Lady.mp3
/home/sc/mp3/tigerfm4/jingle/LDN_SWEEP_02.MP3
/home/sc/mp3/tigerfm4/music/The Peter Malik Group feat. Norah Jones - New York City.mp3
/home/sc/mp3/tigerfm4/music/The Pietasters - Can't Stand It.mp3
/home/sc/mp3/tigerfm4/music/The Presets - If I Know You.mp3
/home/sc/mp3/tigerfm4/music/The Putney - Angel Circle.mp3
/home/sc/mp3/tigerfm4/jingle/LDN_ID_04_M.MP3
/home/sc/mp3/tigerfm4/music/The Reel and Soul Association - Are You Sure_.mp3
/home/sc/mp3/tigerfm4/music/The Sabres Of Paradise (Beatless Mix) - Smokebelch II.mp3
/home/sc/mp3/tigerfm4/music/The Streets - Blinded By The Lights.mp3
/home/sc/mp3/tigerfm4/music/The Streets - Never Went To Church.mp3
/home/sc/mp3/tigerfm4/jingle/LDN_SWEEP_03.MP3
/home/sc/mp3/tigerfm4/music/The Ting Tings - Standing In The Way Of Control.mp3
/home/sc/mp3/tigerfm4/music/The View - Same Jeans.mp3
/home/sc/mp3/tigerfm4/music/The Wombats - Moving To New York.mp3
/home/sc/mp3/tigerfm4/music/The Zutons - Beautiful.mp3
/home/sc/mp3/tigerfm4/jingle/LDN_ID_01_M.MP3
/home/sc/mp3/tigerfm4/music/The Zutons - Valerie.mp3
/home/sc/mp3/tigerfm4/music/The_Avalanches - Since_I_Left_You.mp3
/home/sc/mp3/tigerfm4/music/The_Avalanches_-_Since_I_Left_You.mp3
/home/sc/mp3/tigerfm4/music/The_Pastels_-_Windy_Hill.mp3
/home/sc/mp3/tigerfm4/jingle/LDN_ID_09_M.MP3
/home/sc/mp3/tigerfm4/music/The_Project_-_Journey_into_Dust.mp3
/home/sc/mp3/tigerfm4/music/The_Sabres_of_Paradise_-_Smokebelch_II.mp3
/home/sc/mp3/tigerfm4/music/Themroc - Gold is your metal.mp3
/home/sc/mp3/tigerfm4/music/Thievery Corporation - Transcendence.mp3
/home/sc/mp3/tigerfm4/jingle/LDN_SWEEP_04.MP3
/home/sc/mp3/tigerfm4/music/Thievery_Corporation - The_Glass_Bead_Game.mp3
/home/sc/mp3/tigerfm4/music/Thievery_Corporation_-_Lebanese_Blonde.mp3
/home/sc/mp3/tigerfm4/music/This Is Kevin - Sunday Eve.mp3
/home/sc/mp3/tigerfm4/music/Thomas Newman - Any Other Name (Theme From American Beauty).mp3
/home/sc/mp3/tigerfm4/jingle/LDN_SWEEP_06.MP3
/home/sc/mp3/tigerfm4/music/Thomas Newman - Dead Already.mp3
/home/sc/mp3/tigerfm4/music/Thrillseekers - Dreaming Of You (Tranquilo's Ambient Mix).mp3
/home/sc/mp3/tigerfm4/music/Thrillseekers_-_Dreaming_of_You.mp3
/home/sc/mp3/tigerfm4/music/Tiefschwarz - Music_(Beautiful).mp3
/home/sc/mp3/tigerfm4/jingle/LDN_ID_03_M.MP3
/home/sc/mp3/tigerfm4/music/Tierra Segunda - La Noche Ibicenca.mp3
/home/sc/mp3/tigerfm4/music/Tiesto - Ur (feat. Aqualung).mp3
/home/sc/mp3/tigerfm4/music/Tiga Feat. Jake Shears - Hot in Herre.mp3
/home/sc/mp3/tigerfm4/music/Tim 'love' Lee - Mambo A Go Go.mp3
/home/sc/mp3/tigerfm4/jingle/LDN_SWEEP_01.MP3
/home/sc/mp3/tigerfm4/music/Time_-_Time.mp3
/home/sc/mp3/tigerfm4/music/Timecode feat. Zak - Enigma Machine (Part 2).mp3
/home/sc/mp3/tigerfm4/music/Tm Juke feat. Alice Russell - Playground Games.mp3
/home/sc/mp3/tigerfm4/music/Tosca_-_Mango_Di_Bango.mp3
/home/sc/mp3/tigerfm4/jingle/LDN_SWEEP_05.MP3
/home/sc/mp3/tigerfm4/music/Tracey_Horn_-_Here_It_Comes_Again.mp3
/home/sc/mp3/tigerfm4/music/Transonic - Time Span Zero.mp3
/home/sc/mp3/tigerfm4/music/Tribal Winds - Native American Flutes - Lakota Prayer.mp3
/home/sc/mp3/tigerfm4/music/Tricky - Aftermath.mp3
/home/sc/mp3/tigerfm4/jingle/LDN_SWEEP_10.MP3
/home/sc/mp3/tigerfm4/music/Trio Electrico - Return Of The Coconut Groove (Raw Deal Mix).mp3
/home/sc/mp3/tigerfm4/music/Troublemakers - Fatigue Universelle.mp3
/home/sc/mp3/tigerfm4/music/Troublemakers_-_Chez_Roger_Boite_Funk.mp3
/home/sc/mp3/tigerfm4/music/Truby Trio - A Go Go.mp3
/home/sc/mp3/tigerfm4/jingle/LDN_ID_05_M.MP3
/home/sc/mp3/tigerfm4/music/Trüby Trio - A Go Go (Boozoo Bajou Mix).mp3
/home/sc/mp3/tigerfm4/music/Twenty_Something_-_What_A_Difference_A_Day_Makes.mp3
/home/sc/mp3/tigerfm4/music/Two_-_Medallions.mp3
/home/sc/mp3/tigerfm4/music/Ultra Lounge - Phazz-Ination.mp3
/home/sc/mp3/tigerfm4/jingle/LDN_SWEEP_07.MP3
/home/sc/mp3/tigerfm4/music/Ultra Naté - Twisted (4 Hero Mix).mp3
/home/sc/mp3/tigerfm4/music/Ultravox - Dreams .mp3
/home/sc/mp3/tigerfm4/music/Ultravox - Dreams.mp3
/home/sc/mp3/tigerfm4/music/Underworld - Cups (Salt City Orchestra's Vertical Bacon Vocal).mp3
/home/sc/mp3/tigerfm4/jingle/LDN_ID_01_W.MP3
/home/sc/mp3/tigerfm4/music/Underworld - Cups_(Salt_City_Orchestras_Vertical_Bacon_Voc.mp3
/home/sc/mp3/tigerfm4/music/Underworld_-_Little_Speaker.mp3
/home/sc/mp3/tigerfm4/music/Underworld_-_Sola_Sistim.mp3
/home/sc/mp3/tigerfm4/music/Union 13 - Why Are We Destroying Ourselves.mp3
/home/sc/mp3/tigerfm4/jingle/LDN_ID_08_M.MP3
/home/sc/mp3/tigerfm4/music/United Allstars - Hope (Lounge Mix).mp3
/home/sc/mp3/tigerfm4/music/Ursula Ruckers feat. M.A.D. - 7.mp3
/home/sc/mp3/tigerfm4/music/Ursula_Rucker - Letter_To_A_Sister_Friend_(Feat._Vicki_Mil.mp3
/home/sc/mp3/tigerfm4/music/Usher - Here Today.mp3
/home/sc/mp3/tigerfm4/jingle/LDN_ID_02_W.MP3
/home/sc/mp3/tigerfm4/music/VA - Blue Horizon Of Hawaii.mp3
/home/sc/mp3/tigerfm4/music/VA - Copa Copana Groove.mp3
/home/sc/mp3/tigerfm4/music/VA - Dreams Of Mauritius.mp3
/home/sc/mp3/tigerfm4/music/VA - Feel Well @ Cran Canaria.mp3
/home/sc/mp3/tigerfm4/jingle/LDN_SWEEP_09.MP3
/home/sc/mp3/tigerfm4/music/VA - Goa Relax Meditation.mp3
/home/sc/mp3/tigerfm4/music/VA - Ibiza Sundown Session.mp3
/home/sc/mp3/tigerfm4/music/VA - Infinity @ Mauritius.mp3
/home/sc/mp3/tigerfm4/music/VA - Jumeira Beach Club.mp3
/home/sc/mp3/tigerfm4/jingle/LDN_ID_09_M.MP3
/home/sc/mp3/tigerfm4/music/VA - Memories From Remini.mp3
/home/sc/mp3/tigerfm4/music/VA - Moonlight Over Bali.mp3
/home/sc/mp3/tigerfm4/music/VA - Mykonos Chill Guitars.mp3
/home/sc/mp3/tigerfm4/music/VA - Power Of Flower.mp3
/home/sc/mp3/tigerfm4/jingle/LDN_SWEEP_03.MP3
/home/sc/mp3/tigerfm4/music/VA - Relax @ Miami Beach.mp3
/home/sc/mp3/tigerfm4/music/VA - St. Tropez Charmante.mp3
/home/sc/mp3/tigerfm4/music/Van Der Hayden - Hymn To Love.mp3
/home/sc/mp3/tigerfm4/music/Vangelis - Aquatic Dance.mp3
/home/sc/mp3/tigerfm4/jingle/LDN_SWEEP_06.MP3
/home/sc/mp3/tigerfm4/music/Vangelis - Bon Voyage.mp3
/home/sc/mp3/tigerfm4/music/Vangelis - Dreams of Surf.mp3
/home/sc/mp3/tigerfm4/music/Vangelis - Fields of Coral.mp3
/home/sc/mp3/tigerfm4/music/Vangelis - Islands of the Orient.mp3
/home/sc/mp3/tigerfm4/jingle/LDN_SWEEP_01.MP3
/home/sc/mp3/tigerfm4/music/Vangelis - Memories of Blue.mp3
/home/sc/mp3/tigerfm4/music/Vangelis - Sirens' Whispering.mp3
/home/sc/mp3/tigerfm4/music/Vangelis - Song of the Seas.mp3
/home/sc/mp3/tigerfm4/music/Vangelis - Spanish Harbour.mp3
/home/sc/mp3/tigerfm4/jingle/LDN_ID_02_W.MP3
/home/sc/mp3/tigerfm4/music/Vangelis - Theme from Antarctica.mp3
/home/sc/mp3/tigerfm4/music/Vargo - Get Back To Serenity (beach mix).mp3
/home/sc/mp3/tigerfm4/music/Variety Lab - London In The Rain.mp3
/home/sc/mp3/tigerfm4/music/Variety_Lab_-_London_In_The_Rain.mp3
/home/sc/mp3/tigerfm4/jingle/LDN_SWEEP_09.MP3
/home/sc/mp3/tigerfm4/music/Various Artists - F The Cool_ Version).mp3
/home/sc/mp3/tigerfm4/music/Victor_Davies_-_Better_Place.mp3
/home/sc/mp3/tigerfm4/music/Vikter Duplaix - Sensuality.mp3
/home/sc/mp3/tigerfm4/music/Vila - Drop.mp3
/home/sc/mp3/tigerfm4/jingle/LDN_SWEEP_02.MP3
/home/sc/mp3/tigerfm4/music/Vision I - Vision.mp3
/home/sc/mp3/tigerfm4/music/Vision II - The Ocean.mp3
/home/sc/mp3/tigerfm4/music/Voodoo Vibe - Outback (Shanti Bros Remix).mp3
/home/sc/mp3/tigerfm4/music/Waldeck - This Isn't Maybe (Radio Edit).mp3
/home/sc/mp3/tigerfm4/jingle/LDN_SWEEP_05.MP3
/home/sc/mp3/tigerfm4/music/Wamdue Project - King Of My Castle (Original Radio Edit).mp3
/home/sc/mp3/tigerfm4/music/Wax Tailor Ft. Charlotte Savary - Our Dance.mp3
/home/sc/mp3/tigerfm4/music/Wayne Wonder - No Letting Go (Smooth Summer Mix).mp3
/home/sc/mp3/tigerfm4/music/Wayne_Wonder_-_No_Letting_Go.mp3
/home/sc/mp3/tigerfm4/jingle/LDN_SWEEP_09.MP3
/home/sc/mp3/tigerfm4/music/Weekend Players - Angel.mp3
/home/sc/mp3/tigerfm4/music/Wendy_Lands_-_Fall_In_Love_Again.mp3
/home/sc/mp3/tigerfm4/music/Westbam - Air Max.mp3
/home/sc/mp3/tigerfm4/music/With Every Heartbeat (Cover Version - Girls Aloud.mp3
/home/sc/mp3/tigerfm4/jingle/LDN_SWEEP_09.MP3
/home/sc/mp3/tigerfm4/music/X-Press_2_-_Lazy.mp3
/home/sc/mp3/tigerfm4/music/Yanni - British Airways Theme.mp3
/home/sc/mp3/tigerfm4/music/Yanni - Prelude.mp3
/home/sc/mp3/tigerfm4/music/Yasmine_-_Sunrise_Baby.mp3
/home/sc/mp3/tigerfm4/jingle/LDN_SWEEP_05.MP3
/home/sc/mp3/tigerfm4/music/Yonderboi - Pabadam_(Paul_Legere_Mix).mp3
/home/sc/mp3/tigerfm4/music/Yonderboi - Papadam.mp3
/home/sc/mp3/tigerfm4/music/Yulara - Horizon.mp3
/home/sc/mp3/tigerfm4/music/Yulara - Narayana.mp3
/home/sc/mp3/tigerfm4/jingle/LDN_ID_05_M.MP3
/home/sc/mp3/tigerfm4/music/Zero 7 - Destiny.mp3
/home/sc/mp3/tigerfm4/music/Zero 7 - Give It Away.mp3
/home/sc/mp3/tigerfm4/music/Zero 7 - Somersault.mp3
/home/sc/mp3/tigerfm4/music/Zero_7_-_Distractions_(Madlibs_Ynq_Remix).mp3
/home/sc/mp3/tigerfm4/jingle/LDN_ID_07_M.MP3
/home/sc/mp3/tigerfm4/music/Zero_7_-_Give_It_Away.mp3
/home/sc/mp3/tigerfm4/music/Zero_7_-_Somersault.mp3
/home/sc/mp3/tigerfm4/music/Zoot Woman - It's automatic.mp3
/home/sc/mp3/tigerfm4/music/Zoot_Woman_-_Its_Automatic.mp3
/home/sc/mp3/tigerfm4/jingle/LDN_SWEEP_05.MP3
/home/sc/mp3/tigerfm4/music/Zouave - Sentir El Calor (Calabria Remix).mp3
/home/sc/mp3/tigerfm4/music/leftfield - melt.mp3
