/home/sc/mp3/tigerfm5/jingle/LDN_ID_09_M.MP3
/home/sc/mp3/tigerfm5/music/4Ever - Dziewczyny.mp3
/home/sc/mp3/tigerfm5/music/4Ever - Lato.mp3
/home/sc/mp3/tigerfm5/music/Acapulco - Czy Ty Wiesz.mp3
/home/sc/mp3/tigerfm5/music/Active - Zwariowana Full 2008.mp3
/home/sc/mp3/tigerfm5/jingle/LDN_SWEEP_06.MP3
/home/sc/mp3/tigerfm5/music/Adam Band_- Bliska_Moim_Myslom.mp3
/home/sc/mp3/tigerfm5/music/Akcent - Baby.mp3
/home/sc/mp3/tigerfm5/music/Akcent - Feel Me.mp3
/home/sc/mp3/tigerfm5/music/Akcent - Four Seasons In One Day.mp3
/home/sc/mp3/tigerfm5/jingle/LDN_SWEEP_08.MP3
/home/sc/mp3/tigerfm5/music/Akcent - Gwiazda.mp3
/home/sc/mp3/tigerfm5/music/Akcent - I Sweer.mp3
/home/sc/mp3/tigerfm5/music/Akcent - Jokero.mp3
/home/sc/mp3/tigerfm5/music/Akcent - King Of Disco.mp3
/home/sc/mp3/tigerfm5/jingle/LDN_SWEEP_06.MP3
/home/sc/mp3/tigerfm5/music/Akcent - King of Disco.mp3
/home/sc/mp3/tigerfm5/music/Akcent - Kocham Cie Dziewczyno.mp3
/home/sc/mp3/tigerfm5/music/Akcent - Kylie.mp3
/home/sc/mp3/tigerfm5/music/Akcent - La Passion.mp3
/home/sc/mp3/tigerfm5/jingle/LDN_ID_02_M.MP3
/home/sc/mp3/tigerfm5/music/Akcent - Last Summer.mp3
/home/sc/mp3/tigerfm5/music/Akcent - Lets Talk About It.mp3
/home/sc/mp3/tigerfm5/music/Akcent - Ostatni Most.mp3
/home/sc/mp3/tigerfm5/music/Akcent - Phone Sex.mp3
/home/sc/mp3/tigerfm5/jingle/LDN_ID_01_W.MP3
/home/sc/mp3/tigerfm5/music/Akcent - Pocalunek.mp3
/home/sc/mp3/tigerfm5/music/Akcent - Red Bikini.mp3
/home/sc/mp3/tigerfm5/music/Akcent - Religious Girl.mp3
/home/sc/mp3/tigerfm5/music/Akcent - Wspomnienie.mp3
/home/sc/mp3/tigerfm5/jingle/LDN_SWEEP_01.MP3
/home/sc/mp3/tigerfm5/music/Akcent - Za Twe Oczy.mp3
/home/sc/mp3/tigerfm5/music/Akcent - Zycie To Sa Chwile.mp3
/home/sc/mp3/tigerfm5/music/Amadeo - Letni Wiatr.mp3
/home/sc/mp3/tigerfm5/music/Amadeo - Majteczki W Kropeczki.mp3
/home/sc/mp3/tigerfm5/jingle/LDN_ID_01_M.MP3
/home/sc/mp3/tigerfm5/music/Anna Jantar - Przetanczyc Z Toba Chce Cala Noc.mp3
/home/sc/mp3/tigerfm5/music/As - Na Zamku.mp3
/home/sc/mp3/tigerfm5/music/Avanti - Chcesz Czy Nie.mp3
/home/sc/mp3/tigerfm5/music/Bayer Full - Blondyneczka.mp3
/home/sc/mp3/tigerfm5/jingle/LDN_SWEEP_09.MP3
/home/sc/mp3/tigerfm5/music/Bfc - Zostan Ze Mna.mp3
/home/sc/mp3/tigerfm5/music/Boten -  Anna.mp3
/home/sc/mp3/tigerfm5/music/Boys - 18 Lat.mp3
/home/sc/mp3/tigerfm5/music/Boys - A Ja Sie Bawie.mp3
/home/sc/mp3/tigerfm5/jingle/LDN_SWEEP_01.MP3
/home/sc/mp3/tigerfm5/music/Boys - Agnieszka.mp3
/home/sc/mp3/tigerfm5/music/Boys - Ale Numer (DJ Velu Remix).mp3
/home/sc/mp3/tigerfm5/music/Boys - Bawmy Sie.mp3
/home/sc/mp3/tigerfm5/music/Boys - Biba.mp3
/home/sc/mp3/tigerfm5/jingle/LDN_SWEEP_03.MP3
/home/sc/mp3/tigerfm5/music/Boys - Chlop Z Mazur.mp3
/home/sc/mp3/tigerfm5/music/Boys - Dobrze Wiem.mp3
/home/sc/mp3/tigerfm5/music/Boys - Figo Fago mix.mp3
/home/sc/mp3/tigerfm5/music/Boys - Figo Fago.mp3
/home/sc/mp3/tigerfm5/jingle/LDN_ID_06_M.MP3
/home/sc/mp3/tigerfm5/music/Boys - Jestes Szalona.mp3
/home/sc/mp3/tigerfm5/music/Boys - Jestes moim spelnieniem.mp3
/home/sc/mp3/tigerfm5/music/Boys - Jump.mp3
/home/sc/mp3/tigerfm5/music/Boys - Kochana Uwierz Mi.mp3
/home/sc/mp3/tigerfm5/jingle/LDN_ID_03_M.MP3
/home/sc/mp3/tigerfm5/music/Boys - Lady Lady.mp3
/home/sc/mp3/tigerfm5/music/Boys - Mialas 18 Lat.mp3
/home/sc/mp3/tigerfm5/music/Boys - Odpowiedz mi.mp3
/home/sc/mp3/tigerfm5/music/Boys - Ostatni Dzien Ostatnia Noc.mp3
/home/sc/mp3/tigerfm5/jingle/LDN_SWEEP_02.MP3
/home/sc/mp3/tigerfm5/music/Boys - Szalona.mp3
/home/sc/mp3/tigerfm5/music/Boys - Wolnosc.mp3
/home/sc/mp3/tigerfm5/music/Boys - Zawsze Bede Kochal Cie.mp3
/home/sc/mp3/tigerfm5/music/Boys, Toples, Classic, Skaner, Play & Mix - Disco Polo Mix.mp3
/home/sc/mp3/tigerfm5/jingle/LDN_ID_02_M.MP3
/home/sc/mp3/tigerfm5/music/Buenos Ares - Baby Baby.mp3
/home/sc/mp3/tigerfm5/music/Buenos Ares - Ciebie Miec.mp3
/home/sc/mp3/tigerfm5/music/Bum Kanikuly & Cliver - Zaufaj Mi 2o07.mp3
/home/sc/mp3/tigerfm5/music/Calimero - Pragnienie.mp3
/home/sc/mp3/tigerfm5/jingle/LDN_ID_03_M.MP3
/home/sc/mp3/tigerfm5/music/Chlopak Z Gitara -.mp3
/home/sc/mp3/tigerfm5/music/Classic - Jolka Jolka.mp3
/home/sc/mp3/tigerfm5/music/Classic - Usmiechnij Sie.mp3
/home/sc/mp3/tigerfm5/music/Classic - Warto Zyc.mp3
/home/sc/mp3/tigerfm5/jingle/LDN_SWEEP_07.MP3
/home/sc/mp3/tigerfm5/music/Cliver & Kalimero - Sny.mp3
/home/sc/mp3/tigerfm5/music/Cliver - Bliskosc ciala.mp3
/home/sc/mp3/tigerfm5/music/Cliver - Chodz Kochanie (Reaktywacja).mp3
/home/sc/mp3/tigerfm5/music/Cliver - Chodz Kochanie.mp3
/home/sc/mp3/tigerfm5/jingle/LDN_SWEEP_02.MP3
/home/sc/mp3/tigerfm5/music/Cliver - Co za noc.mp3
/home/sc/mp3/tigerfm5/music/Cliver - Daj mi te noc (by Etna).mp3
/home/sc/mp3/tigerfm5/music/Cliver - Explozja.mp3
/home/sc/mp3/tigerfm5/music/Cliver - Innyswiat.mp3
/home/sc/mp3/tigerfm5/jingle/LDN_ID_09_M.MP3
/home/sc/mp3/tigerfm5/music/Cliver - Kropla lzy.mp3
/home/sc/mp3/tigerfm5/music/Cliver - Lekarstwo na gorzkie lzy.mp3
/home/sc/mp3/tigerfm5/music/Cliver - Mega jump 2007.mp3
/home/sc/mp3/tigerfm5/music/Cliver - Moj Aniol.mp3
/home/sc/mp3/tigerfm5/jingle/LDN_ID_03_M.MP3
/home/sc/mp3/tigerfm5/music/Cliver - Na Zawsze I Na Wiecznosc (Cliver Vocal).mp3
/home/sc/mp3/tigerfm5/music/Cliver - Najarana Anka.mp3
/home/sc/mp3/tigerfm5/music/Cliver - Nasze randez vous.mp3
/home/sc/mp3/tigerfm5/music/Cliver - Nifomanka.mp3
/home/sc/mp3/tigerfm5/jingle/LDN_SWEEP_04.MP3
/home/sc/mp3/tigerfm5/music/Cliver - Noc nam dzis nie zaszkodzi.mp3
/home/sc/mp3/tigerfm5/music/Cliver - O Tobie Kochana (Live 2003).mp3
/home/sc/mp3/tigerfm5/music/Cliver - Ogrodnik 2008.mp3
/home/sc/mp3/tigerfm5/music/Cliver - Ogrodnik.mp3
/home/sc/mp3/tigerfm5/jingle/LDN_ID_06_M.MP3
/home/sc/mp3/tigerfm5/music/Cliver - Pokaz Jak Sie Krecisz.mp3
/home/sc/mp3/tigerfm5/music/Cliver - Prosze Wybacz.mp3
/home/sc/mp3/tigerfm5/music/Cliver - Ty i Ja.mp3
/home/sc/mp3/tigerfm5/music/Cliver - Tylko z Toba.mp3
/home/sc/mp3/tigerfm5/jingle/LDN_SWEEP_10.MP3
/home/sc/mp3/tigerfm5/music/Cliver vs. Malancia - Pokaz Jak Sie Krecisz.mp3
/home/sc/mp3/tigerfm5/music/Code Red - Kanikuly.mp3
/home/sc/mp3/tigerfm5/music/Colorado - Seniorita.mp3
/home/sc/mp3/tigerfm5/music/Crazy Dj - Hej Sokoly 2008.mp3
/home/sc/mp3/tigerfm5/jingle/LDN_ID_05_M.MP3
/home/sc/mp3/tigerfm5/music/D-Bomb - Cala Sala.mp3
/home/sc/mp3/tigerfm5/music/D-Bomb - Ciebie Brak.mp3
/home/sc/mp3/tigerfm5/music/D-Bomb - Czy Masz Ochote.mp3
/home/sc/mp3/tigerfm5/music/D-Bomb - Da da da.mp3
/home/sc/mp3/tigerfm5/jingle/LDN_SWEEP_09.MP3
/home/sc/mp3/tigerfm5/music/D-Bomb - Dalej wal na sale.mp3
/home/sc/mp3/tigerfm5/music/D-Bomb - Dlaczego.mp3
/home/sc/mp3/tigerfm5/music/D-Bomb - Dobrze Robie (dj verdi vs. valium mix).mp3
/home/sc/mp3/tigerfm5/music/D-Bomb - Ela.mp3
/home/sc/mp3/tigerfm5/jingle/LDN_SWEEP_08.MP3
/home/sc/mp3/tigerfm5/music/D-Bomb - Ibiza.mp3
/home/sc/mp3/tigerfm5/music/D-Bomb - Jak Ty Na Imie Masz.mp3
/home/sc/mp3/tigerfm5/music/D-Bomb - Koniec.mp3
/home/sc/mp3/tigerfm5/music/D-Bomb - Mysle (D-Tune Remix).mp3
/home/sc/mp3/tigerfm5/jingle/LDN_SWEEP_01.MP3
/home/sc/mp3/tigerfm5/music/DJ Farad - Mokre Szparki.mp3
/home/sc/mp3/tigerfm5/music/Defrikz - Round And Round.mp3
/home/sc/mp3/tigerfm5/music/Diadem -  Oczy.mp3
/home/sc/mp3/tigerfm5/music/Diadem - 16 Lat.mp3
/home/sc/mp3/tigerfm5/jingle/LDN_ID_04_M.MP3
/home/sc/mp3/tigerfm5/music/Diadem - Czarownica.mp3
/home/sc/mp3/tigerfm5/music/Diadem - Czemu trudno tak.mp3
/home/sc/mp3/tigerfm5/music/Diadem - Dziewczyno.mp3
/home/sc/mp3/tigerfm5/music/Diadem - Jestes Jak Sen.mp3
/home/sc/mp3/tigerfm5/jingle/LDN_ID_06_M.MP3
/home/sc/mp3/tigerfm5/music/Diadem - Jestes Moja Naj (Wakacje 2008).mp3
/home/sc/mp3/tigerfm5/music/Diadem - Kochanie Moje.mp3
/home/sc/mp3/tigerfm5/music/Diadem - Mialas Co Chcia³as.mp3
/home/sc/mp3/tigerfm5/music/Diadem - Oczy 2008.mp3
/home/sc/mp3/tigerfm5/jingle/LDN_ID_02_M.MP3
/home/sc/mp3/tigerfm5/music/Diadem - Oczy zaplakane.mp3
/home/sc/mp3/tigerfm5/music/Diadem - Plaza.mp3
/home/sc/mp3/tigerfm5/music/Diadem - Tamte Dni.mp3
/home/sc/mp3/tigerfm5/music/Disco Polo - Mila Moja.mp3
/home/sc/mp3/tigerfm5/jingle/LDN_ID_09_M.MP3
/home/sc/mp3/tigerfm5/music/Disco Polo - Stracilas Cnote.mp3
/home/sc/mp3/tigerfm5/music/Dj Velu - Lato.mp3
/home/sc/mp3/tigerfm5/music/Dj Velu - Teraz Mocno Przytul Mnie.mp3
/home/sc/mp3/tigerfm5/music/Dlaczego -.mp3
/home/sc/mp3/tigerfm5/jingle/LDN_ID_09_M.MP3
/home/sc/mp3/tigerfm5/music/Domino - Filmowa Milosc.mp3
/home/sc/mp3/tigerfm5/music/Drossel - Mam Tego Dosc.mp3
/home/sc/mp3/tigerfm5/music/Drossel - Mariolka.mp3
/home/sc/mp3/tigerfm5/music/Dzwieki Strun -.mp3
/home/sc/mp3/tigerfm5/jingle/LDN_ID_01_W.MP3
/home/sc/mp3/tigerfm5/music/Effect - Sexoholik (Bootystylerz Remix).mp3
/home/sc/mp3/tigerfm5/music/Etna - Dran.mp3
/home/sc/mp3/tigerfm5/music/Etna - Krzyk.mp3
/home/sc/mp3/tigerfm5/music/Ex Problem - Moja Mona Lisa.mp3
/home/sc/mp3/tigerfm5/jingle/LDN_SWEEP_01.MP3
/home/sc/mp3/tigerfm5/music/Fanatic - Powiadali Przyjaciele (Czarownica ).mp3
/home/sc/mp3/tigerfm5/music/Fanatic - Rzeki Przeplynalem.mp3
/home/sc/mp3/tigerfm5/music/Fantastic Boys - Czarne Roze.mp3
/home/sc/mp3/tigerfm5/music/Fantastic Boys - Oczy Granatowe.mp3
/home/sc/mp3/tigerfm5/jingle/LDN_ID_01_M.MP3
/home/sc/mp3/tigerfm5/music/Focus - Nozki.mp3
/home/sc/mp3/tigerfm5/music/Focus - Swoje Serce Mi Daj.mp3
/home/sc/mp3/tigerfm5/music/Imperium - Zolte Tulipany.mp3
/home/sc/mp3/tigerfm5/music/Impuls - Blekit Nieba.mp3
/home/sc/mp3/tigerfm5/jingle/LDN_ID_02_M.MP3
/home/sc/mp3/tigerfm5/music/Impuls - Dwa Jabluszka.mp3
/home/sc/mp3/tigerfm5/music/Impuls - Ile prawdy.mp3
/home/sc/mp3/tigerfm5/music/Impuls - Jeszcze raz.mp3
/home/sc/mp3/tigerfm5/music/Impuls - Ona byla inna.mp3
/home/sc/mp3/tigerfm5/jingle/LDN_ID_02_M.MP3
/home/sc/mp3/tigerfm5/music/Impuls - Taka Impreza.mp3
/home/sc/mp3/tigerfm5/music/Impuls - Tyle serca Ci dac.mp3
/home/sc/mp3/tigerfm5/music/Impuls - Wakacyjna Przygoda.mp3
/home/sc/mp3/tigerfm5/music/Ipuls - Green Star.mp3
/home/sc/mp3/tigerfm5/jingle/LDN_SWEEP_01.MP3
/home/sc/mp3/tigerfm5/music/Ivan And Delfin - Jej Czarne Oczy.mp3
/home/sc/mp3/tigerfm5/music/Jump - Po Co Lzy (Realshakerz Rmx).mp3
/home/sc/mp3/tigerfm5/music/Junior & Diadem - Zakochany Klaun.mp3
/home/sc/mp3/tigerfm5/music/Junior - Brazowe Oczy.mp3
/home/sc/mp3/tigerfm5/jingle/LDN_ID_06_M.MP3
/home/sc/mp3/tigerfm5/music/Junior - Jestes Piekna.mp3
/home/sc/mp3/tigerfm5/music/Junior - Laczy Nas Tylko Sex.mp3
/home/sc/mp3/tigerfm5/music/Junior - Nastolatka.mp3
/home/sc/mp3/tigerfm5/music/Jurij Szatunow - Bielyje Rozy.mp3
/home/sc/mp3/tigerfm5/jingle/LDN_ID_07_M.MP3
/home/sc/mp3/tigerfm5/music/Kalimero - Chodz Do Mnie.mp3
/home/sc/mp3/tigerfm5/music/Kalimero - Kochanie.mp3
/home/sc/mp3/tigerfm5/music/Kalimero - Lize Cie.mp3
/home/sc/mp3/tigerfm5/music/Kalimero - Oczy Twe.mp3
/home/sc/mp3/tigerfm5/jingle/LDN_SWEEP_05.MP3
/home/sc/mp3/tigerfm5/music/Kalimero - Pragnienie.mp3
/home/sc/mp3/tigerfm5/music/Kalimero - Szalony Sms.mp3
/home/sc/mp3/tigerfm5/music/Kalimero - Wodeczka.mp3
/home/sc/mp3/tigerfm5/music/Kalimero - Zakochaj sie 2007.mp3
/home/sc/mp3/tigerfm5/jingle/LDN_SWEEP_07.MP3
/home/sc/mp3/tigerfm5/music/Kalimero _ Skarbem jestes Ty.mp3
/home/sc/mp3/tigerfm5/music/Kalimero_- Oddaje_Ci_Wszystko_.mp3
/home/sc/mp3/tigerfm5/music/Kaniku³y - Dotykaj Mnie.mp3
/home/sc/mp3/tigerfm5/music/Kocham Cie Dziewczyno -.mp3
/home/sc/mp3/tigerfm5/jingle/LDN_SWEEP_09.MP3
/home/sc/mp3/tigerfm5/music/Kolor - Gdybym mial gitare.mp3
/home/sc/mp3/tigerfm5/music/Kolor - Jarzêbina Czerwona Polska Biesiada.mp3
/home/sc/mp3/tigerfm5/music/Kolor - Nie Odejde Od Ciebie.mp3
/home/sc/mp3/tigerfm5/music/Kolor - Ore Ore.mp3
/home/sc/mp3/tigerfm5/jingle/LDN_ID_03_M.MP3
/home/sc/mp3/tigerfm5/music/Kolor - Pierwsza milosc.mp3
/home/sc/mp3/tigerfm5/music/Kolor - Roze Czerwone.mp3
/home/sc/mp3/tigerfm5/music/Kolor - Serce.mp3
/home/sc/mp3/tigerfm5/music/Kolor - Szczescie.mp3
/home/sc/mp3/tigerfm5/jingle/LDN_SWEEP_08.MP3
/home/sc/mp3/tigerfm5/music/Kolor - To Byly Piekne Dni.mp3
/home/sc/mp3/tigerfm5/music/Kolor - Zabraas Serce Moje.mp3
/home/sc/mp3/tigerfm5/music/Kolor- Suliko.mp3
/home/sc/mp3/tigerfm5/music/Kometa - Tancz Tancz.mp3
/home/sc/mp3/tigerfm5/jingle/LDN_ID_04_M.MP3
/home/sc/mp3/tigerfm5/music/Krawczyk Krzysztof - Kto Odchodzi Kradnie Sny.mp3
/home/sc/mp3/tigerfm5/music/Krzysztof Krawczyk & Alibabki - Parostatek.mp3
/home/sc/mp3/tigerfm5/music/Krzysztof Krawczyk & Bohdan Smolen - Dziewczyny ktore mam na.mp3
/home/sc/mp3/tigerfm5/music/Krzysztof Krawczyk & Trubadurzy - Bylas tu.mp3
/home/sc/mp3/tigerfm5/jingle/LDN_SWEEP_02.MP3
/home/sc/mp3/tigerfm5/music/Krzysztof Krawczyk - La Bamba.mp3
/home/sc/mp3/tigerfm5/music/Krzysztof Krawczyk - Mix Przebojow.mp3
/home/sc/mp3/tigerfm5/music/Krzysztof Krawczyk - Piosenka Przypomni Ci.mp3
/home/sc/mp3/tigerfm5/music/Krzysztof Krawczyk - Powiedz Mamo.mp3
/home/sc/mp3/tigerfm5/jingle/LDN_SWEEP_04.MP3
/home/sc/mp3/tigerfm5/music/Krzysztof Krawczyk - Rysunek na szkle.mp3
/home/sc/mp3/tigerfm5/music/Krzysztof Krawczyk - Ta Ostatnia Niedziela.mp3
/home/sc/mp3/tigerfm5/music/Krzysztof Krawczyk - Za toba pojde jak na bal.mp3
/home/sc/mp3/tigerfm5/music/Krzysztof Krawczyk Eleni - To co dal nam swiat.mp3
/home/sc/mp3/tigerfm5/jingle/LDN_ID_02_M.MP3
/home/sc/mp3/tigerfm5/music/Krzysztof Krawczyk I Urszula - Baw Mnie.mp3
/home/sc/mp3/tigerfm5/music/Love System - Kolor Chmur.mp3
/home/sc/mp3/tigerfm5/music/Lukash - Boys Boys Boys.mp3
/home/sc/mp3/tigerfm5/music/Lukash - Chcialbym ci powiedziec.mp3
/home/sc/mp3/tigerfm5/jingle/LDN_SWEEP_05.MP3
/home/sc/mp3/tigerfm5/music/Lukash - Dobrze siebie znamy.mp3
/home/sc/mp3/tigerfm5/music/Lukash - Falsz, bol i gniew.mp3
/home/sc/mp3/tigerfm5/music/Lukash - Hej Kochanie.mp3
/home/sc/mp3/tigerfm5/music/Lukash - Jest ok.mp3
/home/sc/mp3/tigerfm5/jingle/LDN_SWEEP_01.MP3
/home/sc/mp3/tigerfm5/music/Lukash - Jestes Piekna Jak Milion Dolarow.mp3
/home/sc/mp3/tigerfm5/music/Lukash - Nastka.mp3
/home/sc/mp3/tigerfm5/music/Lukash - Nigdy Nie Mow Nigdy.mp3
/home/sc/mp3/tigerfm5/music/Lukash - Powiedz Mi.mp3
/home/sc/mp3/tigerfm5/jingle/LDN_SWEEP_03.MP3
/home/sc/mp3/tigerfm5/music/Lukash - Przeznaczenie.mp3
/home/sc/mp3/tigerfm5/music/Lukash - Tylko Ty.mp3
/home/sc/mp3/tigerfm5/music/M Kondrat And M Drozdowska - Mydelko Fa.mp3
/home/sc/mp3/tigerfm5/music/Mala Figlarka -.mp3
/home/sc/mp3/tigerfm5/jingle/LDN_ID_06_M.MP3
/home/sc/mp3/tigerfm5/music/Mamzel - List Do Nieba.mp3
/home/sc/mp3/tigerfm5/music/Mamzel - Osiem Garow Zagadalo.mp3
/home/sc/mp3/tigerfm5/music/Marcin Toples Siegienczuk - Dobry DJ (Tom Ace Rmx 2007).mp3
/home/sc/mp3/tigerfm5/music/Marcin Toples Siegienczuk - Promienie.mp3
/home/sc/mp3/tigerfm5/jingle/LDN_ID_04_M.MP3
/home/sc/mp3/tigerfm5/music/Marki Polo - Brzydula.mp3
/home/sc/mp3/tigerfm5/music/Masters - Chodz Pomaluj Moj Swiat 2008.mp3
/home/sc/mp3/tigerfm5/music/Masters - Nowy Ja.mp3
/home/sc/mp3/tigerfm5/music/Masters - Zono Moja.mp3
/home/sc/mp3/tigerfm5/jingle/LDN_ID_07_M.MP3
/home/sc/mp3/tigerfm5/music/Maxel - Juz Nie Jestes Sam.mp3
/home/sc/mp3/tigerfm5/music/Maxel - Lekcja Milosci.mp3
/home/sc/mp3/tigerfm5/music/Maxel - Mocniej.mp3
/home/sc/mp3/tigerfm5/music/Maxim - Dwie Drogi.mp3
/home/sc/mp3/tigerfm5/jingle/LDN_ID_05_M.MP3
/home/sc/mp3/tigerfm5/music/Maxx Dance - Zar Milosci.mp3
/home/sc/mp3/tigerfm5/music/Mega Dance - A Ja Tam Wole Coca Cole.mp3
/home/sc/mp3/tigerfm5/music/Mega Dance - Chodz Blizej.mp3
/home/sc/mp3/tigerfm5/music/Mega Dance - Dni Bez Ciebie.mp3
/home/sc/mp3/tigerfm5/jingle/LDN_SWEEP_10.MP3
/home/sc/mp3/tigerfm5/music/Mega Dance - Ewa Odeszla.mp3
/home/sc/mp3/tigerfm5/music/Mega Dance - Nie Placz.mp3
/home/sc/mp3/tigerfm5/music/Mega Dance - Powiedz czemu.mp3
/home/sc/mp3/tigerfm5/music/Mega Dance - Stracilas.mp3
/home/sc/mp3/tigerfm5/jingle/LDN_SWEEP_08.MP3
/home/sc/mp3/tigerfm5/music/Mega Dance - W Dyskotece.mp3
/home/sc/mp3/tigerfm5/music/Mega Dance - Zabierz Mnie Do Swego Domu.mp3
/home/sc/mp3/tigerfm5/music/Mega dance - Wyluzuj sie 2007.mp3
/home/sc/mp3/tigerfm5/music/Megam - Bum Bum.mp3
/home/sc/mp3/tigerfm5/jingle/LDN_SWEEP_03.MP3
/home/sc/mp3/tigerfm5/music/Megam - Noce I Dnie.mp3
/home/sc/mp3/tigerfm5/music/Megam - To Tylko Gra.mp3
/home/sc/mp3/tigerfm5/music/Megam - Ze Mna Tancz.mp3
/home/sc/mp3/tigerfm5/music/Mejk - Dotknij Mnie.mp3
/home/sc/mp3/tigerfm5/jingle/LDN_ID_06_M.MP3
/home/sc/mp3/tigerfm5/music/Mig - Ciesze sie.mp3
/home/sc/mp3/tigerfm5/music/Milano - Bara Bara.mp3
/home/sc/mp3/tigerfm5/music/Milano - Brazowe Oczy.mp3
/home/sc/mp3/tigerfm5/music/Milano - Dla nas (DJ Davis techhouse remix).mp3
/home/sc/mp3/tigerfm5/jingle/LDN_SWEEP_06.MP3
/home/sc/mp3/tigerfm5/music/Milano - Everybody Frytki.mp3
/home/sc/mp3/tigerfm5/music/Milano - Jasnowlosa.mp3
/home/sc/mp3/tigerfm5/music/Milano - Kochana.mp3
/home/sc/mp3/tigerfm5/music/Milano - O Tobie Kochana.mp3
/home/sc/mp3/tigerfm5/jingle/LDN_SWEEP_10.MP3
/home/sc/mp3/tigerfm5/music/Milia - Mezu Moj Skarbie Moj.mp3
/home/sc/mp3/tigerfm5/music/Mirage - Ta Dziewczyna I Ja.mp3
/home/sc/mp3/tigerfm5/music/Mirage - Wolam Cie.mp3
/home/sc/mp3/tigerfm5/music/Mister Dex - Baju Baj.mp3
/home/sc/mp3/tigerfm5/jingle/LDN_ID_01_W.MP3
/home/sc/mp3/tigerfm5/music/Mister Dex - Bylas Mi Sloncem.mp3
/home/sc/mp3/tigerfm5/music/Mister Dex - Czerwone roze.mp3
/home/sc/mp3/tigerfm5/music/Mister Dex - Deszcz I Lzy.mp3
/home/sc/mp3/tigerfm5/music/Mister Dex - Inny Nie Bede.mp3
/home/sc/mp3/tigerfm5/jingle/LDN_ID_02_W.MP3
/home/sc/mp3/tigerfm5/music/Mister Dex - Kochaj I Caluj.mp3
/home/sc/mp3/tigerfm5/music/Mister Dex - Kopciuszek.mp3
/home/sc/mp3/tigerfm5/music/Mister Dex - Mam Tylko Ciebie.mp3
/home/sc/mp3/tigerfm5/music/Mister Dex - Milosc Na Zawolanie.mp3
/home/sc/mp3/tigerfm5/jingle/LDN_ID_06_M.MP3
/home/sc/mp3/tigerfm5/music/Mister Dex - Motyle.mp3
/home/sc/mp3/tigerfm5/music/Mister Dex - Nie Placz Agnieszko.mp3
/home/sc/mp3/tigerfm5/music/Mister Dex - Nie wolno kochac Ciebie.mp3
/home/sc/mp3/tigerfm5/music/Mister Dex - O Ewelino.mp3
/home/sc/mp3/tigerfm5/jingle/LDN_ID_08_M.MP3
/home/sc/mp3/tigerfm5/music/Mister Night - Bliskosc Cia³a.mp3
/home/sc/mp3/tigerfm5/music/Mister Night - Co Dzis Masz.mp3
/home/sc/mp3/tigerfm5/music/Mister Night - Kalifornia.mp3
/home/sc/mp3/tigerfm5/music/Mister Night - Klaun.mp3
/home/sc/mp3/tigerfm5/jingle/LDN_ID_04_M.MP3
/home/sc/mp3/tigerfm5/music/Mister Night - Nikt Tak Jak Ty.mp3
/home/sc/mp3/tigerfm5/music/Mister Night - Twoje Imie.mp3
/home/sc/mp3/tigerfm5/music/Model Mt - Biala Roza.mp3
/home/sc/mp3/tigerfm5/music/Neo - Niezapomniane Chwile.mp3
/home/sc/mp3/tigerfm5/jingle/LDN_SWEEP_04.MP3
/home/sc/mp3/tigerfm5/music/Neo - Uwierzmy - W Siebie.mp3
/home/sc/mp3/tigerfm5/music/Paradise - Magda.mp3
/home/sc/mp3/tigerfm5/music/Peron Lez -.mp3
/home/sc/mp3/tigerfm5/music/Play And Mix - Czarodzieje.mp3
/home/sc/mp3/tigerfm5/jingle/LDN_ID_04_M.MP3
/home/sc/mp3/tigerfm5/music/Pocalunek -.mp3
/home/sc/mp3/tigerfm5/music/Pryzmat - Jestes Snem.mp3
/home/sc/mp3/tigerfm5/music/Psotny Wiatr -.mp3
/home/sc/mp3/tigerfm5/music/Redstar - Naucz Mnie Milosci (Remix 2008).mp3
/home/sc/mp3/tigerfm5/jingle/LDN_SWEEP_07.MP3
/home/sc/mp3/tigerfm5/music/Respekt - Jola.mp3
/home/sc/mp3/tigerfm5/music/Russian Boys - Dziewczonka.mp3
/home/sc/mp3/tigerfm5/music/Russian Boys - Malinki.mp3
/home/sc/mp3/tigerfm5/music/Russian Boys - Ty Mienia.mp3
/home/sc/mp3/tigerfm5/jingle/LDN_ID_02_M.MP3
/home/sc/mp3/tigerfm5/music/Sekret - Kwiaty Polskie.mp3
/home/sc/mp3/tigerfm5/music/Sekret - Sama Samotna.mp3
/home/sc/mp3/tigerfm5/music/Selekt - Niebieskie Oczy.mp3
/home/sc/mp3/tigerfm5/music/Servis - Jak Ogien.mp3
/home/sc/mp3/tigerfm5/jingle/LDN_SWEEP_08.MP3
/home/sc/mp3/tigerfm5/music/Seweryn - Ta Dziewczyna.mp3
/home/sc/mp3/tigerfm5/music/Shazza - Bierz Co Chcesz 2007.mp3
/home/sc/mp3/tigerfm5/music/Skalar - 20 Lat.mp3
/home/sc/mp3/tigerfm5/music/Skalar - Dla Mnie Luty Dla Ciebie Maj.mp3
/home/sc/mp3/tigerfm5/jingle/LDN_ID_07_M.MP3
/home/sc/mp3/tigerfm5/music/Skalar - Kalifornia.mp3
/home/sc/mp3/tigerfm5/music/Skalar - Plakalas.mp3
/home/sc/mp3/tigerfm5/music/Skalar - Ta dziewczyna i ja.mp3
/home/sc/mp3/tigerfm5/music/Skalar - Zapros mnie do swego domu.mp3
/home/sc/mp3/tigerfm5/jingle/LDN_SWEEP_05.MP3
/home/sc/mp3/tigerfm5/music/Skaner - American Boy.mp3
/home/sc/mp3/tigerfm5/music/Skaner - Don Juan.mp3
/home/sc/mp3/tigerfm5/music/Skaner - Kino.mp3
/home/sc/mp3/tigerfm5/music/Skaner - Lato W Kolobrzegu.mp3
/home/sc/mp3/tigerfm5/jingle/LDN_ID_04_M.MP3
/home/sc/mp3/tigerfm5/music/Skaner - Letnie Uczucie.mp3
/home/sc/mp3/tigerfm5/music/Skaner - Pociag Do Gwiazd.mp3
/home/sc/mp3/tigerfm5/music/Skaner - Wracaj Do Mego Swiata.mp3
/home/sc/mp3/tigerfm5/music/Sobas - Ty Nie Caluj Mnie 2008.mp3
/home/sc/mp3/tigerfm5/jingle/LDN_SWEEP_04.MP3
/home/sc/mp3/tigerfm5/music/Solatis - Bajka 2008.mp3
/home/sc/mp3/tigerfm5/music/Spike - Gorace Cialo.mp3
/home/sc/mp3/tigerfm5/music/Stan Tutaj - Disco Polo Smieszne.mp3
/home/sc/mp3/tigerfm5/music/Stan Tutaj - Jestem Lysy.mp3
/home/sc/mp3/tigerfm5/jingle/LDN_SWEEP_07.MP3
/home/sc/mp3/tigerfm5/music/Stan Tutaj - Piwo.mp3
/home/sc/mp3/tigerfm5/music/Stan Tutaj - Smieszne Piosenki Biesiadne 2.mp3
/home/sc/mp3/tigerfm5/music/Stan Tutaj - Viagra.mp3
/home/sc/mp3/tigerfm5/music/Stan Tutaj - Zakopane.mp3
/home/sc/mp3/tigerfm5/jingle/LDN_SWEEP_02.MP3
/home/sc/mp3/tigerfm5/music/Stary Cygan -.mp3
/home/sc/mp3/tigerfm5/music/Top Dance - Dziewczyno Ma.mp3
/home/sc/mp3/tigerfm5/music/Top One -  Bia³y Mis.mp3
/home/sc/mp3/tigerfm5/music/Top One -  Bliska Moim Myslom.mp3
/home/sc/mp3/tigerfm5/jingle/LDN_SWEEP_02.MP3
/home/sc/mp3/tigerfm5/music/Top One -  Granica.mp3
/home/sc/mp3/tigerfm5/music/Top One -  Mila Moja.mp3
/home/sc/mp3/tigerfm5/music/Top One -  Santa Maria.mp3
/home/sc/mp3/tigerfm5/music/Top One -  Taka Mala.mp3
/home/sc/mp3/tigerfm5/jingle/LDN_ID_09_M.MP3
/home/sc/mp3/tigerfm5/music/Top One -  Wiatr.mp3
/home/sc/mp3/tigerfm5/music/Top One -  Zloty Krazek.mp3
/home/sc/mp3/tigerfm5/music/Top One - Ciao Italia.mp3
/home/sc/mp3/tigerfm5/music/Top One - Granica.mp3
/home/sc/mp3/tigerfm5/jingle/LDN_SWEEP_10.MP3
/home/sc/mp3/tigerfm5/music/Top One - Zostawcie Titanica.mp3
/home/sc/mp3/tigerfm5/music/Toples - A Ty Sie Smialas.mp3
/home/sc/mp3/tigerfm5/music/Toples - Ach te Twoje oczy.mp3
/home/sc/mp3/tigerfm5/music/Toples - Albo on, Albo Ja.mp3
/home/sc/mp3/tigerfm5/jingle/LDN_ID_03_M.MP3
/home/sc/mp3/tigerfm5/music/Toples - Cialo Do Ciala.mp3
/home/sc/mp3/tigerfm5/music/Toples - Dni bez ciebie.mp3
/home/sc/mp3/tigerfm5/music/Toples - Dziewczyna Zaplakana.mp3
/home/sc/mp3/tigerfm5/music/Toples - Hej Dobry DJ.mp3
/home/sc/mp3/tigerfm5/jingle/LDN_ID_05_M.MP3
/home/sc/mp3/tigerfm5/music/Toples - Hej Hej Dobry DJ.mp3
/home/sc/mp3/tigerfm5/music/Toples - Impreza.mp3
/home/sc/mp3/tigerfm5/music/Toples - Jedna Noc To Za Malo.mp3
/home/sc/mp3/tigerfm5/music/Toples - Kobiety Rzadza Nami.mp3
/home/sc/mp3/tigerfm5/jingle/LDN_SWEEP_09.MP3
/home/sc/mp3/tigerfm5/music/Toples - Kochas.mp3
/home/sc/mp3/tigerfm5/music/Toples - Letni Romans.mp3
/home/sc/mp3/tigerfm5/music/Toples - Nie boj sie kochac.mp3
/home/sc/mp3/tigerfm5/music/Toples - Odchodzi osoba.mp3
/home/sc/mp3/tigerfm5/jingle/LDN_SWEEP_06.MP3
/home/sc/mp3/tigerfm5/music/Toples - Sasiadka.mp3
/home/sc/mp3/tigerfm5/music/Toples - Serce Ci Powie.mp3
/home/sc/mp3/tigerfm5/music/Toples - Stracilas Cnote.mp3
/home/sc/mp3/tigerfm5/music/Toples - S¹siadka.mp3
/home/sc/mp3/tigerfm5/jingle/LDN_ID_02_W.MP3
/home/sc/mp3/tigerfm5/music/Toples - To bylo wczoraj (2008).mp3
/home/sc/mp3/tigerfm5/music/Toples - Zapomiec Cie.mp3
/home/sc/mp3/tigerfm5/music/Toples - Zdejmij Ubranie.mp3
/home/sc/mp3/tigerfm5/music/Toples - dziewczyny rzadza nami.mp3
/home/sc/mp3/tigerfm5/jingle/LDN_ID_07_M.MP3
/home/sc/mp3/tigerfm5/music/Toples_-_Hej_Hej_Dobry_DJ.mp3
/home/sc/mp3/tigerfm5/music/Tutaj, Stan - Gdy Modern Talking Gra.mp3
/home/sc/mp3/tigerfm5/music/Tutaj, Stan - Plynie Strumyk.mp3
/home/sc/mp3/tigerfm5/music/Univers - Daj mi wreszcie swiety spokoj.mp3
/home/sc/mp3/tigerfm5/jingle/LDN_SWEEP_02.MP3
/home/sc/mp3/tigerfm5/music/Universe -  Badz Moja Iskra.mp3
/home/sc/mp3/tigerfm5/music/Universe -  Bo to taka piekna milosc.mp3
/home/sc/mp3/tigerfm5/music/Universe -  Jestes Tylko Jedna.mp3
/home/sc/mp3/tigerfm5/music/Universe -  Kocham Wiec To Co Jest.mp3
/home/sc/mp3/tigerfm5/jingle/LDN_ID_07_M.MP3
/home/sc/mp3/tigerfm5/music/Universe -  Latawce Marzen.mp3
/home/sc/mp3/tigerfm5/music/Universe -  Mr. Lennon.mp3
/home/sc/mp3/tigerfm5/music/Universe -  Tacy Bylismy.mp3
/home/sc/mp3/tigerfm5/music/Universe -  Ty Masz To Czego Nie Mam ja.mp3
/home/sc/mp3/tigerfm5/jingle/LDN_SWEEP_06.MP3
/home/sc/mp3/tigerfm5/music/Universe -  W perly Zmienic Deszcz.mp3
/home/sc/mp3/tigerfm5/music/Universe -  Wolanie Przez Cisze.mp3
/home/sc/mp3/tigerfm5/music/Universe - Blues Na Wpol Do Piatej Rano.mp3
/home/sc/mp3/tigerfm5/music/Universe - Deszczowa Nieznajoma w Parku.mp3
/home/sc/mp3/tigerfm5/jingle/LDN_SWEEP_07.MP3
/home/sc/mp3/tigerfm5/music/Universe - Glupia Zaba.mp3
/home/sc/mp3/tigerfm5/music/Universe - Nie nie.mp3
/home/sc/mp3/tigerfm5/music/Universe - To Byl Maj.mp3
/home/sc/mp3/tigerfm5/music/Universe - Tyle Chcialem Ci Dac.mp3
/home/sc/mp3/tigerfm5/jingle/LDN_SWEEP_05.MP3
/home/sc/mp3/tigerfm5/music/Vabank - To Moja Gra.mp3
/home/sc/mp3/tigerfm5/music/Vexel - Znow jestesmy calkiem sami (Dj Master remix).mp3
/home/sc/mp3/tigerfm5/music/Weddboy And Dj Komer - Po Prostu Milosc (Realshakerz Remix 2008).mp3
/home/sc/mp3/tigerfm5/music/Weekend - Jak Kochac to tylko Cie.mp3
/home/sc/mp3/tigerfm5/jingle/LDN_ID_08_M.MP3
/home/sc/mp3/tigerfm5/music/Weekend - Kochaj Mnie.mp3
/home/sc/mp3/tigerfm5/music/Weekend - Milion.mp3
/home/sc/mp3/tigerfm5/music/Weekend - Milosne S.O.S 2007.mp3
/home/sc/mp3/tigerfm5/music/Weekend - Milosne S.O.S.mp3
/home/sc/mp3/tigerfm5/jingle/LDN_ID_07_M.MP3
/home/sc/mp3/tigerfm5/music/Weekend - Slubne Prezenty.mp3
/home/sc/mp3/tigerfm5/music/Weekend - Teraz Mnie To Wali.mp3
/home/sc/mp3/tigerfm5/music/Weekend - Tylkiem Krec.mp3
/home/sc/mp3/tigerfm5/music/Weekend - Za Milosc Ma (Remix).mp3
/home/sc/mp3/tigerfm5/jingle/LDN_ID_05_M.MP3
/home/sc/mp3/tigerfm5/music/Weekend - Za milosc twa.mp3
/home/sc/mp3/tigerfm5/music/Wszystkie Marki Swiata - Caluj Mnie.mp3
/home/sc/mp3/tigerfm5/music/Zegnaj Mala -.mp3
/home/sc/mp3/tigerfm5/music/Zero Vs Dp - Bania U Cygana.mp3
/home/sc/mp3/tigerfm5/jingle/LDN_SWEEP_06.MP3
/home/sc/mp3/tigerfm5/music/Zorka - Dwie Wiesny.mp3
/home/sc/mp3/tigerfm5/music/Zorka - Hej Sokoly.mp3
/home/sc/mp3/tigerfm5/music/Zorka - Kachac Lubic.mp3
/home/sc/mp3/tigerfm5/music/Zorka - Katiusza.mp3
/home/sc/mp3/tigerfm5/jingle/LDN_SWEEP_04.MP3
/home/sc/mp3/tigerfm5/music/Zorka - Kochana Moja RMX.mp3
/home/sc/mp3/tigerfm5/music/Zorka - Komar.mp3
/home/sc/mp3/tigerfm5/music/Zorka - Malako Charaszo.mp3
/home/sc/mp3/tigerfm5/music/Zorka - Marusia.mp3
/home/sc/mp3/tigerfm5/jingle/LDN_ID_01_W.MP3
/home/sc/mp3/tigerfm5/music/Zorka - Oj Bida.mp3
/home/sc/mp3/tigerfm5/music/Zorka - Rozpryhajte koni.mp3
/home/sc/mp3/tigerfm5/music/Zorka - Smereka dance.mp3
/home/sc/mp3/tigerfm5/music/Zycie To Sa Chwile -.mp3
/home/sc/mp3/tigerfm5/jingle/LDN_SWEEP_10.MP3
/home/sc/mp3/tigerfm5/music/impuls - eksplozja.mp3
/home/sc/mp3/tigerfm5/music/kolor - Nie Zapomne Cie.mp3
/home/sc/mp3/tigerfm5/music/krzysztof krawczyk - pamietam ciebie z tamtych lat.mp3
/home/sc/mp3/tigerfm5/music/lukash - nie wiem sam.mp3
/home/sc/mp3/tigerfm5/jingle/LDN_ID_02_W.MP3
/home/sc/mp3/tigerfm5/music/mega dance - czy to by³a milosc.mp3
/home/sc/mp3/tigerfm5/music/skalar - serca dwa.mp3
/home/sc/mp3/tigerfm5/music/skalar - zakochajmy sie.mp3
