/home/sc/mp3/tigerfm7/jingle/LDN_ID_02_M.MP3
/home/sc/mp3/tigerfm7/music/2 Unlimited - The Real Thing.mp3
/home/sc/mp3/tigerfm7/music/2 Unlimited - Twilight Zone.mp3
/home/sc/mp3/tigerfm7/music/2Pac & Dr Dre - California Love.mp3
/home/sc/mp3/tigerfm7/music/2Unlimited - No Limit.mp3
/home/sc/mp3/tigerfm7/jingle/LDN_SWEEP_05.MP3
/home/sc/mp3/tigerfm7/music/A-Ha - Take On Me.mp3
/home/sc/mp3/tigerfm7/music/Abba - Take A Chance On Me.mp3
/home/sc/mp3/tigerfm7/music/Abc - The Look Of Love.mp3
/home/sc/mp3/tigerfm7/music/Absolom_-_Secret.mp3
/home/sc/mp3/tigerfm7/jingle/LDN_ID_02_W.MP3
/home/sc/mp3/tigerfm7/music/Ace Of Base - Happy Nation.mp3
/home/sc/mp3/tigerfm7/music/Ace Of Base - Wheel Of Fortune.mp3
/home/sc/mp3/tigerfm7/music/Ace of Base - Life is a Flower.mp3
/home/sc/mp3/tigerfm7/music/Al Bano & Romina Power - Acapulco.mp3
/home/sc/mp3/tigerfm7/jingle/LDN_ID_06_M.MP3
/home/sc/mp3/tigerfm7/music/Al Bano & Romina Power - Tornero.mp3
/home/sc/mp3/tigerfm7/music/Alan Parsons Project - Don't Answer Me.mp3
/home/sc/mp3/tigerfm7/music/Alexia - Me And You.mp3
/home/sc/mp3/tigerfm7/music/Alexia - Summer Is Crazy.mp3
/home/sc/mp3/tigerfm7/jingle/LDN_ID_08_M.MP3
/home/sc/mp3/tigerfm7/music/Alexia - Uh La La La.mp3
/home/sc/mp3/tigerfm7/music/Alphaville - Forever Young.mp3
/home/sc/mp3/tigerfm7/music/Alphaville - Sounds Like A Melody.mp3
/home/sc/mp3/tigerfm7/music/Annie Lennox - No More I Love Yours.mp3
/home/sc/mp3/tigerfm7/jingle/LDN_SWEEP_06.MP3
/home/sc/mp3/tigerfm7/music/Anouk - Nobodys Wife.mp3
/home/sc/mp3/tigerfm7/music/Apollo_440_-_Aint_Talking_About_Dub.mp3
/home/sc/mp3/tigerfm7/music/Aqua_-_Barbie_Girl_(1997).mp3
/home/sc/mp3/tigerfm7/music/BBE_-_7_Days_And_One_Week.mp3
/home/sc/mp3/tigerfm7/jingle/LDN_ID_07_M.MP3
/home/sc/mp3/tigerfm7/music/Bad Boys Blue - I Like Chopin.mp3
/home/sc/mp3/tigerfm7/music/Bad Boys Blue - Touch By Touch.mp3
/home/sc/mp3/tigerfm7/music/Bananarama - Cruel Summer.mp3
/home/sc/mp3/tigerfm7/music/Bananarama - Love In The First Degree.mp3
/home/sc/mp3/tigerfm7/jingle/LDN_ID_03_M.MP3
/home/sc/mp3/tigerfm7/music/Bananarama - Venus.mp3
/home/sc/mp3/tigerfm7/music/Bangles - Manic Monday.mp3
/home/sc/mp3/tigerfm7/music/Beastie Boys - No Sleep Till Brooklyn.mp3
/home/sc/mp3/tigerfm7/music/Berlin - Take My Breath Away.mp3
/home/sc/mp3/tigerfm7/jingle/LDN_SWEEP_01.MP3
/home/sc/mp3/tigerfm7/music/Beverly Craven - Promise me.mp3
/home/sc/mp3/tigerfm7/music/Billy Idol - Rebel Yell.mp3
/home/sc/mp3/tigerfm7/music/Black - Its A Wonderful Life.mp3
/home/sc/mp3/tigerfm7/music/Blue System - Laila.mp3
/home/sc/mp3/tigerfm7/jingle/LDN_SWEEP_06.MP3
/home/sc/mp3/tigerfm7/music/Blues Brothers - Everybody Needs Somebody To Love.mp3
/home/sc/mp3/tigerfm7/music/Bon Jovi - Livin  On A Prayer.mp3
/home/sc/mp3/tigerfm7/music/Bonnie Tyler - Holding Out For A Hero.mp3
/home/sc/mp3/tigerfm7/music/Boy George and Culture Club - Karma Chameleon.mp3
/home/sc/mp3/tigerfm7/jingle/LDN_SWEEP_03.MP3
/home/sc/mp3/tigerfm7/music/Brainstorm - Maybe.mp3
/home/sc/mp3/tigerfm7/music/Brainstorm - Waterfall.mp3
/home/sc/mp3/tigerfm7/music/Bronsky Beat - Smalltown Boy.mp3
/home/sc/mp3/tigerfm7/music/Brooklyn_Bounce_-_Progressive_Attack.mp3
/home/sc/mp3/tigerfm7/jingle/LDN_ID_01_W.MP3
/home/sc/mp3/tigerfm7/music/Buggles - Video Killed The Radio Star.mp3
/home/sc/mp3/tigerfm7/music/C&C Music Factory - Make You Sweat.mp3
/home/sc/mp3/tigerfm7/music/C&C_Music_Factory_-_Gonna_Make_You_Sweat.mp3
/home/sc/mp3/tigerfm7/music/C&C_Music_Factory_-_Ive_Got_The_Power.mp3
/home/sc/mp3/tigerfm7/jingle/LDN_SWEEP_09.MP3
/home/sc/mp3/tigerfm7/music/CC Catch - Heartbreak Hotel.mp3
/home/sc/mp3/tigerfm7/music/CC Catch - I Can Lose My Heart Tonight.mp3
/home/sc/mp3/tigerfm7/music/Capitan_Jack_-_Capitan_Jack.mp3
/home/sc/mp3/tigerfm7/music/Cappella_-_U_Got_2_Let_The_Music.mp3
/home/sc/mp3/tigerfm7/jingle/LDN_ID_08_M.MP3
/home/sc/mp3/tigerfm7/music/Captain Jack - Captain Jack.mp3
/home/sc/mp3/tigerfm7/music/Chris De Burgh - The Lady In Red.mp3
/home/sc/mp3/tigerfm7/music/Cindy Lauper - Girls Just Want To Have Fun.mp3
/home/sc/mp3/tigerfm7/music/Coolio - Gangsta's Paradise.mp3
/home/sc/mp3/tigerfm7/jingle/LDN_SWEEP_08.MP3
/home/sc/mp3/tigerfm7/music/Corona - Rythm Of The Night.mp3
/home/sc/mp3/tigerfm7/music/Crystal_Waters_-_100_Pure_Love.mp3
/home/sc/mp3/tigerfm7/music/Culture Beat - Mr. Vain.mp3
/home/sc/mp3/tigerfm7/music/DJ Bobo - Shadows Of The Night Eurodance.mp3
/home/sc/mp3/tigerfm7/jingle/LDN_ID_07_M.MP3
/home/sc/mp3/tigerfm7/music/Daft_Punk_-_Around_The_World.mp3
/home/sc/mp3/tigerfm7/music/Dario_G_-_Carnaval_2002.mp3
/home/sc/mp3/tigerfm7/music/Das_Modul_-_Kleine_Maus.mp3
/home/sc/mp3/tigerfm7/music/Def Leppard - Love Bites.mp3
/home/sc/mp3/tigerfm7/jingle/LDN_SWEEP_04.MP3
/home/sc/mp3/tigerfm7/music/Depeche Mode - Just Cant Get Enough.mp3
/home/sc/mp3/tigerfm7/music/Desireless - Voyage Voyage.mp3
/home/sc/mp3/tigerfm7/music/Dj Bobo - Chihuahua.mp3
/home/sc/mp3/tigerfm7/music/Dj Bobo - Keep On Dancing.mp3
/home/sc/mp3/tigerfm7/jingle/LDN_SWEEP_03.MP3
/home/sc/mp3/tigerfm7/music/Dj Bobo - Love Is All Around.mp3
/home/sc/mp3/tigerfm7/music/Dj Bobo - Somebody Dance With Me.mp3
/home/sc/mp3/tigerfm7/music/Dj_Bobo_-_Everybody_(1997).mp3
/home/sc/mp3/tigerfm7/music/Dj_Bobo_-_Somebody_Dance_With_Me.mp3
/home/sc/mp3/tigerfm7/jingle/LDN_SWEEP_03.MP3
/home/sc/mp3/tigerfm7/music/Dj_The_Crow_-_Peace_Of_Mine.mp3
/home/sc/mp3/tigerfm7/music/Dj_Vertigo_-_Oxygene.mp3
/home/sc/mp3/tigerfm7/music/Double You & Alexia - Dancing With An Angel.mp3
/home/sc/mp3/tigerfm7/music/Dr_Alban_-_Sing_Hallelujah.mp3
/home/sc/mp3/tigerfm7/jingle/LDN_ID_08_M.MP3
/home/sc/mp3/tigerfm7/music/Dr_Dre_-_Chronic.mp3
/home/sc/mp3/tigerfm7/music/Dr_Motte_-_Sunshine.mp3
/home/sc/mp3/tigerfm7/music/Dune_-_I_cant_Stop_Raving.mp3
/home/sc/mp3/tigerfm7/music/Duran Duran - A View To A Kill.mp3
/home/sc/mp3/tigerfm7/jingle/LDN_ID_05_M.MP3
/home/sc/mp3/tigerfm7/music/Duran Duran - New Moon On Monday.mp3
/home/sc/mp3/tigerfm7/music/Duran Duran - Skin Trade.mp3
/home/sc/mp3/tigerfm7/music/Duran Duran - The Reflex.mp3
/home/sc/mp3/tigerfm7/music/Duran Duran - Wild Boys.mp3
/home/sc/mp3/tigerfm7/jingle/LDN_ID_05_M.MP3
/home/sc/mp3/tigerfm7/music/Duran Duran Ft Timbaland - Skin Divers.mp3
/home/sc/mp3/tigerfm7/music/Duran Duran- Ordinary World.mp3
/home/sc/mp3/tigerfm7/music/E-Rotic - Help Me Dr Dick.mp3
/home/sc/mp3/tigerfm7/music/Elton John - Im_Still Standing.mp3
/home/sc/mp3/tigerfm7/jingle/LDN_SWEEP_05.MP3
/home/sc/mp3/tigerfm7/music/Erasure - Chorus.mp3
/home/sc/mp3/tigerfm7/music/Erasure - Oh Lamour.mp3
/home/sc/mp3/tigerfm7/music/Eurythmics - Sweat Dreams.mp3
/home/sc/mp3/tigerfm7/music/Everything But The Girl - Missing.mp3
/home/sc/mp3/tigerfm7/jingle/LDN_ID_02_W.MP3
/home/sc/mp3/tigerfm7/music/Everything But The Girls - And I Miss You.mp3
/home/sc/mp3/tigerfm7/music/Everything_But_The_Girl_-_Missing.mp3
/home/sc/mp3/tigerfm7/music/Fama - I Wanna Live Forever.mp3
/home/sc/mp3/tigerfm7/music/Fatboy_Slim_-_Push_The_Tempo.mp3
/home/sc/mp3/tigerfm7/jingle/LDN_SWEEP_09.MP3
/home/sc/mp3/tigerfm7/music/Fish_&_Chips_-_All_About_Eve.mp3
/home/sc/mp3/tigerfm7/music/Fleetwood Mac - Little Lies.mp3
/home/sc/mp3/tigerfm7/music/Foreigner - I Wanna Know What Love Is.mp3
/home/sc/mp3/tigerfm7/music/Frankie Goes To Hollywood - The Power Of Love.mp3
/home/sc/mp3/tigerfm7/jingle/LDN_SWEEP_08.MP3
/home/sc/mp3/tigerfm7/music/Fun Factory - Celebration.mp3
/home/sc/mp3/tigerfm7/music/Fun Factory - Close To You.mp3
/home/sc/mp3/tigerfm7/music/Fun Factory - I Wanna Be With You.mp3
/home/sc/mp3/tigerfm7/music/Future_Breeze_-_Keep_The_Fire_Burnin.mp3
/home/sc/mp3/tigerfm7/jingle/LDN_ID_01_W.MP3
/home/sc/mp3/tigerfm7/music/Gazebo - I Like Chopin.mp3
/home/sc/mp3/tigerfm7/music/George Michael & Wham - Careless whispers.mp3
/home/sc/mp3/tigerfm7/music/Gloria Gaynor - I Will Survive.mp3
/home/sc/mp3/tigerfm7/music/Groove_Gangsters_-_Make_You_Yeah.mp3
/home/sc/mp3/tigerfm7/jingle/LDN_ID_04_M.MP3
/home/sc/mp3/tigerfm7/music/Groovezone_-_Eisbaer.mp3
/home/sc/mp3/tigerfm7/music/Haddaway - What Is Love.mp3
/home/sc/mp3/tigerfm7/music/Haddaway_-_What_Is_Love_99.mp3
/home/sc/mp3/tigerfm7/music/Hermes_House_Band_-_Life_Is_Life_(2001).mp3
/home/sc/mp3/tigerfm7/jingle/LDN_SWEEP_05.MP3
/home/sc/mp3/tigerfm7/music/Ice_Mc_-_Its_A_Rainy_Day.mp3
/home/sc/mp3/tigerfm7/music/Intrance_-_Te_Quierro.mp3
/home/sc/mp3/tigerfm7/music/Irene Cara - What a feeling.mp3
/home/sc/mp3/tigerfm7/music/Isaac_Hayes_-_Shaft.mp3
/home/sc/mp3/tigerfm7/jingle/LDN_SWEEP_06.MP3
/home/sc/mp3/tigerfm7/music/Jam_&_Spoon_-_Angel.mp3
/home/sc/mp3/tigerfm7/music/Jam_&_Spoon_-_Right_In_The_Night.mp3
/home/sc/mp3/tigerfm7/music/Jason Donovan - Happy together.mp3
/home/sc/mp3/tigerfm7/music/Jason Donovan - Sealed with a kiss.mp3
/home/sc/mp3/tigerfm7/jingle/LDN_SWEEP_09.MP3
/home/sc/mp3/tigerfm7/music/Jefferson Starship - Nothing Is Gonna Stop Us Now.mp3
/home/sc/mp3/tigerfm7/music/Jennifer Rush - The Power Of Love.mp3
/home/sc/mp3/tigerfm7/music/Jon_Secada_-_Just_Another_Day_(1994).mp3
/home/sc/mp3/tigerfm7/music/Kajagoogoo - Too Shy.mp3
/home/sc/mp3/tigerfm7/jingle/LDN_ID_02_W.MP3
/home/sc/mp3/tigerfm7/music/Kaoma - Lambada.mp3
/home/sc/mp3/tigerfm7/music/Kim Wilde - Because The Night.mp3
/home/sc/mp3/tigerfm7/music/Kim Wilde - Cambodia.mp3
/home/sc/mp3/tigerfm7/music/Kim Wilde - Kids In America.mp3
/home/sc/mp3/tigerfm7/jingle/LDN_SWEEP_09.MP3
/home/sc/mp3/tigerfm7/music/Kim Wilde - You Came...mp3
/home/sc/mp3/tigerfm7/music/Kim Wilde - You Keep Me Hanging On.mp3
/home/sc/mp3/tigerfm7/music/Kosheen_-_Hide_U.mp3
/home/sc/mp3/tigerfm7/music/Kraftwerk - Das Model.mp3
/home/sc/mp3/tigerfm7/jingle/LDN_SWEEP_08.MP3
/home/sc/mp3/tigerfm7/music/Kylie Minogue & Jason Donovan - Especially For You.mp3
/home/sc/mp3/tigerfm7/music/Kylie Minogue - I Should Be So Lucky.mp3
/home/sc/mp3/tigerfm7/music/Kylie Minoque - Can't Get You Out Of My Head.mp3
/home/sc/mp3/tigerfm7/music/Kylie Minoque- I believe in you.mp3
/home/sc/mp3/tigerfm7/jingle/LDN_ID_06_M.MP3
/home/sc/mp3/tigerfm7/music/La Bouche - Be My Lover.mp3
/home/sc/mp3/tigerfm7/music/La Bouche - Fallin In Love.mp3
/home/sc/mp3/tigerfm7/music/La Bouche - Sweet Dreams.mp3
/home/sc/mp3/tigerfm7/music/La Bouche-I Love to Love.mp3
/home/sc/mp3/tigerfm7/jingle/LDN_SWEEP_05.MP3
/home/sc/mp3/tigerfm7/music/Laura Branigan - Self Control.mp3
/home/sc/mp3/tigerfm7/music/Loft_-_Majorka.mp3
/home/sc/mp3/tigerfm7/music/Los Del Rio - Macarena.mp3
/home/sc/mp3/tigerfm7/music/Love Actually - 08 - The Pointer Sisters - Jump (For My Love).mp3
/home/sc/mp3/tigerfm7/jingle/LDN_SWEEP_03.MP3
/home/sc/mp3/tigerfm7/music/Love_Message_-_Love_Message.mp3
/home/sc/mp3/tigerfm7/music/MR_-_To_France.mp3
/home/sc/mp3/tigerfm7/music/Madonna - Material Girl.mp3
/home/sc/mp3/tigerfm7/music/Madonna - Papa Don't Preach.mp3
/home/sc/mp3/tigerfm7/jingle/LDN_ID_02_W.MP3
/home/sc/mp3/tigerfm7/music/Madonna - Papa Dont Preach (Eric Prydz Remix).mp3
/home/sc/mp3/tigerfm7/music/Martika - Toy Soldiers.mp3
/home/sc/mp3/tigerfm7/music/Masterboy - Show me Colours.mp3
/home/sc/mp3/tigerfm7/music/Masterboy_-_Feel_The_Heat_Of_The_Night_(1994).mp3
/home/sc/mp3/tigerfm7/jingle/LDN_ID_02_W.MP3
/home/sc/mp3/tigerfm7/music/Mc Hammer - U Can't Touch This.mp3
/home/sc/mp3/tigerfm7/music/Me_&_My_-_Dub_I_Dub.mp3
/home/sc/mp3/tigerfm7/music/Michael Jackson - Beat It.mp3
/home/sc/mp3/tigerfm7/music/Mike Oldfield - Moonlight Shadow.mp3
/home/sc/mp3/tigerfm7/jingle/LDN_SWEEP_08.MP3
/home/sc/mp3/tigerfm7/music/Miss_Jane_-_Its_A_Fine_Day.mp3
/home/sc/mp3/tigerfm7/music/Modjo_-_Lady.mp3
/home/sc/mp3/tigerfm7/music/N-Trance - Set You Free.mp3
/home/sc/mp3/tigerfm7/music/N-Trance - Staying Alive Remix.mp3
/home/sc/mp3/tigerfm7/jingle/LDN_ID_01_M.MP3
/home/sc/mp3/tigerfm7/music/Opus_Live Is Life.mp3
/home/sc/mp3/tigerfm7/music/Paradiso_-_Bailando.mp3
/home/sc/mp3/tigerfm7/music/Paula Abdul - Rush Rush.mp3
/home/sc/mp3/tigerfm7/music/Pet Shop Boys - Always on my mind.mp3
/home/sc/mp3/tigerfm7/jingle/LDN_ID_05_M.MP3
/home/sc/mp3/tigerfm7/music/Pet Shop Boys - Its a Sin.mp3
/home/sc/mp3/tigerfm7/music/Pet Shop Boys - London.mp3
/home/sc/mp3/tigerfm7/music/Phil Collins & Genesis - Invisible Touch.mp3
/home/sc/mp3/tigerfm7/music/Phil Collins - Another Day In Paradise.mp3
/home/sc/mp3/tigerfm7/jingle/LDN_ID_03_M.MP3
/home/sc/mp3/tigerfm7/music/Prince_Ital_Joe_feat._Marky_Mark_-_United.mp3
/home/sc/mp3/tigerfm7/music/Rednex_-_Cotton_Eye_Joe.mp3
/home/sc/mp3/tigerfm7/music/Ricky_Martin_-_Livin_La_Vida_Loca.mp3
/home/sc/mp3/tigerfm7/music/Robert_Miles_-_Fable.mp3
/home/sc/mp3/tigerfm7/jingle/LDN_ID_03_M.MP3
/home/sc/mp3/tigerfm7/music/Roxette - How Do You Do.mp3
/home/sc/mp3/tigerfm7/music/Roxette - It Must Have Been Love.mp3
/home/sc/mp3/tigerfm7/music/Roxette - Listen To Your Heart.mp3
/home/sc/mp3/tigerfm7/music/Run_DMC_-_Its_Like_That.mp3
/home/sc/mp3/tigerfm7/jingle/LDN_ID_01_M.MP3
/home/sc/mp3/tigerfm7/music/Sabrina Salerno - Boys, Boys, Boys.mp3
/home/sc/mp3/tigerfm7/music/Sade - Everything But The Girl - I Miss You (Remix).mp3
/home/sc/mp3/tigerfm7/music/Sandra - In The Heat Of The Night.mp3
/home/sc/mp3/tigerfm7/music/Sandra - Little Girl.mp3
/home/sc/mp3/tigerfm7/jingle/LDN_SWEEP_06.MP3
/home/sc/mp3/tigerfm7/music/Sandra - Maria Magdalena.mp3
/home/sc/mp3/tigerfm7/music/Sandra Limahl - Never Ending Story.mp3
/home/sc/mp3/tigerfm7/music/Sash_-_Mysterious_Times.mp3
/home/sc/mp3/tigerfm7/music/Sash_feat._Rodriguez_-_Ecuador.mp3
/home/sc/mp3/tigerfm7/jingle/LDN_SWEEP_08.MP3
/home/sc/mp3/tigerfm7/music/Savage - Only You.mp3
/home/sc/mp3/tigerfm7/music/Savage Garden - I Believe.mp3
/home/sc/mp3/tigerfm7/music/Savage Garden - I Want You.mp3
/home/sc/mp3/tigerfm7/music/Savage Garden - To The Moon And Back.mp3
/home/sc/mp3/tigerfm7/jingle/LDN_ID_05_M.MP3
/home/sc/mp3/tigerfm7/music/Savage Garden - Truly Madly Deeply.mp3
/home/sc/mp3/tigerfm7/music/Scooter - Awakening.mp3
/home/sc/mp3/tigerfm7/music/Scooter - Back In The U.K.mp3
/home/sc/mp3/tigerfm7/music/Scooter - Beautiful Vibes.mp3
/home/sc/mp3/tigerfm7/jingle/LDN_SWEEP_05.MP3
/home/sc/mp3/tigerfm7/music/Scooter - Call Me Manana.mp3
/home/sc/mp3/tigerfm7/music/Scooter - Different Reality.mp3
/home/sc/mp3/tigerfm7/music/Scooter - Don't Waste No Time.mp3
/home/sc/mp3/tigerfm7/music/Scooter - Faster Harder Scooter.mp3
/home/sc/mp3/tigerfm7/jingle/LDN_SWEEP_09.MP3
/home/sc/mp3/tigerfm7/music/Scooter - Fire.mp3
/home/sc/mp3/tigerfm7/music/Scooter - Friends.mp3
/home/sc/mp3/tigerfm7/music/Scooter - Fuck The Millenium.mp3
/home/sc/mp3/tigerfm7/music/Scooter - How Much Is The Fish_.mp3
/home/sc/mp3/tigerfm7/jingle/LDN_SWEEP_04.MP3
/home/sc/mp3/tigerfm7/music/Scooter - Hyper Hyper.mp3
/home/sc/mp3/tigerfm7/music/Scooter - I'm Raving.mp3
/home/sc/mp3/tigerfm7/music/Scooter - Let Me Be Your Valentine.mp3
/home/sc/mp3/tigerfm7/music/Scooter - Move Your Ass!.mp3
/home/sc/mp3/tigerfm7/jingle/LDN_SWEEP_03.MP3
/home/sc/mp3/tigerfm7/music/Scooter - Our Happy Hardcore.mp3
/home/sc/mp3/tigerfm7/music/Scooter - Rebel Yell.mp3
/home/sc/mp3/tigerfm7/music/Scooter_-_Fire.mp3
/home/sc/mp3/tigerfm7/music/Shakin Stevens - You Drive Me Crazy.mp3
/home/sc/mp3/tigerfm7/jingle/LDN_ID_01_W.MP3
/home/sc/mp3/tigerfm7/music/Skatman John - I'm a Scatman.mp3
/home/sc/mp3/tigerfm7/music/Snap - Rhytm Is A Dancer.mp3
/home/sc/mp3/tigerfm7/music/Solid Base - Push It (Techno Mix).mp3
/home/sc/mp3/tigerfm7/music/Stachursky - Jaki Jestem.mp3
/home/sc/mp3/tigerfm7/jingle/LDN_ID_09_M.MP3
/home/sc/mp3/tigerfm7/music/Stachursky - Tylko ciebie naprawde kocha³em.mp3
/home/sc/mp3/tigerfm7/music/Stachursky - Zostañmy Razem.mp3
/home/sc/mp3/tigerfm7/music/Stardust_-_Music_Sounds_Better_With_You_(1998).mp3
/home/sc/mp3/tigerfm7/music/Stevie Wonder - I Just Called To Say I Love You.mp3
/home/sc/mp3/tigerfm7/jingle/LDN_SWEEP_04.MP3
/home/sc/mp3/tigerfm7/music/Tank_-_Can_U_Feel_The_Bass.mp3
/home/sc/mp3/tigerfm7/music/Tatu_-_Nas_Ne_Dogonjat.mp3
/home/sc/mp3/tigerfm7/music/Tears For Fears - Shout.mp3
/home/sc/mp3/tigerfm7/music/Technotronic - Pump Up The Jam.mp3
/home/sc/mp3/tigerfm7/jingle/LDN_SWEEP_04.MP3
/home/sc/mp3/tigerfm7/music/Technotronic - This Beat Is Tecnotronic.mp3
/home/sc/mp3/tigerfm7/music/The Bangles - Eternal Flame.mp3
/home/sc/mp3/tigerfm7/music/The Beloved - Sweet Harmony.mp3
/home/sc/mp3/tigerfm7/music/The Police - Don´t Stand so Close to me.mp3
/home/sc/mp3/tigerfm7/jingle/LDN_SWEEP_09.MP3
/home/sc/mp3/tigerfm7/music/The Weather Girls - It´s Raining Men.mp3
/home/sc/mp3/tigerfm7/music/The_Prodigy_-_Out_Of_Space.mp3
/home/sc/mp3/tigerfm7/music/Threen_One_-_Reflect.mp3
/home/sc/mp3/tigerfm7/music/Trance_Allstars_-_The_First_Rebirth.mp3
/home/sc/mp3/tigerfm7/jingle/LDN_ID_08_M.MP3
/home/sc/mp3/tigerfm7/music/U96 - Das Boot.mp3
/home/sc/mp3/tigerfm7/music/U96 - Love Sees No Color.mp3
/home/sc/mp3/tigerfm7/music/U96 - Night In Motion.mp3
/home/sc/mp3/tigerfm7/music/UB40 - Baby I Love Your Way.mp3
/home/sc/mp3/tigerfm7/jingle/LDN_SWEEP_07.MP3
/home/sc/mp3/tigerfm7/music/UB40 - Red Wine.mp3
/home/sc/mp3/tigerfm7/music/U_96_-_Inside_Your_Dreams.mp3
/home/sc/mp3/tigerfm7/music/U_96_-_Love_Religion.mp3
/home/sc/mp3/tigerfm7/music/Ultravox - Big In Japan.mp3
/home/sc/mp3/tigerfm7/jingle/LDN_SWEEP_06.MP3
/home/sc/mp3/tigerfm7/music/Ultravox - Dancing With Tears In My Eyes.mp3
/home/sc/mp3/tigerfm7/music/Unlimited - Get Ready For This.mp3
/home/sc/mp3/tigerfm7/music/Unlimited - No Limit.mp3
/home/sc/mp3/tigerfm7/music/Vanilla Ice - Ice Ice Baby.mp3
/home/sc/mp3/tigerfm7/jingle/LDN_SWEEP_02.MP3
/home/sc/mp3/tigerfm7/music/Vengaboys_-_Boom_Boom_Boom_(1998).mp3
/home/sc/mp3/tigerfm7/music/Visage - Fade To Grey (original version).mp3
/home/sc/mp3/tigerfm7/music/Wamdue_Project_-_King_Of_My_Castle.mp3
/home/sc/mp3/tigerfm7/music/Wham - Wake Me Up Before You Go Go.mp3
/home/sc/mp3/tigerfm7/jingle/LDN_ID_05_M.MP3
/home/sc/mp3/tigerfm7/music/Woody_Van_Eyden_-_Time_Now.mp3
/home/sc/mp3/tigerfm7/music/Yazoo - Don't Go.mp3
/home/sc/mp3/tigerfm7/music/ZZTop - Viva Las Vegas.mp3
/home/sc/mp3/tigerfm7/music/Zhi Vago - Celebrate the love.mp3
/home/sc/mp3/tigerfm7/jingle/LDN_SWEEP_08.MP3
/home/sc/mp3/tigerfm7/music/Zivago_-_Celebrate_The_Love.mp3
/home/sc/mp3/tigerfm7/music/jason donovan - too many broken hearts.mp3
