/Alex Gaudino - Destination Calabria.mp3
/Alex Gaudino Ft Shena - Watch Out.mp3
/Alphabeat - Boyfriend.mp3
/Angels And Airwaves - Everythings Magic.mp3
/Axwell - I Found U.mp3
/Axwell And Bob Sinclar - What A Wonderful World (LDN).mp3
/Basshunter - All I Ever Wanted.mp3
/Basshunter And DJ Mental - Now Youre Gone.mp3
/Booty Luv - Boogie 2nite.mp3
/Busta Rhymes Ft. Linkin Park - We Made It.mp3
/Chris Brown - Forever.mp3
/Chris Brown ft Jordin Sparks - No Air.mp3
/Christina Aguilera - Keeps Getting Better (LDN).mp3
/David Gueta vs The Egg - Love Don't Let Me Go.mp3
/Digital Dog - Cothes Off.mp3
/Dizzee Rascal - Dance Wiv Me.mp3
/Duffy - Mercy.mp3
/Eric Pridz - Pjanoo.mp3
/Estelle - No Substitute Love.mp3
/Fedde Le Grand - Put Your Hands Up For Detroit.mp3
/Flo Rida Ft. Timbaland - Elevator.mp3
/Flo Rida feat. T Pain - Low.mp3
/Fragma - Tocas Miracle 2008.mp3
/Freemasons - Uninvited.mp3
/Gabriella Cilmi - Sweet About Me.mp3
/Gym Class Heroes - Cookie Jar.mp3
/H Two O ft. Platnum - Whats It Gonna Be.mp3
/Hoosiers - Goodbye Mr A.mp3
/Ironik - Stay With Me.mp3
/Janet - Feedback.mp3
/Jay Sean - Ride It.mp3
/Jennifer Hudson - Spotlight.mp3
/John Legend feat. Andre 3000 - Greenlight (LDN).mp3
/Justin Timberlake - SexyBack.mp3
/KanYeWest feat. Dewele - Flashing Lights.mp3
/Kanye West - American Boy (Feat Estelle).mp3
/Kanye West - Love Lockdown (LDN).mp3
/Kate Ryan - Ella Elle la.mp3
/Kate Ryan - L.I.L.Y.mp3
/Katy Perry - I Kissed A Girl.mp3
/Katy Perry Feat. Mims - I Kissed A Girl (RMX) (LDN).mp3
/Kid Rock - All Summer Long.mp3
/Kylie Minogue - In My Arms.mp3
/Kylie Minogue - The One (Freemasons Mix).mp3
/Madcon - Beggin.mp3
/Madonna - 4 Minutes (Ft Justin Timberlake].mp3
/Madonna - Give It To Me.mp3
/Mans Zelmerow - Miss America.mp3
/Mark Ronson - Valerie (Feat. Amy Winehouse).mp3
/Maroon 5 And Rihanna - If I Never See Your Face Again.mp3
/Mason - Excedeer.mp3
/Mia - Paper Planes (LDN).mp3
/Michelle Williams Feat. Flo Rida - We Break The Dawn (LDN).mp3
/Mika - Grace Kelly.mp3
/Mint Royale - Singin In The Rain.mp3
/Ne Yo - Closer (Remix).mp3
/Ne Yo - Miss Independent.mp3
/Nickelback - Rockstar.mp3
/Noah And The Whale - 5 Years Time.mp3
/Pink - U + Ur Hand.mp3
/Platnum - Love Shy (LDN).mp3
/Pussycat Dolls - When I Grow Up.mp3
/RIO - Shine On.mp3
/Ray J - Sexy Can I.mp3
/Rihanna - Disturbia.mp3
/Rihanna - Dont Stop The Music.mp3
/Rihanna - Shut Up And Drive.mp3
/Rihanna - Take A Bow.mp3
/Robin Thicke - Magic (LDN).mp3
/Sam Sparro - 21st Century.mp3
/Samim - Heater.mp3
/Scissor Sisters - I Dont Feel Like Dancin.mp3
/Scouting For Girls - Heartbeat.mp3
/Scouting For Girls - Shes So Lovely.mp3
/September - Cry For You.mp3
/Sonny J - Cant Stop Moving.mp3
/Sugababes - About You Now.mp3
/Sugababes - Girls (LDN).mp3
/T.I. Feat. Rihanna - Live Your Life (LDN).mp3
/T2 feat. Jodie Aysha - Heartbroken.mp3
/Taio Cruz - I Can Be (Remix Feat Estelle).mp3
/Taio Cruz - She Is Like A Star.mp3
/Take That - Shine.mp3
/Teddybears - Cobrastyle.mp3
/The Hoosiers - Cops And Robbers.mp3
/The Kaiser Chiefs - Ruby.mp3
/The Ting Tings - Shut Up And Let Me Go.mp3
/The Ting Tings - Thats Not My Name.mp3
/The Verve - Love Is Noise.mp3
/Usher - Love In This Club.mp3
/Usher - Moving Mountains.mp3
/Utah Saints - Something Good 08.mp3
/Wet Fingers - Shake That Ass.mp3
/Wiley - Summertime (LDN).mp3
/Wiley - Wearing My Rolex.mp3
/Will.I.Am - Heartbreaker.mp3
