/home/sc/mp3/tigerfm/jingle/Ulubione 1.mp3
/home/sc/mp3/tigerfm/music/2_+_1_-_Gdy_Grali_Dla_Nas_Rolling_Stones.mp3
/home/sc/mp3/tigerfm/music/2_+_1_-_Wielki_Maly_Czlowiek.mp3
/home/sc/mp3/tigerfm/music/Agnieszka_Wlodarczyk_-_Zawsze_Bylam.mp3
/home/sc/mp3/tigerfm/music/Agressiva_69_-_Situations.mp3
/home/sc/mp3/tigerfm/jingle/Ulubione 2.mp3
/home/sc/mp3/tigerfm/music/Alec_Sun_Drae_-_Sex.mp3
/home/sc/mp3/tigerfm/music/Alec_Sun_Drae_-_To_Byla_Milosc.mp3
/home/sc/mp3/tigerfm/music/An_Kara_-_Ona_i_Ja_(Lukas_Drozd_Rmx).mp3
/home/sc/mp3/tigerfm/music/Andrzej_Piaseczny_-_15_Dni.mp3
/home/sc/mp3/tigerfm/jingle/The Best 2.mp3
/home/sc/mp3/tigerfm/music/Andrzej_Piaseczny_-_Jeszcze_Blizej.mp3
/home/sc/mp3/tigerfm/music/Andrzej_Piaseczny_-_Szczescie_Jest_Blisko.mp3
/home/sc/mp3/tigerfm/music/Andrzej_Piaseczny_-_Teraz_Placz.mp3
/home/sc/mp3/tigerfm/music/Andrzej_Piaseczny_-_Wszystko_Trzeba_Przezyc.mp3
/home/sc/mp3/tigerfm/jingle/The Best 1.mp3
/home/sc/mp3/tigerfm/music/Andrzej_Piaseczny_-_Z_Glebi_Duszy.mp3
/home/sc/mp3/tigerfm/music/Andrzej_Zaucha_-_Bylas_Serca_Biciem.mp3
/home/sc/mp3/tigerfm/music/Ania_-_Charlie_Charlie.mp3
/home/sc/mp3/tigerfm/music/Ania_-_Inna.mp3
/home/sc/mp3/tigerfm/jingle/LDN_SWEEP_07.MP3
/home/sc/mp3/tigerfm/music/Ania_-_Tego_Chcialam.mp3
/home/sc/mp3/tigerfm/music/Ania_Dabrowska__-_Czekam.mp3
/home/sc/mp3/tigerfm/music/Anita_Lipnicka_-_Bones_of_Love.mp3
/home/sc/mp3/tigerfm/music/Anita_Lipnicka_-_I_Wszystko_Sie_Moze_Zdarzyc.mp3
/home/sc/mp3/tigerfm/jingle/LDN_SWEEP_07.MP3
/home/sc/mp3/tigerfm/music/Anita_Lipnicka_-_Jestem_Powietrzem.mp3
/home/sc/mp3/tigerfm/music/Anita_Lipnicka_-_Moje_Oczy_Sa_Zielone.mp3
/home/sc/mp3/tigerfm/music/Anita_Lipnicka_-_Piekna_I_Rycerz.mp3
/home/sc/mp3/tigerfm/music/Anna_Jurksztowicz_-_Hej_Man.mp3
/home/sc/mp3/tigerfm/jingle/LDN_SWEEP_01.MP3
/home/sc/mp3/tigerfm/music/Anna_Jurksztowicz_-_Stan_Pogody.mp3
/home/sc/mp3/tigerfm/music/Anna_Jurksztowicz_-_Zmysly_Precz.mp3
/home/sc/mp3/tigerfm/music/Anna_Maria_Jopek_-_Ale_Jestem.mp3
/home/sc/mp3/tigerfm/music/Anna_Maria_Jopek_-_Gdy_Mowia_Mi.mp3
/home/sc/mp3/tigerfm/jingle/The Best 1.mp3
/home/sc/mp3/tigerfm/music/Anna_Maria_Jopek_-_Ja_Wysiadam.mp3
/home/sc/mp3/tigerfm/music/Artur_Gadowski_-_Szczesliwego_Nowego_Yorku.mp3
/home/sc/mp3/tigerfm/music/Artur_Rojek_-_Cisza_I_Wiatr.mp3
/home/sc/mp3/tigerfm/music/Aspirine_-_Powtarzasz_Mi.mp3
/home/sc/mp3/tigerfm/jingle/LDN_SWEEP_09.MP3
/home/sc/mp3/tigerfm/music/Atmosphere_-_Z_Glowa_W_Chmurach.mp3
/home/sc/mp3/tigerfm/music/Atrakcyjny_Kazimierz_-_Jako_Maz_I_Nie_Maz.mp3
/home/sc/mp3/tigerfm/music/Aya_RL_-_Skora.mp3
/home/sc/mp3/tigerfm/music/Bajm_-_Ameryka.mp3
/home/sc/mp3/tigerfm/jingle/LDN_SWEEP_03.MP3
/home/sc/mp3/tigerfm/music/Bajm_-_Krotka_Historia.mp3
/home/sc/mp3/tigerfm/music/Bajm_-_Modlitwa_O_Zloty_Deszcz.mp3
/home/sc/mp3/tigerfm/music/Bajm_-_Mysli_I_Slowa.mp3
/home/sc/mp3/tigerfm/music/Bajm_-_Nie_Ma_Wody_Na_Pustyni.mp3
/home/sc/mp3/tigerfm/jingle/LDN_SWEEP_08.MP3
/home/sc/mp3/tigerfm/music/Bajm_-_Noc_Po_Ciezkim_Dniu.mp3
/home/sc/mp3/tigerfm/music/Bajm_-_O_Tobie.mp3
/home/sc/mp3/tigerfm/music/Bajm_-_Plomien_Z_Nieba.mp3
/home/sc/mp3/tigerfm/music/Bajm_-_Rzeka_Marzen.mp3
/home/sc/mp3/tigerfm/jingle/Ulubione 2.mp3
/home/sc/mp3/tigerfm/music/Bajm_-_Szklanka_Wody.mp3
/home/sc/mp3/tigerfm/music/Bajm_-_Ta_Sama_Chwila.mp3
/home/sc/mp3/tigerfm/music/Bajm_-_Tamten_Maj.mp3
/home/sc/mp3/tigerfm/music/Bajm_-_Wiosna_W_Paryzu.mp3
/home/sc/mp3/tigerfm/jingle/LDN_SWEEP_09.MP3
/home/sc/mp3/tigerfm/music/Banach_-_Jego_Piosenka_O_Milosci.mp3
/home/sc/mp3/tigerfm/music/Banach_Dziun_-_Jej_Piosenka_O_Milosci.mp3
/home/sc/mp3/tigerfm/music/Banach_Dziun_-_Sciana.mp3
/home/sc/mp3/tigerfm/music/Banach_feat._Gutek_-_To_Samo.mp3
/home/sc/mp3/tigerfm/jingle/The Best 1.mp3
/home/sc/mp3/tigerfm/music/Band_It_-_Chocbym_Spadal.mp3
/home/sc/mp3/tigerfm/music/Beata_-_Siedze_i_Mysle.mp3
/home/sc/mp3/tigerfm/music/Beata_-_Taka_Warszawa.mp3
/home/sc/mp3/tigerfm/music/Beata_-_Zal_Mi_Tamtych_Nocy.mp3
/home/sc/mp3/tigerfm/jingle/LDN_SWEEP_05.MP3
/home/sc/mp3/tigerfm/music/Beata_-_Zal_Mi_tamtych_Nocy.mp3
/home/sc/mp3/tigerfm/music/Benedek_-_68_Lez.mp3
/home/sc/mp3/tigerfm/music/Benedek_-_Halo_Tu_Londyn.mp3
/home/sc/mp3/tigerfm/music/Big_Cyc_-_Ballada_O_Smutnym_Skinie.mp3
/home/sc/mp3/tigerfm/jingle/LDN_SWEEP_02.MP3
/home/sc/mp3/tigerfm/music/Big_Cyc_-_Berlin_Zachodni.mp3
/home/sc/mp3/tigerfm/music/Big_Cyc_-_Dramat_Fryzjerski.mp3
/home/sc/mp3/tigerfm/music/Big_Cyc_-_Dres.mp3
/home/sc/mp3/tigerfm/music/Big_Cyc_-_Facet_To_Swinia.mp3
/home/sc/mp3/tigerfm/jingle/LDN_SWEEP_04.MP3
/home/sc/mp3/tigerfm/music/Big_Cyc_-_Guma.mp3
/home/sc/mp3/tigerfm/music/Big_Cyc_-_Jak_Slodko_Zostac_Swirem.mp3
/home/sc/mp3/tigerfm/music/Big_Cyc_-_Kapitan_Zbik.mp3
/home/sc/mp3/tigerfm/music/Big_Cyc_-_Kazdy_Facet_To.mp3
/home/sc/mp3/tigerfm/jingle/LDN_SWEEP_06.MP3
/home/sc/mp3/tigerfm/music/Big_Cyc_-_Krecimy_Pornola.mp3
/home/sc/mp3/tigerfm/music/Big_Cyc_-_Kumple_Janosika.mp3
/home/sc/mp3/tigerfm/music/Big_Cyc_-_Makumba.mp3
/home/sc/mp3/tigerfm/music/Big_Cyc_-_Moherowe_Berety.mp3
/home/sc/mp3/tigerfm/jingle/LDN_SWEEP_02.MP3
/home/sc/mp3/tigerfm/music/Big_Cyc_-_Nasz_PRL.mp3
/home/sc/mp3/tigerfm/music/Big_Cyc_-_Nie_Wierzcie_Elektrykom.mp3
/home/sc/mp3/tigerfm/music/Big_Cyc_-_Nienawidze_Szefa.mp3
/home/sc/mp3/tigerfm/music/Big_Cyc_-_Piosenka_Goralska.mp3
/home/sc/mp3/tigerfm/jingle/LDN_SWEEP_08.MP3
/home/sc/mp3/tigerfm/music/Big_Cyc_-_Piosenka_O_Solidarnosci_Czyli_Wszyztko_Gnije.mp3
/home/sc/mp3/tigerfm/music/Big_Cyc_-_Rudy_Sie_Zeni.mp3
/home/sc/mp3/tigerfm/music/Big_Cyc_-_Sloneczny_Patrol.mp3
/home/sc/mp3/tigerfm/music/Big_Cyc_-_Swiat_Wedlug_Kiepskich.mp3
/home/sc/mp3/tigerfm/jingle/LDN_SWEEP_07.MP3
/home/sc/mp3/tigerfm/music/Big_Cyc_-_Wielka_Milosc_Do_Babci_Klozetowej.mp3
/home/sc/mp3/tigerfm/music/Big_Cyc_-_Zloty_Warkocz.mp3
/home/sc/mp3/tigerfm/music/Big_Cyc_Kukiz_-_Lece_W_Dol.mp3
/home/sc/mp3/tigerfm/music/Big_Day_-_Moj_Znak.mp3
/home/sc/mp3/tigerfm/jingle/LDN_SWEEP_03.MP3
/home/sc/mp3/tigerfm/music/Blenders_-_Biribomba.mp3
/home/sc/mp3/tigerfm/music/Blenders_-_Ciagnik.mp3
/home/sc/mp3/tigerfm/music/Blenders_-_Poniedzialek.mp3
/home/sc/mp3/tigerfm/music/Blue_Cafe_-_Czas_Nie_Bedzie_Czekal.mp3
/home/sc/mp3/tigerfm/jingle/Ulubione 1.mp3
/home/sc/mp3/tigerfm/music/Blue_Cafe_-_Do_Nieba.mp3
/home/sc/mp3/tigerfm/music/Blue_Cafe_-_Kochamy_Siebie.mp3
/home/sc/mp3/tigerfm/music/Blue_Cafe_-_Niewiele_Mam.mp3
/home/sc/mp3/tigerfm/music/Blue_Cafe_-_You_May_Be_in_Love.mp3
/home/sc/mp3/tigerfm/jingle/LDN_SWEEP_03.MP3
/home/sc/mp3/tigerfm/music/Boguslaw_Mec_-_Przyjaciele_Po_To_Sa.mp3
/home/sc/mp3/tigerfm/music/Borysewicz_Kukiz_-_Bo_Tutaj_Jest_Jak_Jest.mp3
/home/sc/mp3/tigerfm/music/Borysewicz_Kukiz_-_Jesli_Tylko_Chcesz.mp3
/home/sc/mp3/tigerfm/music/Borysewicz_Kukiz_-_Jest_Taki_Dzien.mp3
/home/sc/mp3/tigerfm/jingle/LDN_SWEEP_03.MP3
/home/sc/mp3/tigerfm/music/Brathanki_-_Czerwone_Korale.mp3
/home/sc/mp3/tigerfm/music/Brathanki_-_Gdzie_Ten_Ktory_Powie_Mi.mp3
/home/sc/mp3/tigerfm/music/Brathanki_-_Modlila_Sie_Dziewczyna.mp3
/home/sc/mp3/tigerfm/music/Brathanki_-_Siebie_Dam_Po_Slubie.mp3
/home/sc/mp3/tigerfm/jingle/The Best 1.mp3
/home/sc/mp3/tigerfm/music/Brathanki_-_W_Kinie_W_Lublinie.mp3
/home/sc/mp3/tigerfm/music/Braxton_-_Sztuka_Latania.mp3
/home/sc/mp3/tigerfm/music/Breakout_-_Kiedy_Bylem_Malym_Chlopcem.mp3
/home/sc/mp3/tigerfm/music/Brodka_-_Ten.mp3
/home/sc/mp3/tigerfm/jingle/LDN_SWEEP_02.MP3
/home/sc/mp3/tigerfm/music/Brodka_-_Z_Malo_Wiem.mp3
/home/sc/mp3/tigerfm/music/Budka_Suflera_-_Czas_Olowiu.mp3
/home/sc/mp3/tigerfm/music/Car_Is_on_Fire_-_Cranks.mp3
/home/sc/mp3/tigerfm/music/Chlopcy_Z_Placu_Broni_-_Kocham_Cie.mp3
/home/sc/mp3/tigerfm/jingle/LDN_SWEEP_04.MP3
/home/sc/mp3/tigerfm/music/Chlopcy_Z_Placu_Broni_-_Kocham_Wolnosc.mp3
/home/sc/mp3/tigerfm/music/Chlopcy_Z_Placu_Broni_-_O_Ela.mp3
/home/sc/mp3/tigerfm/music/Chylinska_-_Winna.mp3
/home/sc/mp3/tigerfm/music/Colage_-_Safe.mp3
/home/sc/mp3/tigerfm/jingle/LDN_SWEEP_10.MP3
/home/sc/mp3/tigerfm/music/Coma_-_Daleka_Droga_Do_Domu.mp3
/home/sc/mp3/tigerfm/music/Coma_-_Spadam.mp3
/home/sc/mp3/tigerfm/music/Cool_Kids_Of_Death_-_Bal_Sobowtorow.mp3
/home/sc/mp3/tigerfm/music/Cool_Kids_Of_Death_-_To_Nie_Zdarza_Sie_Nam.mp3
/home/sc/mp3/tigerfm/jingle/LDN_SWEEP_05.MP3
/home/sc/mp3/tigerfm/music/Czarno_Czarni_-_Nogi.mp3
/home/sc/mp3/tigerfm/music/Czarno_Czarni_-_Spiaca_Jola.mp3
/home/sc/mp3/tigerfm/music/DKA_-_Jakby_To_Bylo.mp3
/home/sc/mp3/tigerfm/music/Daab_-_W_Moim_Agrodzie.mp3
/home/sc/mp3/tigerfm/jingle/Ulubione 1.mp3
/home/sc/mp3/tigerfm/music/Daab_-_W_Moim_Ogrodzie.mp3
/home/sc/mp3/tigerfm/music/De_Mono_-_Kamien_I_Aksamit.mp3
/home/sc/mp3/tigerfm/music/De_Mono_-_Kochac_Inaczej.mp3
/home/sc/mp3/tigerfm/music/De_Mono_-_Kolory.mp3
/home/sc/mp3/tigerfm/jingle/The Best 1.mp3
/home/sc/mp3/tigerfm/music/De_Mono_-_Miasto_Noca.mp3
/home/sc/mp3/tigerfm/music/De_Mono_-_Ostatni_Pocalunek.mp3
/home/sc/mp3/tigerfm/music/De_Mono_-_Patrze_W_Ciebie.mp3
/home/sc/mp3/tigerfm/music/De_Mono_-_Poznaj_Siebie.mp3
/home/sc/mp3/tigerfm/jingle/Ulubione 2.mp3
/home/sc/mp3/tigerfm/music/De_Mono_-_Statki_Na_Niebie.mp3
/home/sc/mp3/tigerfm/music/De_Mono_-_Tamtego_Lata.mp3
/home/sc/mp3/tigerfm/music/De_Mono_-_Wszystko_Na_Sprzedaz.mp3
/home/sc/mp3/tigerfm/music/De_Mono_-_Znow_Jestes_Ze_Mna.mp3
/home/sc/mp3/tigerfm/jingle/LDN_SWEEP_06.MP3
/home/sc/mp3/tigerfm/music/De_Su_-_Zycie_Cudem_Jest.mp3
/home/sc/mp3/tigerfm/music/Doda_-_Rany.mp3
/home/sc/mp3/tigerfm/music/Doniu_-_Przestrzen.mp3
/home/sc/mp3/tigerfm/music/Doniu_Liber_-_Dzien_Dobry_Polsko.mp3
/home/sc/mp3/tigerfm/jingle/LDN_SWEEP_05.MP3
/home/sc/mp3/tigerfm/music/Dorota_Miskiewicz_-_Magda_Prosze.mp3
/home/sc/mp3/tigerfm/music/Dorota_Miskiewicz_-_Poza_Czasem.mp3
/home/sc/mp3/tigerfm/music/Dorota_Miskiewicz_-_Wyspa_Drzewo_Zamek.mp3
/home/sc/mp3/tigerfm/music/Dzem_-_Czerwony_Jak_Cegla.mp3
/home/sc/mp3/tigerfm/jingle/The Best 1.mp3
/home/sc/mp3/tigerfm/music/Dzem_-_Do_Kolyski.mp3
/home/sc/mp3/tigerfm/music/Dzem_-_W_Zyciu_Piekne_Sa_Tylko_Chwile.mp3
/home/sc/mp3/tigerfm/music/Dzem_-_Wehikul_Czasu.mp3
/home/sc/mp3/tigerfm/music/Dzem_-_Whiskey.mp3
/home/sc/mp3/tigerfm/jingle/LDN_SWEEP_08.MP3
/home/sc/mp3/tigerfm/music/Edyta_Bartosiewicz_-_Goodbye_to_the_Roman_Candles.mp3
/home/sc/mp3/tigerfm/music/Edyta_Bartosiewicz_-_Jenny.mp3
/home/sc/mp3/tigerfm/music/Edyta_Bartosiewicz_-_Koziorozec.mp3
/home/sc/mp3/tigerfm/music/Edyta_Bartosiewicz_-_Opowiesc.mp3
/home/sc/mp3/tigerfm/jingle/LDN_SWEEP_04.MP3
/home/sc/mp3/tigerfm/music/Edyta_Bartosiewicz_-_Ostatni.mp3
/home/sc/mp3/tigerfm/music/Edyta_Bartosiewicz_-_Sen.mp3
/home/sc/mp3/tigerfm/music/Edyta_Bartosiewicz_-_Tatuaz.mp3
/home/sc/mp3/tigerfm/music/Edyta_Bartosiewicz_-_Urodziny.mp3
/home/sc/mp3/tigerfm/jingle/LDN_SWEEP_07.MP3
/home/sc/mp3/tigerfm/music/Edyta_Bartosiewicz_-_Zegar.mp3
/home/sc/mp3/tigerfm/music/Edyta_Gorniak_-_Dotyk.mp3
/home/sc/mp3/tigerfm/music/Edyta_Gorniak_-_Jak_Najdalej.mp3
/home/sc/mp3/tigerfm/music/Edyta_Gorniak_-_Jestem_Kobieta.mp3
/home/sc/mp3/tigerfm/jingle/LDN_SWEEP_01.MP3
/home/sc/mp3/tigerfm/music/Edyta_Gorniak_-_Nie_Prosze_O_Wiecej.mp3
/home/sc/mp3/tigerfm/music/Edyta_Gorniak_-_Perla.mp3
/home/sc/mp3/tigerfm/music/Edyta_Gorniak_-_When_You_Come_Back_to_Me.mp3
/home/sc/mp3/tigerfm/music/Elektryczne_Gitary_-_Czlowiek_Z_Lisciem_Na_Glowie.mp3
/home/sc/mp3/tigerfm/jingle/The Best 3.mp3
/home/sc/mp3/tigerfm/music/Elektryczne_Gitary_-_Dzieci.mp3
/home/sc/mp3/tigerfm/music/Elektryczne_Gitary_-_Jestem_Z_Miasta.mp3
/home/sc/mp3/tigerfm/music/Elektryczne_Gitary_-_Kller.mp3
/home/sc/mp3/tigerfm/music/Elektryczne_Gitary_-_Wlosy.mp3
/home/sc/mp3/tigerfm/jingle/LDN_SWEEP_02.MP3
/home/sc/mp3/tigerfm/music/Elektryczne_Gitary_-__Wlosy.mp3
/home/sc/mp3/tigerfm/music/Emi_-_Nie_Walcz.mp3
/home/sc/mp3/tigerfm/music/Emi_-_Tylko_Ciebie_Chce.mp3
/home/sc/mp3/tigerfm/music/Ewa_Bem_-_Mowie_Tak_Mysle_Nie.mp3
/home/sc/mp3/tigerfm/jingle/LDN_SWEEP_10.MP3
/home/sc/mp3/tigerfm/music/Ewelina_Flinta_-_Blizej.mp3
/home/sc/mp3/tigerfm/music/Ewelina_Flinta_-_Goniac_Za_Cieniem.mp3
/home/sc/mp3/tigerfm/music/Ex_Dance_-_Gdy_Tobie_Klamalem.mp3
/home/sc/mp3/tigerfm/music/FNS_-_Baboki.mp3
/home/sc/mp3/tigerfm/jingle/The Best 3.mp3
/home/sc/mp3/tigerfm/music/FNS_-_Kochac_Czasem_Znaczy_Umiec.mp3
/home/sc/mp3/tigerfm/music/FNS_-_Lato.mp3
/home/sc/mp3/tigerfm/music/FNS_-_Lawka.mp3
/home/sc/mp3/tigerfm/music/FNS_-_Zolty_Rower.mp3
/home/sc/mp3/tigerfm/jingle/LDN_SWEEP_03.MP3
/home/sc/mp3/tigerfm/music/Farba_-_Kiedy_Milosc.mp3
/home/sc/mp3/tigerfm/music/Feel_-_A_Gdy_Jest_Juz_Ciemno.mp3
/home/sc/mp3/tigerfm/music/Feel_-_Jak_Aniola_Glos.mp3
/home/sc/mp3/tigerfm/music/Feel_-_Pokaz_Na_Co_Cie_Stac.mp3
/home/sc/mp3/tigerfm/jingle/LDN_SWEEP_09.MP3
/home/sc/mp3/tigerfm/music/Felicjan_Andrzejczak_-_Zrob_To_Sam.mp3
/home/sc/mp3/tigerfm/music/Firebirds_-_Harry.mp3
/home/sc/mp3/tigerfm/music/Fisz_-_Czerwona_Sukienka.mp3
/home/sc/mp3/tigerfm/music/Formacja_Niezywych_Schabuff_-_Lato.mp3
/home/sc/mp3/tigerfm/jingle/LDN_SWEEP_08.MP3
/home/sc/mp3/tigerfm/music/Gaan_-_Jestem_Twoja_Odpowiedzia.mp3
/home/sc/mp3/tigerfm/music/Gabriel_Fleszar_-_Gdy_Oszalal_Swiat.mp3
/home/sc/mp3/tigerfm/music/Gabriel_Fleszar_-_Kto_Panem_Kto_Sluga.mp3
/home/sc/mp3/tigerfm/music/Golden_Life_-_24.11.94.mp3
/home/sc/mp3/tigerfm/jingle/LDN_SWEEP_03.MP3
/home/sc/mp3/tigerfm/music/Golden_Life_-_Dobra_Dobra_Dobra.mp3
/home/sc/mp3/tigerfm/music/Golden_Life_-_Kocham_Wolnosc.mp3
/home/sc/mp3/tigerfm/music/Golden_Life_-_Zabojcza_I_Niebezpieczna.mp3
/home/sc/mp3/tigerfm/music/Golec_Orkiestra_-_Kto_Sie_Ceni.mp3
/home/sc/mp3/tigerfm/jingle/LDN_SWEEP_06.MP3
/home/sc/mp3/tigerfm/music/Goya_-_Kawalek_Po_Kawalku.mp3
/home/sc/mp3/tigerfm/music/Goya_-_Smak_Slow.mp3
/home/sc/mp3/tigerfm/music/Goya_-_Smells_Like_Teen_Spirit.mp3
/home/sc/mp3/tigerfm/music/Goya_-_Tylko_Mnie_Kochaj.mp3
/home/sc/mp3/tigerfm/jingle/The Best 1.mp3
/home/sc/mp3/tigerfm/music/Grzegorz_Turnau_-_Miedzy_Cisza_A_Cisza.mp3
/home/sc/mp3/tigerfm/music/Grzegorz_Turnau_-_Miedzy_Cisza_a_Cisza.mp3
/home/sc/mp3/tigerfm/music/Grzegorz_Turnau_-_Niebezpieczne_Zwiazki.mp3
/home/sc/mp3/tigerfm/music/Grzegorz_Turnau_And_Basia_Stepniak_-_Bombonierka.mp3
/home/sc/mp3/tigerfm/jingle/LDN_SWEEP_06.MP3
/home/sc/mp3/tigerfm/music/Harlem_-_Biegne.mp3
/home/sc/mp3/tigerfm/music/Hey_-_Aniol.mp3
/home/sc/mp3/tigerfm/music/Hey_-_Bylabym.mp3
/home/sc/mp3/tigerfm/music/Hey_-_Cisza_Ja__I_Czas.mp3
/home/sc/mp3/tigerfm/jingle/LDN_SWEEP_02.MP3
/home/sc/mp3/tigerfm/music/Hey_-_Mimo_Wszystko.mp3
/home/sc/mp3/tigerfm/music/Hey_-_Moja_I_Twoja_Nadzieja.mp3
/home/sc/mp3/tigerfm/music/Hey_-_Teksanski.mp3
/home/sc/mp3/tigerfm/music/Indios_Bravos_-_Samo_Nic.mp3
/home/sc/mp3/tigerfm/jingle/LDN_SWEEP_02.MP3
/home/sc/mp3/tigerfm/music/Ira_-_Moj_Dom.mp3
/home/sc/mp3/tigerfm/music/Ira_-_Nadzieja.mp3
/home/sc/mp3/tigerfm/music/Ira_-_Wiara.mp3
/home/sc/mp3/tigerfm/music/Isa_-_Moj_Aniol.mp3
/home/sc/mp3/tigerfm/jingle/Ulubione 2.mp3
/home/sc/mp3/tigerfm/music/Isa_-_Raz_Jeszcze.mp3
/home/sc/mp3/tigerfm/music/Izabela_Trojanowska_-_Karmazynowa_Noc.mp3
/home/sc/mp3/tigerfm/music/Jedyna_Masc_-_Moja_Wlasna_Smierc.mp3
/home/sc/mp3/tigerfm/music/Jedyna_Masc_-_Nie_Wiedzie_Sie.mp3
/home/sc/mp3/tigerfm/jingle/LDN_SWEEP_09.MP3
/home/sc/mp3/tigerfm/music/Jedyna_Masc_-_Zmeczony.mp3
/home/sc/mp3/tigerfm/music/Kancelarya_-_Zabiore_Cie.mp3
/home/sc/mp3/tigerfm/music/Kasia_Kowalska_-_Byc_Tak_Blisko.mp3
/home/sc/mp3/tigerfm/music/Kasia_Kowalska_-_Jak_Rzecz.mp3
/home/sc/mp3/tigerfm/jingle/Ulubione 1.mp3
/home/sc/mp3/tigerfm/music/Kasia_Kowalska_-_Nobody.mp3
/home/sc/mp3/tigerfm/music/Kava_4.2_-_Zapalasz_Mnie.mp3
/home/sc/mp3/tigerfm/music/Kayah_-_A_Tymczasem_Na_Zapleczu.mp3
/home/sc/mp3/tigerfm/music/Kayah_-_Aniol_Wiedzial.mp3
/home/sc/mp3/tigerfm/jingle/LDN_SWEEP_05.MP3
/home/sc/mp3/tigerfm/music/Kayah_-_Dla_Niego.mp3
/home/sc/mp3/tigerfm/music/Kayah_-_Fleciki.mp3
/home/sc/mp3/tigerfm/music/Kayah_-_Jaka_Ja_Kayah.mp3
/home/sc/mp3/tigerfm/music/Kayah_-_James_Blond_4_Gut_By.mp3
/home/sc/mp3/tigerfm/jingle/LDN_SWEEP_09.MP3
/home/sc/mp3/tigerfm/music/Kayah_-_Kiedy_Mowisz.mp3
/home/sc/mp3/tigerfm/music/Kayah_-_Na_Wieki.mp3
/home/sc/mp3/tigerfm/music/Kayah_-_Nie_Patrzysz.mp3
/home/sc/mp3/tigerfm/music/Kayah_-_Nie_Wiedzialam.mp3
/home/sc/mp3/tigerfm/jingle/LDN_SWEEP_01.MP3
/home/sc/mp3/tigerfm/music/Kayah_-_Prawy_Do_Lewego.mp3
/home/sc/mp3/tigerfm/music/Kayah_-_Spij_Kochanie_Spij.mp3
/home/sc/mp3/tigerfm/music/Kayah_-_Supermenka.mp3
/home/sc/mp3/tigerfm/music/Kayah_-_Topielice.mp3
/home/sc/mp3/tigerfm/jingle/LDN_SWEEP_06.MP3
/home/sc/mp3/tigerfm/music/Kayah_-_Wbrew_Naturze.mp3
/home/sc/mp3/tigerfm/music/Kayah_-_Za_Blisko.mp3
/home/sc/mp3/tigerfm/music/Kayah_-_Zulus.mp3
/home/sc/mp3/tigerfm/music/Kazik_-_Maciek_Ja_Tylko_Zartowalem.mp3
/home/sc/mp3/tigerfm/jingle/LDN_SWEEP_08.MP3
/home/sc/mp3/tigerfm/music/Kilianski_Kayah_-_Procz_Ciebie_nic.mp3
/home/sc/mp3/tigerfm/music/Klaus_Mitffoch_-_Jezu_Jak_Sie_Ciesze.mp3
/home/sc/mp3/tigerfm/music/Kobranocka_-_I_Nikomu_Nie_Wolno_Sie_Z_Tego_Smiac.mp3
/home/sc/mp3/tigerfm/music/Kobranocka_-_Kocham_Cie_Jak_Irlandie.mp3
/home/sc/mp3/tigerfm/jingle/LDN_SWEEP_09.MP3
/home/sc/mp3/tigerfm/music/Kombii_-_Slad.mp3
/home/sc/mp3/tigerfm/music/Kombii_-_Slodkiego_Milego_Zycia.mp3
/home/sc/mp3/tigerfm/music/Kowalski_-_Marian.mp3
/home/sc/mp3/tigerfm/music/Kult_-_Gdy_Nie_Ma_Dzieci.mp3
/home/sc/mp3/tigerfm/jingle/Ulubione 1.mp3
/home/sc/mp3/tigerfm/music/Kult_-_Rzad_Oficjalny.mp3
/home/sc/mp3/tigerfm/music/Kulturka_-_Piosenka_Dla_Jurka.mp3
/home/sc/mp3/tigerfm/music/Kulturka_-_Telefon_Z_Kulturka.mp3
/home/sc/mp3/tigerfm/music/Lady_Pank_-_Mniej_Niz_Zero.mp3
/home/sc/mp3/tigerfm/jingle/Ulubione 1.mp3
/home/sc/mp3/tigerfm/music/Lady_Pank_-_Na_Co_Komu_Dzis.mp3
/home/sc/mp3/tigerfm/music/Lady_Pank_-_Stacja_Warszawa.mp3
/home/sc/mp3/tigerfm/music/Lady_Pank_-_Sztuka_Latania.mp3
/home/sc/mp3/tigerfm/music/Lady_Pank_-_To_Co_mam.mp3
/home/sc/mp3/tigerfm/jingle/LDN_SWEEP_04.MP3
/home/sc/mp3/tigerfm/music/Lady_Pank_-_Wenus_Mars.mp3
/home/sc/mp3/tigerfm/music/Lady_Pank_-_Zamki_Na_Piasku.mp3
/home/sc/mp3/tigerfm/music/Lady_Pank_-_Zawsze_Tam_Gdzie_Ty.mp3
/home/sc/mp3/tigerfm/music/Lady_Pank_-_Zostawcie_Titanica.mp3
/home/sc/mp3/tigerfm/jingle/LDN_SWEEP_05.MP3
/home/sc/mp3/tigerfm/music/Lech_Janerka_-_Rower.mp3
/home/sc/mp3/tigerfm/music/Logo_-_Za_Twoj_Czuly_Szept.mp3
/home/sc/mp3/tigerfm/music/Lukasz_Zagrobelny_-_Nie_Potrzeba_Wiecej.mp3
/home/sc/mp3/tigerfm/music/Lukasz_Zagrobelny_-_Nieprawda.mp3
/home/sc/mp3/tigerfm/jingle/LDN_SWEEP_05.MP3
/home/sc/mp3/tigerfm/music/Maanam_-_Boskie_Buenos.mp3
/home/sc/mp3/tigerfm/music/Maanam_-_Jestesmy_Ze_Stali.mp3
/home/sc/mp3/tigerfm/music/Maanam_-_Kocham_Cie_Kochanie_Moje.mp3
/home/sc/mp3/tigerfm/music/Maanam_-_Krakowski_Spleen.mp3
/home/sc/mp3/tigerfm/jingle/The Best 1.mp3
/home/sc/mp3/tigerfm/music/Maanam_-_Lipstic_on_the_Glass.mp3
/home/sc/mp3/tigerfm/music/Maanam_-_Mowia_Ze_Milosc_Mieszka_W_Niebie.mp3
/home/sc/mp3/tigerfm/music/Maanam_-_O_Nie_Rob_Tyle_Halasu.mp3
/home/sc/mp3/tigerfm/music/Maanam_-_Ocean_Wolnego_Czasu.mp3
/home/sc/mp3/tigerfm/jingle/LDN_SWEEP_09.MP3
/home/sc/mp3/tigerfm/music/Maanam_-_Zapatrzenie.mp3
/home/sc/mp3/tigerfm/music/Makowiecki_Band_-_Cant_Get_You_out_of_My_Head.mp3
/home/sc/mp3/tigerfm/music/Malarze_I_Zolnierze_-_Po_Prostu_Pastelowe.mp3
/home/sc/mp3/tigerfm/music/Malgorzata_Ostrowska_-_Lawa.mp3
/home/sc/mp3/tigerfm/jingle/LDN_SWEEP_10.MP3
/home/sc/mp3/tigerfm/music/Marcin_Rozynek_-_Najlepsze.mp3
/home/sc/mp3/tigerfm/music/Marcin_Rozynek_-_Silacz.mp3
/home/sc/mp3/tigerfm/music/Marek_Grechuta_-_Ocalic_Od_Zapomnienia.mp3
/home/sc/mp3/tigerfm/music/Marek_Grechuta_-_Wazne_Sa_Tylko_Te_Dni_Ktorych_Nie_Znamy.mp3
/home/sc/mp3/tigerfm/jingle/LDN_SWEEP_07.MP3
/home/sc/mp3/tigerfm/music/Maria_Sadowska_-_Kiedy_Nie_Ma_Milosci.mp3
/home/sc/mp3/tigerfm/music/Martyna_Jakubowicz_-_W_Domach_Z_Betonu.mp3
/home/sc/mp3/tigerfm/music/Martyna_Jakubowicz_-_Zagle_Tuz_Nad_Ziemia.mp3
/home/sc/mp3/tigerfm/music/Maryla_Rodowicz_-_Latwopalni.mp3
/home/sc/mp3/tigerfm/jingle/LDN_SWEEP_10.MP3
/home/sc/mp3/tigerfm/music/Mietall_Walus_Magazine_-_Slonce.mp3
/home/sc/mp3/tigerfm/music/Mietek_Szczesniak_-_Spoza_Nas.mp3
/home/sc/mp3/tigerfm/music/Myslovitz_-_Chlopcy.mp3
/home/sc/mp3/tigerfm/music/Myslovitz_-_Dla_Ciebie.mp3
/home/sc/mp3/tigerfm/jingle/LDN_SWEEP_07.MP3
/home/sc/mp3/tigerfm/music/Myslovitz_-_Dlugosc_Dzwieku_Samotnosci.mp3
/home/sc/mp3/tigerfm/music/Myslovitz_-_Miec_Czy_Byc.mp3
/home/sc/mp3/tigerfm/music/Myslovitz_-_Sound_of_Solitude.mp3
/home/sc/mp3/tigerfm/music/Myslovitz_-_To_Nie_Byl_Film.mp3
/home/sc/mp3/tigerfm/jingle/LDN_SWEEP_10.MP3
/home/sc/mp3/tigerfm/music/Myslovitz_Marek_Grechuta_-_Krakow.mp3
/home/sc/mp3/tigerfm/music/Natalia_Kukulska_-_Im_Wiecej_Ciebie_Tym_Mniej.mp3
/home/sc/mp3/tigerfm/music/Natalia_Kukulska_-_Sexi_Flexi.mp3
/home/sc/mp3/tigerfm/music/O.N.A._-_Kiedy_Powiem_Sobie_Dosc.mp3
/home/sc/mp3/tigerfm/jingle/LDN_SWEEP_08.MP3
/home/sc/mp3/tigerfm/music/ONA_-_Kiedy_Powiem_Sobie_Dosc.mp3
/home/sc/mp3/tigerfm/music/ONA_-_Niekochana.mp3
/home/sc/mp3/tigerfm/music/Oddzial_Zamkniety_-_Horror.mp3
/home/sc/mp3/tigerfm/music/Oddzial_Zamkniety_-_Obudz_Sie.mp3
/home/sc/mp3/tigerfm/jingle/Ulubione 1.mp3
/home/sc/mp3/tigerfm/music/Oddzial_Zamkniety_-_Ten_Wasz_Swiat.mp3
/home/sc/mp3/tigerfm/music/Offside_-_Wiatr_Od_Slonca.mp3
/home/sc/mp3/tigerfm/music/Pati_Yang_-_All_This_Is_Thirst.mp3
/home/sc/mp3/tigerfm/music/Patrycja_Markowska_-_Gdy_Zgasna_Swiatla.mp3
/home/sc/mp3/tigerfm/jingle/LDN_SWEEP_07.MP3
/home/sc/mp3/tigerfm/music/Pawel_Kukiz_-_Caluj_Mnie.mp3
/home/sc/mp3/tigerfm/music/Penny_Lane_-_Tak_Jak_Ja.mp3
/home/sc/mp3/tigerfm/music/Penny_Lane_-_Ty_To_Wiesz.mp3
/home/sc/mp3/tigerfm/music/Perfect_-_Autobiografia.mp3
/home/sc/mp3/tigerfm/jingle/LDN_SWEEP_10.MP3
/home/sc/mp3/tigerfm/music/Perfect_-_Calkiem_Inny_Kraj.mp3
/home/sc/mp3/tigerfm/music/Perfect_-_Kolysanka_Dla_Nieznajomej.mp3
/home/sc/mp3/tigerfm/music/Perfect_-_Niepokonani.mp3
/home/sc/mp3/tigerfm/music/Perfect_-_Niewiele_Ci_Moge_Dac_(Orchestral).mp3
/home/sc/mp3/tigerfm/jingle/LDN_SWEEP_01.MP3
/home/sc/mp3/tigerfm/music/Perfect_-_Objazdowe_Nieme_Kino.mp3
/home/sc/mp3/tigerfm/music/Pin_-_Odlot_Aniolow.mp3
/home/sc/mp3/tigerfm/music/Pin_-_Wina_Mocny_Smak.mp3
/home/sc/mp3/tigerfm/music/Piotr_Rubik_-_Niech_Mowia_Ze_To_Nie_Jest_Milosc.mp3
/home/sc/mp3/tigerfm/jingle/LDN_SWEEP_06.MP3
/home/sc/mp3/tigerfm/music/Polscy_Artysci_-_Pokonamy_Fale.mp3
/home/sc/mp3/tigerfm/music/Ptaky_-_Rzeka.mp3
/home/sc/mp3/tigerfm/music/Raz_Dwa_Trzy_-_Czekam_I_Wiem.mp3
/home/sc/mp3/tigerfm/music/Raz_Dwa_Trzy_-_I_Tak_Warto_Zyc.mp3
/home/sc/mp3/tigerfm/jingle/Ulubione 2.mp3
/home/sc/mp3/tigerfm/music/Raz_Dwa_Trzy_-_Nikt_Nikogo.mp3
/home/sc/mp3/tigerfm/music/Reni_Jusis_-_Its_Not_Enough.mp3
/home/sc/mp3/tigerfm/music/Reni_Jusis_-_Kiedys_Cie_Znajde.mp3
/home/sc/mp3/tigerfm/music/Reni_Jusis_-_Kilka_Prostych_Prawd.mp3
/home/sc/mp3/tigerfm/jingle/LDN_SWEEP_07.MP3
/home/sc/mp3/tigerfm/music/Republika_-_Biala_Flaga.mp3
/home/sc/mp3/tigerfm/music/Republika_-_Lawa.mp3
/home/sc/mp3/tigerfm/music/Republika_-_Mamona.mp3
/home/sc/mp3/tigerfm/music/Republika_-_Moja_Krew.mp3
/home/sc/mp3/tigerfm/jingle/LDN_SWEEP_04.MP3
/home/sc/mp3/tigerfm/music/Republika_-_Obcy_Astronom.mp3
/home/sc/mp3/tigerfm/music/Republika_-_Odchodzac.mp3
/home/sc/mp3/tigerfm/music/Republika_-_Telefony.mp3
/home/sc/mp3/tigerfm/music/Republika_-_Zapytaj_Mnie_Czy_Cie_Kocham.mp3
/home/sc/mp3/tigerfm/jingle/LDN_SWEEP_09.MP3
/home/sc/mp3/tigerfm/music/Rezerqat_-_Zaopiekuj_Sie_Mna.mp3
/home/sc/mp3/tigerfm/music/Rezerwat_-_Zaopiekuj_Sie_Mna.mp3
/home/sc/mp3/tigerfm/music/Rh+_-_Po_Prostu_Milosc.mp3
/home/sc/mp3/tigerfm/music/Robert_Gawlinski_-_Jasne_Ulice.mp3
/home/sc/mp3/tigerfm/jingle/LDN_SWEEP_10.MP3
/home/sc/mp3/tigerfm/music/Robert_Janson_-_Male_Sczescia.mp3
/home/sc/mp3/tigerfm/music/Roze_Europy_-_Jedwab.mp3
/home/sc/mp3/tigerfm/music/Roze_Europy_-_List_Do_Gertrudy_Burgund.mp3
/home/sc/mp3/tigerfm/music/Sexbomba_-_Hallo_To_Ja.mp3
/home/sc/mp3/tigerfm/jingle/LDN_SWEEP_07.MP3
/home/sc/mp3/tigerfm/music/Sidney_Polak_-_Chomiczowka.mp3
/home/sc/mp3/tigerfm/music/Sidney_Polak_feat._Pezet_-_Otwieram_Wino.mp3
/home/sc/mp3/tigerfm/music/Silski_-_Gdy_Umiera_Dzien.mp3
/home/sc/mp3/tigerfm/music/Sixteen_-_Lawa.mp3
/home/sc/mp3/tigerfm/jingle/Ulubione 2.mp3
/home/sc/mp3/tigerfm/music/Slawek_Uniatowski_-_Wciaz_Jeszcze_Wierze_W_Nas.mp3
/home/sc/mp3/tigerfm/music/Stachursky_-_Jedwab.mp3
/home/sc/mp3/tigerfm/music/Stanislaw_Sojka_-_Cud_Niepamieci.mp3
/home/sc/mp3/tigerfm/music/Stanislaw_Soyka_-_Tolerancja.mp3
/home/sc/mp3/tigerfm/jingle/Ulubione 2.mp3
/home/sc/mp3/tigerfm/music/Stanislaw_Soyka_-_You_Are_So_Beautiful.mp3
/home/sc/mp3/tigerfm/music/Strachy_Na_Lachy_-_Dzien_Dobry_Kocham_Cie.mp3
/home/sc/mp3/tigerfm/music/Sunflowers_-_Czy_Wiesz.mp3
/home/sc/mp3/tigerfm/music/Sunflowers_-_Nowa_Era.mp3
/home/sc/mp3/tigerfm/jingle/The Best 2.mp3
/home/sc/mp3/tigerfm/music/Sunflowers_-_Rozmowa.mp3
/home/sc/mp3/tigerfm/music/Sunflowers_-_Znaki.mp3
/home/sc/mp3/tigerfm/music/Swagierkolaska_-_U_Cioci_Na_Imieninach.mp3
/home/sc/mp3/tigerfm/music/Sztywny_Pal_Azji_-_Loze_W_Kolorze_Czerwonym.mp3
/home/sc/mp3/tigerfm/jingle/LDN_SWEEP_10.MP3
/home/sc/mp3/tigerfm/music/Sztywny_Pal_Azji_-_Wieza_Radosci_Wieza_Samotnosci.mp3
/home/sc/mp3/tigerfm/music/Szymon_Wydra_-_Jak_Ja_Jej_To_Powiem.mp3
/home/sc/mp3/tigerfm/music/T.Love_-_He_Was_Born_to_Be_a_Taxi_Driver.mp3
/home/sc/mp3/tigerfm/music/T.Love_-_King.mp3
/home/sc/mp3/tigerfm/jingle/LDN_SWEEP_01.MP3
/home/sc/mp3/tigerfm/music/T_Love_-_Ajrisz.mp3
/home/sc/mp3/tigerfm/music/T_Love_-_Chlopaki_Nie_Placza.mp3
/home/sc/mp3/tigerfm/music/T_Love_-_He_Was_Born_to_Be_a_Taxi_Driver.mp3
/home/sc/mp3/tigerfm/music/T_Love_-_I_Love_You.mp3
/home/sc/mp3/tigerfm/jingle/LDN_SWEEP_03.MP3
/home/sc/mp3/tigerfm/music/T_Love_-_Jazz_Nad_Wisla.mp3
/home/sc/mp3/tigerfm/music/T_Love_-_King.mp3
/home/sc/mp3/tigerfm/music/T_Love_-_Nie_Nie_Nie.mp3
/home/sc/mp3/tigerfm/music/T_Love_-_Stokrotka.mp3
/home/sc/mp3/tigerfm/jingle/LDN_SWEEP_04.MP3
/home/sc/mp3/tigerfm/music/T_Love_-_Warszawa.mp3
/home/sc/mp3/tigerfm/music/T_Love_-_Wychowanie.mp3
/home/sc/mp3/tigerfm/music/Tatiana_Okupnik_-_Dont_Hold_Back.mp3
/home/sc/mp3/tigerfm/music/Telewizor_-_Plyne_Gine.mp3
/home/sc/mp3/tigerfm/jingle/LDN_SWEEP_03.MP3
/home/sc/mp3/tigerfm/music/Tilt_-_Mowie_Ci_Ze.mp3
/home/sc/mp3/tigerfm/music/Tilt_-_Runal_Juz_Ostatni_Mur.mp3
/home/sc/mp3/tigerfm/music/Turbo_-_Dorosle_Dzieci.mp3
/home/sc/mp3/tigerfm/music/Universe_-_W_Taka_Cisze.mp3
/home/sc/mp3/tigerfm/jingle/LDN_SWEEP_10.MP3
/home/sc/mp3/tigerfm/music/Urszula_-_Aniol_Wie.mp3
/home/sc/mp3/tigerfm/music/Urszula_-_Na_Sen.mp3
/home/sc/mp3/tigerfm/music/Vabank_-_To_Moja_Gra.mp3
/home/sc/mp3/tigerfm/music/Varius_Manx_-_Maj.mp3
/home/sc/mp3/tigerfm/jingle/LDN_SWEEP_01.MP3
/home/sc/mp3/tigerfm/music/Varius_Manx_-_Pocaluj_Noc.mp3
/home/sc/mp3/tigerfm/music/Video_-_Ide_Na_Plaze.mp3
/home/sc/mp3/tigerfm/music/Vir_-_Nie_Wiem.mp3
/home/sc/mp3/tigerfm/music/Virgin_-_Znak_Pokoju.mp3
/home/sc/mp3/tigerfm/jingle/LDN_SWEEP_02.MP3
/home/sc/mp3/tigerfm/music/Voo_Voo_-_Jak_Gdyby_Nigdy_Nic.mp3
/home/sc/mp3/tigerfm/music/Voo_Voo_-_Nabroilo_Sie.mp3
/home/sc/mp3/tigerfm/music/Wilki_-_Baska.mp3
/home/sc/mp3/tigerfm/music/Wilki_-_Bohema.mp3
/home/sc/mp3/tigerfm/jingle/LDN_SWEEP_04.MP3
/home/sc/mp3/tigerfm/music/Wilki_-_Cherman.mp3
/home/sc/mp3/tigerfm/music/Wilki_-_Eroll.mp3
/home/sc/mp3/tigerfm/music/Wilki_-_NAvoie.mp3
/home/sc/mp3/tigerfm/music/Wilki_-_Na_Zawsze_I_Na_Wiecznosc.mp3
/home/sc/mp3/tigerfm/jingle/LDN_SWEEP_03.MP3
/home/sc/mp3/tigerfm/music/Wilki_-_Son_of_the_Blue_Sky.mp3
/home/sc/mp3/tigerfm/music/Wilki_-_Urke.mp3
/home/sc/mp3/tigerfm/music/Yugopolis_&_Pawel_Kukiz_-_Miasto_Budzi_Sie.mp3
/home/sc/mp3/tigerfm/music/Yugoton_-_Malcziki.mp3
/home/sc/mp3/tigerfm/jingle/Ulubione 2.mp3
/home/sc/mp3/tigerfm/music/Ziyo_-_Magiczne_Slowa.mp3
/home/sc/mp3/tigerfm/music/eM_-_Na_Jednej_Fali.mp3
