/home/sc/mp3/tigerfm8/ACDC_-_Hells_Bells.mp3
/home/sc/mp3/tigerfm8/ACDC_-_Highway_To_Hell.mp3
/home/sc/mp3/tigerfm8/ACDC_-_Thunderstruck.mp3
/home/sc/mp3/tigerfm8/ACDC_-_You_Shook_Me_All_Night_Long.mp3
/home/sc/mp3/tigerfm8/Abba_-_Dancing_Queen.mp3
/home/sc/mp3/tigerfm8/Abc-The_Look_Of_Love.mp3
/home/sc/mp3/tigerfm8/Aerosmith_-_Crazy.mp3
/home/sc/mp3/tigerfm8/Aerosmith_-_Dream_On.mp3
/home/sc/mp3/tigerfm8/Aerosmith_-_Sweet_Emotion.mp3
/home/sc/mp3/tigerfm8/Aerosmith_-_Walk_This_Way.mp3
/home/sc/mp3/tigerfm8/Alanis_Morissette_-_Ironic.mp3
/home/sc/mp3/tigerfm8/Alanis_Morissette_-_You_Oughta_Know.mp3
/home/sc/mp3/tigerfm8/Alice_Cooper_-_Schools_Out.mp3
/home/sc/mp3/tigerfm8/Allman_Brothers_-_Jessica.mp3
/home/sc/mp3/tigerfm8/Allman_Brothers_Band_-_Ramblin_Man.mp3
/home/sc/mp3/tigerfm8/Allman_Brothers_Band_-_Whipping_Post.mp3
/home/sc/mp3/tigerfm8/Apocalyptica_-_Until_It_Sleeps.mp3
/home/sc/mp3/tigerfm8/Aretha_Franklin_-_Respect.mp3
/home/sc/mp3/tigerfm8/Aretha_Franklin_-_You_Make_Me_Feel_Like_A_Natural_Woman.mp3
/home/sc/mp3/tigerfm8/August_Rush_-_Bruce_Dickinson_-_Tears_Of_The_Dragon.mp3
/home/sc/mp3/tigerfm8/BB_King_-_Stand_By_Me.mp3
/home/sc/mp3/tigerfm8/BB_King_And_Tracy_Chapman_-_The_Thrill_Is_Gone.mp3
/home/sc/mp3/tigerfm8/Babylon_Zoo_-_Spaceman.mp3
/home/sc/mp3/tigerfm8/Bachman-Turner_Overdrive_-_Takin_Care_Of_Business.mp3
/home/sc/mp3/tigerfm8/Bachman_Turner_Overdrive_-_You_Aint_Seen_Nothing_Yet.mp3
/home/sc/mp3/tigerfm8/Bad_Company_-_Feel_Like_Makin_Love.mp3
/home/sc/mp3/tigerfm8/Bad_Company_-_Rock_n_Roll_Fantasy.mp3
/home/sc/mp3/tigerfm8/Barbra_Streisand_-_The_Way_We_Were.mp3
/home/sc/mp3/tigerfm8/Beach_Boys_-_In_My_Room.mp3
/home/sc/mp3/tigerfm8/Beach_boys_-_California_Girls.mp3
/home/sc/mp3/tigerfm8/Beatles_-_All_My_Loving.mp3
/home/sc/mp3/tigerfm8/Beatles_-_Back_in_the_USSR.mp3
/home/sc/mp3/tigerfm8/Beatles_-_I_Am_The_Walrus.mp3
/home/sc/mp3/tigerfm8/Beatles_-_Penny_Lane.mp3
/home/sc/mp3/tigerfm8/Bee_Gees_-_Stayin_Alive.mp3
/home/sc/mp3/tigerfm8/Bestie_Boys_-_Fight_For_Your_Right.mp3
/home/sc/mp3/tigerfm8/Bestie_Boys_-_Intergalatic.mp3
/home/sc/mp3/tigerfm8/Bill_Haley_and_his_Comets_-_Rock_Around_the_Clock.mp3
/home/sc/mp3/tigerfm8/Billy_Idol_-_White_Wedding.mp3
/home/sc/mp3/tigerfm8/Billy_Joel_-_Big_Shot.mp3
/home/sc/mp3/tigerfm8/Billy_Joel_-_Just_The_Way_You_Are.mp3
/home/sc/mp3/tigerfm8/Billy_Joel_-_New_York_State_Of_Mind.mp3
/home/sc/mp3/tigerfm8/Billy_Joel_-_Only_The_Good_Die_Young.mp3
/home/sc/mp3/tigerfm8/Billy_Joel_-_Piano_Man.mp3
/home/sc/mp3/tigerfm8/Billy_Joel_-_Scenes_From_An_Italian_Restaurant.mp3
/home/sc/mp3/tigerfm8/Bjork_-_5_Years.mp3
/home/sc/mp3/tigerfm8/Bjork_-_All_Is_Full_Of_Love.mp3
/home/sc/mp3/tigerfm8/Bjork_-_Army_Of_Me.mp3
/home/sc/mp3/tigerfm8/Bjork_-_Ballard.mp3
/home/sc/mp3/tigerfm8/Bjork_-_Hunter.mp3
/home/sc/mp3/tigerfm8/Bjork_-_I_Miss_You.mp3
/home/sc/mp3/tigerfm8/Bjork_-_Joga.mp3
/home/sc/mp3/tigerfm8/Bjork_-_One_Day.mp3
/home/sc/mp3/tigerfm8/Bjork_-_Pagan_Poetry.mp3
/home/sc/mp3/tigerfm8/Bjork_-_Unison.mp3
/home/sc/mp3/tigerfm8/Bjork_-_Venus_As_A_Boy.mp3
/home/sc/mp3/tigerfm8/Bjork_-_Violently_Happy.mp3
/home/sc/mp3/tigerfm8/Black_-_Wonderfull_Life.mp3
/home/sc/mp3/tigerfm8/Black_Sabbath_-_Paranoid.mp3
/home/sc/mp3/tigerfm8/Bloodhound_Gang_-_Along_Comes_Mary.mp3
/home/sc/mp3/tigerfm8/Bloodhound_Gang_-_The_Ballad_of_Chasey_Lain.mp3
/home/sc/mp3/tigerfm8/Blue_Oyster_Cult_-_Dont_Fear_The_Reaper.mp3
/home/sc/mp3/tigerfm8/Blue_Oyster_Cult_-_Im_Burning_For_You.mp3
/home/sc/mp3/tigerfm8/Blues_Brothers_-_Sweet_Home_Chicago.mp3
/home/sc/mp3/tigerfm8/Bo_Didley_-_Bo_Diddley.mp3
/home/sc/mp3/tigerfm8/Bob_Dylan_-_Blowin_In_The_Wind.mp3
/home/sc/mp3/tigerfm8/Bob_Dylan_-_Knockin_on_Heavens_Door.mp3
/home/sc/mp3/tigerfm8/Bob_Dylan_-_Like_A_Rolling_Stone.mp3
/home/sc/mp3/tigerfm8/Bob_Dylan_-_Tangled_Up_In_Blue.mp3
/home/sc/mp3/tigerfm8/Bob_Marley_-_Get_Up_Stand_Up.mp3
/home/sc/mp3/tigerfm8/Bob_Marley_-_No_Woman_No_Cry.mp3
/home/sc/mp3/tigerfm8/Bob_Seger_-_Hollywood_Nights.mp3
/home/sc/mp3/tigerfm8/Bob_Seger_-_Night_Moves.mp3
/home/sc/mp3/tigerfm8/Bob_Seger_-_Old_Time_Rock_n_Roll.mp3
/home/sc/mp3/tigerfm8/Bob_Seger_-_Turn_The_Page.mp3
/home/sc/mp3/tigerfm8/Bobby_Darin_-_Mack_The_Knife.mp3
/home/sc/mp3/tigerfm8/Bon_Jovi_-_Always.mp3
/home/sc/mp3/tigerfm8/Bon_Jovi_-_Blaze_of_Glory.mp3
/home/sc/mp3/tigerfm8/Bon_Jovi_-_Its_My_Life.mp3
/home/sc/mp3/tigerfm8/Bon_Jovi_-_Livin_On_A_Prayer.mp3
/home/sc/mp3/tigerfm8/Bon_Jovi_-_Runaway.mp3
/home/sc/mp3/tigerfm8/Bon_Jovi_-_Wanted_Dead_Or_Alive.mp3
/home/sc/mp3/tigerfm8/Bonnie_Tyler_-_I_Need_a_Hero.mp3
/home/sc/mp3/tigerfm8/Bonnie_Tyler_And_Meat_Loaf_-_Total_Eclipse_Of_The_Heart.mp3
/home/sc/mp3/tigerfm8/Bonnie_Tyler_And_Mike_Oldfield_-_Islands.mp3
/home/sc/mp3/tigerfm8/Boston_-_Dont_Look_Back.mp3
/home/sc/mp3/tigerfm8/Boston_-_Longtime.mp3
/home/sc/mp3/tigerfm8/Boston_-_More_Than_A_Feeling.mp3
/home/sc/mp3/tigerfm8/Boston_-_Rock_And_Roll_Band.mp3
/home/sc/mp3/tigerfm8/Brenda_Lee_-_Im_Sorry.mp3
/home/sc/mp3/tigerfm8/Brian_May_-_Too_Much_Love_Kill_You.mp3
/home/sc/mp3/tigerfm8/Bruce_Dickinson_-_Tears_Of_The_Dragon.mp3
/home/sc/mp3/tigerfm8/Bruce_Dickinson_And_Marillion_-_With_a_Little_Help_From_My_Friends.mp3
/home/sc/mp3/tigerfm8/Bruce_Springsteen_-_Born_To_Run.mp3
/home/sc/mp3/tigerfm8/Bruce_Springsteen_-_Dancing_In_The_Dark.mp3
/home/sc/mp3/tigerfm8/Bruce_Springsteen_-_Jungleland.mp3
/home/sc/mp3/tigerfm8/Bruce_Springsteen_-_Streets_Of_Philadelphia.mp3
/home/sc/mp3/tigerfm8/Bruce_Springsteen_-_Thunder_Road.mp3
/home/sc/mp3/tigerfm8/Bryan_Adams_-_Everything_I_do_I_do_It_For_You.mp3
/home/sc/mp3/tigerfm8/Bryan_Adams_-_Please_Forgive_Me.mp3
/home/sc/mp3/tigerfm8/Buddy_Holly_-_Peggy_Sue.mp3
/home/sc/mp3/tigerfm8/Buffalo_Springfield_-_For_What_Its_Worth.mp3
/home/sc/mp3/tigerfm8/Carl_Perkins_-_Blue_Suede_Shoes.mp3
/home/sc/mp3/tigerfm8/Carlos_Santana_-_Samba_Pa_ti.mp3
/home/sc/mp3/tigerfm8/Carol_King_-_Youve_Got_A_Friend.mp3
/home/sc/mp3/tigerfm8/Carpenters_-_Close_To_You.mp3
/home/sc/mp3/tigerfm8/Carpenters_-_Weve_Only_Just_Begun.mp3
/home/sc/mp3/tigerfm8/Cheap_Trick_-_I_Want_You_To_Want_Me.mp3
/home/sc/mp3/tigerfm8/Chubby_Checker_-_The_Twist.mp3
/home/sc/mp3/tigerfm8/Chuck_Berry_-_Johnny_B._Goode.mp3
/home/sc/mp3/tigerfm8/Chuck_Berry_-_Maybellene.mp3
/home/sc/mp3/tigerfm8/Clannad_-_Robin.mp3
/home/sc/mp3/tigerfm8/Cream_-_Sunshine_Of_Your_Love.mp3
/home/sc/mp3/tigerfm8/Cream_-_White_Room.mp3
/home/sc/mp3/tigerfm8/Creed_-To_Whom_It_May_Concern.mp3
/home/sc/mp3/tigerfm8/Creedence_Clearwater_Revival_-_Bad_Moon_Rising.mp3
/home/sc/mp3/tigerfm8/Creedence_Clearwater_Revival_-_Born_On_The_Bayou.mp3
/home/sc/mp3/tigerfm8/Creedence_Clearwater_Revival_-_Down_On_The_Corner.mp3
/home/sc/mp3/tigerfm8/Creedence_Clearwater_Revival_-_Fortunate_Son.mp3
/home/sc/mp3/tigerfm8/Creedence_Clearwater_Revival_-_Have_You_Ever_Seen_The_Rain.mp3
/home/sc/mp3/tigerfm8/Creedence_Clearwater_Revival_-_I_Heard_It_Through_The_Grapevine.mp3
/home/sc/mp3/tigerfm8/Creedence_Clearwater_Revival_-_Proud_Mary.mp3
/home/sc/mp3/tigerfm8/Creedence_Clearwater_Revival_-_Up_Around_The_Bend.mp3
/home/sc/mp3/tigerfm8/Creedence_Clearwater_Revival_-_Who_Will_Stop_the_Rain.mp3
/home/sc/mp3/tigerfm8/Crosby_Stills_Nash_And_Young_-_Teach_Your_Children.mp3
/home/sc/mp3/tigerfm8/Danzing_-_Mother.mp3
/home/sc/mp3/tigerfm8/David_Bowie_-_Changes.mp3
/home/sc/mp3/tigerfm8/David_Bowie_-_Fame.mp3
/home/sc/mp3/tigerfm8/David_Bowie_-_Space_Oddity.mp3
/home/sc/mp3/tigerfm8/David_Bowie_-_Suffragette_City.mp3
/home/sc/mp3/tigerfm8/David_Bowie_-_Ziggy_Stardust.mp3
/home/sc/mp3/tigerfm8/Deep_Purple_-_Black_Night.mp3
/home/sc/mp3/tigerfm8/Deep_Purple_-_Child_In_Time.mp3
/home/sc/mp3/tigerfm8/Deep_Purple_-_Smoke_On_The_Water.mp3
/home/sc/mp3/tigerfm8/Deep_Purple_-_Sometimes_I_Feel_Like_Screaming.mp3
/home/sc/mp3/tigerfm8/Depeche_Mode_-_Enjoy_The_Silence.mp3
/home/sc/mp3/tigerfm8/Depeche_Mode_-_Freelove.mp3
/home/sc/mp3/tigerfm8/Depeche_Mode_-_I_Feel_You.mp3
/home/sc/mp3/tigerfm8/Depeche_Mode_-_Just_Cant_Get_Enough.mp3
/home/sc/mp3/tigerfm8/Depeche_Mode_-_Master_and_servant.mp3
/home/sc/mp3/tigerfm8/Depeche_Mode_-_People_Are_People.mp3
/home/sc/mp3/tigerfm8/Derek_and_the_Dominos_-_Layla.mp3
/home/sc/mp3/tigerfm8/Diana_Ross_And_The_Supremes_-_Stop_In_The_Name_Of_Love.mp3
/home/sc/mp3/tigerfm8/Die_Happy_-_Super_Sonic_Speed.mp3
/home/sc/mp3/tigerfm8/Dion_And_Belmonts_-_Runaround_Sue.mp3
/home/sc/mp3/tigerfm8/Dire_Straits_-_Money_For_Nothing.mp3
/home/sc/mp3/tigerfm8/Dire_Straits_-_Sultans_of_Swing.mp3
/home/sc/mp3/tigerfm8/Dobbie_Brothers_-_Listen_To_The_Music.mp3
/home/sc/mp3/tigerfm8/Don_McLean_-_American_Pie.mp3
/home/sc/mp3/tigerfm8/Doobie_Brothers_-_Black_Water.mp3
/home/sc/mp3/tigerfm8/Doobie_Brothers_-_China_Grove.mp3
/home/sc/mp3/tigerfm8/Doobie_Brothers_-_Long_Train_Running.mp3
/home/sc/mp3/tigerfm8/Dream_Theater_-_Purple_Rain_(Prince_cover_live).mp3
/home/sc/mp3/tigerfm8/Dream_Theater_-_Smoke_On_The_Water.mp3
/home/sc/mp3/tigerfm8/Eagles_-_Hotel_California.mp3
/home/sc/mp3/tigerfm8/Eagles_-_Life_In_The_Fast_Lane.mp3
/home/sc/mp3/tigerfm8/Eagles_-_One_Of_These_Nights.mp3
/home/sc/mp3/tigerfm8/Eagles_-_Take_It_To_The_Limit.mp3
/home/sc/mp3/tigerfm8/Eagles_-_The_Boys_Of_Summer.mp3
/home/sc/mp3/tigerfm8/Eddie_Cochran_-_Summertime_Blues.mp3
/home/sc/mp3/tigerfm8/Edgar_Winters_Group_-_Frankenstein.mp3
/home/sc/mp3/tigerfm8/Elton_John_-_Bennie_and_the_Jets.mp3
/home/sc/mp3/tigerfm8/Elton_John_-_Candle_In_The_Wind.mp3
/home/sc/mp3/tigerfm8/Elton_John_-_Crocodile_Rock.mp3
/home/sc/mp3/tigerfm8/Elton_John_-_Daniel.mp3
/home/sc/mp3/tigerfm8/Elton_John_-_Goodbye_Yellow_Brick_Road.mp3
/home/sc/mp3/tigerfm8/Elton_John_-_Rocket_Man.mp3
/home/sc/mp3/tigerfm8/Elton_John_-_Saturday_nights_alright_for_fighting.mp3
/home/sc/mp3/tigerfm8/Elton_John_-_Tiny_Dancer.mp3
/home/sc/mp3/tigerfm8/Elton_John_-_Your_Song.mp3
/home/sc/mp3/tigerfm8/Elton_John_And_Jon_Bon_Jovi_-_Levon.mp3
/home/sc/mp3/tigerfm8/Elvis_Presely_-_I_Can_t_Help_Falling_In_Love_With_You.mp3
/home/sc/mp3/tigerfm8/Elvis_Presley_-_All_Shook_Up.mp3
/home/sc/mp3/tigerfm8/Elvis_Presley_-_Dont_Be_Cruel.mp3
/home/sc/mp3/tigerfm8/Elvis_Presley_-_Heartbreak_Hotel.mp3
/home/sc/mp3/tigerfm8/Elvis_Presley_-_Hound_Dog.mp3
/home/sc/mp3/tigerfm8/Elvis_Presley_-_In_The_Ghetto.mp3
/home/sc/mp3/tigerfm8/Elvis_Presley_-_Jailhouse_Rock.mp3
/home/sc/mp3/tigerfm8/Elvis_Presley_-_Love_me_tender.mp3
/home/sc/mp3/tigerfm8/Emerson_Lake_And_Palmer_-_Lucky_Man.mp3
/home/sc/mp3/tigerfm8/Enya_-_Maye_It_Be.mp3
/home/sc/mp3/tigerfm8/Eric_Clapton_-_Change_The_World.mp3
/home/sc/mp3/tigerfm8/Eric_Clapton_-_Cocaine.mp3
/home/sc/mp3/tigerfm8/Eric_Clapton_-_I_Shot_the_Sheriff.mp3
/home/sc/mp3/tigerfm8/Eric_Clapton_-_Layla_(Unplugged).mp3
/home/sc/mp3/tigerfm8/Eric_Clapton_-_Tears_In_Heaven.mp3
/home/sc/mp3/tigerfm8/Eric_Clapton_And_Dire_Straits_-_Wonderful_Tonight.mp3
/home/sc/mp3/tigerfm8/Eric_Clapton_Carlos_Santana_And_Jimi_Hendrix_-_After_Midnight.mp3
/home/sc/mp3/tigerfm8/Everly_Brothers_-_Bye_Bye_Love.mp3
/home/sc/mp3/tigerfm8/Falco_-_Jeanny.mp3
/home/sc/mp3/tigerfm8/Falco_-_Out_Of_The_Dark.mp3
/home/sc/mp3/tigerfm8/Falco_-_Rock_me_Amadeus.mp3
/home/sc/mp3/tigerfm8/Fats_Domino_-_Blueberry_Hill.mp3
/home/sc/mp3/tigerfm8/Fleetwood_Mac_-_Dont_Stop.mp3
/home/sc/mp3/tigerfm8/Fleetwood_Mac_-_Dreams.mp3
/home/sc/mp3/tigerfm8/Fleetwood_Mac_-_Go_Your_Own_Way.mp3
/home/sc/mp3/tigerfm8/Fleetwood_Mac_-_Gold_Dust_Woman.mp3
/home/sc/mp3/tigerfm8/Fleetwood_Mac_-_Rhiannon.mp3
/home/sc/mp3/tigerfm8/Foreginer_-_I_Want_To_Know_What_Love_is.mp3
/home/sc/mp3/tigerfm8/Foreigner_-_Cold_As_Ice.mp3
/home/sc/mp3/tigerfm8/Frank_Sinatra_-_Ive_Got_You_Under_My_Skin.mp3
/home/sc/mp3/tigerfm8/Frank_Sinatra_-_My_Way.mp3
/home/sc/mp3/tigerfm8/Frank_Sinatra_-_Strangers_In_The_Night.mp3
/home/sc/mp3/tigerfm8/Frankie_Lymon_And_The_Teenagers_-_Why_Do_Fools_Fall_In_Love.mp3
/home/sc/mp3/tigerfm8/Freddie_Mercury_And_Monserrat_Caballe_-_Barcelona.mp3
/home/sc/mp3/tigerfm8/Free_-_All_Right_Now.mp3
/home/sc/mp3/tigerfm8/Garbage_-_Androgity.mp3
/home/sc/mp3/tigerfm8/Genesis_-_Mama.mp3
/home/sc/mp3/tigerfm8/George_Harrison_-_My_Sweet_Lord.mp3
/home/sc/mp3/tigerfm8/George_Michael_-_Faith.mp3
/home/sc/mp3/tigerfm8/Gipsy_Kings_And_Carlos_Santana_-_Oye_Como_Va.mp3
/home/sc/mp3/tigerfm8/Gloria_Gaynor_-_I_Will_Survive.mp3
/home/sc/mp3/tigerfm8/Golden_Earring_-_Radar_Love.mp3
/home/sc/mp3/tigerfm8/Grand_Funk_Railroad_-_Were_An_American_Band.mp3
/home/sc/mp3/tigerfm8/Grateful_Dead_-_Truckin.mp3
/home/sc/mp3/tigerfm8/Gregorian_-_Voyage_voyage.mp3
/home/sc/mp3/tigerfm8/Guano_Apes_-_Big_In_Japan.mp3
/home/sc/mp3/tigerfm8/Guano_Apes_-_Living_in_a_Lie.mp3
/home/sc/mp3/tigerfm8/Guano_Apes_-_Open_your_eyes.mp3
/home/sc/mp3/tigerfm8/Guano_Apes_-_Rain.mp3
/home/sc/mp3/tigerfm8/Gueno_Apes_-_Lords_Of_The_Boards.mp3
/home/sc/mp3/tigerfm8/Guess_Who_-_American_Woman.mp3
/home/sc/mp3/tigerfm8/Guns_N_Roses_-_Dont_Cry.mp3
/home/sc/mp3/tigerfm8/Guns_N_Roses_-_Knockin_On_Heavens_Door.mp3
/home/sc/mp3/tigerfm8/Guns_N_Roses_-_Live_and_Let_die.mp3
/home/sc/mp3/tigerfm8/Guns_N_Roses_-_November_Rain.mp3
/home/sc/mp3/tigerfm8/Guns_N_Roses_-_Paradise_City.mp3
/home/sc/mp3/tigerfm8/Guns_N_Roses_-_Sweet_Child_Of_Mine.mp3
/home/sc/mp3/tigerfm8/Guns_N_Roses_-_Sweet_Home_Alabama.mp3
/home/sc/mp3/tigerfm8/Guns_N_Roses_-_Welcome_to_the_Jungle.mp3
/home/sc/mp3/tigerfm8/Guns_n_Roses_-_Sweet_Child_O_Mine.mp3
/home/sc/mp3/tigerfm8/H_Blockx_-_Risin_High.mp3
/home/sc/mp3/tigerfm8/Hall_And_Oates_-_Maneater.mp3
/home/sc/mp3/tigerfm8/Heart_-_Barracuda.mp3
/home/sc/mp3/tigerfm8/Heart_-_Crazy_On_You.mp3
/home/sc/mp3/tigerfm8/Him_-_Wicked_Games.mp3
/home/sc/mp3/tigerfm8/Howard_Shore_-_Requiem.mp3
/home/sc/mp3/tigerfm8/Iggy_Pop_-_Passenger.mp3
/home/sc/mp3/tigerfm8/Ike_and_Tina_Turner_-_River_deep_Mountain_High.mp3
/home/sc/mp3/tigerfm8/Iron_Maiden_-_Brave_New_World.mp3
/home/sc/mp3/tigerfm8/Iron_Maiden_-_Fear_of_the_Dark.mp3
/home/sc/mp3/tigerfm8/Iron_Maiden_-_Ghost_Of_The_Navigator.mp3
/home/sc/mp3/tigerfm8/Iron_Maiden_-_Prowler.mp3
/home/sc/mp3/tigerfm8/Iron_Maiden_-_Rime_Of_The_Ancient_Mariner.mp3
/home/sc/mp3/tigerfm8/Iron_Maiden_-_Run_To_The_Hills.mp3
/home/sc/mp3/tigerfm8/Iron_Maiden_-_The_Fallen_Angel.mp3
/home/sc/mp3/tigerfm8/Iron_Maiden_-_The_Mercenary.mp3
/home/sc/mp3/tigerfm8/Iron_Maiden_-_The_Number_Of_The_Beast.mp3
/home/sc/mp3/tigerfm8/Iron_Maiden_-_The_Trooper.mp3
/home/sc/mp3/tigerfm8/Iron_Maiden_-_The_Wicker_Man.mp3
/home/sc/mp3/tigerfm8/Isaac_Hayes_-_Theme_From_Shaft.mp3
/home/sc/mp3/tigerfm8/Jackson_Brown_-_The_Loud_out_And_Stay.mp3
/home/sc/mp3/tigerfm8/Jackson_Browne_-_Running_On_Empty.mp3
/home/sc/mp3/tigerfm8/Jackson_Five_-_I_Want_You_Back.mp3
/home/sc/mp3/tigerfm8/James_Brown_-_I_got_you.mp3
/home/sc/mp3/tigerfm8/James_Brown_-_Im_a_Soul_Man.mp3
/home/sc/mp3/tigerfm8/James_Brown_-_Living_In_America.mp3
/home/sc/mp3/tigerfm8/James_Taylor_-_Fire_and_Rain.mp3
/home/sc/mp3/tigerfm8/James_Taylor_-_Sweet_Baby_James.mp3
/home/sc/mp3/tigerfm8/James_Taylor_-_Youve_Got_A_Friend.mp3
/home/sc/mp3/tigerfm8/Janis_Joplin_-_Cry_Baby.mp3
/home/sc/mp3/tigerfm8/Janis_Joplin_-_Me_And_Bobby_McGee.mp3
/home/sc/mp3/tigerfm8/Janis_Joplin_-_Piece_Of_My_Heart.mp3
/home/sc/mp3/tigerfm8/Janis_Joplin_-_Summertime.mp3
/home/sc/mp3/tigerfm8/Jefferson_Airplane_-_Somebody_to_love.mp3
/home/sc/mp3/tigerfm8/Jefferson_Airplane_-_White_Rabbit.mp3
/home/sc/mp3/tigerfm8/Jennifer_Rush_-_Power_of_Love.mp3
/home/sc/mp3/tigerfm8/Jerry_Lee_Lewis_-_Great_Balls_Of_Fire.mp3
/home/sc/mp3/tigerfm8/Jerry_Mungo_-_In_The_Summertime.mp3
/home/sc/mp3/tigerfm8/Jethro_Tull_-_Aqualung.mp3
/home/sc/mp3/tigerfm8/Jethro_Tull_-_Locomotive_Breath.mp3
/home/sc/mp3/tigerfm8/Jim_Morrison_-_The_Ghost_Song.mp3
/home/sc/mp3/tigerfm8/Jimi_Hendrix_-_All_Along_The_Watchtower.mp3
/home/sc/mp3/tigerfm8/Jimi_Hendrix_-_Fire.mp3
/home/sc/mp3/tigerfm8/Jimi_Hendrix_-_Foxey_Lady.mp3
/home/sc/mp3/tigerfm8/Jimi_Hendrix_-_Hey_Joe.mp3
/home/sc/mp3/tigerfm8/Jimi_Hendrix_-_Purple_Haze.mp3
/home/sc/mp3/tigerfm8/Jimi_Hendrix_-_Voodoo_Chile.mp3
/home/sc/mp3/tigerfm8/Jimmy_Buffet_-_Margaritaville.mp3
/home/sc/mp3/tigerfm8/Joan_Jett_-_I_Love_Rock_And_Roll.mp3
/home/sc/mp3/tigerfm8/Joe_Cocker_-_Night_Calls.mp3
/home/sc/mp3/tigerfm8/Joe_Coker_-_With_A_Little_Help_From_My_Friends.mp3
/home/sc/mp3/tigerfm8/Joe_Walsh_-_Lifes_Been_Good_to_Me_So_Far.mp3
/home/sc/mp3/tigerfm8/Joe_Walsh_-_Rocky_Mountain_Way.mp3
/home/sc/mp3/tigerfm8/John_Cafferty_-_Hearts_On_Fire.mp3
/home/sc/mp3/tigerfm8/John_Cougar_Mellencamp_-_Jack_And_Diane.mp3
/home/sc/mp3/tigerfm8/John_Cougar_Mellencamp_-_Small_Town.mp3
/home/sc/mp3/tigerfm8/John_Denver_-_Take_Me_Home_Country_Roads.mp3
/home/sc/mp3/tigerfm8/John_Lennon_-_Imagine.mp3
/home/sc/mp3/tigerfm8/John_Lennon_-_Instant_Karma.mp3
/home/sc/mp3/tigerfm8/Johnny_Horton_-_The_Battle_of_New_Orleans.mp3
/home/sc/mp3/tigerfm8/Johnny_Mathis_-_Chances_Are.mp3
/home/sc/mp3/tigerfm8/Joni_Mitchell_-_Blue.mp3
/home/sc/mp3/tigerfm8/Jonny_Cash_-_Ring_of_Fire.mp3
/home/sc/mp3/tigerfm8/Kansas_-_Carry_On_My_Wayward_Son.mp3
/home/sc/mp3/tigerfm8/Kansas_-_Dust_In_The_Wind.mp3
/home/sc/mp3/tigerfm8/Kate_Bush_-_Babooshka.mp3
/home/sc/mp3/tigerfm8/Kate_Bush_-_Moonlight_Shadow.mp3
/home/sc/mp3/tigerfm8/Kate_Bush_-_Running_Up_That_Hill.mp3
/home/sc/mp3/tigerfm8/Kate_Bush_-_Wuthering_Heights.mp3
/home/sc/mp3/tigerfm8/Kid_Rock_-_American_Bad_Ass.mp3
/home/sc/mp3/tigerfm8/Kiss_-_Rock_And_Roll_All_Night.mp3
/home/sc/mp3/tigerfm8/Korn_-_Falling_Away_From_Me.mp3
/home/sc/mp3/tigerfm8/Korn_-_Somebody_Someone.mp3
/home/sc/mp3/tigerfm8/Led_Zeppelin_-_All_Of_My_Love.mp3
/home/sc/mp3/tigerfm8/Led_Zeppelin_-_Black_Dog.mp3
/home/sc/mp3/tigerfm8/Led_Zeppelin_-_Dyer_Maker.mp3
/home/sc/mp3/tigerfm8/Led_Zeppelin_-_Fool_In_The_Rain.mp3
/home/sc/mp3/tigerfm8/Led_Zeppelin_-_Going_To_California.mp3
/home/sc/mp3/tigerfm8/Led_Zeppelin_-_Immigrant_Song.mp3
/home/sc/mp3/tigerfm8/Led_Zeppelin_-_Kashmir.mp3
/home/sc/mp3/tigerfm8/Led_Zeppelin_-_Misty_Mountain_Hop.mp3
/home/sc/mp3/tigerfm8/Led_Zeppelin_-_Over_The_Hills_And_Far_Away.mp3
/home/sc/mp3/tigerfm8/Led_Zeppelin_-_Ramble_On.mp3
/home/sc/mp3/tigerfm8/Led_Zeppelin_-_Rock_and_Roll.mp3
/home/sc/mp3/tigerfm8/Led_Zeppelin_-_Stairway_to_Heaven.mp3
/home/sc/mp3/tigerfm8/Led_Zeppelin_-_Whole_Lotta_Love.mp3
/home/sc/mp3/tigerfm8/Led_Zeppellin_-_Good_Times_Bad_Times.mp3
/home/sc/mp3/tigerfm8/Lenny_Kravitz_-_American_Woman.mp3
/home/sc/mp3/tigerfm8/Leonard_Cohen_-_Im_Your_Man.mp3
/home/sc/mp3/tigerfm8/Limp_Bizkit_-_My_Generation.mp3
/home/sc/mp3/tigerfm8/Limp_Bizkit_-_Nobody_Like_You.mp3
/home/sc/mp3/tigerfm8/Limp_Bizkit_-_Nookie.mp3
/home/sc/mp3/tigerfm8/Limp_Bizkit_-_Rolin.mp3
/home/sc/mp3/tigerfm8/Limp_Bizkit_vs._George_Michael_-_Faith.mp3
/home/sc/mp3/tigerfm8/Linkin_Park_-_Carousel.mp3
/home/sc/mp3/tigerfm8/Linkin_Park_-_One__Step_Closer.mp3
/home/sc/mp3/tigerfm8/Linkin_Park_-_Paper_Cut.mp3
/home/sc/mp3/tigerfm8/Lionel_Richie_-_Hello.mp3
/home/sc/mp3/tigerfm8/Liquid_Tension_Experiment_-_914.mp3
/home/sc/mp3/tigerfm8/Liquid_Tension_Experiment_-_Acid_Rain.mp3
/home/sc/mp3/tigerfm8/Liquid_Tension_Experiment_-_Paradigm_Shift.mp3
/home/sc/mp3/tigerfm8/Liquid_Tension_Experiment_-_When_The_Water_Breaks.mp3
/home/sc/mp3/tigerfm8/Lou_Reed_-_Walk_On_The_Wild_Side.mp3
/home/sc/mp3/tigerfm8/Louis_Armstrong_-_What_A_Wonderful_World.mp3
/home/sc/mp3/tigerfm8/Lynyrd_Skynyrd_-_Freebird.mp3
/home/sc/mp3/tigerfm8/Lynyrd_Skynyrd_-_Gimme_Three_Steps.mp3
/home/sc/mp3/tigerfm8/Lynyrd_Skynyrd_-_Sweet_Home_Alabama.mp3
/home/sc/mp3/tigerfm8/Lynyrd_Skynyrd_-_Whats_Your_Name.mp3
/home/sc/mp3/tigerfm8/Mamas_And_Papas_-_California_Dreaming.mp3
/home/sc/mp3/tigerfm8/Manfred_Manns_Earth_Band_-_Blinded_By_The_Light.mp3
/home/sc/mp3/tigerfm8/Marvin_Gaye_-_I_Heard_It_Through_The_Grapevine.mp3
/home/sc/mp3/tigerfm8/Marvin_Gaye_And_Tammi_Terrell_-_Aint_No_Mountain_High_Enough.mp3
/home/sc/mp3/tigerfm8/Marylin_Manson_-_Personal_Jesus.mp3
/home/sc/mp3/tigerfm8/Massive_Attack_-_Angel.mp3
/home/sc/mp3/tigerfm8/Massive_Attack_-_Safe_From_Harm.mp3
/home/sc/mp3/tigerfm8/Massive_Attack_-_Teardrop.mp3
/home/sc/mp3/tigerfm8/Meatloaf_-_Paradise_by_the_Dashboard_Lights.mp3
/home/sc/mp3/tigerfm8/Metallica_-_Enter_Sandman.mp3
/home/sc/mp3/tigerfm8/Metallica_-_Fade_To_Black.mp3
/home/sc/mp3/tigerfm8/Metallica_-_Fuel.mp3
/home/sc/mp3/tigerfm8/Metallica_-_Metalica_Until_It_Sleeps.mp3
/home/sc/mp3/tigerfm8/Metallica_-_One.mp3
/home/sc/mp3/tigerfm8/Metallica_-_Orion.mp3
/home/sc/mp3/tigerfm8/Metallica_-_Seek_and_Destroy.mp3
/home/sc/mp3/tigerfm8/Metallica_-_The_Day_That_Never_Comes.mp3
/home/sc/mp3/tigerfm8/Metallica_-_The_Unforgiven.mp3
/home/sc/mp3/tigerfm8/Metallica_-_The_Unforgiven_II.mp3
/home/sc/mp3/tigerfm8/Metallica_-_The_Unforgiven_III.mp3
/home/sc/mp3/tigerfm8/Michael_Bolton_-_When_A_Man_Loves_A_Woman.mp3
/home/sc/mp3/tigerfm8/Michael_Jackson_-_Bad.mp3
/home/sc/mp3/tigerfm8/Michael_Jackson_-_Beat_It.mp3
/home/sc/mp3/tigerfm8/Michael_Jackson_-_Billy_Jean.mp3
/home/sc/mp3/tigerfm8/Michael_Jackson_-_Black_or_White.mp3
/home/sc/mp3/tigerfm8/Michael_Jackson_-_Remember_The_Time.mp3
/home/sc/mp3/tigerfm8/Michael_Jackson_-_Smooth_Criminal.mp3
/home/sc/mp3/tigerfm8/Michael_Jackson_-_Thriller.mp3
/home/sc/mp3/tigerfm8/Michael_Jackson_-_Wanna_Be_Startin_Somethin.mp3
/home/sc/mp3/tigerfm8/Michael_Jackson_-_You_Are_Not_Alone.mp3
/home/sc/mp3/tigerfm8/Moody_Blues_-_Tuesday_Afternoon.mp3
/home/sc/mp3/tigerfm8/Nazareth_-_Love_Hurts.mp3
/home/sc/mp3/tigerfm8/Neil_Young_-_Heart_of_Gold.mp3
/home/sc/mp3/tigerfm8/Neil_Young_-_Southern_Man.mp3
/home/sc/mp3/tigerfm8/Nirvana_-_All_Apologises.mp3
/home/sc/mp3/tigerfm8/Nirvana_-_In_Bloom.mp3
/home/sc/mp3/tigerfm8/Nirvana_-_Lithium.mp3
/home/sc/mp3/tigerfm8/Nirvana_-_Polly.mp3
/home/sc/mp3/tigerfm8/Nirvana_-_Smells_like_teens_spirit.mp3
/home/sc/mp3/tigerfm8/Norman_Greenbaum_-_Spirit_In_The_Sky.mp3
/home/sc/mp3/tigerfm8/Oasis_-_Wonderwall.mp3
/home/sc/mp3/tigerfm8/Omega_-_Dziewczyna_o_Perlowych_Wlosach.mp3
/home/sc/mp3/tigerfm8/Otis_Reading_-_Sittin_on_the_Dock_of_the_Bay.mp3
/home/sc/mp3/tigerfm8/POD_-_School_Of_Hard_Knocks.mp3
/home/sc/mp3/tigerfm8/POD_-_Youth_Of_The_Nation.mp3
/home/sc/mp3/tigerfm8/Paul_McCartney_-_Maybe_Im_Amazed.mp3
/home/sc/mp3/tigerfm8/Paul_Simon_and_Art_Garfunkel_-_Mrs_Robinson.mp3
/home/sc/mp3/tigerfm8/Paula_Abdul_-_Rush_Rush.mp3
/home/sc/mp3/tigerfm8/Pearl_Jam_-_Jeremy.mp3
/home/sc/mp3/tigerfm8/Percy_Faith_And_His_Orchestra_-_Theme_From_A_Summer_Place.mp3
/home/sc/mp3/tigerfm8/Peter_Frampton_-_Do_You_Feel_Like_We_Do.mp3
/home/sc/mp3/tigerfm8/Peter_Frampton_-_Show_Me_The_Way.mp3
/home/sc/mp3/tigerfm8/Peter_Gabriel_-_Solsbury_Hill.mp3
/home/sc/mp3/tigerfm8/Peter_Gabriel_And_Kate_Bush_-_Dont_Give_Up.mp3
/home/sc/mp3/tigerfm8/Petula_Clark_-_Downtown.mp3
/home/sc/mp3/tigerfm8/Phil_Collins_-_In_The_Air_Tonight.mp3
/home/sc/mp3/tigerfm8/Pierre_Bachelet_And_Herve_Roy_-_Emmanuelle_song.mp3
/home/sc/mp3/tigerfm8/Pink_Floyd_-_Another_Brick_In_The_Wall_Part_II.mp3
/home/sc/mp3/tigerfm8/Pink_Floyd_-_Brain_Damage_And_Eclipse.mp3
/home/sc/mp3/tigerfm8/Pink_Floyd_-_Comfortably_Numb.mp3
/home/sc/mp3/tigerfm8/Pink_Floyd_-_Have_A_Cigar.mp3
/home/sc/mp3/tigerfm8/Pink_Floyd_-_Hey_You.mp3
/home/sc/mp3/tigerfm8/Pink_Floyd_-_Money.mp3
/home/sc/mp3/tigerfm8/Pink_Floyd_-_Run_Like_Hell.mp3
/home/sc/mp3/tigerfm8/Pink_Floyd_-_Time.mp3
/home/sc/mp3/tigerfm8/Pink_Floyd_-_Us_And_Them.mp3
/home/sc/mp3/tigerfm8/Pink_Floyd_-_Welcome_To_The_Machine.mp3
/home/sc/mp3/tigerfm8/Pink_Floyd_-_Wish_You_Were_Here.mp3
/home/sc/mp3/tigerfm8/Pink_Floyd_-_Young_Lust.mp3
/home/sc/mp3/tigerfm8/Placebo_-_I_feel_you.mp3
/home/sc/mp3/tigerfm8/Placebo_-_Running_Up_That_Hill.mp3
/home/sc/mp3/tigerfm8/Platters_-_The_Great_Pretender.mp3
/home/sc/mp3/tigerfm8/Pretenders_-_Brass_In_Pocket.mp3
/home/sc/mp3/tigerfm8/Prince_-_Kiss.mp3
/home/sc/mp3/tigerfm8/Prince_-_Purple_Rain.mp3
/home/sc/mp3/tigerfm8/Procol_Harum_-_A_Whiter_Shade_Of_Pale.mp3
/home/sc/mp3/tigerfm8/Queen_-_A_Kind_Of_Magic.mp3
/home/sc/mp3/tigerfm8/Queen_-_Another_One_Bites_The_Dust.mp3
/home/sc/mp3/tigerfm8/Queen_-_Bicycle_Race.mp3
/home/sc/mp3/tigerfm8/Queen_-_Bohemian_Rhapsody.mp3
/home/sc/mp3/tigerfm8/Queen_-_Breakthru.mp3
/home/sc/mp3/tigerfm8/Queen_-_Dont_Stop_Me_Now.mp3
/home/sc/mp3/tigerfm8/Queen_-_Heaven_For_Everyone.mp3
/home/sc/mp3/tigerfm8/Queen_-_I_Was_Born_To_Love_You.mp3
/home/sc/mp3/tigerfm8/Queen_-_Im_Going_Slightly_Mad.mp3
/home/sc/mp3/tigerfm8/Queen_-_Innuendo.mp3
/home/sc/mp3/tigerfm8/Queen_-_Killer_Queen.mp3
/home/sc/mp3/tigerfm8/Queen_-_Live_At_Wembley_86_-_Love_of_My_Life.mp3
/home/sc/mp3/tigerfm8/Queen_-_Radio_Ga_Ga.mp3
/home/sc/mp3/tigerfm8/Queen_-_Ride_The_Wild_Wind.mp3
/home/sc/mp3/tigerfm8/Queen_-_Somebody_To_Love.mp3
/home/sc/mp3/tigerfm8/Queen_-_The_Show_Must_Go_On.mp3
/home/sc/mp3/tigerfm8/Queen_-_These_Are_The_Days_Of_Our_Lives.mp3
/home/sc/mp3/tigerfm8/Queen_-_Under_Presure.mp3
/home/sc/mp3/tigerfm8/Queen_-_We_Will_Rock_You_-_We_Are_the_Champions.mp3
/home/sc/mp3/tigerfm8/Queen_-_Who_Wants_to_Live_Forever.mp3
/home/sc/mp3/tigerfm8/Rage_Against_The_Machine_-_Bulls_On_Parade.mp3
/home/sc/mp3/tigerfm8/Rage_Against_The_Machine_-_Killing_In_The_Name_Of.mp3
/home/sc/mp3/tigerfm8/Rammstein_&_Depeche_Mode_-_Stripped.mp3
/home/sc/mp3/tigerfm8/Rammstein_-_Engel.mp3
/home/sc/mp3/tigerfm8/Rammstein_-_Mutter.mp3
/home/sc/mp3/tigerfm8/Rammstein_-_Sonne.mp3
/home/sc/mp3/tigerfm8/Rammstein_-_Wo_Bist_Du.mp3
/home/sc/mp3/tigerfm8/Ramones_-_I_Wanna_Be_Sedated.mp3
/home/sc/mp3/tigerfm8/Ray_Charles_-_Georgia_On_My_Mind.mp3
/home/sc/mp3/tigerfm8/Ray_Charles_-_Hit_The_Road_Jack.mp3
/home/sc/mp3/tigerfm8/Ray_Charles_-_I_Cant_Stop_Loving_You.mp3
/home/sc/mp3/tigerfm8/Ray_Charles_-_Whatd_I_Say.mp3
/home/sc/mp3/tigerfm8/Red_Hot_Chili_Peppers_-_Other_Side.mp3
/home/sc/mp3/tigerfm8/Red_Hot_Chili_Peppers_-_Under_the_Bridge.mp3
/home/sc/mp3/tigerfm8/Red_Hot_Chilli_Peppers_-_By_The_Way.mp3
/home/sc/mp3/tigerfm8/Red_Hot_Chilli_Peppers_-_Give_It_Away.mp3
/home/sc/mp3/tigerfm8/Red_Hot_Chilli_Peppers_-_Snow.mp3
/home/sc/mp3/tigerfm8/Ritchie_Valens_-_La_Bamba.mp3
/home/sc/mp3/tigerfm8/Robbie_Williams_-_King_Of_The_Bongo.mp3
/home/sc/mp3/tigerfm8/Robert_Tepper_-_No_Easy_Way_Out.mp3
/home/sc/mp3/tigerfm8/Roberta_Flack_-_Killing_Me_Softly_With_His_Song.mp3
/home/sc/mp3/tigerfm8/Rod_Stewart_-_Maggie_May.mp3
/home/sc/mp3/tigerfm8/Rolling_Stones_-_Lets_Spend_The_Night_Together.mp3
/home/sc/mp3/tigerfm8/Rolling_Stones_-_Mothers_Little_Helper.mp3
/home/sc/mp3/tigerfm8/Rolling_Stones_-_Street_Fighting_Man.mp3
/home/sc/mp3/tigerfm8/Rolling_Stones_-_Sympathy_For_The_Devil.mp3
/home/sc/mp3/tigerfm8/Rolling_Stones_-_Wild_Horses.mp3
/home/sc/mp3/tigerfm8/Roy_Orbison_-_Crying.mp3
/home/sc/mp3/tigerfm8/Roy_Orbison_-_Only_The_Lonely.mp3
/home/sc/mp3/tigerfm8/Roy_Orbison_-_Pretty_Woman.mp3
/home/sc/mp3/tigerfm8/Rush_-_The_Spirit_Of_Radio.mp3
/home/sc/mp3/tigerfm8/Rush_-_Tom_Sawyer.mp3
/home/sc/mp3/tigerfm8/Sam_Cook_-_A_Change_Is_Gonna_Come.mp3
/home/sc/mp3/tigerfm8/Sam_Cooke_-_You_Send_Me.mp3
/home/sc/mp3/tigerfm8/Santana_-_Black_Magic_Woman.mp3
/home/sc/mp3/tigerfm8/Santana_-_Evil_ways.mp3
/home/sc/mp3/tigerfm8/Santana_-_Oye_Como_Va.mp3
/home/sc/mp3/tigerfm8/Scorpions_-_Send_Me_An_Angel.mp3
/home/sc/mp3/tigerfm8/Scorpions_-_Still_Loving_You.mp3
/home/sc/mp3/tigerfm8/Scorpions_-_Wind_Of_Change.mp3
/home/sc/mp3/tigerfm8/Seal_-_Its_A_Mans_Mans_Mans_World.mp3
/home/sc/mp3/tigerfm8/Sheryl_Crow_-_All_I_Wanna_Do.mp3
/home/sc/mp3/tigerfm8/Simon_And_Garfunkel_-_Bridge_Over_Troubled_Water.mp3
/home/sc/mp3/tigerfm8/Simon_And_Garfunkel_-_The_Boxer.mp3
/home/sc/mp3/tigerfm8/Simon_and_Garfunkel_-_The_Sound_of_Silence.mp3
/home/sc/mp3/tigerfm8/Simple_Minds_-_Mandela_Day.mp3
/home/sc/mp3/tigerfm8/Sinead_OConnor_-_Nothing_Compares_2_U.mp3
/home/sc/mp3/tigerfm8/Smashing_Pumpkins_-_Never_Let_Me_Down_Again.mp3
/home/sc/mp3/tigerfm8/Smashing_Pumpkins_-_Perfect.mp3
/home/sc/mp3/tigerfm8/Smashing_Pumpkins_-_Today.mp3
/home/sc/mp3/tigerfm8/Smashing_Pumpkins_-_Tonight_Tonight.mp3
/home/sc/mp3/tigerfm8/Snap_-_Keep_It_Up.mp3
/home/sc/mp3/tigerfm8/Soundgarden_-_Black_Hole_Sun.mp3
/home/sc/mp3/tigerfm8/Soundgarden_-_Burden_In_My_Hand.mp3
/home/sc/mp3/tigerfm8/Soundgarden_-_Rusty_Cage.mp3
/home/sc/mp3/tigerfm8/Spencer_Davis_Group_-_Gimme_Some_Lovin.mp3
/home/sc/mp3/tigerfm8/Starship_-_We_Built_This_City.mp3
/home/sc/mp3/tigerfm8/Steely_Dan_-_Do_It_Again.mp3
/home/sc/mp3/tigerfm8/Steely_Dan_-_Reeling_In_The_Years.mp3
/home/sc/mp3/tigerfm8/Steppenwolf_-_Born_To_Be_Wild.mp3
/home/sc/mp3/tigerfm8/Steppenwolf_-_Magic_Carpet_Ride.mp3
/home/sc/mp3/tigerfm8/Steve_Miller_Band_-_Fly_Like_An_Eagle.mp3
/home/sc/mp3/tigerfm8/Steve_Miller_Band_-_Jet_Airliner.mp3
/home/sc/mp3/tigerfm8/Steve_Miller_Band_-_Keep_On_Rockin_Me.mp3
/home/sc/mp3/tigerfm8/Steve_Miller_Band_-_Take_the_Money_and_Run.mp3
/home/sc/mp3/tigerfm8/Steve_Miller_Band_-_The_Joker.mp3
/home/sc/mp3/tigerfm8/Stevie_Wonder_-_Superstition.mp3
/home/sc/mp3/tigerfm8/Stevie_Wonder_-_You_Are_The_Sunshine_Of_My_Life.mp3
/home/sc/mp3/tigerfm8/Styx_-_Come_Sail_Away.mp3
/home/sc/mp3/tigerfm8/Styx_-_Renegade.mp3
/home/sc/mp3/tigerfm8/Supertramp_-_Breakfast_In_America.mp3
/home/sc/mp3/tigerfm8/Supertramp_-_Give_A_Little_Bit.mp3
/home/sc/mp3/tigerfm8/Supertramp_-_The_Logical_Song.mp3
/home/sc/mp3/tigerfm8/Survivor-_Eye_of_the_Tiger.mp3
/home/sc/mp3/tigerfm8/Survivor_-_Burning_Heart.mp3
/home/sc/mp3/tigerfm8/System_Of_A_Down_-_Aerials.mp3
/home/sc/mp3/tigerfm8/System_Of_A_Down_-_Toxicity.mp3
/home/sc/mp3/tigerfm8/System_of_a_Down_-_Chic_N_Stu.mp3
/home/sc/mp3/tigerfm8/System_of_a_Down_-_Sugar.mp3
/home/sc/mp3/tigerfm8/TRex_-_Bang_A_Gong_Get_It_On.mp3
/home/sc/mp3/tigerfm8/Talking_Heads_-_Burning_Down_The_House.mp3
/home/sc/mp3/tigerfm8/The_69_Eyes_-_Brandon_Lee.mp3
/home/sc/mp3/tigerfm8/The_Animals_-_The_House_Of_The_Rising_Sun.mp3
/home/sc/mp3/tigerfm8/The_Beach_Boys_-_God_Only_Knows.mp3
/home/sc/mp3/tigerfm8/The_Beach_Boys_-_Good_Vibrations.mp3
/home/sc/mp3/tigerfm8/The_Beatles_-_A_Day_In_The_Life.mp3
/home/sc/mp3/tigerfm8/The_Beatles_-_A_Hard_Days_Night.mp3
/home/sc/mp3/tigerfm8/The_Beatles_-_All_You_Need_Is_Love.mp3
/home/sc/mp3/tigerfm8/The_Beatles_-_Come_Together.mp3
/home/sc/mp3/tigerfm8/The_Beatles_-_Day_Tripper.mp3
/home/sc/mp3/tigerfm8/The_Beatles_-_Eight_Days_a_Week.mp3
/home/sc/mp3/tigerfm8/The_Beatles_-_Eleanor_Rigby.mp3
/home/sc/mp3/tigerfm8/The_Beatles_-_Get_Back.mp3
/home/sc/mp3/tigerfm8/The_Beatles_-_Help.mp3
/home/sc/mp3/tigerfm8/The_Beatles_-_Here_Comes_The_Sun.mp3
/home/sc/mp3/tigerfm8/The_Beatles_-_Hey_Jude.mp3
/home/sc/mp3/tigerfm8/The_Beatles_-_I_Want_To_Hold_Your_Hand.mp3
/home/sc/mp3/tigerfm8/The_Beatles_-_In_My_Life.mp3
/home/sc/mp3/tigerfm8/The_Beatles_-_Let_It_Be.mp3
/home/sc/mp3/tigerfm8/The_Beatles_-_Lucy_In_The_Sky_With_Diamonds.mp3
/home/sc/mp3/tigerfm8/The_Beatles_-_Magical_Mystery_Tour.mp3
/home/sc/mp3/tigerfm8/The_Beatles_-_Revolution.mp3
/home/sc/mp3/tigerfm8/The_Beatles_-_Sgt_Peppers_Lonely_Hearts_Club_Band.mp3
/home/sc/mp3/tigerfm8/The_Beatles_-_She_Loves_You.mp3
/home/sc/mp3/tigerfm8/The_Beatles_-_Something.mp3
/home/sc/mp3/tigerfm8/The_Beatles_-_Strawberry_Fields_Forever.mp3
/home/sc/mp3/tigerfm8/The_Beatles_-_The_Long_And_Winding_Road.mp3
/home/sc/mp3/tigerfm8/The_Beatles_-_Ticket_To_Ride.mp3
/home/sc/mp3/tigerfm8/The_Beatles_-_Twist_And_Shout.mp3
/home/sc/mp3/tigerfm8/The_Beatles_-_While_My_Guitar_Gently_Weeps.mp3
/home/sc/mp3/tigerfm8/The_Beatles_-_With_A_Little_Help_From_My_Friends.mp3
/home/sc/mp3/tigerfm8/The_Beatles_-_Yesterday.mp3
/home/sc/mp3/tigerfm8/The_Byrds_-_Eight_Miles_High.mp3
/home/sc/mp3/tigerfm8/The_Byrds_-_Mr_Tambourine_Man.mp3
/home/sc/mp3/tigerfm8/The_Byrds_-_Turn_Turn_Turn.mp3
/home/sc/mp3/tigerfm8/The_Cars_-_Just_What_I_Needed.mp3
/home/sc/mp3/tigerfm8/The_Cranberries_-_Just_My_Imagination.mp3
/home/sc/mp3/tigerfm8/The_Doors_-_Break_On_Through.mp3
/home/sc/mp3/tigerfm8/The_Doors_-_Cars_Hiss_By_My_Window.mp3
/home/sc/mp3/tigerfm8/The_Doors_-_Five_To_One.mp3
/home/sc/mp3/tigerfm8/The_Doors_-_Hello,_I_Love_You.mp3
/home/sc/mp3/tigerfm8/The_Doors_-_I_Looked_You.mp3
/home/sc/mp3/tigerfm8/The_Doors_-_Indian_Summer.mp3
/home/sc/mp3/tigerfm8/The_Doors_-_L.A._Woman.mp3
/home/sc/mp3/tigerfm8/The_Doors_-_Light_My_Fire.mp3
/home/sc/mp3/tigerfm8/The_Doors_-_Love_Me_Two_Times.mp3
/home/sc/mp3/tigerfm8/The_Doors_-_Love_Street.mp3
/home/sc/mp3/tigerfm8/The_Doors_-_Love_her_Madly.mp3
/home/sc/mp3/tigerfm8/The_Doors_-_My_Eyes_Have_Seen_You.mp3
/home/sc/mp3/tigerfm8/The_Doors_-_My_Wild_Love.mp3
/home/sc/mp3/tigerfm8/The_Doors_-_Orange_County_Suite.mp3
/home/sc/mp3/tigerfm8/The_Doors_-_People_Are_Strange.mp3
/home/sc/mp3/tigerfm8/The_Doors_-_Riders_On_The_Storm.mp3
/home/sc/mp3/tigerfm8/The_Doors_-_Roadhouse_Blues.mp3
/home/sc/mp3/tigerfm8/The_Doors_-_Soul_Kitchen.mp3
/home/sc/mp3/tigerfm8/The_Doors_-_Strange_Days.mp3
/home/sc/mp3/tigerfm8/The_Doors_-_Take_It_As_It_Comes.mp3
/home/sc/mp3/tigerfm8/The_Doors_-_Tell_all_the_People.mp3
/home/sc/mp3/tigerfm8/The_Doors_-_The_End.mp3
/home/sc/mp3/tigerfm8/The_Doors_-_The_Soft_Parade.mp3
/home/sc/mp3/tigerfm8/The_Doors_-_Touch_me.mp3
/home/sc/mp3/tigerfm8/The_Doors_-_Waiting_For_The_Sun.mp3
/home/sc/mp3/tigerfm8/The_Doors_-_When_The_Musics_Over.mp3
/home/sc/mp3/tigerfm8/The_Doors_-_Whiskey_Mistics_And_Man.mp3
/home/sc/mp3/tigerfm8/The_Eagles_-_Already_Gone.mp3
/home/sc/mp3/tigerfm8/The_Eagles_-_Desperado.mp3
/home/sc/mp3/tigerfm8/The_Eagles_-_Take_It_Easy.mp3
/home/sc/mp3/tigerfm8/The_Everly_Brothers_-_Wake_up_little_Susie.mp3
/home/sc/mp3/tigerfm8/The_Four_Tops_-_Reach_Out_Ill_Be_There.mp3
/home/sc/mp3/tigerfm8/The_Guess_Who_-_American_Woman.mp3
/home/sc/mp3/tigerfm8/The_Hollies_-_Long_Cool_Woman_In_A_Black_Dress.mp3
/home/sc/mp3/tigerfm8/The_Kingsmen_-_Louie,_Louie.mp3
/home/sc/mp3/tigerfm8/The_Kinks_-_All_Day_And_All_Of_The_Night.mp3
/home/sc/mp3/tigerfm8/The_Kinks_-_Lola.mp3
/home/sc/mp3/tigerfm8/The_Kinks_-_You_Really_Got_Me.mp3
/home/sc/mp3/tigerfm8/The_Lovin_Spoonful_-_Summer_In_The_City.mp3
/home/sc/mp3/tigerfm8/The_Mamas_And_The_Papas_-_California_Dreamin.mp3
/home/sc/mp3/tigerfm8/The_Moody_Blues_-_Nights_In_White_Satin.mp3
/home/sc/mp3/tigerfm8/The_Police_-_Every_Breath_You_Take.mp3
/home/sc/mp3/tigerfm8/The_Police_-_Every_Little_Thing_She_Does_Is_Magic.mp3
/home/sc/mp3/tigerfm8/The_Police_-_Message_In_A_Bottle.mp3
/home/sc/mp3/tigerfm8/The_Police_-_Roxanne.mp3
/home/sc/mp3/tigerfm8/The_Rolling_Stones-_Miss_You.mp3
/home/sc/mp3/tigerfm8/The_Rolling_Stones_-_Angie.mp3
/home/sc/mp3/tigerfm8/The_Rolling_Stones_-_Beast_of_Burden.mp3
/home/sc/mp3/tigerfm8/The_Rolling_Stones_-_Brown_Sugar.mp3
/home/sc/mp3/tigerfm8/The_Rolling_Stones_-_Get_Off_Of_My_Cloud.mp3
/home/sc/mp3/tigerfm8/The_Rolling_Stones_-_Gimme_Shelter.mp3
/home/sc/mp3/tigerfm8/The_Rolling_Stones_-_Honky_Tonk_Women.mp3
/home/sc/mp3/tigerfm8/The_Rolling_Stones_-_I_Cant_Get_No_Satisfaction.mp3
/home/sc/mp3/tigerfm8/The_Rolling_Stones_-_Jumpin_Jack_Flash.mp3
/home/sc/mp3/tigerfm8/The_Rolling_Stones_-_Midnight_Rambler.mp3
/home/sc/mp3/tigerfm8/The_Rolling_Stones_-_Paint_It_Black.mp3
/home/sc/mp3/tigerfm8/The_Rolling_Stones_-_Ruby_Tuesday.mp3
/home/sc/mp3/tigerfm8/The_Rolling_Stones_-_Shattered.mp3
/home/sc/mp3/tigerfm8/The_Rolling_Stones_-_Start_Me_Up.mp3
/home/sc/mp3/tigerfm8/The_Rolling_Stones_-_Tumbling_Dice.mp3
/home/sc/mp3/tigerfm8/The_Rolling_Stones_-_Under_My_Thumb.mp3
/home/sc/mp3/tigerfm8/The_Rolling_Stones_-_You_Cant_Always_Get_What_You_Want.mp3
/home/sc/mp3/tigerfm8/The_Rolling_Stones__-_Its_Only_Rock_n_Roll.mp3
/home/sc/mp3/tigerfm8/The_Ronettes_-_Be_My_Baby.mp3
/home/sc/mp3/tigerfm8/The_Shirelles_-_Will_You_Still_Love_Me_Tomorrow.mp3
/home/sc/mp3/tigerfm8/The_Temptation_-_Papa_Was_A_Rollin_Stone.mp3
/home/sc/mp3/tigerfm8/The_Temptations_-_My_Girl.mp3
/home/sc/mp3/tigerfm8/The_Who_-_Baba_Oriley.mp3
/home/sc/mp3/tigerfm8/The_Who_-_Bargain.mp3
/home/sc/mp3/tigerfm8/The_Who_-_Behind_Blue_Eyes.mp3
/home/sc/mp3/tigerfm8/The_Who_-_I_Can_See_For_Miles.mp3
/home/sc/mp3/tigerfm8/The_Who_-_Love_Reign_Oer_Me.mp3
/home/sc/mp3/tigerfm8/The_Who_-_Magic_Bus.mp3
/home/sc/mp3/tigerfm8/The_Who_-_My_generation.mp3
/home/sc/mp3/tigerfm8/The_Who_-_Pinball_Wizard.mp3
/home/sc/mp3/tigerfm8/The_Who_-_Who_Are_You.mp3
/home/sc/mp3/tigerfm8/The_Who_-_Wont_Get_Fooled_Again.mp3
/home/sc/mp3/tigerfm8/The_Young_Rascals_-_Groovin.mp3
/home/sc/mp3/tigerfm8/Thin_Lizzy_-_The_Boys_Are_Back_In_Town.mp3
/home/sc/mp3/tigerfm8/Thin_Lizzy_-_Whiskey_In_The_Jar.mp3
/home/sc/mp3/tigerfm8/Tina_Turner_-_Eye_Of_The_Tiger_-_Rocky_Theme.mp3
/home/sc/mp3/tigerfm8/Tina_Turner_-_Golden_Eye.mp3
/home/sc/mp3/tigerfm8/Tina_Turner_-_Private_Dancer.mp3
/home/sc/mp3/tigerfm8/Tina_Turner_-_Simply_the_Best.mp3
/home/sc/mp3/tigerfm8/Tom_Petty_And_the_Heartbreakers_-_Refugee.mp3
/home/sc/mp3/tigerfm8/Tom_Petty_And_the_Heartbreakers_-_Runnin_Down_a_Dream.mp3
/home/sc/mp3/tigerfm8/Tom_Petty_and_The_Heartbreakers_-_Free_Falling.mp3
/home/sc/mp3/tigerfm8/Tony_Bennett_-_I_Left_My_Heart_In_San_Francisco.mp3
/home/sc/mp3/tigerfm8/Tool_-_Prison_Sex.mp3
/home/sc/mp3/tigerfm8/Toto_-_Africa.mp3
/home/sc/mp3/tigerfm8/Toto_-_Hold_The_Line.mp3
/home/sc/mp3/tigerfm8/Traffic_-_Dear_Mr._Fantasy.mp3
/home/sc/mp3/tigerfm8/Traffic_-_Low_Spark_Of_The_High.mp3
/home/sc/mp3/tigerfm8/Type_O_Negative_-_Cinnamon_Girl.mp3
/home/sc/mp3/tigerfm8/Type_O_Negative_-_Love_You_to_Death.mp3
/home/sc/mp3/tigerfm8/Type_O_Negative_-_My_Girlfriends_Girlfriend.mp3
/home/sc/mp3/tigerfm8/Type_O_Negative_-_Wolf_Moon.mp3
/home/sc/mp3/tigerfm8/U2-Green_Day_-_The_Saints_Are_Coming.mp3
/home/sc/mp3/tigerfm8/U2.-_Vertigo.mp3
/home/sc/mp3/tigerfm8/U2_-_Beautiful_Day.mp3
/home/sc/mp3/tigerfm8/U2_-_Discoteque.mp3
/home/sc/mp3/tigerfm8/U2_-_Elevation.mp3
/home/sc/mp3/tigerfm8/U2_-_Hold_Me_Thrill_Me_Kiss_Me_Kill_Me.mp3
/home/sc/mp3/tigerfm8/U2_-_I_Still_Havent_Found_What_Im_Looking_For.mp3
/home/sc/mp3/tigerfm8/U2_-_In_The_Name_Of_Love.mp3
/home/sc/mp3/tigerfm8/U2_-_Mysterious_Ways.mp3
/home/sc/mp3/tigerfm8/U2_-_New_Years_Day.mp3
/home/sc/mp3/tigerfm8/U2_-_Numb.mp3
/home/sc/mp3/tigerfm8/U2_-_One.mp3
/home/sc/mp3/tigerfm8/U2_-_Pride).mp3
/home/sc/mp3/tigerfm8/U2_-_Sunday_Bloody_Sunday.mp3
/home/sc/mp3/tigerfm8/U2_-_Where_The_Streets_Have_No_Name.mp3
/home/sc/mp3/tigerfm8/U2_-_With_Or_Without_You.mp3
/home/sc/mp3/tigerfm8/Usa_For_Africa_-_We_Are_The_World.mp3
/home/sc/mp3/tigerfm8/Van_Halen_-_Dance_The_Night_Away.mp3
/home/sc/mp3/tigerfm8/Van_Halen_-_Jump.mp3
/home/sc/mp3/tigerfm8/Van_Halen_-_You_Really_Got_Me.mp3
/home/sc/mp3/tigerfm8/Van_Morrison_-_Brown_Eyed_Girl.mp3
/home/sc/mp3/tigerfm8/Van_Morrison_-_Moondance.mp3
/home/sc/mp3/tigerfm8/Van_Morrison_And_John_Lee_Hooker_-_Gloria.mp3
/home/sc/mp3/tigerfm8/Vaya_Con_Dios_-_Nah_Neh_Nah.mp3
/home/sc/mp3/tigerfm8/Vaya_Con_Dios_-_Puerto_Rico.mp3
/home/sc/mp3/tigerfm8/Vaya_Con_Dios_-_Whats_A_Woman.mp3
/home/sc/mp3/tigerfm8/Warren_Zevon_-_Werewolves_Of_London.mp3
/home/sc/mp3/tigerfm8/Wheatus_-_Tennage_Dirtbag.mp3
/home/sc/mp3/tigerfm8/Whitesnake_-_Is_This_Love.mp3
/home/sc/mp3/tigerfm8/Wilson_Pickett_-_In_The_Midnight_Hour.mp3
/home/sc/mp3/tigerfm8/Yes_-_Ive_Seen_All_Good_People.mp3
/home/sc/mp3/tigerfm8/Yes_-_Owner_Of_A_Lonely_Heart.mp3
/home/sc/mp3/tigerfm8/Yes_-_Roundabout.mp3
/home/sc/mp3/tigerfm8/ZZ_Top_-_Cheap_Sunglasses.mp3
/home/sc/mp3/tigerfm8/ZZ_Top_-_Gimme_All_Your_Lovin.mp3
/home/sc/mp3/tigerfm8/ZZ_Top_-_La_Grange.mp3
/home/sc/mp3/tigerfm8/ZZ_Top_-_Legs.mp3
/home/sc/mp3/tigerfm8/ZZ_Top_-_Sharp_Dressed_Man.mp3
/home/sc/mp3/tigerfm8/ZZ_Top_-_Tush.mp3
/home/sc/mp3/tigerfm8/reklamy
