/home/sc/mp3/tigerfm3/jingle/LDN_SWEEP_10.MP3
/home/sc/mp3/tigerfm3/music/2_Players_-_Signet.mp3
/home/sc/mp3/tigerfm3/music/3_Force_-_Its_Real.mp3
/home/sc/mp3/tigerfm3/music/3_Force_-_Secrets.mp3
/home/sc/mp3/tigerfm3/music/4_Strings_-_Catch_A_Fall_(Club_Mix).mp3
/home/sc/mp3/tigerfm3/jingle/LDN_ID_02_W.MP3
/home/sc/mp3/tigerfm3/music/4_Strings_-_Catch_A_Fall_(First_States_Another_Sound_Remix).mp3
/home/sc/mp3/tigerfm3/music/4_Strings_-_Catch_A_Fall_(First_States_Dark_Remix).mp3
/home/sc/mp3/tigerfm3/music/4_Strings_-_Crash_and_burn.mp3
/home/sc/mp3/tigerfm3/music/4_Strings_-_Diving.mp3
/home/sc/mp3/tigerfm3/jingle/LDN_SWEEP_06.MP3
/home/sc/mp3/tigerfm3/music/4_Strings_-_Into_The_Night.mp3
/home/sc/mp3/tigerfm3/music/4_Strings_-_Let_It_Rain_(vocal_club_mix).mp3
/home/sc/mp3/tigerfm3/music/4_Strings_-_Take_Me_Away.mp3
/home/sc/mp3/tigerfm3/music/4_Strings_-_Take_Me_Away_.mp3
/home/sc/mp3/tigerfm3/jingle/LDN_ID_01_W.MP3
/home/sc/mp3/tigerfm3/music/4_Strings_-_Take_Me_Away_Into_The_Night.mp3
/home/sc/mp3/tigerfm3/music/4_strings_-_Daytime.mp3
/home/sc/mp3/tigerfm3/music/A1_Project_-_You_Where_There.mp3
/home/sc/mp3/tigerfm3/music/AK_Project_-_Forever.mp3
/home/sc/mp3/tigerfm3/jingle/LDN_ID_08_M.MP3
/home/sc/mp3/tigerfm3/music/AK_Project_-_Forever_(Kenny_Hayes_mix).mp3
/home/sc/mp3/tigerfm3/music/ATB_-_Black_Nights.mp3
/home/sc/mp3/tigerfm3/music/ATB_-_Ecstasy.mp3
/home/sc/mp3/tigerfm3/music/ATB_-_Hold_You_(svenson_and_gielen_remix).mp3
/home/sc/mp3/tigerfm3/jingle/LDN_ID_08_M.MP3
/home/sc/mp3/tigerfm3/music/ATB_-_Let_U_Go_(E-Craigs_2005_Rework).mp3
/home/sc/mp3/tigerfm3/music/ATB_-_Summer_Rain_(136_Bpm_Mix).mp3
/home/sc/mp3/tigerfm3/music/ATB_-_Summer_Rain_(136_Bpm_mix).mp3
/home/sc/mp3/tigerfm3/music/Aalto_-_5_(Original_Mix).mp3
/home/sc/mp3/tigerfm3/jingle/LDN_SWEEP_10.MP3
/home/sc/mp3/tigerfm3/music/Above_&_Beyond_-_Alone_Tonight.mp3
/home/sc/mp3/tigerfm3/music/Above_&_Beyond_-_Cant_Sleep.mp3
/home/sc/mp3/tigerfm3/music/Above_&_Beyond_-_Cant_Sleep_(Original_Mix).mp3
/home/sc/mp3/tigerfm3/music/Above_&_Beyond_-_Far_From_In_Love_(Oliver_Smith_Late_Night_Dub).mp3
/home/sc/mp3/tigerfm3/jingle/LDN_SWEEP_05.MP3
/home/sc/mp3/tigerfm3/music/Above_&_Beyond_-_For_All_I_Care.mp3
/home/sc/mp3/tigerfm3/music/Above_&_Beyond_-_Good_For_Me.mp3
/home/sc/mp3/tigerfm3/music/Above_&_Beyond_-_Volume_One_(7_Skies_&_Static_Blue_Remix).mp3
/home/sc/mp3/tigerfm3/music/Above_&_Beyond_pres._Tranquility_Base_-_Surrender.mp3
/home/sc/mp3/tigerfm3/jingle/LDN_ID_02_M.MP3
/home/sc/mp3/tigerfm3/music/Above_&_Beyond_vs._Andy_Moor_-_Air_for_Life_(Original_Mix).mp3
/home/sc/mp3/tigerfm3/music/Above_And_Beyond_-_For_All_I_Care.mp3
/home/sc/mp3/tigerfm3/music/Above_And_Beyond_-_For_All_I_Care_(Spencer_RMX).mp3
/home/sc/mp3/tigerfm3/music/Above_And_Beyond_-_Good_For_Me_(Redanka_Vocal_Mix).mp3
/home/sc/mp3/tigerfm3/jingle/LDN_ID_05_M.MP3
/home/sc/mp3/tigerfm3/music/Above_and_Beyond_pres._Tranquility_Base_-_Surrender.mp3
/home/sc/mp3/tigerfm3/music/Above_and_Beyond_pres_Tranquility_Base_-_Surrender.mp3
/home/sc/mp3/tigerfm3/music/Accuface_-_Your_destination.mp3
/home/sc/mp3/tigerfm3/music/Adam_White_&_Andy_Moor_-_The_White_Room.mp3
/home/sc/mp3/tigerfm3/jingle/LDN_SWEEP_01.MP3
/home/sc/mp3/tigerfm3/music/Adrian_Ivan_-_No_One_Else_(Original_Mix).mp3
/home/sc/mp3/tigerfm3/music/Adrima_-_I_Cant_Stop_Raving.mp3
/home/sc/mp3/tigerfm3/music/Adrima_-_I_cant_stop_raving.mp3
/home/sc/mp3/tigerfm3/music/Agnelli_&_Nelson_-_Shiver_(John_OCallaghan_Remix).mp3
/home/sc/mp3/tigerfm3/jingle/LDN_SWEEP_02.MP3
/home/sc/mp3/tigerfm3/music/Agnelli_And_Nelson_Presents_Ultra_-_Holding_Onto_Nothing.mp3
/home/sc/mp3/tigerfm3/music/Ago_Feat_Mr_Sam_And_Rani_-_Surrender.mp3
/home/sc/mp3/tigerfm3/music/Airbase_-_Escape.mp3
/home/sc/mp3/tigerfm3/music/Airbase_feat_Floria_Ambra_-_Denial.mp3
/home/sc/mp3/tigerfm3/jingle/LDN_ID_01_M.MP3
/home/sc/mp3/tigerfm3/music/Airplay_-_The__Music_is_Moving.mp3
/home/sc/mp3/tigerfm3/music/Airplay_-_The__Music_is_Moving_(original_vocal).mp3
/home/sc/mp3/tigerfm3/music/Airwave_Feat._Jon_O_Bir_-_The_Promise_I_Made_(Vocal_Mix).mp3
/home/sc/mp3/tigerfm3/music/Airwave_Feat_Jon_O_Bir_-_The_Promise_I_Made.mp3
/home/sc/mp3/tigerfm3/jingle/LDN_SWEEP_10.MP3
/home/sc/mp3/tigerfm3/music/Akki_&_Christian_Zechner_Ft_Aina_-_Dreams.mp3
/home/sc/mp3/tigerfm3/music/Akki_And_Christian_Zechner_Ft_Aina_-_Dreams_(Extended_Mix).mp3
/home/sc/mp3/tigerfm3/music/Alessandro_Mariola_-_Music_Travel_(Adam_White_V_Dil_Remix).mp3
/home/sc/mp3/tigerfm3/music/Alex_Bartlett_-_My_Angel.mp3
/home/sc/mp3/tigerfm3/jingle/LDN_SWEEP_09.MP3
/home/sc/mp3/tigerfm3/music/Alex_Bartlett_-_My_Angel_(CJ_Stone_Remix).mp3
/home/sc/mp3/tigerfm3/music/Alex_Gold_-_Stranded_In_Paradise.mp3
/home/sc/mp3/tigerfm3/music/Alex_M.O.R.P.H._And_Woody_Van_-_Hybrid_Harm_(Talla_Mix).mp3
/home/sc/mp3/tigerfm3/music/Alex_M.O.R.P.H._And_Woody_Van_-_Hybrid_Harm_(Van_Eyden_Dub).mp3
/home/sc/mp3/tigerfm3/jingle/LDN_SWEEP_03.MP3
/home/sc/mp3/tigerfm3/music/Alex_Morph_And_Woody_Van_Eyden_-_Heavenly.mp3
/home/sc/mp3/tigerfm3/music/Alex_Morph_Pres_Everest_Feat_Tashita_-_Oree.mp3
/home/sc/mp3/tigerfm3/music/Alizee_-_A_contre_courant_(Helstrip_Club_Remix).mp3
/home/sc/mp3/tigerfm3/music/Aluna_-_All_I_Need_Is_Time.mp3
/home/sc/mp3/tigerfm3/jingle/LDN_SWEEP_08.MP3
/home/sc/mp3/tigerfm3/music/Aluna_-_All_I_Need_Is_Time_(Noel_Sanger_Remix).mp3
/home/sc/mp3/tigerfm3/music/Aly_&_Fila_-_Key_Of_Life_(Original_Mix).mp3
/home/sc/mp3/tigerfm3/music/Amnesia_Brothers_Feat_Jennifer_Rene_-_Louder.mp3
/home/sc/mp3/tigerfm3/music/Amnesia_Brothers_feat._Jennifer_Rene_-_Louder.mp3
/home/sc/mp3/tigerfm3/jingle/LDN_SWEEP_10.MP3
/home/sc/mp3/tigerfm3/music/Andain_-_Beautiful_Things.mp3
/home/sc/mp3/tigerfm3/music/Andain_-_Beautiful_Things_(G_And_D_Unplugged_Mix).mp3
/home/sc/mp3/tigerfm3/music/Andain_-_Beautiful_Things_(Gabriel_&_Dresden_Mix).mp3
/home/sc/mp3/tigerfm3/music/Andora_feat._Marie_Laure_-_Follow_You_(extended_voice).mp3
/home/sc/mp3/tigerfm3/jingle/LDN_SWEEP_06.MP3
/home/sc/mp3/tigerfm3/music/Andora_feat_Marie_Laure_-_Follow_You.mp3
/home/sc/mp3/tigerfm3/music/Andy_Gregory_-_Vocal_Set.mp3
/home/sc/mp3/tigerfm3/music/Andy_Moor_-_Fake_Awake_(Ecomix).mp3
/home/sc/mp3/tigerfm3/music/Andy_Moor_-_Fake_Awake_(Myon_&_Shane_54_Remix).mp3
/home/sc/mp3/tigerfm3/jingle/LDN_SWEEP_01.MP3
/home/sc/mp3/tigerfm3/music/Andy_Moor_-_Fake_Awake_(Original_Mix).mp3
/home/sc/mp3/tigerfm3/music/Andy_Moor_-_Halcyon_)Alex_M_O_R_P_H_Remix(.mp3
/home/sc/mp3/tigerfm3/music/Andy_Prinz_-_Lost_Inside_The_Senses.mp3
/home/sc/mp3/tigerfm3/music/Angel_One_-_Invincible_(x-tended_mix).mp3
/home/sc/mp3/tigerfm3/jingle/LDN_SWEEP_02.MP3
/home/sc/mp3/tigerfm3/music/Angelic_-_Cant_Keep_Me_Silent.mp3
/home/sc/mp3/tigerfm3/music/Angelic_-_Cant_Keep_Me_Silent_(Julian_Dor_UK_Mix).mp3
/home/sc/mp3/tigerfm3/music/Angelic_-_Cant_keep_me_silent_(original_mix).mp3
/home/sc/mp3/tigerfm3/music/Anna_Nalick_-_Breathe_(2_A.M.)(Blake_Jarrell_Remix).mp3
/home/sc/mp3/tigerfm3/jingle/LDN_SWEEP_02.MP3
/home/sc/mp3/tigerfm3/music/Anthony_Dean_&_Starlet_-_In_A_Trance.mp3
/home/sc/mp3/tigerfm3/music/Anthony_Dean_And_Starlet_-_In_A_Trance_(Original_Vocal_Mix).mp3
/home/sc/mp3/tigerfm3/music/Anthony_Dean_And_Starlett_-_Moonchild.mp3
/home/sc/mp3/tigerfm3/music/Anthony_Dean_And_Starlett_-_Moonchild_(Original_Mix).mp3
/home/sc/mp3/tigerfm3/jingle/LDN_ID_05_M.MP3
/home/sc/mp3/tigerfm3/music/Anti_Matter_-_Absolute_Zero.mp3
/home/sc/mp3/tigerfm3/music/Apollo_-_In_my_dream.mp3
/home/sc/mp3/tigerfm3/music/Apoptygma_Berzerk_-_Kathys_song_(corsten_remix_12_inch).mp3
/home/sc/mp3/tigerfm3/music/Area_-_Doucement.mp3
/home/sc/mp3/tigerfm3/jingle/LDN_SWEEP_06.MP3
/home/sc/mp3/tigerfm3/music/Aries_-_Deuces_Wild_Vox.mp3
/home/sc/mp3/tigerfm3/music/Armin_Van_Buuren_-_A_State_Of_Trance_2008_CD1.mp3
/home/sc/mp3/tigerfm3/music/Armin_Van_Buuren_-_A_State_Of_Trance_2008_CD2.mp3
/home/sc/mp3/tigerfm3/music/Armin_Van_Buuren_-_Blue_Fear.mp3
/home/sc/mp3/tigerfm3/jingle/LDN_SWEEP_07.MP3
/home/sc/mp3/tigerfm3/music/Armin_Van_Buuren_-_Burned_With_Desire.mp3
/home/sc/mp3/tigerfm3/music/Armin_Van_Buuren_-_Shivers.mp3
/home/sc/mp3/tigerfm3/music/Armin_Van_Buuren_-_Spiral.mp3
/home/sc/mp3/tigerfm3/music/Armin_Van_Buuren_Feat_Justine_Sussa_-_Wall_Of_Sound.mp3
/home/sc/mp3/tigerfm3/jingle/LDN_SWEEP_05.MP3
/home/sc/mp3/tigerfm3/music/Armin_Van_Buuren_Feat_Mic_Burns_-_Empty_State.mp3
/home/sc/mp3/tigerfm3/music/Armin_Van_Buuren_Feat_Racoon_-_Love_You_More_(Vocal_Mix).mp3
/home/sc/mp3/tigerfm3/music/Armin_Van_Buuren_feat_Sharon_-_In_And_Out_Of_Love_(Richard_Durand_Remix).mp3
/home/sc/mp3/tigerfm3/music/Armin_Van_Buuren_ft_Sharon_Den_Adel_-_In_&_Out_Of_Love_(Push_Trancedental_Remix).mp3
/home/sc/mp3/tigerfm3/jingle/LDN_ID_04_M.MP3
/home/sc/mp3/tigerfm3/music/Armin_van_Buuren_-_Control_Freak_(Sander_van_Doorn_Remix).mp3
/home/sc/mp3/tigerfm3/music/Armin_van_Buuren_-_Sail.mp3
/home/sc/mp3/tigerfm3/music/Armin_van_Buuren_-_Wait_For_You_(Song_For_The_Ocean).mp3
/home/sc/mp3/tigerfm3/music/Armin_van_Buuren_featuring_Racoon_-_Love_you_more_(Original_Mix).mp3
/home/sc/mp3/tigerfm3/jingle/LDN_SWEEP_10.MP3
/home/sc/mp3/tigerfm3/music/Arminn_Buuren_Ft_Justina_Suissa_-_Simple_Things_(Original_Mix).mp3
/home/sc/mp3/tigerfm3/music/Arnej_-_People_Come_People_Go_(Maor_Levi_Remix).mp3
/home/sc/mp3/tigerfm3/music/Arnej_-_People_Come_People_Go_(Original_Mix).mp3
/home/sc/mp3/tigerfm3/music/Arnej_-_The_Beauty_That_Lies_Behind_Those_Green_Eyes_(Original_Mix).mp3
/home/sc/mp3/tigerfm3/jingle/LDN_ID_01_W.MP3
/home/sc/mp3/tigerfm3/music/Art_Of_Trance_-_Love_Washes_Over_(Pheric_Remix).mp3
/home/sc/mp3/tigerfm3/music/Artificial_Dreamer_ft._Catherine_-_It_Was_You_(Elucidate_Remix).mp3
/home/sc/mp3/tigerfm3/music/Ascension_-_For_a_Lifetime_(oceanlab_mix).mp3
/home/sc/mp3/tigerfm3/music/Aspect_-_Hi_Jack_(Vocal_Mix).mp3
/home/sc/mp3/tigerfm3/jingle/LDN_ID_03_M.MP3
/home/sc/mp3/tigerfm3/music/Atb_-_Let_u_go_(wippenberg_remix).mp3
/home/sc/mp3/tigerfm3/music/Aurora_-_Ordinary_world.mp3
/home/sc/mp3/tigerfm3/music/Aurora_-_The_Day_It_Rained_Forever.mp3
/home/sc/mp3/tigerfm3/music/BCML_-_Mr._Horowitz_(Way_Out_West_Mix).mp3
/home/sc/mp3/tigerfm3/jingle/LDN_ID_02_W.MP3
/home/sc/mp3/tigerfm3/music/BT_-_Simply_Being_Loved_(Somnambulist)_(Junkie_Xl_Vocal_Mix).mp3
/home/sc/mp3/tigerfm3/music/Bart_Claessen_-_Persona_Non_Grata_(Original_Vocal_Mix).mp3
/home/sc/mp3/tigerfm3/music/Bart_Claessen_vs_Dave_Schiemann_-_Madness_(Super8_&_Tab_Remix).mp3
/home/sc/mp3/tigerfm3/music/Beam_-_On_Your_Mind_(Sean_Tyas_Hard_Dub_Remix).mp3
/home/sc/mp3/tigerfm3/jingle/LDN_ID_08_M.MP3
/home/sc/mp3/tigerfm3/music/Believe_In_Me_(Club_mix).mp3
/home/sc/mp3/tigerfm3/music/Ben_Bording_pres._Benya_vs._Inez_Prometheus_(Original_Mix).mp3
/home/sc/mp3/tigerfm3/music/Benassi_Bros._-_Light.mp3
/home/sc/mp3/tigerfm3/music/Benassi_Bros._-_Make_Me_Feel.mp3
/home/sc/mp3/tigerfm3/jingle/LDN_ID_09_M.MP3
/home/sc/mp3/tigerfm3/music/Benny_Benassi_-_No_Matter_What_You_Do.mp3
/home/sc/mp3/tigerfm3/music/Binary_Finary_-_1998_(Matt_Darey_mix).mp3
/home/sc/mp3/tigerfm3/music/Blake_Jarrell_-_Animal.mp3
/home/sc/mp3/tigerfm3/music/Blake_Jarrell_vs._Dane_Cook_-_Dude_I_just_wanna_dance_(Original_Mix).mp3
/home/sc/mp3/tigerfm3/jingle/LDN_ID_09_M.MP3
/home/sc/mp3/tigerfm3/music/Blank_&_Jones_Ft_Bernard_Summe_-_Miracle_Cure_(Extended_Mix).mp3
/home/sc/mp3/tigerfm3/music/Blank_&_Jones_Ft_Bernard_Summe_-_Miracle_Cure_(Martin_Roth_Nu_Style_Remix).mp3
/home/sc/mp3/tigerfm3/music/Blank_And_Jones_-_Mind_Of_The_Wonderful_Short_Cut.mp3
/home/sc/mp3/tigerfm3/music/Blank_And_Jones_-_Nightclubbing_Wippenberg_Remix_Short.mp3
/home/sc/mp3/tigerfm3/jingle/LDN_SWEEP_10.MP3
/home/sc/mp3/tigerfm3/music/Blank_And_Jones_-_Nightfly_Wmc_06_Retouch.mp3
/home/sc/mp3/tigerfm3/music/Boom_Jinx_(H)_-_Come_Play_Perfect_(H).mp3
/home/sc/mp3/tigerfm3/music/C-Quence_-_Endorphine_(Hydroids_Breaking_The_Law_Remix).mp3
/home/sc/mp3/tigerfm3/music/C-Quence_-_Final_Thoughts_(Galen_Behr_Remix).mp3
/home/sc/mp3/tigerfm3/jingle/LDN_ID_03_M.MP3
/home/sc/mp3/tigerfm3/music/Cape_Town_-_Proglifter_(Original_Mix).mp3
/home/sc/mp3/tigerfm3/music/Captured_Sun_-_Crystal_Sky,_Paper_Moon_(Original_Mix).mp3
/home/sc/mp3/tigerfm3/music/Captured_Sun_-_Inherent_Condition_(Dima_Krasnik_Remix).mp3
/home/sc/mp3/tigerfm3/music/Captured_Sun_-_Inherent_Condition_(Jon_OBir_Remix).mp3
/home/sc/mp3/tigerfm3/jingle/LDN_SWEEP_02.MP3
/home/sc/mp3/tigerfm3/music/Captured_Sun_-_Inherent_Condition_(Original_Mix).mp3
/home/sc/mp3/tigerfm3/music/Cascada_-_Everytime_We_Touch_(_Dancing_DJs_Remix_).mp3
/home/sc/mp3/tigerfm3/music/Cerf,_Mitiska_&_Jaren_-_You_Never_Said_(Dash_Berlin_Remix).mp3
/home/sc/mp3/tigerfm3/music/Cerf,_Mitiska_&_Jaren_-_You_Never_Said_(Original_Mix).mp3
/home/sc/mp3/tigerfm3/jingle/LDN_ID_03_M.MP3
/home/sc/mp3/tigerfm3/music/Cerf,_Mitiska_&_Jaren_-_You_Never_Said_(Randy_Boyer_&_Eric_Tadla_Remix).mp3
/home/sc/mp3/tigerfm3/music/Chakra_-_Love_Shines_Through_(Original_Club_Mix).mp3
/home/sc/mp3/tigerfm3/music/Coldplay_-_Talk_(Dave_Aude_Vocal_Club_Mix).mp3
/home/sc/mp3/tigerfm3/music/Cosmic_Gate_-_Exploration_Of_Space.mp3
/home/sc/mp3/tigerfm3/jingle/LDN_ID_04_M.MP3
/home/sc/mp3/tigerfm3/music/DJ_Eco_&_Martin_Roth_-_Tonight_Is_Forever_(Martin_Roth_Mix).mp3
/home/sc/mp3/tigerfm3/music/DJ_Irene_-_Open_Your_Mind.mp3
/home/sc/mp3/tigerfm3/music/DJ_Preach_-_Broken_Inside_)Original_Mix(.mp3
/home/sc/mp3/tigerfm3/music/DJ_Sasha_&_john_digweed_-_heaven_scent_(bedrock_mix).mp3
/home/sc/mp3/tigerfm3/jingle/LDN_SWEEP_06.MP3
/home/sc/mp3/tigerfm3/music/DJ_Shah_-_Beautiful_(Glimpse_Of_Heaven).mp3
/home/sc/mp3/tigerfm3/music/DJ_Shog_-_Be_The_One.mp3
/home/sc/mp3/tigerfm3/music/DJ_Spoke_-_Million_Miles_(Andrew_Bennett_Remix).mp3
/home/sc/mp3/tigerfm3/music/DJ_Tiesto_&_Armin_Van_Buuren___-_Eternity.mp3
/home/sc/mp3/tigerfm3/jingle/LDN_SWEEP_07.MP3
/home/sc/mp3/tigerfm3/music/DJ_Tiesto_-_A_Tear_in_The_Open.mp3
/home/sc/mp3/tigerfm3/music/DJ_Tiesto_-_Adagio_For_Strings.mp3
/home/sc/mp3/tigerfm3/music/DJ_Tiesto_-_Adagio_for_Strings.mp3
/home/sc/mp3/tigerfm3/music/DJ_Tiesto_-_Break_My_Fall_feat._BT.mp3
/home/sc/mp3/tigerfm3/jingle/LDN_ID_07_M.MP3
/home/sc/mp3/tigerfm3/music/DJ_Tiesto_-_Bright_Morningstar.mp3
/home/sc/mp3/tigerfm3/music/DJ_Tiesto_-_Carpe_Noctum.mp3
/home/sc/mp3/tigerfm3/music/DJ_Tiesto_-_Do_You_Feel_Me_feat._Julie_Thompson.mp3
/home/sc/mp3/tigerfm3/music/DJ_Tiesto_-_Driving_To_Heaven.mp3
/home/sc/mp3/tigerfm3/jingle/LDN_ID_09_M.MP3
/home/sc/mp3/tigerfm3/music/DJ_Tiesto_-_Elements_Of_Life.mp3
/home/sc/mp3/tigerfm3/music/DJ_Tiesto_-_Everything_feat._JES.mp3
/home/sc/mp3/tigerfm3/music/DJ_Tiesto_-_Flight_643_(Original).mp3
/home/sc/mp3/tigerfm3/music/DJ_Tiesto_-_Forbidden_Paradise_(Deep_Trance_remix).mp3
/home/sc/mp3/tigerfm3/jingle/LDN_SWEEP_08.MP3
/home/sc/mp3/tigerfm3/music/DJ_Tiesto_-_Forever_Today.mp3
/home/sc/mp3/tigerfm3/music/DJ_Tiesto_-_In_The_Dark_feat._Christian_Burns.mp3
/home/sc/mp3/tigerfm3/music/DJ_Tiesto_-_Just_Be_feat._Kirsty_Hawkshaw.mp3
/home/sc/mp3/tigerfm3/music/DJ_Tiesto_-_Love_Comes_Again_feat._BT.mp3
/home/sc/mp3/tigerfm3/jingle/LDN_ID_02_M.MP3
/home/sc/mp3/tigerfm3/music/DJ_Tiesto_-_Sweet_Things_feat._Charlotte_Martin.mp3
/home/sc/mp3/tigerfm3/music/DJ_Tiesto_-_Ten_Seconds_Before_Sunrise.mp3
/home/sc/mp3/tigerfm3/music/DJ_Tiesto_-_Traffic.mp3
/home/sc/mp3/tigerfm3/music/DJ_Tiesto_-_Walking_On_Clouds_feat._Kirsty_Hawkshaw.mp3
/home/sc/mp3/tigerfm3/jingle/LDN_ID_03_M.MP3
/home/sc/mp3/tigerfm3/music/DJ_Tiesto_presents_Allure_-_The_Loves_We_Lost.mp3
/home/sc/mp3/tigerfm3/music/DJ_Tiësto_-_Hes_A_Pirate_(Tiesto_Remix).mp3
/home/sc/mp3/tigerfm3/music/DT8_Project_-_Till_The_End.mp3
/home/sc/mp3/tigerfm3/music/DT8_Project_feat._Mory_Kante_-_Narama_(Jurgen_Vries_Mix).mp3
/home/sc/mp3/tigerfm3/jingle/LDN_ID_07_M.MP3
/home/sc/mp3/tigerfm3/music/Danjo_&_Styles_-_What_Lies_Ahead_(Original_Mix).mp3
/home/sc/mp3/tigerfm3/music/Dave_Lambert_-_Yeah_(Original_Extended).mp3
/home/sc/mp3/tigerfm3/music/David_And_Carr_-_Lost_In_London_(Haris_C_Remix).mp3
/home/sc/mp3/tigerfm3/music/David_And_Carr_-_Lost_In_London_(Original_Mix).mp3
/home/sc/mp3/tigerfm3/jingle/LDN_ID_08_M.MP3
/home/sc/mp3/tigerfm3/music/David_Guetta_-_The_World_is_Mine_(ID_remix).mp3
/home/sc/mp3/tigerfm3/music/Deep_Dish_-_Say_Hello_(Steve_Angello_Ft_Sebastian_Ingrosso_Remix).mp3
/home/sc/mp3/tigerfm3/music/Deepsky_Feat._Jes_-_Ghost_(Joe_Bermudez_&_Klubjumb.mp3
/home/sc/mp3/tigerfm3/music/Depeche_Mode_-_A_Pain_That_IM_Used_To_(Jaques_Lu_Cont_Remix).mp3
/home/sc/mp3/tigerfm3/jingle/LDN_ID_01_M.MP3
/home/sc/mp3/tigerfm3/music/Depeche_Mode_-_I_Feel_Loved_(Fafa_Superfunk_Monteco_Remix_-_Club_version).mp3
/home/sc/mp3/tigerfm3/music/Digital_Nature_-_Landmarks_(Activa_Mix).mp3
/home/sc/mp3/tigerfm3/music/Digital_Nature_-_Landmarks_(Original_Mix).mp3
/home/sc/mp3/tigerfm3/music/Digital_Nature_-_Oasis_(Activas_Revision_Mix).mp3
/home/sc/mp3/tigerfm3/jingle/LDN_ID_03_M.MP3
/home/sc/mp3/tigerfm3/music/Digital_Nature_-_Oasis_(Digital_Natures_2008_Rework).mp3
/home/sc/mp3/tigerfm3/music/Dj_Jean_-_The_Launch.mp3
/home/sc/mp3/tigerfm3/music/Dj_Tiesto_&_Ferry_Corsten_-_Dreamtime.mp3
/home/sc/mp3/tigerfm3/music/Dogzilla_-_Without_You_(Dogzilla_Dub_mix).mp3
/home/sc/mp3/tigerfm3/jingle/LDN_SWEEP_09.MP3
/home/sc/mp3/tigerfm3/music/Dt8_Project_Feat_Andrea_Britton_-_Winter_(Original_Vocal_Mix).mp3
/home/sc/mp3/tigerfm3/music/Eddie_Thoneick_And_Kurd_Maverick_-_Love_Sensation_(Eddie_Thoneicks_Sensation_Mix).mp3
/home/sc/mp3/tigerfm3/music/Edin_Bosnjak_-_Alluring_Wishes_(Original_Mix).mp3
/home/sc/mp3/tigerfm3/music/Elena_-_Before_I_Sleep_(Frank_Knebel_E.mp3
/home/sc/mp3/tigerfm3/jingle/LDN_ID_02_M.MP3
/home/sc/mp3/tigerfm3/music/Emjay_-_So_Clear_(Stimulate)_(Dogzilla_Depth_Charge_Remix)_(ASOT_247_Rip).mp3
/home/sc/mp3/tigerfm3/music/Emjay_-_So_Clear_(Stimulate)_(Dogzilla_Depth_Charge_remix).mp3
/home/sc/mp3/tigerfm3/music/Enmass_-_CQ_(Randy_Boyer_and_Kristina_Sky_Remix)_)ASOT_242_Rip(.mp3
/home/sc/mp3/tigerfm3/music/Envio_-_For_You.mp3
/home/sc/mp3/tigerfm3/jingle/LDN_ID_08_M.MP3
/home/sc/mp3/tigerfm3/music/Envio_-_For_You_(Sunlounger_Remix).mp3
/home/sc/mp3/tigerfm3/music/Eric_Prydz_-_Call_On_Me.mp3
/home/sc/mp3/tigerfm3/music/Ernesto_Vs_Bastian_-_Stranger_In_Paradise_(Nu-Trance_Mix).mp3
/home/sc/mp3/tigerfm3/music/Estiva_-_Fake_Snake_(Original_Mix).mp3
/home/sc/mp3/tigerfm3/jingle/LDN_SWEEP_04.MP3
/home/sc/mp3/tigerfm3/music/Estiva_-_Fame_(Original_Mix).mp3
/home/sc/mp3/tigerfm3/music/Estiva_-_Strawberry_Fields_(Original_Mix).mp3
/home/sc/mp3/tigerfm3/music/Fable_-_Above.mp3
/home/sc/mp3/tigerfm3/music/Fb_&_Edun_-_Whos_Knockin.mp3
/home/sc/mp3/tigerfm3/jingle/LDN_ID_06_M.MP3
/home/sc/mp3/tigerfm3/music/Ferrin_And_Low_-_Breeze.mp3
/home/sc/mp3/tigerfm3/music/Ferry_Corsten_-_Beautiful.mp3
/home/sc/mp3/tigerfm3/music/Ferry_Corsten_-_Forever.mp3
/home/sc/mp3/tigerfm3/music/Ferry_Corsten_-_Rock_Your_Body_Rock.mp3
/home/sc/mp3/tigerfm3/jingle/LDN_ID_04_M.MP3
/home/sc/mp3/tigerfm3/music/Ferry_Corsten_-_Star_Traveller_)Hydroid_Remix(.mp3
/home/sc/mp3/tigerfm3/music/Ferry_Corsten_Vs_The_Thrillseekers_-_Sublime.mp3
/home/sc/mp3/tigerfm3/music/Ferry_Corsten_feat._Simon_Le_Bon_-_Fire_(Flashover_Remix).mp3
/home/sc/mp3/tigerfm3/music/Filo_&_Peri_Feat._Kathleen_Fisher_-_Ordinary_Moment_(Main_Mix).mp3
/home/sc/mp3/tigerfm3/jingle/LDN_ID_03_M.MP3
/home/sc/mp3/tigerfm3/music/Filo_and_Peri_-_Shine_On_(Aly_&_Fila_Remix).mp3
/home/sc/mp3/tigerfm3/music/Fonzerelli_-_Moonlight_Party.mp3
/home/sc/mp3/tigerfm3/music/Freefall_feat._Jan_Johnston_-_Skydive_(Joint_Operations_Centre_Remix).mp3
/home/sc/mp3/tigerfm3/music/Frost_&_Maron_-_Mute_Your_Mind.mp3
/home/sc/mp3/tigerfm3/jingle/LDN_ID_02_M.MP3
/home/sc/mp3/tigerfm3/music/GTR_-_Mistral_(Original_Mix).mp3
/home/sc/mp3/tigerfm3/music/Gabriel_&_Dresden_-_Alive.mp3
/home/sc/mp3/tigerfm3/music/Gabriel_&_Dresden_-_Dust_In_The_Wind.mp3
/home/sc/mp3/tigerfm3/music/Gabriel_&_Dresden_-_Let_Go.mp3
/home/sc/mp3/tigerfm3/jingle/LDN_ID_05_M.MP3
/home/sc/mp3/tigerfm3/music/Gabriel_&_Dresden_-_Sydney_(Organised_nature).mp3
/home/sc/mp3/tigerfm3/music/Gabriel_And_Dresden_-_Arcadia.mp3
/home/sc/mp3/tigerfm3/music/Giuseppe_Ottaviani_-_No_More_Alone.mp3
/home/sc/mp3/tigerfm3/music/Giuseppe_Ottaviani_-_Through_Your_Eyes.mp3
/home/sc/mp3/tigerfm3/jingle/LDN_SWEEP_02.MP3
/home/sc/mp3/tigerfm3/music/Grooveyard_-_Mary_Go_Wild_(Ron_Van_Den_Beuken_Remix).mp3
/home/sc/mp3/tigerfm3/music/Gustavo_Santaolalla_-_The_Wings_(Theme_from_Brokeback_Mountain)_(Gabriel_&_Dresdens_Organized_Nature_Mix).mp3
/home/sc/mp3/tigerfm3/music/Hammer_&_Funabashi_feat_Angie_Hedman_-_This_Moment.mp3
/home/sc/mp3/tigerfm3/music/Hammer_And_Funabashi_-_Moments_(Original_Mix)_.mp3
/home/sc/mp3/tigerfm3/jingle/LDN_SWEEP_08.MP3
/home/sc/mp3/tigerfm3/music/Hensha_-_The_Curtain_(Anguilla_Project_Remix).mp3
/home/sc/mp3/tigerfm3/music/Hensha_-_The_Curtain_(Original_Mix).mp3
/home/sc/mp3/tigerfm3/music/ID_-_Flash_Brothers_-_Fundamental_(06-27-2006).mp3
/home/sc/mp3/tigerfm3/music/ID_-_Global_DJ_Broadcast_(July_07_2006).mp3
/home/sc/mp3/tigerfm3/jingle/LDN_ID_02_M.MP3
/home/sc/mp3/tigerfm3/music/ID_-_Global_Dj_Broadcast_06-01-2006_(Sasha_Guestmix).mp3
/home/sc/mp3/tigerfm3/music/ID_-_Luke_Fair_-_Live_at_Villa_Gesell,_Argentina_(01-17-2006).mp3
/home/sc/mp3/tigerfm3/music/ID_-_Nocturnal_049_(John_Askew_GuestMix)_(15-07-2006).mp3
/home/sc/mp3/tigerfm3/music/Inertia_-_The_System_(Jon_O´bir_Remix).mp3
/home/sc/mp3/tigerfm3/jingle/LDN_ID_02_W.MP3
/home/sc/mp3/tigerfm3/music/Insigma_-_Open_Our_Eyes_(Sean_Tyas_Mix).mp3
/home/sc/mp3/tigerfm3/music/Insignificant_Others_-_Collagen_(Surgery_Mix).mp3
/home/sc/mp3/tigerfm3/music/Interstate_-_Remember_Me_(Terry_Bones_Remix).mp3
/home/sc/mp3/tigerfm3/music/Jam_&_Spoon_-_Be_Angeled_(PvD_Club_Mix).mp3
/home/sc/mp3/tigerfm3/jingle/LDN_SWEEP_10.MP3
/home/sc/mp3/tigerfm3/music/Jamaster_A_-_One_Night_In_Beijing_(Airbase_Mix).mp3
/home/sc/mp3/tigerfm3/music/Jaytech_-_Starbright_(Jaytechs_Touch_Your_DJ_Mix).mp3
/home/sc/mp3/tigerfm3/music/Jes_-_Imagination_(Tiesto_Remix).mp3
/home/sc/mp3/tigerfm3/music/Jochen_Miller_-_Lost_Connection_(Jochen_Miller_Remix).mp3
/home/sc/mp3/tigerfm3/jingle/LDN_ID_04_M.MP3
/home/sc/mp3/tigerfm3/music/Jochen_Miller_-_Lost_Connection_(Original).mp3
/home/sc/mp3/tigerfm3/music/John_Askew_-_Nail_Gun.mp3
/home/sc/mp3/tigerfm3/music/John_Creamer_&_Stephane_K_feat._Nadia_Ali_-_You_Lose_Me_(Cedric_Gervais_Remix).mp3
/home/sc/mp3/tigerfm3/music/John_OCallaghan_&_Thomas_Bronzwaer_pres._Lost_World_Lost_World_(Giuseppe_Ottavianni_Remix).mp3
/home/sc/mp3/tigerfm3/jingle/LDN_ID_03_M.MP3
/home/sc/mp3/tigerfm3/music/John_O_Callaghan_&_Kearney_-_Restricted_Motion_)Airbase_REMIX(.mp3
/home/sc/mp3/tigerfm3/music/Jonas_Steur_-_Sonrisa.mp3
/home/sc/mp3/tigerfm3/music/Joonas_Hahmo_-_Fusion_(Hawk_Remix).mp3
/home/sc/mp3/tigerfm3/music/Joonas_Hahmo_-_Fusion_(Maor_Levi_Remix).mp3
/home/sc/mp3/tigerfm3/jingle/LDN_SWEEP_07.MP3
/home/sc/mp3/tigerfm3/music/Jose_Amnesia_-_The_Eternal_(Pulser_Mix_Promo_Vinyl).mp3
/home/sc/mp3/tigerfm3/music/Judge_Jules_&_Michael_Woods_Fe_-_So_Special.mp3
/home/sc/mp3/tigerfm3/music/Jussi_Polet_-_Positive_(Supermodels_From_Paris_Remix).mp3
/home/sc/mp3/tigerfm3/music/Kalafut_&_Fygle_-_Novocaine.mp3
/home/sc/mp3/tigerfm3/jingle/LDN_ID_01_W.MP3
/home/sc/mp3/tigerfm3/music/Kamui_-_Get_Lifted.mp3
/home/sc/mp3/tigerfm3/music/Karen_Overton_-_Your_Loving_Arms.mp3
/home/sc/mp3/tigerfm3/music/Karen_Overton_-_Your_Loving_Arms_(Markus_Schulz_vs_Elevation_intro_mix).mp3
/home/sc/mp3/tigerfm3/music/Kenneth_Thomas_Feat_Colleen_Riley_-_Ghost_In_The_Machine_(Elevation_Remix).mp3
/home/sc/mp3/tigerfm3/jingle/LDN_ID_08_M.MP3
/home/sc/mp3/tigerfm3/music/Kenneth_Thomas_Feat_Colleen_Riley_-_Ghost_In_The_Machine_(Mike_Shiver_Catching_Sun_Remix).mp3
/home/sc/mp3/tigerfm3/music/Kirsty_Hawkshaw_Meets_Tenishia_-_Invisible.mp3
/home/sc/mp3/tigerfm3/music/Kirsty_Hawkshaw_Meets_Tenishia_-_Invisible_(Remix).mp3
/home/sc/mp3/tigerfm3/music/Kosmas_Epsilon_-_Innocent_Thoughts.mp3
/home/sc/mp3/tigerfm3/jingle/LDN_ID_08_M.MP3
/home/sc/mp3/tigerfm3/music/Kuffdam_&_Plant_-_Dream_Makers.mp3
/home/sc/mp3/tigerfm3/music/Kyau_vs._Albert_-_Walk_Down.mp3
/home/sc/mp3/tigerfm3/music/Lange_-_Songless_(Boy_Hagemann_Remix).mp3
/home/sc/mp3/tigerfm3/music/Lange_-_Songless_(Cerf_&_Mitiska_Trancetastic_Remix).mp3
/home/sc/mp3/tigerfm3/jingle/LDN_ID_07_M.MP3
/home/sc/mp3/tigerfm3/music/Lange_vs_Gareth_Emery_-_This_is_New_York.mp3
/home/sc/mp3/tigerfm3/music/Leon_Bolier_presents_LWB_-_Deep_Red_(JPL_Remix).mp3
/home/sc/mp3/tigerfm3/music/Leon_Bolier_presents_LWB_-_Deep_Red_(Original_Mix).mp3
/home/sc/mp3/tigerfm3/music/Linus_Loves_-_VH1.mp3
/home/sc/mp3/tigerfm3/jingle/LDN_SWEEP_06.MP3
/home/sc/mp3/tigerfm3/music/Little_Bird_-_Deep_Sky_(mike_koglin_remix).mp3
/home/sc/mp3/tigerfm3/music/Luminary_-_Amsterdam.mp3
/home/sc/mp3/tigerfm3/music/Luminary_-_Amsterdam_(Smith_and_Pledger_Remix).mp3
/home/sc/mp3/tigerfm3/music/Maarten_De_Jong_-_Mono_(J.O.C._Remix).mp3
/home/sc/mp3/tigerfm3/jingle/LDN_SWEEP_09.MP3
/home/sc/mp3/tigerfm3/music/Maarten_De_Jong_-_Mono_(Original_Mix).mp3
/home/sc/mp3/tigerfm3/music/Majai_-_Phoria_(Airbase_Remix).mp3
/home/sc/mp3/tigerfm3/music/Majai_-_Phoria_(DJ_Shah_Remix).mp3
/home/sc/mp3/tigerfm3/music/Majai_-_Phoria_(Elevation_Remix).mp3
/home/sc/mp3/tigerfm3/jingle/LDN_SWEEP_06.MP3
/home/sc/mp3/tigerfm3/music/Majai_-_Phoria_(Original_Mix).mp3
/home/sc/mp3/tigerfm3/music/Majai_-_Phoria_(Peter_Wibe_John_Enola_Remix).mp3
/home/sc/mp3/tigerfm3/music/Marc_Marberg_With_Kyau_And_Albert_-_Neo_Love_(Te_Intro_Mix).mp3
/home/sc/mp3/tigerfm3/music/Marc_Marberg_With_Kyau_And_Albert_-_Neo_Love_)original_Mix).mp3
/home/sc/mp3/tigerfm3/jingle/LDN_ID_03_M.MP3
/home/sc/mp3/tigerfm3/music/Marcel_Woods_-_Beautiful_Mind_2008_(Original).mp3
/home/sc/mp3/tigerfm3/music/Marcel_Woods_-_Lemon_Tree_(Vasting_Rework).mp3
/home/sc/mp3/tigerfm3/music/Marcel_Woods_-_Musical_Madness_(Take_Two).mp3
/home/sc/mp3/tigerfm3/music/Marco_V_-_False_Light_final.mp3
/home/sc/mp3/tigerfm3/jingle/LDN_SWEEP_08.MP3
/home/sc/mp3/tigerfm3/music/Marco_V_-_Second_Bite_(radio_mix).mp3
/home/sc/mp3/tigerfm3/music/Mark_Norman_Presents_Celine_-_Colour_My_Eyes.mp3
/home/sc/mp3/tigerfm3/music/Markus_Schulz_-_Without_You_Near_(Gabriel_&_Dresden_Remix).mp3
/home/sc/mp3/tigerfm3/music/Markus_Schulz_feat.Andy_Moor_-_Daydream_(Mike_EFEX_Dreaming_Tech_Remix).mp3
/home/sc/mp3/tigerfm3/jingle/LDN_SWEEP_04.MP3
/home/sc/mp3/tigerfm3/music/Mastermix_-_Benny_Benassi_vs_Divine_-_Satisfaction_vs_Native_Love.mp3
/home/sc/mp3/tigerfm3/music/Matias_Lehtola_Feat_Gina_J_-_Burning_Bright_(Dub_Mix).mp3
/home/sc/mp3/tigerfm3/music/Matt_Darey_pres._Li_Kwan_-_Point_Zero_(Benya_Remix).mp3
/home/sc/mp3/tigerfm3/music/Matt_Darey_pres._Li_Kwan_-_Point_Zero_(Leama_And_Moor_Remix).mp3
/home/sc/mp3/tigerfm3/jingle/LDN_SWEEP_09.MP3
/home/sc/mp3/tigerfm3/music/Mauro_Picotto_-_Komodo.mp3
/home/sc/mp3/tigerfm3/music/Mike_Foyle_-_Shipwrecked_(John_OCallaghan_vs_Mike_Foyle_Club_Mix).mp3
/home/sc/mp3/tigerfm3/music/Mike_Foyle_vs_Signalrunners_-_Love_Theme_Dusk_(Mikes_Broken_Record_Mix).mp3
/home/sc/mp3/tigerfm3/music/Mike_Shiver_And_Marc_Damon_-_Water_Ripples_(Original_Mix).mp3
/home/sc/mp3/tigerfm3/jingle/LDN_ID_08_M.MP3
/home/sc/mp3/tigerfm3/music/Modulation_-_White_Flame_(Original_Mix).mp3
/home/sc/mp3/tigerfm3/music/Moonbeam_&_Tyler_Michaud_feat._Fisher_-_Love_Never_Dies_(Dub).mp3
/home/sc/mp3/tigerfm3/music/Moonbeam_&_Tyler_Michaud_feat._Fisher_-_Love_Never_Dies_(Original_Mix).mp3
/home/sc/mp3/tigerfm3/music/Moonbeam_Feat_Avis_Vox_-_7_Seconds_(J-Soul_Remix).mp3
/home/sc/mp3/tigerfm3/jingle/LDN_SWEEP_09.MP3
/home/sc/mp3/tigerfm3/music/Moonbeam_Feat_Avis_Vox_-_7_Seconds_(Original_Mix).mp3
/home/sc/mp3/tigerfm3/music/Moonman_-_Galaxia_(Solar_Stone_Remix).mp3
/home/sc/mp3/tigerfm3/music/Nalin_&_Kane_-_Beachball_2003_(Extended_Vocal_Mix).mp3
/home/sc/mp3/tigerfm3/music/Narek_&_Danny_Bullo_-_I_Need_Somebody_(Rowan_&_Jaytech_remix).mp3
/home/sc/mp3/tigerfm3/jingle/LDN_SWEEP_10.MP3
/home/sc/mp3/tigerfm3/music/Nic_Chagall_-_Monday_Bar_(original).mp3
/home/sc/mp3/tigerfm3/music/Nic_Chagall_-_What_You_Need_(Marco_V_Remix).mp3
/home/sc/mp3/tigerfm3/music/Nitrous_Oxide_-_North_Pole.mp3
/home/sc/mp3/tigerfm3/music/Nitrous_Oxide_-_Red_Moon_Slide.mp3
/home/sc/mp3/tigerfm3/jingle/LDN_ID_04_M.MP3
/home/sc/mp3/tigerfm3/music/Niyaz_-_Dilruba_(Junkie_XL_Remix).mp3
/home/sc/mp3/tigerfm3/music/O
/home/sc/mp3/tigerfm3/music/Oakenfold_ft._Ryan_Tedder_of_O_-_Not_Over_(Kenneth_Thomas_Rem).mp3
/home/sc/mp3/tigerfm3/music/Orjan_Nilsen_Ft._Mr._Mark_-_Vivida.mp3
/home/sc/mp3/tigerfm3/jingle/LDN_ID_05_M.MP3
/home/sc/mp3/tigerfm3/music/Paul_Van_Dyk_-_For_An_Angel_(Marc_Van_Linden_Remix).mp3
/home/sc/mp3/tigerfm3/music/Paul_Van_Dyk_-_The_Other_Side_feat._Wayne_Jacks.mp3
/home/sc/mp3/tigerfm3/music/Paul_Webster_-_Cut_off_(Original_Mix).mp3
/home/sc/mp3/tigerfm3/music/Paul_Webster_-_Nailed_(Original_Mix).mp3
/home/sc/mp3/tigerfm3/jingle/LDN_ID_09_M.MP3
/home/sc/mp3/tigerfm3/music/Paul_van_Dyk_-_Another_Way.mp3
/home/sc/mp3/tigerfm3/music/Paul_van_Dyk_-_For_an_Angel.mp3
/home/sc/mp3/tigerfm3/music/Paul_van_Dyk_-_Nothing_But_You.mp3
/home/sc/mp3/tigerfm3/music/Paul_van_Dyk_-_We_Are_Alive.mp3
/home/sc/mp3/tigerfm3/jingle/LDN_SWEEP_10.MP3
/home/sc/mp3/tigerfm3/music/Paul_van_Dyk_-_We_are_alive_(DJ_Iceys_Arctic_Bass_Mix)_.mp3
/home/sc/mp3/tigerfm3/music/Paul_van_Dyk_feat._Saint_Etien_-_Tell_Me_Why_(Club_Mix).mp3
/home/sc/mp3/tigerfm3/music/Paul_van_Dyk_feat._Second_Sun_-_Crush.mp3
/home/sc/mp3/tigerfm3/music/Paul_van_Dyk_feat._Wayne_Jackson_-_The_Other_Side_(Deep_Dish_Remix)_.mp3
/home/sc/mp3/tigerfm3/jingle/LDN_ID_02_M.MP3
/home/sc/mp3/tigerfm3/music/Paulo_Mojo_-_1983_(Eric_Prydz_remix).mp3
/home/sc/mp3/tigerfm3/music/Paulo_Mojo_vs._vs._Pryda_vs._Karen_Overton_-_1983_(Eric_Prydz_Remix)_vs._Aftermath_vs._Loving_Arms_(Accapella)-001.mp3
/home/sc/mp3/tigerfm3/music/Perpetuous_Dreamer_-_The_Sound_Of_Goodbye_(Armin_Van_Buuren_Basic_Instinct_Remix).mp3
/home/sc/mp3/tigerfm3/music/Peter_Dafnous_-_Face_the_Change_)original(.mp3
/home/sc/mp3/tigerfm3/jingle/LDN_SWEEP_10.MP3
/home/sc/mp3/tigerfm3/music/Plumb_-_Cut_(Bronleewe_&_Bose_Mix).mp3
/home/sc/mp3/tigerfm3/music/Probspot_-_Blueberry_(Original_Mix).mp3
/home/sc/mp3/tigerfm3/music/Pulser_-_Point_of_Impact_(Mike_Koglin_Remix).mp3
/home/sc/mp3/tigerfm3/music/Pulser_-_Square_One_(The_Thrillseekers_Remix).mp3
/home/sc/mp3/tigerfm3/jingle/LDN_SWEEP_05.MP3
/home/sc/mp3/tigerfm3/music/Purple_Haze_-_Adrenaline.mp3
/home/sc/mp3/tigerfm3/music/Push_-_2003_(Ferry_Corsten_remix).mp3
/home/sc/mp3/tigerfm3/music/Push_-_Strange_World_(2000_Remake).mp3
/home/sc/mp3/tigerfm3/music/Push_-_Universal_Nation_(Live_Mix).mp3
/home/sc/mp3/tigerfm3/jingle/LDN_ID_05_M.MP3
/home/sc/mp3/tigerfm3/music/Randy_Katana_-_In_Silence_(Ron_Van_Den_Beuken_rmx).mp3
/home/sc/mp3/tigerfm3/music/Re-Locate_-_Rogue.mp3
/home/sc/mp3/tigerfm3/music/Re-Locate_feat._M.I.D.O.R._-_Alcatraz_(Original_Mix).mp3
/home/sc/mp3/tigerfm3/music/Reflekt_feat._Delline_Bass_-_Need_To_Feel_Loved_(12_Club_Mix).mp3
/home/sc/mp3/tigerfm3/jingle/LDN_SWEEP_10.MP3
/home/sc/mp3/tigerfm3/music/Richard_Durand_-_Weep_(Sundown_Mix).mp3
/home/sc/mp3/tigerfm3/music/Ridgewalkers_feat._El_-_Find_(Andy_Moor_Remix).mp3
/home/sc/mp3/tigerfm3/music/Robert_Miles_-_Children_2000_(Trance_Remix).mp3
/home/sc/mp3/tigerfm3/music/Robert_Miles_-_Fable_(Dream_Version)(1).mp3
/home/sc/mp3/tigerfm3/jingle/LDN_ID_06_M.MP3
/home/sc/mp3/tigerfm3/music/Ron_Van_Den_Beuken_-_Another_Way_(Dancetour_Anthem_2006).mp3
/home/sc/mp3/tigerfm3/music/Ron_Van_Den_Beuken_-_Sunset_(original_mix).mp3
/home/sc/mp3/tigerfm3/music/Ronski_Speed_-_All_The_Wave_(Original).mp3
/home/sc/mp3/tigerfm3/music/Roy_Gates_-_We_Rock_Together_(E-Craig_Remix).mp3
/home/sc/mp3/tigerfm3/jingle/LDN_SWEEP_01.MP3
/home/sc/mp3/tigerfm3/music/Röyksopp_-_Poor_Leno_(Silicone_Souls_Hypno_House_Remix)_)Classic(.mp3
/home/sc/mp3/tigerfm3/music/Salt_Tank_-_Eugina.mp3
/home/sc/mp3/tigerfm3/music/Sander_Van_Doorn_-_Apple_(Marcus_Schossow_Remix).mp3
/home/sc/mp3/tigerfm3/music/Sander_Van_Doorn_-_Apple_(Original_Mix).mp3
/home/sc/mp3/tigerfm3/jingle/LDN_ID_04_M.MP3
/home/sc/mp3/tigerfm3/music/Sander_Van_Doorn_-_Dark_Roast_(2006_Re-Fill).mp3
/home/sc/mp3/tigerfm3/music/Sander_Van_Doorn_-_Punkd_(Sean_Tyas_Remix).mp3
/home/sc/mp3/tigerfm3/music/Sean_Tyas_-_Lift.mp3
/home/sc/mp3/tigerfm3/music/Selu_Vibra_-_Divine.mp3
/home/sc/mp3/tigerfm3/jingle/LDN_SWEEP_10.MP3
/home/sc/mp3/tigerfm3/music/Selu_Vibra_-_Divine_(sean_Tyas_Rework).mp3
/home/sc/mp3/tigerfm3/music/Selu_Vibra_-_Stargazing_(Original_Mix).mp3
/home/sc/mp3/tigerfm3/music/Sied_Van_Riel_-_Rush.mp3
/home/sc/mp3/tigerfm3/music/SignalRunners_(Team_SR)_-_Come_Back_To_Me.mp3
/home/sc/mp3/tigerfm3/jingle/LDN_ID_02_W.MP3
/home/sc/mp3/tigerfm3/music/Signalrunners_-_Leaving_London.mp3
/home/sc/mp3/tigerfm3/music/Signalrunners_pres._Syndica_-_Orange_Sky_(Original_Mix).mp3
/home/sc/mp3/tigerfm3/music/Signum_-_Second_Wave.mp3
/home/sc/mp3/tigerfm3/music/Simon_&_Shaker_-_Zero.mp3
/home/sc/mp3/tigerfm3/jingle/LDN_ID_09_M.MP3
/home/sc/mp3/tigerfm3/music/Simon_Patterson_-_Smack.mp3
/home/sc/mp3/tigerfm3/music/Slok_-_Lonley_Child_(Satoshi_Tommie_Remix).mp3
/home/sc/mp3/tigerfm3/music/Solar_Stone_-_Seven_Cities_(solar_stones_atlantis_mix).mp3
/home/sc/mp3/tigerfm3/music/Solid_Globe_-_North_Pole_(orig._mix).mp3
/home/sc/mp3/tigerfm3/jingle/LDN_SWEEP_04.MP3
/home/sc/mp3/tigerfm3/music/Solid_Globe_-_Sahara_(Original_Mix).mp3
/home/sc/mp3/tigerfm3/music/Sonic_Division_-_Day_And_Night_(Akesson_Remix).mp3
/home/sc/mp3/tigerfm3/music/Sonic_Division_-_Day_And_Night_(Kimito_Lopez_Remix).mp3
/home/sc/mp3/tigerfm3/music/Sonic_Division_-_Day_And_Night_(Monogato_Remix).mp3
/home/sc/mp3/tigerfm3/jingle/LDN_ID_01_W.MP3
/home/sc/mp3/tigerfm3/music/Sonic_Division_-_Day_And_Night_(Original_Mix).mp3
/home/sc/mp3/tigerfm3/music/Sonic_Division_-_Someday_(Original_Mix).mp3
/home/sc/mp3/tigerfm3/music/Sonicvibe_pres._Vadran_-_Lightform_(Original_Mix).mp3
/home/sc/mp3/tigerfm3/music/Sonorous_-_Protonic_(_Leama_&_Moor_Rmx).mp3
/home/sc/mp3/tigerfm3/jingle/LDN_ID_05_M.MP3
/home/sc/mp3/tigerfm3/music/Starkid_-_Crayons_(Leama_And_Moor_Remix).mp3
/home/sc/mp3/tigerfm3/music/Stoneface_&_Terminal_-_Endorphine.mp3
/home/sc/mp3/tigerfm3/music/Summer_Sessions_-_Slipstream_(Original_Mix).mp3
/home/sc/mp3/tigerfm3/music/Sunlounger_&_Zara_-_Lost_(Dance_Version).mp3
/home/sc/mp3/tigerfm3/jingle/LDN_SWEEP_02.MP3
/home/sc/mp3/tigerfm3/music/Sunlounger_-_White_Sand.mp3
/home/sc/mp3/tigerfm3/music/Sunny_Lax_-_Mira_(Original_Mix).mp3
/home/sc/mp3/tigerfm3/music/Super8_&_Tab_-_Elektra_(Original_Mix).mp3
/home/sc/mp3/tigerfm3/music/Super8_-_Get_Off.mp3
/home/sc/mp3/tigerfm3/jingle/LDN_ID_07_M.MP3
/home/sc/mp3/tigerfm3/music/Super8_-_Get_Off_(Gabriel_Batz_Remix).mp3
/home/sc/mp3/tigerfm3/music/Super8_Vs_Dj_Tab_-_Helsinki_Scorchin_(Original_Mix).mp3
/home/sc/mp3/tigerfm3/music/Tastexperience_-_Highlander_(Original)_)CLASSIC(.mp3
/home/sc/mp3/tigerfm3/music/Techno_-_Trance_-_Delerium_-_The_Silence_(DJ_Tiesto_remix)_P.mp3
/home/sc/mp3/tigerfm3/jingle/LDN_SWEEP_05.MP3
/home/sc/mp3/tigerfm3/music/The_Marches_-_Turn_it_around_(Bomdogs_remix).mp3
/home/sc/mp3/tigerfm3/music/The_Police_-_Message_In_A_Bottle_)Sander_Van_Doorn_Remix(.mp3
/home/sc/mp3/tigerfm3/music/The_Thrillseekers_-_Synaesthesia_)Ferry_Corsten_Remix(.mp3
/home/sc/mp3/tigerfm3/music/The_Thrillseekers_feat._Fisher_-_The_Last_Time_(Original_Mix).mp3
/home/sc/mp3/tigerfm3/jingle/LDN_ID_02_W.MP3
/home/sc/mp3/tigerfm3/music/The_Thrillseekers_feat._Gina_Dootson_-_By_Your_Side.mp3
/home/sc/mp3/tigerfm3/music/Tom_Cloud_-_Told_You_So_)Original_Mix(.mp3
/home/sc/mp3/tigerfm3/music/Tom_Cloud_feat._Tiff_Lacey_-_Secretly_(Dub).mp3
/home/sc/mp3/tigerfm3/music/VA_-_Trance_Top_100_Mix.mp3
/home/sc/mp3/tigerfm3/jingle/LDN_SWEEP_06.MP3
/home/sc/mp3/tigerfm3/music/Veracocha_-_Carte_Blanche.mp3
/home/sc/mp3/tigerfm3/music/Veracocha_-_Carte_Blanche_(Cosmic_Gate_Remix).mp3
/home/sc/mp3/tigerfm3/music/Veracocha_-_Carte_Blanche_(Original_Mix).mp3
/home/sc/mp3/tigerfm3/music/Veracocha_-_Carte_Blanche_(San_&_Sebastian_Moore_Remix).mp3
/home/sc/mp3/tigerfm3/jingle/LDN_ID_05_M.MP3
/home/sc/mp3/tigerfm3/music/Vinny_Troia_pres._Jadeine_Veda_-_Flow_(Gareth_Emery_Remix).mp3
/home/sc/mp3/tigerfm3/music/Witness_Of_Wonder_-_Emotions_In_Motion_(Thrillseekers_Remix).mp3
/home/sc/mp3/tigerfm3/music/Young_Parisians_ft_Ben_Lost-_Jump_The_Next_Train_(Probspot_Remix).mp3
/home/sc/mp3/tigerfm3/music/Zenon_feat_Eririe_-_September_Rain.mp3
/home/sc/mp3/tigerfm3/jingle/LDN_SWEEP_08.MP3
/home/sc/mp3/tigerfm3/music/Zhivago_-_Celebrate_the_Love_2002.mp3
/home/sc/mp3/tigerfm3/music/late_night_alumni_-_empty_streets_(seamus_haji_&_paul_emmanuel_remix).mp3
