/home/sc/mp3/tigerfm5/jingle/LDN_SWEEP_09.MP3
/home/sc/mp3/tigerfm5/music/Seweryn - Ta Dziewczyna.mp3
/home/sc/mp3/tigerfm5/music/Skaner - American Boy.mp3
/home/sc/mp3/tigerfm5/music/Diadem - Mialas Co Chcia³as.mp3
/home/sc/mp3/tigerfm5/music/Kolor - To Byly Piekne Dni.mp3
/home/sc/mp3/tigerfm5/jingle/LDN_ID_01_W.MP3
/home/sc/mp3/tigerfm5/music/Buenos Ares - Baby Baby.mp3
/home/sc/mp3/tigerfm5/music/Toples - dziewczyny rzadza nami.mp3
/home/sc/mp3/tigerfm5/music/Lukash - Nastka.mp3
/home/sc/mp3/tigerfm5/music/Kometa - Tancz Tancz.mp3
/home/sc/mp3/tigerfm5/jingle/LDN_ID_02_M.MP3
/home/sc/mp3/tigerfm5/music/Mega Dance - Powiedz czemu.mp3
/home/sc/mp3/tigerfm5/music/Mister Dex - Bylas Mi Sloncem.mp3
/home/sc/mp3/tigerfm5/music/Toples - Zapomiec Cie.mp3
/home/sc/mp3/tigerfm5/music/Lukash - Boys Boys Boys.mp3
/home/sc/mp3/tigerfm5/jingle/LDN_ID_02_W.MP3
/home/sc/mp3/tigerfm5/music/Mega Dance - A Ja Tam Wole Coca Cole.mp3
/home/sc/mp3/tigerfm5/music/Krzysztof Krawczyk - Za toba pojde jak na bal.mp3
/home/sc/mp3/tigerfm5/music/Bfc - Zostan Ze Mna.mp3
/home/sc/mp3/tigerfm5/music/Akcent - Lets Talk About It.mp3
/home/sc/mp3/tigerfm5/jingle/LDN_SWEEP_06.MP3
/home/sc/mp3/tigerfm5/music/Toples - Zdejmij Ubranie.mp3
/home/sc/mp3/tigerfm5/music/Mister Night - Klaun.mp3
/home/sc/mp3/tigerfm5/music/Ipuls - Green Star.mp3
/home/sc/mp3/tigerfm5/music/Akcent - La Passion.mp3
/home/sc/mp3/tigerfm5/jingle/LDN_ID_02_M.MP3
/home/sc/mp3/tigerfm5/music/Impuls - Blekit Nieba.mp3
/home/sc/mp3/tigerfm5/music/Lukash - Tylko Ty.mp3
/home/sc/mp3/tigerfm5/music/Milia - Mezu Moj Skarbie Moj.mp3
/home/sc/mp3/tigerfm5/music/Marki Polo - Brzydula.mp3
/home/sc/mp3/tigerfm5/jingle/LDN_SWEEP_02.MP3
/home/sc/mp3/tigerfm5/music/Vabank - To Moja Gra.mp3
/home/sc/mp3/tigerfm5/music/Kolor - Nie Odejde Od Ciebie.mp3
/home/sc/mp3/tigerfm5/music/Focus - Nozki.mp3
/home/sc/mp3/tigerfm5/music/Mister Dex - Mam Tylko Ciebie.mp3
/home/sc/mp3/tigerfm5/jingle/LDN_SWEEP_04.MP3
/home/sc/mp3/tigerfm5/music/Zorka - Komar.mp3
/home/sc/mp3/tigerfm5/music/Play And Mix - Czarodzieje.mp3
/home/sc/mp3/tigerfm5/music/Boys - Ostatni Dzien Ostatnia Noc.mp3
/home/sc/mp3/tigerfm5/music/Stan Tutaj - Zakopane.mp3
/home/sc/mp3/tigerfm5/jingle/LDN_ID_08_M.MP3
/home/sc/mp3/tigerfm5/music/Dj Velu - Teraz Mocno Przytul Mnie.mp3
/home/sc/mp3/tigerfm5/music/Diadem - Oczy 2008.mp3
/home/sc/mp3/tigerfm5/music/Disco Polo - Mila Moja.mp3
/home/sc/mp3/tigerfm5/music/Toples - Letni Romans.mp3
/home/sc/mp3/tigerfm5/jingle/LDN_SWEEP_08.MP3
/home/sc/mp3/tigerfm5/music/Top One - Granica.mp3
/home/sc/mp3/tigerfm5/music/Boys - Szalona.mp3
/home/sc/mp3/tigerfm5/music/Diadem - Czarownica.mp3
/home/sc/mp3/tigerfm5/music/Milano - Brazowe Oczy.mp3
/home/sc/mp3/tigerfm5/jingle/LDN_SWEEP_04.MP3
/home/sc/mp3/tigerfm5/music/Mega Dance - Dni Bez Ciebie.mp3
/home/sc/mp3/tigerfm5/music/Weekend - Milosne S.O.S.mp3
/home/sc/mp3/tigerfm5/music/Diadem - Tamte Dni.mp3
/home/sc/mp3/tigerfm5/music/Cliver - Tylko z Toba.mp3
/home/sc/mp3/tigerfm5/jingle/LDN_SWEEP_03.MP3
/home/sc/mp3/tigerfm5/music/Mamzel - List Do Nieba.mp3
/home/sc/mp3/tigerfm5/music/Krzysztof Krawczyk I Urszula - Baw Mnie.mp3
/home/sc/mp3/tigerfm5/music/Akcent - Gwiazda.mp3
/home/sc/mp3/tigerfm5/music/Krzysztof Krawczyk & Trubadurzy - Bylas tu.mp3
/home/sc/mp3/tigerfm5/jingle/LDN_ID_04_M.MP3
/home/sc/mp3/tigerfm5/music/Zorka - Kochana Moja RMX.mp3
/home/sc/mp3/tigerfm5/music/Krzysztof Krawczyk - Mix Przebojow.mp3
/home/sc/mp3/tigerfm5/music/Krzysztof Krawczyk - Ta Ostatnia Niedziela.mp3
/home/sc/mp3/tigerfm5/music/Weekend - Za milosc twa.mp3
/home/sc/mp3/tigerfm5/jingle/LDN_ID_03_M.MP3
/home/sc/mp3/tigerfm5/music/Weekend - Za Milosc Ma (Remix).mp3
/home/sc/mp3/tigerfm5/music/Kolor - Zabraas Serce Moje.mp3
/home/sc/mp3/tigerfm5/music/Pocalunek -.mp3
/home/sc/mp3/tigerfm5/music/Mejk - Dotknij Mnie.mp3
/home/sc/mp3/tigerfm5/jingle/LDN_ID_06_M.MP3
/home/sc/mp3/tigerfm5/music/Etna - Dran.mp3
/home/sc/mp3/tigerfm5/music/Akcent - Za Twe Oczy.mp3
/home/sc/mp3/tigerfm5/music/Masters - Chodz Pomaluj Moj Swiat 2008.mp3
/home/sc/mp3/tigerfm5/music/Mister Night - Bliskosc Cia³a.mp3
/home/sc/mp3/tigerfm5/jingle/LDN_ID_04_M.MP3
/home/sc/mp3/tigerfm5/music/Impuls - Ile prawdy.mp3
/home/sc/mp3/tigerfm5/music/Anna Jantar - Przetanczyc Z Toba Chce Cala Noc.mp3
/home/sc/mp3/tigerfm5/music/Skaner - Lato W Kolobrzegu.mp3
/home/sc/mp3/tigerfm5/music/Disco Polo - Stracilas Cnote.mp3
/home/sc/mp3/tigerfm5/jingle/LDN_ID_02_M.MP3
/home/sc/mp3/tigerfm5/music/Maxel - Mocniej.mp3
/home/sc/mp3/tigerfm5/music/Kolor - Gdybym mial gitare.mp3
/home/sc/mp3/tigerfm5/music/Mister Night - Nikt Tak Jak Ty.mp3
/home/sc/mp3/tigerfm5/music/Kaniku³y - Dotykaj Mnie.mp3
/home/sc/mp3/tigerfm5/jingle/LDN_SWEEP_10.MP3
/home/sc/mp3/tigerfm5/music/Kalimero - Oczy Twe.mp3
/home/sc/mp3/tigerfm5/music/Boys - A Ja Sie Bawie.mp3
/home/sc/mp3/tigerfm5/music/Toples - To bylo wczoraj (2008).mp3
/home/sc/mp3/tigerfm5/music/Diadem - Dziewczyno.mp3
/home/sc/mp3/tigerfm5/jingle/LDN_ID_02_M.MP3
/home/sc/mp3/tigerfm5/music/Respekt - Jola.mp3
/home/sc/mp3/tigerfm5/music/lukash - nie wiem sam.mp3
/home/sc/mp3/tigerfm5/music/DJ Farad - Mokre Szparki.mp3
/home/sc/mp3/tigerfm5/music/Active - Zwariowana Full 2008.mp3
/home/sc/mp3/tigerfm5/jingle/LDN_SWEEP_04.MP3
/home/sc/mp3/tigerfm5/music/Fantastic Boys - Oczy Granatowe.mp3
/home/sc/mp3/tigerfm5/music/Zycie To Sa Chwile -.mp3
/home/sc/mp3/tigerfm5/music/D-Bomb - Jak Ty Na Imie Masz.mp3
/home/sc/mp3/tigerfm5/music/Neo - Uwierzmy - W Siebie.mp3
/home/sc/mp3/tigerfm5/jingle/LDN_SWEEP_06.MP3
/home/sc/mp3/tigerfm5/music/Fanatic - Powiadali Przyjaciele (Czarownica ).mp3
/home/sc/mp3/tigerfm5/music/Maxim - Dwie Drogi.mp3
/home/sc/mp3/tigerfm5/music/D-Bomb - Koniec.mp3
/home/sc/mp3/tigerfm5/music/Cliver & Kalimero - Sny.mp3
/home/sc/mp3/tigerfm5/jingle/LDN_SWEEP_04.MP3
/home/sc/mp3/tigerfm5/music/Impuls - Wakacyjna Przygoda.mp3
/home/sc/mp3/tigerfm5/music/Milano - Everybody Frytki.mp3
/home/sc/mp3/tigerfm5/music/Mister Night - Twoje Imie.mp3
/home/sc/mp3/tigerfm5/music/Toples_-_Hej_Hej_Dobry_DJ.mp3
/home/sc/mp3/tigerfm5/jingle/LDN_SWEEP_03.MP3
/home/sc/mp3/tigerfm5/music/Universe - To Byl Maj.mp3
/home/sc/mp3/tigerfm5/music/Toples - Jedna Noc To Za Malo.mp3
/home/sc/mp3/tigerfm5/music/Top One - Zostawcie Titanica.mp3
/home/sc/mp3/tigerfm5/music/Selekt - Niebieskie Oczy.mp3
/home/sc/mp3/tigerfm5/jingle/LDN_SWEEP_02.MP3
/home/sc/mp3/tigerfm5/music/Stan Tutaj - Jestem Lysy.mp3
/home/sc/mp3/tigerfm5/music/Krzysztof Krawczyk - Powiedz Mamo.mp3
/home/sc/mp3/tigerfm5/music/Love System - Kolor Chmur.mp3
/home/sc/mp3/tigerfm5/music/Krzysztof Krawczyk - Rysunek na szkle.mp3
/home/sc/mp3/tigerfm5/jingle/LDN_ID_04_M.MP3
/home/sc/mp3/tigerfm5/music/Impuls - Dwa Jabluszka.mp3
/home/sc/mp3/tigerfm5/music/Stan Tutaj - Viagra.mp3
/home/sc/mp3/tigerfm5/music/Mister Dex - Czerwone roze.mp3
/home/sc/mp3/tigerfm5/music/Boys - Figo Fago mix.mp3
/home/sc/mp3/tigerfm5/jingle/LDN_SWEEP_02.MP3
/home/sc/mp3/tigerfm5/music/Skalar - Dla Mnie Luty Dla Ciebie Maj.mp3
/home/sc/mp3/tigerfm5/music/Boys - Bawmy Sie.mp3
/home/sc/mp3/tigerfm5/music/Lukash - Falsz, bol i gniew.mp3
/home/sc/mp3/tigerfm5/music/Universe -  Ty Masz To Czego Nie Mam ja.mp3
/home/sc/mp3/tigerfm5/jingle/LDN_SWEEP_06.MP3
/home/sc/mp3/tigerfm5/music/Shazza - Bierz Co Chcesz 2007.mp3
/home/sc/mp3/tigerfm5/music/Cliver - Ogrodnik 2008.mp3
/home/sc/mp3/tigerfm5/music/Cliver - Bliskosc ciala.mp3
/home/sc/mp3/tigerfm5/music/Milano - Kochana.mp3
/home/sc/mp3/tigerfm5/jingle/LDN_ID_08_M.MP3
/home/sc/mp3/tigerfm5/music/Kalimero - Chodz Do Mnie.mp3
/home/sc/mp3/tigerfm5/music/Universe -  Jestes Tylko Jedna.mp3
/home/sc/mp3/tigerfm5/music/Cliver - Moj Aniol.mp3
/home/sc/mp3/tigerfm5/music/Akcent - Baby.mp3
/home/sc/mp3/tigerfm5/jingle/LDN_SWEEP_01.MP3
/home/sc/mp3/tigerfm5/music/Kolor- Suliko.mp3
/home/sc/mp3/tigerfm5/music/Colorado - Seniorita.mp3
/home/sc/mp3/tigerfm5/music/Zorka - Kachac Lubic.mp3
/home/sc/mp3/tigerfm5/music/Diadem - Czemu trudno tak.mp3
/home/sc/mp3/tigerfm5/jingle/LDN_SWEEP_08.MP3
/home/sc/mp3/tigerfm5/music/Diadem - Jestes Moja Naj (Wakacje 2008).mp3
/home/sc/mp3/tigerfm5/music/Milano - O Tobie Kochana.mp3
/home/sc/mp3/tigerfm5/music/Akcent - King Of Disco.mp3
/home/sc/mp3/tigerfm5/music/Kolor - Pierwsza milosc.mp3
/home/sc/mp3/tigerfm5/jingle/LDN_ID_09_M.MP3
/home/sc/mp3/tigerfm5/music/Krzysztof Krawczyk - Piosenka Przypomni Ci.mp3
/home/sc/mp3/tigerfm5/music/Boys - Zawsze Bede Kochal Cie.mp3
/home/sc/mp3/tigerfm5/music/Mister Night - Kalifornia.mp3
/home/sc/mp3/tigerfm5/music/Mister Dex - Milosc Na Zawolanie.mp3
/home/sc/mp3/tigerfm5/jingle/LDN_SWEEP_04.MP3
/home/sc/mp3/tigerfm5/music/Top One -  Bliska Moim Myslom.mp3
/home/sc/mp3/tigerfm5/music/Adam Band_- Bliska_Moim_Myslom.mp3
/home/sc/mp3/tigerfm5/music/D-Bomb - Czy Masz Ochote.mp3
/home/sc/mp3/tigerfm5/music/Maxel - Lekcja Milosci.mp3
/home/sc/mp3/tigerfm5/jingle/LDN_SWEEP_09.MP3
/home/sc/mp3/tigerfm5/music/Akcent - Kocham Cie Dziewczyno.mp3
/home/sc/mp3/tigerfm5/music/Weekend - Milion.mp3
/home/sc/mp3/tigerfm5/music/Maxx Dance - Zar Milosci.mp3
/home/sc/mp3/tigerfm5/music/As - Na Zamku.mp3
/home/sc/mp3/tigerfm5/jingle/LDN_SWEEP_05.MP3
/home/sc/mp3/tigerfm5/music/Classic - Warto Zyc.mp3
/home/sc/mp3/tigerfm5/music/Top One -  Mila Moja.mp3
/home/sc/mp3/tigerfm5/music/Boys - Agnieszka.mp3
/home/sc/mp3/tigerfm5/music/Sekret - Sama Samotna.mp3
/home/sc/mp3/tigerfm5/jingle/LDN_SWEEP_01.MP3
/home/sc/mp3/tigerfm5/music/Cliver - Chodz Kochanie (Reaktywacja).mp3
/home/sc/mp3/tigerfm5/music/Weekend - Jak Kochac to tylko Cie.mp3
/home/sc/mp3/tigerfm5/music/Toples - Dni bez ciebie.mp3
/home/sc/mp3/tigerfm5/music/Model Mt - Biala Roza.mp3
/home/sc/mp3/tigerfm5/jingle/LDN_ID_01_W.MP3
/home/sc/mp3/tigerfm5/music/D-Bomb - Cala Sala.mp3
/home/sc/mp3/tigerfm5/music/Drossel - Mariolka.mp3
/home/sc/mp3/tigerfm5/music/D-Bomb - Dobrze Robie (dj verdi vs. valium mix).mp3
/home/sc/mp3/tigerfm5/music/Peron Lez -.mp3
/home/sc/mp3/tigerfm5/jingle/LDN_SWEEP_03.MP3
/home/sc/mp3/tigerfm5/music/Mega Dance - Chodz Blizej.mp3
/home/sc/mp3/tigerfm5/music/kolor - Nie Zapomne Cie.mp3
/home/sc/mp3/tigerfm5/music/Kalimero - Wodeczka.mp3
/home/sc/mp3/tigerfm5/music/Boys - Biba.mp3
/home/sc/mp3/tigerfm5/jingle/LDN_ID_07_M.MP3
/home/sc/mp3/tigerfm5/music/4Ever - Lato.mp3
/home/sc/mp3/tigerfm5/music/Lukash - Jest ok.mp3
/home/sc/mp3/tigerfm5/music/Cliver - Na Zawsze I Na Wiecznosc (Cliver Vocal).mp3
/home/sc/mp3/tigerfm5/music/Krawczyk Krzysztof - Kto Odchodzi Kradnie Sny.mp3
/home/sc/mp3/tigerfm5/jingle/LDN_SWEEP_07.MP3
/home/sc/mp3/tigerfm5/music/Solatis - Bajka 2008.mp3
/home/sc/mp3/tigerfm5/music/Mister Dex - Baju Baj.mp3
/home/sc/mp3/tigerfm5/music/Mirage - Wolam Cie.mp3
/home/sc/mp3/tigerfm5/music/Junior - Jestes Piekna.mp3
/home/sc/mp3/tigerfm5/jingle/LDN_SWEEP_02.MP3
/home/sc/mp3/tigerfm5/music/Universe -  W perly Zmienic Deszcz.mp3
/home/sc/mp3/tigerfm5/music/Focus - Swoje Serce Mi Daj.mp3
/home/sc/mp3/tigerfm5/music/Cliver - Ogrodnik.mp3
/home/sc/mp3/tigerfm5/music/mega dance - czy to by³a milosc.mp3
/home/sc/mp3/tigerfm5/jingle/LDN_ID_05_M.MP3
/home/sc/mp3/tigerfm5/music/Boys - Odpowiedz mi.mp3
/home/sc/mp3/tigerfm5/music/Toples - A Ty Sie Smialas.mp3
/home/sc/mp3/tigerfm5/music/Universe -  Latawce Marzen.mp3
/home/sc/mp3/tigerfm5/music/D-Bomb - Da da da.mp3
/home/sc/mp3/tigerfm5/jingle/LDN_SWEEP_01.MP3
/home/sc/mp3/tigerfm5/music/Mig - Ciesze sie.mp3
/home/sc/mp3/tigerfm5/music/Crazy Dj - Hej Sokoly 2008.mp3
/home/sc/mp3/tigerfm5/music/Akcent - Zycie To Sa Chwile.mp3
/home/sc/mp3/tigerfm5/music/Boys - Jump.mp3
/home/sc/mp3/tigerfm5/jingle/LDN_SWEEP_08.MP3
/home/sc/mp3/tigerfm5/music/Universe -  Tacy Bylismy.mp3
/home/sc/mp3/tigerfm5/music/Megam - To Tylko Gra.mp3
/home/sc/mp3/tigerfm5/music/Cliver - O Tobie Kochana (Live 2003).mp3
/home/sc/mp3/tigerfm5/music/Universe - Blues Na Wpol Do Piatej Rano.mp3
/home/sc/mp3/tigerfm5/jingle/LDN_SWEEP_04.MP3
/home/sc/mp3/tigerfm5/music/Kolor - Serce.mp3
/home/sc/mp3/tigerfm5/music/Skaner - Wracaj Do Mego Swiata.mp3
/home/sc/mp3/tigerfm5/music/Cliver - Nasze randez vous.mp3
/home/sc/mp3/tigerfm5/music/Cliver - Ty i Ja.mp3
/home/sc/mp3/tigerfm5/jingle/LDN_ID_01_M.MP3
/home/sc/mp3/tigerfm5/music/Marcin Toples Siegienczuk - Dobry DJ (Tom Ace Rmx 2007).mp3
/home/sc/mp3/tigerfm5/music/Domino - Filmowa Milosc.mp3
/home/sc/mp3/tigerfm5/music/Akcent - Religious Girl.mp3
/home/sc/mp3/tigerfm5/music/Bum Kanikuly & Cliver - Zaufaj Mi 2o07.mp3
/home/sc/mp3/tigerfm5/jingle/LDN_SWEEP_03.MP3
/home/sc/mp3/tigerfm5/music/Weekend - Kochaj Mnie.mp3
/home/sc/mp3/tigerfm5/music/Kocham Cie Dziewczyno -.mp3
/home/sc/mp3/tigerfm5/music/Stan Tutaj - Smieszne Piosenki Biesiadne 2.mp3
/home/sc/mp3/tigerfm5/music/Buenos Ares - Ciebie Miec.mp3
/home/sc/mp3/tigerfm5/jingle/LDN_ID_02_M.MP3
/home/sc/mp3/tigerfm5/music/Cliver - Lekarstwo na gorzkie lzy.mp3
/home/sc/mp3/tigerfm5/music/Mega Dance - Ewa Odeszla.mp3
/home/sc/mp3/tigerfm5/music/Zegnaj Mala -.mp3
/home/sc/mp3/tigerfm5/music/Lukash - Jestes Piekna Jak Milion Dolarow.mp3
/home/sc/mp3/tigerfm5/jingle/LDN_SWEEP_02.MP3
/home/sc/mp3/tigerfm5/music/Redstar - Naucz Mnie Milosci (Remix 2008).mp3
/home/sc/mp3/tigerfm5/music/D-Bomb - Dlaczego.mp3
/home/sc/mp3/tigerfm5/music/Cliver vs. Malancia - Pokaz Jak Sie Krecisz.mp3
/home/sc/mp3/tigerfm5/music/Milano - Bara Bara.mp3
/home/sc/mp3/tigerfm5/jingle/LDN_SWEEP_10.MP3
/home/sc/mp3/tigerfm5/music/Cliver - Explozja.mp3
/home/sc/mp3/tigerfm5/music/Boys - Jestes Szalona.mp3
/home/sc/mp3/tigerfm5/music/Toples - Kochas.mp3
/home/sc/mp3/tigerfm5/music/Boys - Ale Numer (DJ Velu Remix).mp3
/home/sc/mp3/tigerfm5/jingle/LDN_ID_05_M.MP3
/home/sc/mp3/tigerfm5/music/Dj Velu - Lato.mp3
/home/sc/mp3/tigerfm5/music/Vexel - Znow jestesmy calkiem sami (Dj Master remix).mp3
/home/sc/mp3/tigerfm5/music/Junior - Brazowe Oczy.mp3
/home/sc/mp3/tigerfm5/music/Kalimero _ Skarbem jestes Ty.mp3
/home/sc/mp3/tigerfm5/jingle/LDN_ID_08_M.MP3
/home/sc/mp3/tigerfm5/music/Boys - Wolnosc.mp3
/home/sc/mp3/tigerfm5/music/Impuls - Taka Impreza.mp3
/home/sc/mp3/tigerfm5/music/Kalimero - Kochanie.mp3
/home/sc/mp3/tigerfm5/music/Pryzmat - Jestes Snem.mp3
/home/sc/mp3/tigerfm5/jingle/LDN_SWEEP_01.MP3
/home/sc/mp3/tigerfm5/music/Toples - Serce Ci Powie.mp3
/home/sc/mp3/tigerfm5/music/Cliver - Chodz Kochanie.mp3
/home/sc/mp3/tigerfm5/music/Skalar - 20 Lat.mp3
/home/sc/mp3/tigerfm5/music/Bayer Full - Blondyneczka.mp3
/home/sc/mp3/tigerfm5/jingle/LDN_ID_04_M.MP3
/home/sc/mp3/tigerfm5/music/Kalimero - Szalony Sms.mp3
/home/sc/mp3/tigerfm5/music/Marcin Toples Siegienczuk - Promienie.mp3
/home/sc/mp3/tigerfm5/music/Akcent - Wspomnienie.mp3
/home/sc/mp3/tigerfm5/music/Cliver - Pokaz Jak Sie Krecisz.mp3
/home/sc/mp3/tigerfm5/jingle/LDN_ID_09_M.MP3
/home/sc/mp3/tigerfm5/music/Top Dance - Dziewczyno Ma.mp3
/home/sc/mp3/tigerfm5/music/D-Bomb - Ela.mp3
/home/sc/mp3/tigerfm5/music/Mister Dex - Inny Nie Bede.mp3
/home/sc/mp3/tigerfm5/music/Impuls - Ona byla inna.mp3
/home/sc/mp3/tigerfm5/jingle/LDN_SWEEP_02.MP3
/home/sc/mp3/tigerfm5/music/Krzysztof Krawczyk & Alibabki - Parostatek.mp3
/home/sc/mp3/tigerfm5/music/Dlaczego -.mp3
/home/sc/mp3/tigerfm5/music/Akcent - Red Bikini.mp3
/home/sc/mp3/tigerfm5/music/Diadem - Kochanie Moje.mp3
/home/sc/mp3/tigerfm5/jingle/LDN_ID_02_M.MP3
/home/sc/mp3/tigerfm5/music/skalar - serca dwa.mp3
/home/sc/mp3/tigerfm5/music/Mega Dance - Nie Placz.mp3
/home/sc/mp3/tigerfm5/music/Top One -  Granica.mp3
/home/sc/mp3/tigerfm5/music/Cliver - Mega jump 2007.mp3
/home/sc/mp3/tigerfm5/jingle/LDN_ID_07_M.MP3
/home/sc/mp3/tigerfm5/music/Universe -  Badz Moja Iskra.mp3
/home/sc/mp3/tigerfm5/music/Akcent - Pocalunek.mp3
/home/sc/mp3/tigerfm5/music/Zorka - Oj Bida.mp3
/home/sc/mp3/tigerfm5/music/Cliver - Najarana Anka.mp3
/home/sc/mp3/tigerfm5/jingle/LDN_ID_06_M.MP3
/home/sc/mp3/tigerfm5/music/Universe - Nie nie.mp3
/home/sc/mp3/tigerfm5/music/Zorka - Malako Charaszo.mp3
/home/sc/mp3/tigerfm5/music/Mister Dex - Nie Placz Agnieszko.mp3
/home/sc/mp3/tigerfm5/music/Kalimero - Pragnienie.mp3
/home/sc/mp3/tigerfm5/jingle/LDN_SWEEP_08.MP3
/home/sc/mp3/tigerfm5/music/Toples - Hej Hej Dobry DJ.mp3
/home/sc/mp3/tigerfm5/music/Russian Boys - Malinki.mp3
/home/sc/mp3/tigerfm5/music/Akcent - Last Summer.mp3
/home/sc/mp3/tigerfm5/music/Toples - Ach te Twoje oczy.mp3
/home/sc/mp3/tigerfm5/jingle/LDN_SWEEP_01.MP3
/home/sc/mp3/tigerfm5/music/Zorka - Smereka dance.mp3
/home/sc/mp3/tigerfm5/music/Stan Tutaj - Disco Polo Smieszne.mp3
/home/sc/mp3/tigerfm5/music/Toples - S¹siadka.mp3
/home/sc/mp3/tigerfm5/music/Cliver - Co za noc.mp3
/home/sc/mp3/tigerfm5/jingle/LDN_SWEEP_08.MP3
/home/sc/mp3/tigerfm5/music/Ex Problem - Moja Mona Lisa.mp3
/home/sc/mp3/tigerfm5/music/Universe -  Bo to taka piekna milosc.mp3
/home/sc/mp3/tigerfm5/music/Mister Dex - Kochaj I Caluj.mp3
/home/sc/mp3/tigerfm5/music/impuls - eksplozja.mp3
/home/sc/mp3/tigerfm5/jingle/LDN_SWEEP_05.MP3
/home/sc/mp3/tigerfm5/music/Neo - Niezapomniane Chwile.mp3
/home/sc/mp3/tigerfm5/music/Kolor - Szczescie.mp3
/home/sc/mp3/tigerfm5/music/Boys - Kochana Uwierz Mi.mp3
/home/sc/mp3/tigerfm5/music/Cliver - Daj mi te noc (by Etna).mp3
/home/sc/mp3/tigerfm5/jingle/LDN_ID_08_M.MP3
/home/sc/mp3/tigerfm5/music/Lukash - Dobrze siebie znamy.mp3
/home/sc/mp3/tigerfm5/music/Cliver - Kropla lzy.mp3
/home/sc/mp3/tigerfm5/music/Servis - Jak Ogien.mp3
/home/sc/mp3/tigerfm5/music/Stary Cygan -.mp3
/home/sc/mp3/tigerfm5/jingle/LDN_SWEEP_05.MP3
/home/sc/mp3/tigerfm5/music/Diadem - Plaza.mp3
/home/sc/mp3/tigerfm5/music/Zorka - Hej Sokoly.mp3
/home/sc/mp3/tigerfm5/music/Paradise - Magda.mp3
/home/sc/mp3/tigerfm5/music/D-Bomb - Mysle (D-Tune Remix).mp3
/home/sc/mp3/tigerfm5/jingle/LDN_ID_08_M.MP3
/home/sc/mp3/tigerfm5/music/Toples - Albo on, Albo Ja.mp3
/home/sc/mp3/tigerfm5/music/Amadeo - Majteczki W Kropeczki.mp3
/home/sc/mp3/tigerfm5/music/Jump - Po Co Lzy (Realshakerz Rmx).mp3
/home/sc/mp3/tigerfm5/music/Stan Tutaj - Piwo.mp3
/home/sc/mp3/tigerfm5/jingle/LDN_ID_08_M.MP3
/home/sc/mp3/tigerfm5/music/Boys - Jestes moim spelnieniem.mp3
/home/sc/mp3/tigerfm5/music/Akcent - Ostatni Most.mp3
/home/sc/mp3/tigerfm5/music/Psotny Wiatr -.mp3
/home/sc/mp3/tigerfm5/music/Skaner - Don Juan.mp3
/home/sc/mp3/tigerfm5/jingle/LDN_ID_02_W.MP3
/home/sc/mp3/tigerfm5/music/Toples - Impreza.mp3
/home/sc/mp3/tigerfm5/music/Krzysztof Krawczyk & Bohdan Smolen - Dziewczyny ktore mam na.mp3
/home/sc/mp3/tigerfm5/music/Lukash - Powiedz Mi.mp3
/home/sc/mp3/tigerfm5/music/Junior - Laczy Nas Tylko Sex.mp3
/home/sc/mp3/tigerfm5/jingle/LDN_ID_05_M.MP3
/home/sc/mp3/tigerfm5/music/Dzwieki Strun -.mp3
/home/sc/mp3/tigerfm5/music/Zorka - Dwie Wiesny.mp3
/home/sc/mp3/tigerfm5/music/Skaner - Letnie Uczucie.mp3
/home/sc/mp3/tigerfm5/music/Code Red - Kanikuly.mp3
/home/sc/mp3/tigerfm5/jingle/LDN_ID_09_M.MP3
/home/sc/mp3/tigerfm5/music/Fantastic Boys - Czarne Roze.mp3
/home/sc/mp3/tigerfm5/music/Sekret - Kwiaty Polskie.mp3
/home/sc/mp3/tigerfm5/music/skalar - zakochajmy sie.mp3
/home/sc/mp3/tigerfm5/music/Megam - Noce I Dnie.mp3
/home/sc/mp3/tigerfm5/jingle/LDN_ID_04_M.MP3
/home/sc/mp3/tigerfm5/music/Zorka - Katiusza.mp3
/home/sc/mp3/tigerfm5/music/Diadem -  Oczy.mp3
/home/sc/mp3/tigerfm5/music/Mister Dex - O Ewelino.mp3
/home/sc/mp3/tigerfm5/music/Top One - Ciao Italia.mp3
/home/sc/mp3/tigerfm5/jingle/LDN_SWEEP_03.MP3
/home/sc/mp3/tigerfm5/music/Skalar - Kalifornia.mp3
/home/sc/mp3/tigerfm5/music/Mirage - Ta Dziewczyna I Ja.mp3
/home/sc/mp3/tigerfm5/music/Kalimero - Zakochaj sie 2007.mp3
/home/sc/mp3/tigerfm5/music/Cliver - Noc nam dzis nie zaszkodzi.mp3
/home/sc/mp3/tigerfm5/jingle/LDN_ID_06_M.MP3
/home/sc/mp3/tigerfm5/music/Tutaj, Stan - Plynie Strumyk.mp3
/home/sc/mp3/tigerfm5/music/Mister Dex - Nie wolno kochac Ciebie.mp3
/home/sc/mp3/tigerfm5/music/Masters - Zono Moja.mp3
/home/sc/mp3/tigerfm5/music/Boys - Figo Fago.mp3
/home/sc/mp3/tigerfm5/jingle/LDN_SWEEP_06.MP3
/home/sc/mp3/tigerfm5/music/Maxel - Juz Nie Jestes Sam.mp3
/home/sc/mp3/tigerfm5/music/D-Bomb - Ciebie Brak.mp3
/home/sc/mp3/tigerfm5/music/Mister Dex - Motyle.mp3
/home/sc/mp3/tigerfm5/music/Univers - Daj mi wreszcie swiety spokoj.mp3
/home/sc/mp3/tigerfm5/jingle/LDN_SWEEP_02.MP3
/home/sc/mp3/tigerfm5/music/Akcent - Jokero.mp3
/home/sc/mp3/tigerfm5/music/Mamzel - Osiem Garow Zagadalo.mp3
/home/sc/mp3/tigerfm5/music/Universe - Glupia Zaba.mp3
/home/sc/mp3/tigerfm5/music/Kolor - Ore Ore.mp3
/home/sc/mp3/tigerfm5/jingle/LDN_ID_04_M.MP3
/home/sc/mp3/tigerfm5/music/Effect - Sexoholik (Bootystylerz Remix).mp3
/home/sc/mp3/tigerfm5/music/Akcent - I Sweer.mp3
/home/sc/mp3/tigerfm5/music/Top One -  Zloty Krazek.mp3
/home/sc/mp3/tigerfm5/music/Toples - Nie boj sie kochac.mp3
/home/sc/mp3/tigerfm5/jingle/LDN_SWEEP_01.MP3
/home/sc/mp3/tigerfm5/music/Kolor - Jarzêbina Czerwona Polska Biesiada.mp3
/home/sc/mp3/tigerfm5/music/Cliver - Prosze Wybacz.mp3
/home/sc/mp3/tigerfm5/music/Toples - Hej Dobry DJ.mp3
/home/sc/mp3/tigerfm5/music/Mister Night - Co Dzis Masz.mp3
/home/sc/mp3/tigerfm5/jingle/LDN_SWEEP_05.MP3
/home/sc/mp3/tigerfm5/music/D-Bomb - Dalej wal na sale.mp3
/home/sc/mp3/tigerfm5/music/Ivan And Delfin - Jej Czarne Oczy.mp3
/home/sc/mp3/tigerfm5/music/Mega Dance - Stracilas.mp3
/home/sc/mp3/tigerfm5/music/Universe -  Mr. Lennon.mp3
/home/sc/mp3/tigerfm5/jingle/LDN_ID_07_M.MP3
/home/sc/mp3/tigerfm5/music/Lukash - Przeznaczenie.mp3
/home/sc/mp3/tigerfm5/music/Boys - Dobrze Wiem.mp3
/home/sc/mp3/tigerfm5/music/Junior & Diadem - Zakochany Klaun.mp3
/home/sc/mp3/tigerfm5/music/Impuls - Tyle serca Ci dac.mp3
/home/sc/mp3/tigerfm5/jingle/LDN_ID_07_M.MP3
/home/sc/mp3/tigerfm5/music/Weekend - Milosne S.O.S 2007.mp3
/home/sc/mp3/tigerfm5/music/Tutaj, Stan - Gdy Modern Talking Gra.mp3
/home/sc/mp3/tigerfm5/music/Boten -  Anna.mp3
/home/sc/mp3/tigerfm5/music/4Ever - Dziewczyny.mp3
/home/sc/mp3/tigerfm5/jingle/LDN_ID_05_M.MP3
/home/sc/mp3/tigerfm5/music/Lukash - Hej Kochanie.mp3
/home/sc/mp3/tigerfm5/music/Junior - Nastolatka.mp3
/home/sc/mp3/tigerfm5/music/Cliver - Innyswiat.mp3
/home/sc/mp3/tigerfm5/music/Imperium - Zolte Tulipany.mp3
/home/sc/mp3/tigerfm5/jingle/LDN_SWEEP_06.MP3
/home/sc/mp3/tigerfm5/music/Akcent - Phone Sex.mp3
/home/sc/mp3/tigerfm5/music/Milano - Dla nas (DJ Davis techhouse remix).mp3
/home/sc/mp3/tigerfm5/music/Universe -  Kocham Wiec To Co Jest.mp3
/home/sc/mp3/tigerfm5/music/Lukash - Nigdy Nie Mow Nigdy.mp3
/home/sc/mp3/tigerfm5/jingle/LDN_ID_02_W.MP3
/home/sc/mp3/tigerfm5/music/Lukash - Chcialbym ci powiedziec.mp3
/home/sc/mp3/tigerfm5/music/Milano - Jasnowlosa.mp3
/home/sc/mp3/tigerfm5/music/Jurij Szatunow - Bielyje Rozy.mp3
/home/sc/mp3/tigerfm5/music/Megam - Ze Mna Tancz.mp3
/home/sc/mp3/tigerfm5/jingle/LDN_SWEEP_07.MP3
/home/sc/mp3/tigerfm5/music/Skaner - Kino.mp3
/home/sc/mp3/tigerfm5/music/Calimero - Pragnienie.mp3
/home/sc/mp3/tigerfm5/music/Chlopak Z Gitara -.mp3
/home/sc/mp3/tigerfm5/music/Amadeo - Letni Wiatr.mp3
/home/sc/mp3/tigerfm5/jingle/LDN_ID_06_M.MP3
/home/sc/mp3/tigerfm5/music/Diadem - Oczy zaplakane.mp3
/home/sc/mp3/tigerfm5/music/Weddboy And Dj Komer - Po Prostu Milosc (Realshakerz Remix 2008).mp3
/home/sc/mp3/tigerfm5/music/Russian Boys - Dziewczonka.mp3
/home/sc/mp3/tigerfm5/music/Masters - Nowy Ja.mp3
/home/sc/mp3/tigerfm5/jingle/LDN_ID_07_M.MP3
/home/sc/mp3/tigerfm5/music/Universe - Tyle Chcialem Ci Dac.mp3
/home/sc/mp3/tigerfm5/music/Top One -  Bia³y Mis.mp3
/home/sc/mp3/tigerfm5/music/Toples - Cialo Do Ciala.mp3
/home/sc/mp3/tigerfm5/music/Kalimero - Lize Cie.mp3
/home/sc/mp3/tigerfm5/jingle/LDN_ID_06_M.MP3
/home/sc/mp3/tigerfm5/music/Cliver - Nifomanka.mp3
/home/sc/mp3/tigerfm5/music/Boys, Toples, Classic, Skaner, Play & Mix - Disco Polo Mix.mp3
/home/sc/mp3/tigerfm5/music/Classic - Jolka Jolka.mp3
/home/sc/mp3/tigerfm5/music/Toples - Sasiadka.mp3
/home/sc/mp3/tigerfm5/jingle/LDN_ID_05_M.MP3
/home/sc/mp3/tigerfm5/music/Mister Dex - Kopciuszek.mp3
/home/sc/mp3/tigerfm5/music/Boys - Lady Lady.mp3
/home/sc/mp3/tigerfm5/music/Weekend - Slubne Prezenty.mp3
/home/sc/mp3/tigerfm5/music/Impuls - Jeszcze raz.mp3
/home/sc/mp3/tigerfm5/jingle/LDN_ID_02_M.MP3
/home/sc/mp3/tigerfm5/music/Krzysztof Krawczyk - La Bamba.mp3
/home/sc/mp3/tigerfm5/music/Classic - Usmiechnij Sie.mp3
/home/sc/mp3/tigerfm5/music/Weekend - Tylkiem Krec.mp3
/home/sc/mp3/tigerfm5/music/Top One -  Santa Maria.mp3
/home/sc/mp3/tigerfm5/jingle/LDN_SWEEP_06.MP3
/home/sc/mp3/tigerfm5/music/Etna - Krzyk.mp3
/home/sc/mp3/tigerfm5/music/Akcent - Feel Me.mp3
/home/sc/mp3/tigerfm5/music/Zorka - Rozpryhajte koni.mp3
/home/sc/mp3/tigerfm5/music/Kalimero_- Oddaje_Ci_Wszystko_.mp3
/home/sc/mp3/tigerfm5/jingle/LDN_ID_03_M.MP3
/home/sc/mp3/tigerfm5/music/Spike - Gorace Cialo.mp3
/home/sc/mp3/tigerfm5/music/Mala Figlarka -.mp3
/home/sc/mp3/tigerfm5/music/Diadem - 16 Lat.mp3
/home/sc/mp3/tigerfm5/music/Akcent - King of Disco.mp3
/home/sc/mp3/tigerfm5/jingle/LDN_SWEEP_04.MP3
/home/sc/mp3/tigerfm5/music/Boys - 18 Lat.mp3
/home/sc/mp3/tigerfm5/music/Diadem - Jestes Jak Sen.mp3
/home/sc/mp3/tigerfm5/music/krzysztof krawczyk - pamietam ciebie z tamtych lat.mp3
/home/sc/mp3/tigerfm5/music/Acapulco - Czy Ty Wiesz.mp3
/home/sc/mp3/tigerfm5/jingle/LDN_ID_01_M.MP3
/home/sc/mp3/tigerfm5/music/Wszystkie Marki Swiata - Caluj Mnie.mp3
/home/sc/mp3/tigerfm5/music/Megam - Bum Bum.mp3
/home/sc/mp3/tigerfm5/music/Krzysztof Krawczyk Eleni - To co dal nam swiat.mp3
/home/sc/mp3/tigerfm5/music/D-Bomb - Ibiza.mp3
/home/sc/mp3/tigerfm5/jingle/LDN_ID_07_M.MP3
/home/sc/mp3/tigerfm5/music/Avanti - Chcesz Czy Nie.mp3
/home/sc/mp3/tigerfm5/music/Fanatic - Rzeki Przeplynalem.mp3
/home/sc/mp3/tigerfm5/music/Sobas - Ty Nie Caluj Mnie 2008.mp3
/home/sc/mp3/tigerfm5/music/Zorka - Marusia.mp3
/home/sc/mp3/tigerfm5/jingle/LDN_ID_09_M.MP3
/home/sc/mp3/tigerfm5/music/Top One -  Wiatr.mp3
/home/sc/mp3/tigerfm5/music/Drossel - Mam Tego Dosc.mp3
/home/sc/mp3/tigerfm5/music/Toples - Dziewczyna Zaplakana.mp3
/home/sc/mp3/tigerfm5/music/M Kondrat And M Drozdowska - Mydelko Fa.mp3
/home/sc/mp3/tigerfm5/jingle/LDN_SWEEP_07.MP3
/home/sc/mp3/tigerfm5/music/Russian Boys - Ty Mienia.mp3
/home/sc/mp3/tigerfm5/music/Top One -  Taka Mala.mp3
/home/sc/mp3/tigerfm5/music/Boys - Chlop Z Mazur.mp3
/home/sc/mp3/tigerfm5/music/Skaner - Pociag Do Gwiazd.mp3
/home/sc/mp3/tigerfm5/jingle/LDN_ID_07_M.MP3
/home/sc/mp3/tigerfm5/music/Universe -  Wolanie Przez Cisze.mp3
/home/sc/mp3/tigerfm5/music/Skalar - Ta dziewczyna i ja.mp3
/home/sc/mp3/tigerfm5/music/Weekend - Teraz Mnie To Wali.mp3
/home/sc/mp3/tigerfm5/music/Mega dance - Wyluzuj sie 2007.mp3
/home/sc/mp3/tigerfm5/jingle/LDN_SWEEP_10.MP3
/home/sc/mp3/tigerfm5/music/Defrikz - Round And Round.mp3
/home/sc/mp3/tigerfm5/music/Mister Dex - Deszcz I Lzy.mp3
/home/sc/mp3/tigerfm5/music/Skalar - Plakalas.mp3
/home/sc/mp3/tigerfm5/music/Boys - Mialas 18 Lat.mp3
/home/sc/mp3/tigerfm5/jingle/LDN_ID_02_M.MP3
/home/sc/mp3/tigerfm5/music/Mega Dance - Zabierz Mnie Do Swego Domu.mp3
/home/sc/mp3/tigerfm5/music/Mega Dance - W Dyskotece.mp3
/home/sc/mp3/tigerfm5/music/Toples - Odchodzi osoba.mp3
/home/sc/mp3/tigerfm5/music/Skalar - Zapros mnie do swego domu.mp3
/home/sc/mp3/tigerfm5/jingle/LDN_ID_09_M.MP3
/home/sc/mp3/tigerfm5/music/Kolor - Roze Czerwone.mp3
/home/sc/mp3/tigerfm5/music/Toples - Stracilas Cnote.mp3
/home/sc/mp3/tigerfm5/music/Akcent - Four Seasons In One Day.mp3
/home/sc/mp3/tigerfm5/music/Universe - Deszczowa Nieznajoma w Parku.mp3
/home/sc/mp3/tigerfm5/jingle/LDN_SWEEP_05.MP3
/home/sc/mp3/tigerfm5/music/Toples - Kobiety Rzadza Nami.mp3
/home/sc/mp3/tigerfm5/music/Zero Vs Dp - Bania U Cygana.mp3
/home/sc/mp3/tigerfm5/music/Akcent - Kylie.mp3
/home/sc/mp3/tigerfm5/music/Robbie Robertson And The Red Road Ensemble - Mahk Ichi (Heartbeat Drum Song).mp3
/home/sc/mp3/tigerfm5/jingle/LDN_ID_02_M.MP3
/home/sc/mp3/tigerfm5/music/Noor-_Glowing_Desert.mp3
/home/sc/mp3/tigerfm5/music/Levitation - More Than Ever People.mp3
/home/sc/mp3/tigerfm5/music/David Sylvian - I Surrender.mp3
/home/sc/mp3/tigerfm5/music/Chris Hinze - Angel.mp3
/home/sc/mp3/tigerfm5/jingle/LDN_SWEEP_03.MP3
/home/sc/mp3/tigerfm5/music/Chungking - Sunday rules.mp3
/home/sc/mp3/tigerfm5/music/Kinobe - Slip Into Something More Comfortable.mp3
/home/sc/mp3/tigerfm5/music/Avril Lavigne - The Scientist.mp3
/home/sc/mp3/tigerfm5/music/Ambient Lounge 5 CD 2.mp3
/home/sc/mp3/tigerfm5/jingle/LDN_ID_05_M.MP3
/home/sc/mp3/tigerfm5/music/Simple Minds - Somebody Up There Likes You.mp3
/home/sc/mp3/tigerfm5/music/Vikter Duplaix - Sensuality.mp3
/home/sc/mp3/tigerfm5/music/Rumi_-_Moraccan_Dance.mp3
/home/sc/mp3/tigerfm5/music/Stephane_De_Lucia - Pearls_Of_The_Night.mp3
/home/sc/mp3/tigerfm5/jingle/LDN_SWEEP_02.MP3
/home/sc/mp3/tigerfm5/music/Samuel Barber - Adagio For Strings.mp3
/home/sc/mp3/tigerfm5/music/Wayne Wonder - No Letting Go (Smooth Summer Mix).mp3
/home/sc/mp3/tigerfm5/music/Hacienda - Nord.mp3
/home/sc/mp3/tigerfm5/music/Silent Voices - Time Of Passion (Guitar Mix).mp3
/home/sc/mp3/tigerfm5/jingle/LDN_ID_07_M.MP3
/home/sc/mp3/tigerfm5/music/Nouri - Peace & Friendship.mp3
/home/sc/mp3/tigerfm5/music/Amarna - Night Rain.mp3
/home/sc/mp3/tigerfm5/music/Poloroid - So Damn Beautiful (Chris Coco Mix).mp3
/home/sc/mp3/tigerfm5/music/Tracey_Horn_-_Here_It_Comes_Again.mp3
/home/sc/mp3/tigerfm5/jingle/LDN_ID_04_M.MP3
/home/sc/mp3/tigerfm5/music/Alphawezen - Into_The_Stars_(Geb.El_Rework).mp3
/home/sc/mp3/tigerfm5/music/Smolik_-_Time_Take.mp3
/home/sc/mp3/tigerfm5/music/Dxnote - Upstream.mp3
/home/sc/mp3/tigerfm5/music/Smoke_City_-_Flying_Away.mp3
/home/sc/mp3/tigerfm5/jingle/LDN_ID_07_M.MP3
/home/sc/mp3/tigerfm5/music/Ultra Lounge - Phazz-Ination.mp3
/home/sc/mp3/tigerfm5/music/Dino Lenny Vs Housemartins - Change The World (Stella Mix).mp3
/home/sc/mp3/tigerfm5/music/Billie_Holiday_and_Bent_-_Speak_Low.mp3
/home/sc/mp3/tigerfm5/music/Marschmellows - Soulpower (Jazzanova's Straight Dub Mix).mp3
/home/sc/mp3/tigerfm5/jingle/LDN_SWEEP_03.MP3
/home/sc/mp3/tigerfm5/music/Goldfrapp - Lovely Head (Theme from Mercury One-2-One Ad).mp3
/home/sc/mp3/tigerfm5/music/Mike Oldfield - Tubular Bells.mp3
/home/sc/mp3/tigerfm5/music/Sasha Vs Mike Koglin - Perfect Motion (Way Out West Remix).mp3
/home/sc/mp3/tigerfm5/music/Groove_Armada - My_Friend.mp3
/home/sc/mp3/tigerfm5/jingle/LDN_ID_07_M.MP3
/home/sc/mp3/tigerfm5/music/Editors - An End Has A Start.mp3
/home/sc/mp3/tigerfm5/music/Gregory Isaacs - Night Nurse (Kruder & Dorfmeister Remix).mp3
/home/sc/mp3/tigerfm5/music/Planet_Bliss_-_Native_Phase.mp3
/home/sc/mp3/tigerfm5/music/CJ Stone - Don't Look Back (Chill Out Mix).mp3
/home/sc/mp3/tigerfm5/jingle/LDN_ID_02_W.MP3
/home/sc/mp3/tigerfm5/music/Goldfrapp_-_Time_Out_From_The_World.mp3
/home/sc/mp3/tigerfm5/music/Paco Mendoza - Flamenco Trip.mp3
/home/sc/mp3/tigerfm5/music/Ursula_Rucker - Letter_To_A_Sister_Friend_(Feat._Vicki_Mil.mp3
/home/sc/mp3/tigerfm5/music/Roy Ayers - Searching.mp3
/home/sc/mp3/tigerfm5/jingle/LDN_ID_01_M.MP3
/home/sc/mp3/tigerfm5/music/VA - Mykonos Chill Guitars.mp3
/home/sc/mp3/tigerfm5/music/Love From Above - Paris Mon Amour (K&D Dub).mp3
/home/sc/mp3/tigerfm5/music/Ruqayyah_-_Turkish_Coffee.mp3
/home/sc/mp3/tigerfm5/music/Mac Sensu - Sonnenstrahl (Goldtripp Rmx).mp3
/home/sc/mp3/tigerfm5/jingle/LDN_ID_02_W.MP3
/home/sc/mp3/tigerfm5/music/Fatboy Slim Feat Macy Gray - Love Life.mp3
/home/sc/mp3/tigerfm5/music/Icube - Adore.mp3
/home/sc/mp3/tigerfm5/music/Klaus Zimmer - Earth.mp3
/home/sc/mp3/tigerfm5/music/Amy Winehouse - Love Is a Losing Game.mp3
/home/sc/mp3/tigerfm5/jingle/LDN_SWEEP_04.MP3
/home/sc/mp3/tigerfm5/music/George Levin - (I Got) Somebody New.mp3
/home/sc/mp3/tigerfm5/music/Zoot Woman - It's automatic.mp3
/home/sc/mp3/tigerfm5/music/Peter_Mallick_feat_Norah_Jones_-_Things_You_Dont_Have_To_Do.mp3
/home/sc/mp3/tigerfm5/music/Blank_And_Jones - Beyond_Time_(Ambient_Remix).mp3
/home/sc/mp3/tigerfm5/jingle/LDN_SWEEP_05.MP3
/home/sc/mp3/tigerfm5/music/Audioglider_-_To_The_Wire.mp3
/home/sc/mp3/tigerfm5/music/Champagne Moment - Marylin's Reprise.mp3
/home/sc/mp3/tigerfm5/music/2 Heads - Out Of The City (Hardkandy Mix).mp3
/home/sc/mp3/tigerfm5/music/Llorca - The End.mp3
/home/sc/mp3/tigerfm5/jingle/LDN_ID_09_M.MP3
/home/sc/mp3/tigerfm5/music/September - Satellites (Live Acoustic Version).mp3
/home/sc/mp3/tigerfm5/music/Jason Tyrello - When Da Sun Is Gone (Relaxation Mix).mp3
/home/sc/mp3/tigerfm5/music/The Haunted - Sun & Air.mp3
/home/sc/mp3/tigerfm5/music/Jose Padilla - Adios Ayer (Paul Daley Remix).mp3
/home/sc/mp3/tigerfm5/jingle/LDN_ID_09_M.MP3
/home/sc/mp3/tigerfm5/music/A_Man_Called_Adam_-_Estelle.mp3
/home/sc/mp3/tigerfm5/music/St Germain - Alabama Blues (Todo Edwards Vocal Mix).mp3
/home/sc/mp3/tigerfm5/music/Telepopmusic - Breathe (radio mix).mp3
/home/sc/mp3/tigerfm5/music/Strandgut - Wo Bist Du (Dub).mp3
/home/sc/mp3/tigerfm5/jingle/LDN_SWEEP_07.MP3
/home/sc/mp3/tigerfm5/music/Ennio Morricone - Once Upon a Time in the West (Main Theme).mp3
/home/sc/mp3/tigerfm5/music/John Williams - Cavatina.mp3
/home/sc/mp3/tigerfm5/music/Goa Foundation - Good Vibes (Rub Club Mix).mp3
/home/sc/mp3/tigerfm5/music/Massive Attack - Teardrop.mp3
/home/sc/mp3/tigerfm5/jingle/LDN_ID_03_M.MP3
/home/sc/mp3/tigerfm5/music/S For Slow - Beautiful (Dub Mix).mp3
/home/sc/mp3/tigerfm5/music/Tarkan_-_Mashallah.mp3
/home/sc/mp3/tigerfm5/music/Nudge - Window Pain.mp3
/home/sc/mp3/tigerfm5/music/Lux_-_Talkin_about_funk.mp3
/home/sc/mp3/tigerfm5/jingle/LDN_ID_04_M.MP3
/home/sc/mp3/tigerfm5/music/Weekend Players - Angel.mp3
/home/sc/mp3/tigerfm5/music/Alain Planes - Debussy_ Clair de Lune.mp3
/home/sc/mp3/tigerfm5/music/A.O.C._-_Bluntz.mp3
/home/sc/mp3/tigerfm5/music/Enigma - Sadness Part I.mp3
/home/sc/mp3/tigerfm5/jingle/LDN_ID_03_M.MP3
/home/sc/mp3/tigerfm5/music/Lazy_Calm_Ensemble_-_Quiet_Storm.mp3
/home/sc/mp3/tigerfm5/music/Cazals - Life Is Boring (Ali Love - Harder Remix).mp3
/home/sc/mp3/tigerfm5/music/Canceloman - Moments.mp3
/home/sc/mp3/tigerfm5/music/Adiemus - Kayama.mp3
/home/sc/mp3/tigerfm5/jingle/LDN_SWEEP_04.MP3
/home/sc/mp3/tigerfm5/music/Layo & Bushwacka! - Love Story vs finally (tim de luxe remix).mp3
/home/sc/mp3/tigerfm5/music/Mr. Scruff - Sweetsmoke.mp3
/home/sc/mp3/tigerfm5/music/Matt Molloy - Chinese Lake Reflections.mp3
/home/sc/mp3/tigerfm5/music/Nur_Al_Din_-_Thank_You.mp3
/home/sc/mp3/tigerfm5/jingle/LDN_ID_04_M.MP3
/home/sc/mp3/tigerfm5/music/The_Avalanches_-_Since_I_Left_You.mp3
/home/sc/mp3/tigerfm5/music/Fc Kahuna - Hayling.mp3
/home/sc/mp3/tigerfm5/music/The Gardyne Chamber Ensemble - The Gypsy.mp3
/home/sc/mp3/tigerfm5/music/Jonathan Caine - Body Language.mp3
/home/sc/mp3/tigerfm5/jingle/LDN_SWEEP_07.MP3
/home/sc/mp3/tigerfm5/music/Ecstatic_-_Deep_Belief.mp3
/home/sc/mp3/tigerfm5/music/Vangelis - Dreams of Surf.mp3
/home/sc/mp3/tigerfm5/music/Orion - Eternity (Acoustic Mix).mp3
/home/sc/mp3/tigerfm5/music/Les Gammas - See The Sun.mp3
/home/sc/mp3/tigerfm5/jingle/LDN_ID_03_M.MP3
/home/sc/mp3/tigerfm5/music/Dobie - B Boy Anthem.mp3
/home/sc/mp3/tigerfm5/music/Thomas Newman - Any Other Name (Theme From American Beauty).mp3
/home/sc/mp3/tigerfm5/music/Massive Attack - Be Thankful For What You've Got.mp3
/home/sc/mp3/tigerfm5/music/Chicane - Offshore (Original Album Mix).mp3
/home/sc/mp3/tigerfm5/jingle/LDN_ID_08_M.MP3
/home/sc/mp3/tigerfm5/music/Klaus Schultze - Floating.mp3
/home/sc/mp3/tigerfm5/music/Blue Metheny - Silver Lights (Canis Mix).mp3
/home/sc/mp3/tigerfm5/music/Senor_Coconut_-_Smooth_Operator.mp3
/home/sc/mp3/tigerfm5/music/Groove Armada - Easy.mp3
/home/sc/mp3/tigerfm5/jingle/LDN_SWEEP_04.MP3
/home/sc/mp3/tigerfm5/music/Nightmares_In_Wax - Les_Nuits.mp3
/home/sc/mp3/tigerfm5/music/Talvin Singh - Traveller.mp3
/home/sc/mp3/tigerfm5/music/Mgmt - Electric Feel.mp3
/home/sc/mp3/tigerfm5/music/Sweethurts_-_Johnny_Meets_Jagger.mp3
/home/sc/mp3/tigerfm5/jingle/LDN_SWEEP_03.MP3
/home/sc/mp3/tigerfm5/music/Chungking_-_Bubble_Love.mp3
/home/sc/mp3/tigerfm5/music/Css - Move (Cut Copy Remix).mp3
/home/sc/mp3/tigerfm5/music/Telepopmusic - Free.mp3
/home/sc/mp3/tigerfm5/music/Patricia_Kass_-_If_You_Go_Away.mp3
/home/sc/mp3/tigerfm5/jingle/LDN_SWEEP_08.MP3
/home/sc/mp3/tigerfm5/music/Dimitri From London - Panjabi Beats.mp3
/home/sc/mp3/tigerfm5/music/Underworld_-_Sola_Sistim.mp3
/home/sc/mp3/tigerfm5/music/Basement_Jaxx - Being_With_You.mp3
/home/sc/mp3/tigerfm5/music/De Santos - Ojos De Sol (Exclusive Bonus Version).mp3
/home/sc/mp3/tigerfm5/jingle/LDN_SWEEP_07.MP3
/home/sc/mp3/tigerfm5/music/Nitin_Sawhney - Sunset_(Prophesy_Album_Version).mp3
/home/sc/mp3/tigerfm5/music/Groove Armada - At the River.mp3
/home/sc/mp3/tigerfm5/music/Adiemus - Cantus Insolitus.mp3
/home/sc/mp3/tigerfm5/music/Tariq_-_Spiritual_Signs.mp3
/home/sc/mp3/tigerfm5/jingle/LDN_ID_01_M.MP3
/home/sc/mp3/tigerfm5/music/Kevin_Yost - If_She_Only_Knew.mp3
/home/sc/mp3/tigerfm5/music/Tricky - Aftermath.mp3
/home/sc/mp3/tigerfm5/music/Exile_-_Resolution.mp3
/home/sc/mp3/tigerfm5/music/Kaoru Inoue - The Secret Field (Todd Terje Remix).mp3
/home/sc/mp3/tigerfm5/jingle/LDN_SWEEP_02.MP3
/home/sc/mp3/tigerfm5/music/Ennio Morricone - Cockeys Song.mp3
/home/sc/mp3/tigerfm5/music/The Pietasters - Can't Stand It.mp3
/home/sc/mp3/tigerfm5/music/Gotan Project - Diferente.mp3
/home/sc/mp3/tigerfm5/music/Soul Central feat. Kathy Brown - Strings Of Life (Stronger On My Own) (Funky Lowlives Mix).mp3
/home/sc/mp3/tigerfm5/jingle/LDN_SWEEP_01.MP3
/home/sc/mp3/tigerfm5/music/Ive_Mendes_-_If_You_Leave_Me_Now.mp3
/home/sc/mp3/tigerfm5/music/Avi_Paul_Weinstein_-_Face_Of_Jesus_In_My_Soup.mp3
/home/sc/mp3/tigerfm5/music/Ame_Strong_-_Bout_A_Bout.mp3
/home/sc/mp3/tigerfm5/music/VA - Blue Horizon Of Hawaii.mp3
/home/sc/mp3/tigerfm5/jingle/LDN_SWEEP_07.MP3
/home/sc/mp3/tigerfm5/music/Saint Germain - Montego Bay Spleen.mp3
/home/sc/mp3/tigerfm5/music/Ilya - Soleil, Soleil.mp3
/home/sc/mp3/tigerfm5/music/Zero_7_-_Somersault.mp3
/home/sc/mp3/tigerfm5/music/Van Der Hayden - Hymn To Love.mp3
/home/sc/mp3/tigerfm5/jingle/LDN_SWEEP_01.MP3
/home/sc/mp3/tigerfm5/music/Llorca - Indigo Blues.mp3
/home/sc/mp3/tigerfm5/music/Regina_Gilberto_-_Dont_Know_Why.mp3
/home/sc/mp3/tigerfm5/music/Paul Schutze - Sleep 2.mp3
/home/sc/mp3/tigerfm5/music/Lovespirals_-_Motherless_Child.mp3
/home/sc/mp3/tigerfm5/jingle/LDN_SWEEP_03.MP3
/home/sc/mp3/tigerfm5/music/Sacred Spirit - Yeha Noha (Wishes Of Happiness & Prosperity).mp3
/home/sc/mp3/tigerfm5/music/Chris Hinze - Mantras & Names (Remix II).mp3
/home/sc/mp3/tigerfm5/music/Adiemus - Beyond The Century.mp3
/home/sc/mp3/tigerfm5/music/Sol Y Mar - Amazone (Erotic Lounge Mix).mp3
/home/sc/mp3/tigerfm5/jingle/LDN_SWEEP_04.MP3
/home/sc/mp3/tigerfm5/music/Robbie Robertson & The Red Road Ensemble - The Vanishing Breed.mp3
/home/sc/mp3/tigerfm5/music/Paolo Nutini [Cover] - Rehab.mp3
/home/sc/mp3/tigerfm5/music/3Rd Force - Echoes Of A Dream.mp3
/home/sc/mp3/tigerfm5/music/Reflector - Avenue 7 (Buddha Bar Mix).mp3
/home/sc/mp3/tigerfm5/jingle/LDN_SWEEP_06.MP3
/home/sc/mp3/tigerfm5/music/Floatation Feat. Pierre - Beautiful (Dub).mp3
/home/sc/mp3/tigerfm5/music/Jakatta - Feelin' Blue.mp3
/home/sc/mp3/tigerfm5/music/Easy Listening - Trip Hoppin' (K&D Dub).mp3
/home/sc/mp3/tigerfm5/music/Easy Listening - Coffee Time.mp3
/home/sc/mp3/tigerfm5/jingle/LDN_ID_09_M.MP3
/home/sc/mp3/tigerfm5/music/Heidi_Leonore_-_Everybody_Loves_the_Sunshine.mp3
/home/sc/mp3/tigerfm5/music/Hi - Gate Feat Boy George - Out Of Fashion.mp3
/home/sc/mp3/tigerfm5/music/Erotica feat. Jaimee - Chillout Now (Pacha Sax Mix).mp3
/home/sc/mp3/tigerfm5/music/Brian Eno - From The Same Hill.mp3
/home/sc/mp3/tigerfm5/jingle/LDN_SWEEP_04.MP3
/home/sc/mp3/tigerfm5/music/Athlete - Wires.mp3
/home/sc/mp3/tigerfm5/music/David Arkenstone - Jewels Of The Night.mp3
/home/sc/mp3/tigerfm5/music/Delibes - Flower Duet (Lakme) (Theme From B.A. TV Ad).mp3
/home/sc/mp3/tigerfm5/music/Mozez_-_Beautiful_Day.mp3
/home/sc/mp3/tigerfm5/jingle/LDN_ID_02_W.MP3
/home/sc/mp3/tigerfm5/music/Tasmin Little - Theme From Schindler's List.mp3
/home/sc/mp3/tigerfm5/music/King's of Convenience - I Don't Know What I Can Save You Fro.mp3
/home/sc/mp3/tigerfm5/music/Jose Gonzalez [Cover] - Heartbeats.mp3
/home/sc/mp3/tigerfm5/music/Airstream - Electra (Religion Cut).mp3
/home/sc/mp3/tigerfm5/jingle/LDN_ID_05_M.MP3
/home/sc/mp3/tigerfm5/music/P.M. Dawn - Set Adrift on Memory Bliss.mp3
/home/sc/mp3/tigerfm5/music/El Fuego - Watching The Stars (Interlude).mp3
/home/sc/mp3/tigerfm5/music/Deepest Blue - Deepest Blue (Jon Hopkins Mix).mp3
/home/sc/mp3/tigerfm5/music/Cicada_-_Golden_Blue.mp3
/home/sc/mp3/tigerfm5/jingle/LDN_ID_04_M.MP3
/home/sc/mp3/tigerfm5/music/Penguin Café Orchestra - Perpetuum Mobile.mp3
/home/sc/mp3/tigerfm5/music/Schiller - Das Glockenspiel (Schill Out Mix).mp3
/home/sc/mp3/tigerfm5/music/Mr. Natural - Country lane.mp3
/home/sc/mp3/tigerfm5/music/Groovecatcher - Intoxicated.mp3
/home/sc/mp3/tigerfm5/jingle/LDN_ID_01_W.MP3
/home/sc/mp3/tigerfm5/music/Peaceful_Ice_-_Shine_Moon.mp3
/home/sc/mp3/tigerfm5/music/Seaweed_Stones_-_Yellow_Days.mp3
/home/sc/mp3/tigerfm5/music/Joy - Fingers.mp3
/home/sc/mp3/tigerfm5/music/Energy 52 - Cafe Del Mar (Michael Woods Mix).mp3
/home/sc/mp3/tigerfm5/jingle/LDN_SWEEP_07.MP3
/home/sc/mp3/tigerfm5/music/Energy 52 - Café Del Mar (Nalin & Kane Remix).mp3
/home/sc/mp3/tigerfm5/music/Losoul - You Can Do.mp3
/home/sc/mp3/tigerfm5/music/Timecode feat. Zak - Enigma Machine (Part 2).mp3
/home/sc/mp3/tigerfm5/music/Ms. Dynamte - Dy-Na-Mi-Tee.mp3
/home/sc/mp3/tigerfm5/jingle/LDN_SWEEP_09.MP3
/home/sc/mp3/tigerfm5/music/Husky - Ikjoi (Acoustic by Damm).mp3
/home/sc/mp3/tigerfm5/music/Biffy Clyro [Cover] - Umbrella.mp3
/home/sc/mp3/tigerfm5/music/Calido - El Calor (Patrick Marsh Chill Out Mix).mp3
/home/sc/mp3/tigerfm5/music/Sw_-_Sweet_Lullabies.mp3
/home/sc/mp3/tigerfm5/jingle/LDN_SWEEP_02.MP3
/home/sc/mp3/tigerfm5/music/Rosario_Flores_-_Como_Quieres_Que_Te_Quiera.mp3
/home/sc/mp3/tigerfm5/music/Siobhan_Donaghy_-_Ghosts.mp3
/home/sc/mp3/tigerfm5/music/Least_-_Free.mp3
/home/sc/mp3/tigerfm5/music/Sacred Spirit - Yeha-noha.mp3
/home/sc/mp3/tigerfm5/jingle/LDN_SWEEP_03.MP3
/home/sc/mp3/tigerfm5/music/Matt_Dusk_-_Two_Shots_Of_Happy_One_Shot_Of_Sad.mp3
/home/sc/mp3/tigerfm5/music/Sasha Vs Mike Koglin - Enjoy The Gravy.mp3
/home/sc/mp3/tigerfm5/music/Hans Zimmer - Courting Song - Love in the Himalaya.mp3
/home/sc/mp3/tigerfm5/music/Eddi Reader - Honey Child.mp3
/home/sc/mp3/tigerfm5/jingle/LDN_SWEEP_01.MP3
/home/sc/mp3/tigerfm5/music/Alphawezen - Speed Of Light.mp3
/home/sc/mp3/tigerfm5/music/Paul & Price - Little White Roses [With Todd Ivy].mp3
/home/sc/mp3/tigerfm5/music/Leona Lewis - Run.mp3
/home/sc/mp3/tigerfm5/music/Ian Rich Orchestra - Moonraker.mp3
/home/sc/mp3/tigerfm5/jingle/LDN_ID_08_M.MP3
/home/sc/mp3/tigerfm5/music/Haven_3_-_Splash_Out.mp3
/home/sc/mp3/tigerfm5/music/Shirley_Horn_-_Yesterday.mp3
/home/sc/mp3/tigerfm5/music/Jay Dee - Think Twice.mp3
/home/sc/mp3/tigerfm5/music/Divine Works - Father Of Eternal Life.mp3
/home/sc/mp3/tigerfm5/jingle/LDN_ID_06_M.MP3
/home/sc/mp3/tigerfm5/music/David Arkenstone - Magic Forest.mp3
/home/sc/mp3/tigerfm5/music/FSOL_-_Far_Out_Son_Of_Lung_And_The_Ramblings.mp3
/home/sc/mp3/tigerfm5/music/Adiemus - Hymn.mp3
/home/sc/mp3/tigerfm5/music/The Do - On My Shoulders.mp3
/home/sc/mp3/tigerfm5/jingle/LDN_ID_05_M.MP3
/home/sc/mp3/tigerfm5/music/Discordia_-_Trumpets_of_Dawn.mp3
/home/sc/mp3/tigerfm5/music/Kevin And Perry Go Large - Ethnic Majority.mp3
/home/sc/mp3/tigerfm5/music/Low Motion Disco - Love Love Love (Soft Rocks Remix).mp3
/home/sc/mp3/tigerfm5/music/Twenty_Something_-_What_A_Difference_A_Day_Makes.mp3
/home/sc/mp3/tigerfm5/jingle/LDN_ID_08_M.MP3
/home/sc/mp3/tigerfm5/music/Jon_Cutler_Feat._E - Man_.mp3
/home/sc/mp3/tigerfm5/music/Nazem_Al_Ghazali_-_Raqs_Beledi.mp3
/home/sc/mp3/tigerfm5/music/Sheila Chandra - Excerpt From Abonecronedone 3.mp3
/home/sc/mp3/tigerfm5/music/Ultra Naté - Twisted (4 Hero Mix).mp3
/home/sc/mp3/tigerfm5/jingle/LDN_SWEEP_05.MP3
/home/sc/mp3/tigerfm5/music/Telepopmusic - Relax.mp3
/home/sc/mp3/tigerfm5/music/Nikos Vangelis - I Am.mp3
/home/sc/mp3/tigerfm5/music/Sneaker_Pimps_-_Six_Underground.mp3
/home/sc/mp3/tigerfm5/music/Alchemorph_Soundtracks_-_Lost_Dreams.mp3
/home/sc/mp3/tigerfm5/jingle/LDN_ID_02_W.MP3
/home/sc/mp3/tigerfm5/music/Fight Club Boys - Walking In Faith.mp3
/home/sc/mp3/tigerfm5/music/Jamie_Cullum_-_High_and_Dry.mp3
/home/sc/mp3/tigerfm5/music/Peace Orchestra - Who Am I.mp3
/home/sc/mp3/tigerfm5/music/Paris_Combo_-_Je_Ne_Sais_Qui_Fumer.mp3
/home/sc/mp3/tigerfm5/jingle/LDN_ID_08_M.MP3
/home/sc/mp3/tigerfm5/music/Beloved - The Sunrising (Album Mix).mp3
/home/sc/mp3/tigerfm5/music/Truby Trio - A Go Go.mp3
/home/sc/mp3/tigerfm5/music/Metricks_-_Reminds_of_Cat.mp3
/home/sc/mp3/tigerfm5/music/Bat For Lashes - What's A Girl To Do.mp3
/home/sc/mp3/tigerfm5/jingle/LDN_SWEEP_07.MP3
/home/sc/mp3/tigerfm5/music/Mists Of Avalon, The (Lee Holdridge) - 01 - The Mystic's Dre.mp3
/home/sc/mp3/tigerfm5/music/Jason Nevins Presents U.K.N.Y Feat. Holly James - I'm In Heaven (Jason Bye Remix).mp3
/home/sc/mp3/tigerfm5/music/Sirius And Nyla - Yo Le Le (Wave Dub).mp3
/home/sc/mp3/tigerfm5/music/Two_-_Medallions.mp3
/home/sc/mp3/tigerfm5/jingle/LDN_SWEEP_07.MP3
/home/sc/mp3/tigerfm5/music/FSOL_-_Mountain_Goat.mp3
/home/sc/mp3/tigerfm5/music/Jakatta - American Dream (Afterlife Mix).mp3
/home/sc/mp3/tigerfm5/music/The Presets - If I Know You.mp3
/home/sc/mp3/tigerfm5/music/Tierra Segunda - La Noche Ibicenca.mp3
/home/sc/mp3/tigerfm5/jingle/LDN_SWEEP_07.MP3
/home/sc/mp3/tigerfm5/music/Sven Van Hees - Sun Of A Beach.mp3
/home/sc/mp3/tigerfm5/music/Gabin_-_La_Maison.mp3
/home/sc/mp3/tigerfm5/music/Mike Oldfield - Platinum (Part 1 - Airborn).mp3
/home/sc/mp3/tigerfm5/music/This Is Kevin - Sunday Eve.mp3
/home/sc/mp3/tigerfm5/jingle/LDN_SWEEP_07.MP3
/home/sc/mp3/tigerfm5/music/Dj_Sammy_And_Yanou_Feat._Do_-_Heaven_(Candlelight_Mix).mp3
/home/sc/mp3/tigerfm5/music/Emmanuel Santaromana - Château Rouge.mp3
/home/sc/mp3/tigerfm5/music/Doctor Rockit - Cafe De Flore.mp3
/home/sc/mp3/tigerfm5/music/Rae_And_Christian_-_Blazing_The_Crop.mp3
/home/sc/mp3/tigerfm5/jingle/LDN_SWEEP_03.MP3
/home/sc/mp3/tigerfm5/music/Dusty Springfield - The Look of Love.mp3
/home/sc/mp3/tigerfm5/music/The Belles - (Who Will Be) Here To Hear_.mp3
/home/sc/mp3/tigerfm5/music/Sven Van Hees - Matrass Mambo.mp3
/home/sc/mp3/tigerfm5/music/Michael Gettel - When All Is Quiet (She Dreams Of Horses).mp3
/home/sc/mp3/tigerfm5/jingle/LDN_ID_01_M.MP3
/home/sc/mp3/tigerfm5/music/Kinobe - Slip into Something.mp3
/home/sc/mp3/tigerfm5/music/Kylie Minogue - Confide in Me.mp3
/home/sc/mp3/tigerfm5/music/Hans Zimmer - The Stone Drag.mp3
/home/sc/mp3/tigerfm5/music/Afterlife feat. Danii Minoque - Take Me Inside (mix).mp3
/home/sc/mp3/tigerfm5/jingle/LDN_SWEEP_05.MP3
/home/sc/mp3/tigerfm5/music/Stone_-_Heroes.mp3
/home/sc/mp3/tigerfm5/music/Usher - Here Today.mp3
/home/sc/mp3/tigerfm5/music/Indigo Bliss - Shogun (Remix).mp3
/home/sc/mp3/tigerfm5/music/Yasmine_-_Sunrise_Baby.mp3
/home/sc/mp3/tigerfm5/jingle/LDN_ID_06_M.MP3
/home/sc/mp3/tigerfm5/music/Tm Juke feat. Alice Russell - Playground Games.mp3
/home/sc/mp3/tigerfm5/music/Sam Sparro - Black & Gold.mp3
/home/sc/mp3/tigerfm5/music/Ryuichi Sakamoto & David Sylvian - Forbidden Colors.mp3
/home/sc/mp3/tigerfm5/music/Scow_-_You_Have_Something_In_Your_Life.mp3
/home/sc/mp3/tigerfm5/jingle/LDN_SWEEP_09.MP3
/home/sc/mp3/tigerfm5/music/Ilya_-_Bliss.mp3
/home/sc/mp3/tigerfm5/music/Norah_Jones_-_New_York_City.mp3
/home/sc/mp3/tigerfm5/music/Ian Rich Orchestra - You Only Live Twice.mp3
/home/sc/mp3/tigerfm5/music/Rihanna - Hate That I Love You.mp3
/home/sc/mp3/tigerfm5/jingle/LDN_SWEEP_05.MP3
/home/sc/mp3/tigerfm5/music/Distant_-_Summer_Chill.mp3
/home/sc/mp3/tigerfm5/music/Dolphins Talk - Look Into The Future (Interlude).mp3
/home/sc/mp3/tigerfm5/music/Samuel_Barber_-_Adagio_for_Strings.mp3
/home/sc/mp3/tigerfm5/music/Atb - Searching For Satellite.mp3
/home/sc/mp3/tigerfm5/jingle/LDN_SWEEP_03.MP3
/home/sc/mp3/tigerfm5/music/The Karminsky Experience Inc. - Exploration.mp3
/home/sc/mp3/tigerfm5/music/Tempus Fugit - Variazioni.mp3
/home/sc/mp3/tigerfm5/music/Pacific! - Lost & Found.mp3
/home/sc/mp3/tigerfm5/music/Sven Van Hees - Black Beans & Castro Queens.mp3
/home/sc/mp3/tigerfm5/jingle/LDN_SWEEP_10.MP3
/home/sc/mp3/tigerfm5/music/Jazz Connection - Passing Dolphins (Cool Sax Mix).mp3
/home/sc/mp3/tigerfm5/music/Bent_-_So_Long_Without_You.mp3
/home/sc/mp3/tigerfm5/music/Douglas Spotted Eagle - Grandfather's Song.mp3
/home/sc/mp3/tigerfm5/music/Afterlife_-_Shine.mp3
/home/sc/mp3/tigerfm5/jingle/LDN_SWEEP_09.MP3
/home/sc/mp3/tigerfm5/music/Ivana Santilli - Superstar.mp3
/home/sc/mp3/tigerfm5/music/Assorted Artists - Chinese Canon.mp3
/home/sc/mp3/tigerfm5/music/Locke - Everything Happens For A Reason.mp3
/home/sc/mp3/tigerfm5/music/Plastyc_Buddha - Rhodes_Royce.mp3
/home/sc/mp3/tigerfm5/jingle/LDN_SWEEP_02.MP3
/home/sc/mp3/tigerfm5/music/Cicada - Can't Be Doing With Love.mp3
/home/sc/mp3/tigerfm5/music/The Hoosiers - Lovestoned.mp3
/home/sc/mp3/tigerfm5/music/Lemon_Jelly_-_Come.mp3
/home/sc/mp3/tigerfm5/music/Sotikev,_Kirsten_-_Laura.mp3
/home/sc/mp3/tigerfm5/jingle/LDN_SWEEP_06.MP3
/home/sc/mp3/tigerfm5/music/Duala - Tiare.mp3
/home/sc/mp3/tigerfm5/music/Bob Sinclar feat. Steve Edwards - World, Hold On (Childreen Of The Sky) (Acoustic Version).mp3
/home/sc/mp3/tigerfm5/music/Nelly Furtado - Maneater.mp3
/home/sc/mp3/tigerfm5/music/Vangelis - Theme from Antarctica.mp3
/home/sc/mp3/tigerfm5/jingle/LDN_SWEEP_06.MP3
/home/sc/mp3/tigerfm5/music/Balqis_-_Habibi.mp3
/home/sc/mp3/tigerfm5/music/United Allstars - Hope (Lounge Mix).mp3
/home/sc/mp3/tigerfm5/music/Barrington Pheloung - Theme From Inspector Morse.mp3
/home/sc/mp3/tigerfm5/music/The Streets - Never Went To Church.mp3
/home/sc/mp3/tigerfm5/jingle/LDN_ID_04_M.MP3
/home/sc/mp3/tigerfm5/music/Govinda - Exotica.mp3
/home/sc/mp3/tigerfm5/music/Pnau - With You Forever.mp3
/home/sc/mp3/tigerfm5/music/Beth Orton - She Cries Your Name.mp3
/home/sc/mp3/tigerfm5/music/Panic At The Disco - Nine In The Afternoon.mp3
/home/sc/mp3/tigerfm5/jingle/LDN_ID_04_M.MP3
/home/sc/mp3/tigerfm5/music/The Afterworld Vs Darwin - Hypnos (Interlude).mp3
/home/sc/mp3/tigerfm5/music/Enya - It's In The Rain.mp3
/home/sc/mp3/tigerfm5/music/Primal Scream - Loaded.mp3
/home/sc/mp3/tigerfm5/music/Magda_Umer_-_Juz_Szumia_Kasztany.mp3
/home/sc/mp3/tigerfm5/jingle/LDN_SWEEP_02.MP3
/home/sc/mp3/tigerfm5/music/Brian Eno - From the Same Hill.mp3
/home/sc/mp3/tigerfm5/music/The Streets - Blinded By The Lights.mp3
/home/sc/mp3/tigerfm5/music/Harold Budd And Brian Eno - The Pearl.mp3
/home/sc/mp3/tigerfm5/music/Energy_52_-_Cafe_del_Mar.mp3
/home/sc/mp3/tigerfm5/jingle/LDN_SWEEP_07.MP3
/home/sc/mp3/tigerfm5/music/Jazzamor - Ambivalent Love Song.mp3
/home/sc/mp3/tigerfm5/music/Claude DeBussy - Clair de Lune - Ocean's Eleven Soundtrack.mp3
/home/sc/mp3/tigerfm5/music/Mike Oldfield - Jungle Gardenia.mp3
/home/sc/mp3/tigerfm5/music/Lenny Kravitz - Believe.mp3
/home/sc/mp3/tigerfm5/jingle/LDN_ID_01_W.MP3
/home/sc/mp3/tigerfm5/music/Enigma - The Dream Of The Dolphin.mp3
/home/sc/mp3/tigerfm5/music/Parov_Stealar_-_Tell_Me.mp3
/home/sc/mp3/tigerfm5/music/DJ Sammy & Yanou Feat. Do - Heaven (Candlelight Mix).mp3
/home/sc/mp3/tigerfm5/music/Mr Scruff - Get A Move On.mp3
/home/sc/mp3/tigerfm5/jingle/LDN_ID_08_M.MP3
/home/sc/mp3/tigerfm5/music/SK123_-_Easter_Egg.mp3
/home/sc/mp3/tigerfm5/music/Vangelis - Fields of Coral.mp3
/home/sc/mp3/tigerfm5/music/Roisin_Murphy_-_Scarlet_Ribbons.mp3
/home/sc/mp3/tigerfm5/music/Madredeus - Oxala (Telepopmusic Mix).mp3
/home/sc/mp3/tigerfm5/jingle/LDN_ID_01_M.MP3
/home/sc/mp3/tigerfm5/music/Nouvelle Vague - Love Will Tear Us Apart.mp3
/home/sc/mp3/tigerfm5/music/Sebastien Tellier - Divine.mp3
/home/sc/mp3/tigerfm5/music/Fischerspooner - The 15th (Album Mix).mp3
/home/sc/mp3/tigerfm5/music/Pendulum - Violet Hill.mp3
/home/sc/mp3/tigerfm5/jingle/LDN_SWEEP_04.MP3
/home/sc/mp3/tigerfm5/music/The Aloof - One Night Stand (7' Edit).mp3
/home/sc/mp3/tigerfm5/music/Thievery_Corporation_-_Lebanese_Blonde.mp3
/home/sc/mp3/tigerfm5/music/Zero_7_-_Distractions_(Madlibs_Ynq_Remix).mp3
/home/sc/mp3/tigerfm5/music/The Putney - Angel Circle.mp3
/home/sc/mp3/tigerfm5/jingle/LDN_SWEEP_05.MP3
/home/sc/mp3/tigerfm5/music/Squeeze - Labelled with Love.mp3
/home/sc/mp3/tigerfm5/music/Sven Van Hees - Ocean Jive.mp3
/home/sc/mp3/tigerfm5/music/Clear Project Studio - Quidam.mp3
/home/sc/mp3/tigerfm5/music/The Future Sound Of London - Cascade.mp3
/home/sc/mp3/tigerfm5/jingle/LDN_ID_06_M.MP3
/home/sc/mp3/tigerfm5/music/Starlive Cafe - Playa Del Mar (Chillout Mix).mp3
/home/sc/mp3/tigerfm5/music/Eliot - All I Am Made Of.mp3
/home/sc/mp3/tigerfm5/music/Tiefschwarz - Music_(Beautiful).mp3
/home/sc/mp3/tigerfm5/music/Telepopmusic - Love can damage your health.mp3
/home/sc/mp3/tigerfm5/jingle/LDN_ID_08_M.MP3
/home/sc/mp3/tigerfm5/music/Filur feat. Pernille Rosendahl - You & I (Trentemoller Free Dub).mp3
/home/sc/mp3/tigerfm5/music/John_Coltrane_Quartet_-_Too_Young_To_Go_Steady.mp3
/home/sc/mp3/tigerfm5/music/Coldplay - Trouble.mp3
/home/sc/mp3/tigerfm5/music/Bryan Ferry - I Put A Spell On You.mp3
/home/sc/mp3/tigerfm5/jingle/LDN_ID_01_W.MP3
/home/sc/mp3/tigerfm5/music/Shakedown - At Night (Afterlife Remix).mp3
/home/sc/mp3/tigerfm5/music/Shiny Toy Guns - Joel's Theme.mp3
/home/sc/mp3/tigerfm5/music/Shaun Escoffery - Music In Me.mp3
/home/sc/mp3/tigerfm5/music/Adiemus - Adiemus.mp3
/home/sc/mp3/tigerfm5/jingle/LDN_ID_04_M.MP3
/home/sc/mp3/tigerfm5/music/Sven Van Hees - Breakfast With Abductees.mp3
/home/sc/mp3/tigerfm5/music/Diya_Al_Dine_-_Royal_Mirage.mp3
/home/sc/mp3/tigerfm5/music/Kinobe_-_Slip_into_Something_More_Comfortable.mp3
/home/sc/mp3/tigerfm5/music/Ralph_Myerz_And_The_Jack_Herren_Band_-_Nikita.mp3
/home/sc/mp3/tigerfm5/jingle/LDN_SWEEP_04.MP3
/home/sc/mp3/tigerfm5/music/Bent_-_Magic_Love.mp3
/home/sc/mp3/tigerfm5/music/Olive - You're Not Alone.mp3
/home/sc/mp3/tigerfm5/music/François K feat. Barbara Mendes - Awakening.mp3
/home/sc/mp3/tigerfm5/music/Clannad - Theme from Harry's Game.mp3
/home/sc/mp3/tigerfm5/jingle/LDN_ID_08_M.MP3
/home/sc/mp3/tigerfm5/music/Gentle People - Journey (Aphex Twin Care Mix).mp3
/home/sc/mp3/tigerfm5/music/Vangelis - Song of the Seas.mp3
/home/sc/mp3/tigerfm5/music/Sol Y Mar Presents Natascha - La Fantasia Del Mundo (Juan Padilla Mix).mp3
/home/sc/mp3/tigerfm5/music/Thrillseekers_-_Dreaming_of_You.mp3
/home/sc/mp3/tigerfm5/jingle/LDN_ID_07_M.MP3
/home/sc/mp3/tigerfm5/music/Moonbootica - Hildegarde.mp3
/home/sc/mp3/tigerfm5/music/Craig Armstrong - Balcony Scene (Romeo And Juliet).mp3
/home/sc/mp3/tigerfm5/music/Christopher Franke - A Radiant Band Of Light.mp3
/home/sc/mp3/tigerfm5/music/I Solisti Italiani - Pachelbel_ Canon.mp3
/home/sc/mp3/tigerfm5/jingle/LDN_SWEEP_02.MP3
/home/sc/mp3/tigerfm5/music/Iarla O Lionaird - Seacht.mp3
/home/sc/mp3/tigerfm5/music/VA - Feel Well @ Cran Canaria.mp3
/home/sc/mp3/tigerfm5/music/Tangerine Dream - The Dream Is Always The Same.mp3
/home/sc/mp3/tigerfm5/music/Stephane Pompougnac - Pour Faire Le Portrait D'un Oiseau.mp3
/home/sc/mp3/tigerfm5/jingle/LDN_SWEEP_07.MP3
/home/sc/mp3/tigerfm5/music/Moloko - Sing It Back (Herbert's Tasteful Dub).mp3
/home/sc/mp3/tigerfm5/music/Eva Cassidy - Fields of Gold.mp3
/home/sc/mp3/tigerfm5/music/Fragile_State_-_Barneys_Song.mp3
/home/sc/mp3/tigerfm5/music/The View - Same Jeans.mp3
/home/sc/mp3/tigerfm5/jingle/LDN_ID_07_M.MP3
/home/sc/mp3/tigerfm5/music/Zoot_Woman_-_Its_Automatic.mp3
/home/sc/mp3/tigerfm5/music/Avia - Why Should I Cry.mp3
/home/sc/mp3/tigerfm5/music/Gold_Digger_-_This_Is_The_Frequency_Of_The_Dub_King.mp3
/home/sc/mp3/tigerfm5/music/Time_-_Time.mp3
/home/sc/mp3/tigerfm5/jingle/LDN_ID_04_M.MP3
/home/sc/mp3/tigerfm5/music/Memoire_-_Historys_Song.mp3
/home/sc/mp3/tigerfm5/music/Newton Faulkner - Foundations.mp3
/home/sc/mp3/tigerfm5/music/Sven Van Hees - Tamiami Blues.mp3
/home/sc/mp3/tigerfm5/music/Royksopp - Eple.mp3
/home/sc/mp3/tigerfm5/jingle/LDN_SWEEP_04.MP3
/home/sc/mp3/tigerfm5/music/Tephany - Wanna Lose Touch.mp3
/home/sc/mp3/tigerfm5/music/Nalin & Kane - Beachball (Original Mix).mp3
/home/sc/mp3/tigerfm5/music/Waldeck - This Isn't Maybe (Radio Edit).mp3
/home/sc/mp3/tigerfm5/music/Yulara - Horizon.mp3
/home/sc/mp3/tigerfm5/jingle/LDN_SWEEP_08.MP3
/home/sc/mp3/tigerfm5/music/Telepopmusic - Emi White.mp3
/home/sc/mp3/tigerfm5/music/Vision I - Vision.mp3
/home/sc/mp3/tigerfm5/music/Benny_Sings_-_Coconut.mp3
/home/sc/mp3/tigerfm5/music/Pouad_-_Arabian_Dreams.mp3
/home/sc/mp3/tigerfm5/jingle/LDN_SWEEP_08.MP3
/home/sc/mp3/tigerfm5/music/Martin_Grech_-_Open_Heart_Zoo.mp3
/home/sc/mp3/tigerfm5/music/Moby - Porcelain.mp3
/home/sc/mp3/tigerfm5/music/Bob James - Angela (Theme from Taxi).mp3
/home/sc/mp3/tigerfm5/music/Dream_Sound_-_Passion_Roots.mp3
/home/sc/mp3/tigerfm5/jingle/LDN_ID_09_M.MP3
/home/sc/mp3/tigerfm5/music/Moby - Natural Blues.mp3
/home/sc/mp3/tigerfm5/music/Enigma - Sadeness.mp3
/home/sc/mp3/tigerfm5/music/Alex Gold Feat. Phil Johnston - Flying.mp3
/home/sc/mp3/tigerfm5/music/Physics - Leaving Monte Carlo.mp3
/home/sc/mp3/tigerfm5/jingle/LDN_SWEEP_07.MP3
/home/sc/mp3/tigerfm5/music/Telepopmusic- Da Hoola (Soda-Pop Mix) .mp3
/home/sc/mp3/tigerfm5/music/Afro Medusa - Pasilda (Afterlife Mix).mp3
/home/sc/mp3/tigerfm5/music/Sumptuastic - Cisza.mp3
/home/sc/mp3/tigerfm5/music/Kid_Loco_-_Love_Me_Sweet.mp3
/home/sc/mp3/tigerfm5/jingle/LDN_ID_09_M.MP3
/home/sc/mp3/tigerfm5/music/Liquid Motion - Flowmotional (Blue Metheny Remix).mp3
/home/sc/mp3/tigerfm5/music/Aquarium_-_Lifetimes.mp3
/home/sc/mp3/tigerfm5/music/Die Elfen - Peace In The Air.mp3
/home/sc/mp3/tigerfm5/music/Sonar - Moments In Love (Part 3).mp3
/home/sc/mp3/tigerfm5/jingle/LDN_SWEEP_05.MP3
/home/sc/mp3/tigerfm5/music/Delerium Feat. Sarah McLachlan - Silence (Michael Woods Remix).mp3
/home/sc/mp3/tigerfm5/music/Altan - The Waves Of Gola.mp3
/home/sc/mp3/tigerfm5/music/Temple Of Sound feat. Wendy Stubbs & Jah Wobble - Gold Of The Sun.mp3
/home/sc/mp3/tigerfm5/music/Mark Ronson [Cover] - Stop Me.mp3
/home/sc/mp3/tigerfm5/jingle/LDN_ID_02_W.MP3
/home/sc/mp3/tigerfm5/music/FSOL_-_Smokin_Japanese_Babe.mp3
/home/sc/mp3/tigerfm5/music/Brooke Russell - So Sweet (Rae & Christian Remix).mp3
/home/sc/mp3/tigerfm5/music/Jaydee vs Tamara Maria - Sunset (Interlude) I'm Not In Love.mp3
/home/sc/mp3/tigerfm5/music/Krackatoa_-_Nonata.mp3
/home/sc/mp3/tigerfm5/jingle/LDN_ID_02_M.MP3
/home/sc/mp3/tigerfm5/music/Siddharta_Spirit_Of_Buddha_Bar_-_Wish You Were Here.mp3
/home/sc/mp3/tigerfm5/music/Themroc - Gold is your metal.mp3
/home/sc/mp3/tigerfm5/music/Afterlife - Glide.mp3
/home/sc/mp3/tigerfm5/music/Star Of 77 & Wyczes (feat. Novika) - Hesitation.mp3
/home/sc/mp3/tigerfm5/jingle/LDN_SWEEP_03.MP3
/home/sc/mp3/tigerfm5/music/Norah Jones - Those Sweet Words.mp3
/home/sc/mp3/tigerfm5/music/Hairy Diamond - Givin Up (Radio Edit).mp3
/home/sc/mp3/tigerfm5/music/Lupe Fiasco - Superstar.mp3
/home/sc/mp3/tigerfm5/music/The Herbaliser feat. Seaming To - Something Wicked This Way Comes.mp3
/home/sc/mp3/tigerfm5/jingle/LDN_ID_04_M.MP3
/home/sc/mp3/tigerfm5/music/Vangelis - Islands of the Orient.mp3
/home/sc/mp3/tigerfm5/music/I Solisti Italiani - Barber_ Adagio for Strings.mp3
/home/sc/mp3/tigerfm5/music/Air_-_All_I_Need.mp3
/home/sc/mp3/tigerfm5/music/Corinne Bailey Rae [Cover] - Sexyback.mp3
/home/sc/mp3/tigerfm5/jingle/LDN_ID_02_M.MP3
/home/sc/mp3/tigerfm5/music/Boozoo Bajou - Night Over Manaus.mp3
/home/sc/mp3/tigerfm5/music/Massive Attack feat. Tracey Thorn - Protection.mp3
/home/sc/mp3/tigerfm5/music/FSOL_-_Papua_New_Guinea.mp3
/home/sc/mp3/tigerfm5/music/That's Not My Name (Cover Version - Dizzee Rascal.mp3
/home/sc/mp3/tigerfm5/jingle/LDN_SWEEP_08.MP3
/home/sc/mp3/tigerfm5/music/DJ Sammy - The boys of Summer - Soulside remix.mp3
/home/sc/mp3/tigerfm5/music/Fareeda_-_Gardens_of_Wisdom.mp3
/home/sc/mp3/tigerfm5/music/The Cinematic Orchestra feat. Fontella Bass - All That You Give.mp3
/home/sc/mp3/tigerfm5/music/Baby Blak & Pauly Yamzi - Love Of Da Game.mp3
/home/sc/mp3/tigerfm5/jingle/LDN_SWEEP_02.MP3
/home/sc/mp3/tigerfm5/music/Brian Eno - Another Green World.mp3
/home/sc/mp3/tigerfm5/music/Daft_Punk_-_Make_Love.mp3
/home/sc/mp3/tigerfm5/music/Elbow - One Day Like This.mp3
/home/sc/mp3/tigerfm5/music/Nightmares_on_Wax_-_70s_80s.mp3
/home/sc/mp3/tigerfm5/jingle/LDN_ID_06_M.MP3
/home/sc/mp3/tigerfm5/music/Metronomy - Heartbreaker.mp3
/home/sc/mp3/tigerfm5/music/Mina_Seyahi_-_Extravaganza_Mix.mp3
/home/sc/mp3/tigerfm5/music/Craig Armstrong - This Is Love.mp3
/home/sc/mp3/tigerfm5/music/leftfield - melt.mp3
/home/sc/mp3/tigerfm5/jingle/LDN_ID_07_M.MP3
/home/sc/mp3/tigerfm5/music/Baaba Maal - Call To A Prayer.mp3
/home/sc/mp3/tigerfm5/music/Cagedbaby_-_Hello_There.mp3
/home/sc/mp3/tigerfm5/music/Navern_-_Ray_of_Light.mp3
/home/sc/mp3/tigerfm5/music/Major Swellings - Pole Vaulters Delight.mp3
/home/sc/mp3/tigerfm5/jingle/LDN_SWEEP_02.MP3
/home/sc/mp3/tigerfm5/music/Nor_Elle_-_Sunset_Print.mp3
/home/sc/mp3/tigerfm5/music/Sacred Spirit - You've Gotta Learn (Three Kingdoms).mp3
/home/sc/mp3/tigerfm5/music/Fred Falke - 909 Pm At The Beach.mp3
/home/sc/mp3/tigerfm5/music/Philip Glass - Etoile Polaire (North Star).mp3
/home/sc/mp3/tigerfm5/jingle/LDN_ID_02_M.MP3
/home/sc/mp3/tigerfm5/music/Masked Ball (1999 Remix).mp3
/home/sc/mp3/tigerfm5/music/Mozez_-_Fuzz.mp3
/home/sc/mp3/tigerfm5/music/VA - Copa Copana Groove.mp3
/home/sc/mp3/tigerfm5/music/Nitin Sawhney - Sunset.mp3
/home/sc/mp3/tigerfm5/jingle/LDN_ID_04_M.MP3
/home/sc/mp3/tigerfm5/music/Morcheeba - Otherwise.mp3
/home/sc/mp3/tigerfm5/music/Rick Wakeman - The Journey.mp3
/home/sc/mp3/tigerfm5/music/Agnelli & Nelson - Everyday (Chillout Mix).mp3
/home/sc/mp3/tigerfm5/music/Troublemakers_-_Chez_Roger_Boite_Funk.mp3
/home/sc/mp3/tigerfm5/jingle/LDN_SWEEP_08.MP3
/home/sc/mp3/tigerfm5/music/Yulara - Narayana.mp3
/home/sc/mp3/tigerfm5/music/Modus_-_When_I_See_You.mp3
/home/sc/mp3/tigerfm5/music/Osker - Hidden Track.mp3
/home/sc/mp3/tigerfm5/music/Nural_Lita_-_Kafez.mp3
/home/sc/mp3/tigerfm5/jingle/LDN_SWEEP_06.MP3
/home/sc/mp3/tigerfm5/music/Armin Van Buuren - Burned With Desire (feat. Justi).mp3
/home/sc/mp3/tigerfm5/music/Runrig - An Ubhal As Airde (The Highest Apple).mp3
/home/sc/mp3/tigerfm5/music/Paban Das Baul And Sam Mills - Dil Ki Doya.mp3
/home/sc/mp3/tigerfm5/music/Tahiti 80 - Wallpaper For The Soul.mp3
/home/sc/mp3/tigerfm5/jingle/LDN_SWEEP_03.MP3
/home/sc/mp3/tigerfm5/music/Hot Chip - Made In The Dark.mp3
/home/sc/mp3/tigerfm5/music/Ella_Fitzgerald_-_Wait_Till_You_See_Him.mp3
/home/sc/mp3/tigerfm5/music/Gotan Project Meet Chet Baker - Round About Midnight.mp3
/home/sc/mp3/tigerfm5/music/Hans Zimmer - Courting Song - Love In The Himalaya.mp3
/home/sc/mp3/tigerfm5/jingle/LDN_ID_01_M.MP3
/home/sc/mp3/tigerfm5/music/Craig Armstrong - Weather Storm.mp3
/home/sc/mp3/tigerfm5/music/Sidewinder - Sideways Revenge.mp3
/home/sc/mp3/tigerfm5/music/Ennio Morricone - Chi Mai.mp3
/home/sc/mp3/tigerfm5/music/Saint_Privat_-_Pan_Am_009.mp3
/home/sc/mp3/tigerfm5/jingle/LDN_SWEEP_01.MP3
/home/sc/mp3/tigerfm5/music/David Holmes - Rodney Yates.mp3
/home/sc/mp3/tigerfm5/music/VA - Ibiza Sundown Session.mp3
/home/sc/mp3/tigerfm5/music/Dj Shadow - Fixed Income.mp3
/home/sc/mp3/tigerfm5/music/The Flying Burrito Brothers - Hot Burrito #1.mp3
/home/sc/mp3/tigerfm5/jingle/LDN_ID_06_M.MP3
/home/sc/mp3/tigerfm5/music/Divine Works - Ancient Person Of My Heart.mp3
/home/sc/mp3/tigerfm5/music/Bag Raiders - Shooting Stars.mp3
/home/sc/mp3/tigerfm5/music/I Monster - Daydream in Blue.mp3
/home/sc/mp3/tigerfm5/music/IIO - Rapture (Soulside Remix).mp3
/home/sc/mp3/tigerfm5/jingle/LDN_ID_01_W.MP3
/home/sc/mp3/tigerfm5/music/Madonna - Substitute For Love.mp3
/home/sc/mp3/tigerfm5/music/Neal Schon - Cool Breeze.mp3
/home/sc/mp3/tigerfm5/music/Dusted - Always Remember To Respect And Honour Your Mother (7' Mix).mp3
/home/sc/mp3/tigerfm5/music/VA - St. Tropez Charmante.mp3
/home/sc/mp3/tigerfm5/jingle/LDN_ID_07_M.MP3
/home/sc/mp3/tigerfm5/music/The Byrds - Mr. Tambourine Man.mp3
/home/sc/mp3/tigerfm5/music/Bebel Gilberto - Simplesmente.mp3
/home/sc/mp3/tigerfm5/music/Moloko_-_Sing_It_Back_(Herberts_Tasteful_Dub).mp3
/home/sc/mp3/tigerfm5/music/Freeflow_-_Big_Pun.mp3
/home/sc/mp3/tigerfm5/jingle/LDN_SWEEP_09.MP3
/home/sc/mp3/tigerfm5/music/Fertile Ground - Take Me Higher.mp3
/home/sc/mp3/tigerfm5/music/Skinny_Elvis_-_Slow_Drift_Rising.mp3
/home/sc/mp3/tigerfm5/music/Moloko - Sing It Back (Original Album Version).mp3
/home/sc/mp3/tigerfm5/music/Claude Debussy - Clair de Lune .mp3
/home/sc/mp3/tigerfm5/jingle/LDN_SWEEP_05.MP3
/home/sc/mp3/tigerfm5/music/The Ambient Cookbook CD2 - Shades of Orion - Biotrip.mp3
/home/sc/mp3/tigerfm5/music/Feist_-_Inside_And_Out.mp3
/home/sc/mp3/tigerfm5/music/Underworld_-_Little_Speaker.mp3
/home/sc/mp3/tigerfm5/music/Zero_7_-_Give_It_Away.mp3
/home/sc/mp3/tigerfm5/jingle/LDN_ID_05_M.MP3
/home/sc/mp3/tigerfm5/music/MJ Cole - Sincere.mp3
/home/sc/mp3/tigerfm5/music/Legion Of Green Men - For Maria Wherever I Might Fin.mp3
/home/sc/mp3/tigerfm5/music/Micheal O. Suilleabhain - Woodbrook.mp3
/home/sc/mp3/tigerfm5/music/Quincy_Jones_-_Ai_No_Corrida.mp3
/home/sc/mp3/tigerfm5/jingle/LDN_SWEEP_04.MP3
/home/sc/mp3/tigerfm5/music/Chicane - No Ordinary Morning (Original Mix).mp3
/home/sc/mp3/tigerfm5/music/Norman_Fairbanks_-_Blurred_Calm_and_Orange.mp3
/home/sc/mp3/tigerfm5/music/VA - Jumeira Beach Club.mp3
/home/sc/mp3/tigerfm5/music/Alain Sylvain - Doux Mystere VII.mp3
/home/sc/mp3/tigerfm5/jingle/LDN_ID_05_M.MP3
/home/sc/mp3/tigerfm5/music/Mae Mcenna - Sayonara.mp3
/home/sc/mp3/tigerfm5/music/The Future Sound of London - Dead Skin Cells.mp3
/home/sc/mp3/tigerfm5/music/Sueno_Latino_-_Sueno_Latino.mp3
/home/sc/mp3/tigerfm5/music/Norman_Fairbanks_-_Mystified.mp3
/home/sc/mp3/tigerfm5/jingle/LDN_SWEEP_10.MP3
/home/sc/mp3/tigerfm5/music/The_Sabres_of_Paradise_-_Smokebelch_II.mp3
/home/sc/mp3/tigerfm5/music/VA - Dreams Of Mauritius.mp3
/home/sc/mp3/tigerfm5/music/Mr_Scruff - Get_A_Move_On.mp3
/home/sc/mp3/tigerfm5/music/Dolphin's Talk - Ocean Of Love.mp3
/home/sc/mp3/tigerfm5/jingle/LDN_SWEEP_03.MP3
/home/sc/mp3/tigerfm5/music/Coralie_Clement_-_A'loccasion_Tu_Sours.mp3
/home/sc/mp3/tigerfm5/music/The Mighty Bop - Lady.mp3
/home/sc/mp3/tigerfm5/music/I_Monster_-_Daydream_In_Blue.mp3
/home/sc/mp3/tigerfm5/music/Sacred Spirit - Heya-Hee (Intertribal Song To Stop The Rain).mp3
/home/sc/mp3/tigerfm5/jingle/LDN_ID_02_M.MP3
/home/sc/mp3/tigerfm5/music/Robert_Amirian_Feat._Kayah_-_Sen_Nocy_Letniej.mp3
/home/sc/mp3/tigerfm5/music/Angelo_Badalamenti_-_Country_Waltz.mp3
/home/sc/mp3/tigerfm5/music/Pinky_-_Still_Waters.mp3
/home/sc/mp3/tigerfm5/music/Aminah_-_My_Life.mp3
/home/sc/mp3/tigerfm5/jingle/LDN_ID_05_M.MP3
/home/sc/mp3/tigerfm5/music/Royksopp - Sparks.mp3
/home/sc/mp3/tigerfm5/music/Brian Eno - Sombre Reptiles.mp3
/home/sc/mp3/tigerfm5/music/Wamdue Project - King Of My Castle (Original Radio Edit).mp3
/home/sc/mp3/tigerfm5/music/Cafe Lounge - Refelection Del Mar.mp3
/home/sc/mp3/tigerfm5/jingle/LDN_ID_06_M.MP3
/home/sc/mp3/tigerfm5/music/Metricks_-_Your_Reflection.mp3
/home/sc/mp3/tigerfm5/music/The Sabres Of Paradise (Beatless Mix) - Smokebelch II.mp3
/home/sc/mp3/tigerfm5/music/James Morrison - You Give Me Something.mp3
/home/sc/mp3/tigerfm5/music/Jim_Noir_-_Eanie_Meany.mp3
/home/sc/mp3/tigerfm5/jingle/LDN_ID_03_M.MP3
/home/sc/mp3/tigerfm5/music/Kate Price - Beloved.mp3
/home/sc/mp3/tigerfm5/music/The Zutons - Valerie.mp3
/home/sc/mp3/tigerfm5/music/Blank & Jones - Die Blaue Stunde.mp3
/home/sc/mp3/tigerfm5/music/Lighthouse Family - Lifted.mp3
/home/sc/mp3/tigerfm5/jingle/LDN_ID_04_M.MP3
/home/sc/mp3/tigerfm5/music/Tim 'love' Lee - Mambo A Go Go.mp3
/home/sc/mp3/tigerfm5/music/Sven Van Hees - Flute Salad.mp3
/home/sc/mp3/tigerfm5/music/The Avalanches - Since I Left You.mp3
/home/sc/mp3/tigerfm5/music/Natacha_Atlas_-_Diaspora.mp3
/home/sc/mp3/tigerfm5/jingle/LDN_SWEEP_08.MP3
/home/sc/mp3/tigerfm5/music/Ryuichi Sakamoto With Youssou N'dour - Diabaram.mp3
/home/sc/mp3/tigerfm5/music/Krackatoa_-_Blood_Moon_Rising.mp3
/home/sc/mp3/tigerfm5/music/Alpha - Elvis.mp3
/home/sc/mp3/tigerfm5/music/G.P.L._-_Chemistry.mp3
/home/sc/mp3/tigerfm5/jingle/LDN_ID_06_M.MP3
/home/sc/mp3/tigerfm5/music/Gerry Rafferty - The Right Moment.mp3
/home/sc/mp3/tigerfm5/music/Vangelis - Memories of Blue.mp3
/home/sc/mp3/tigerfm5/music/Docktor_Rockit_-_Cafe_De_Flore.mp3
/home/sc/mp3/tigerfm5/music/Eva Cassidy - Tall Trees In Georgia.mp3
/home/sc/mp3/tigerfm5/jingle/LDN_SWEEP_09.MP3
/home/sc/mp3/tigerfm5/music/The_Pastels_-_Windy_Hill.mp3
/home/sc/mp3/tigerfm5/music/Alice Russell - Take Your Time Change Your Mind.mp3
/home/sc/mp3/tigerfm5/music/Lamb - Gabriel.mp3
/home/sc/mp3/tigerfm5/music/Ratatat - Falcon Job.mp3
/home/sc/mp3/tigerfm5/jingle/LDN_ID_04_M.MP3
/home/sc/mp3/tigerfm5/music/Oscar Salguero - Love And Light.mp3
/home/sc/mp3/tigerfm5/music/M - Feeling Your Spirit Calling (Afterlife Lounge Remix).mp3
/home/sc/mp3/tigerfm5/music/Martine Girault - Revival.mp3
/home/sc/mp3/tigerfm5/music/Wax Tailor Ft. Charlotte Savary - Our Dance.mp3
/home/sc/mp3/tigerfm5/jingle/LDN_ID_06_M.MP3
/home/sc/mp3/tigerfm5/music/Jakatta_-_American_Dream.mp3
/home/sc/mp3/tigerfm5/music/Ennio Morricone - The Mission.mp3
/home/sc/mp3/tigerfm5/music/Pfl_W - Julia_Messenger_.mp3
/home/sc/mp3/tigerfm5/music/Thrillseekers - Dreaming Of You (Tranquilo's Ambient Mix).mp3
/home/sc/mp3/tigerfm5/jingle/LDN_ID_09_M.MP3
/home/sc/mp3/tigerfm5/music/International Pony - Leaving home.mp3
/home/sc/mp3/tigerfm5/music/Union 13 - Why Are We Destroying Ourselves.mp3
/home/sc/mp3/tigerfm5/music/Carlos_Campos_and_Benjamin_Franklin_-_Amor_De_Siempre.mp3
/home/sc/mp3/tigerfm5/music/David Sylvian - Home.mp3
/home/sc/mp3/tigerfm5/jingle/LDN_ID_08_M.MP3
/home/sc/mp3/tigerfm5/music/Yonderboi - Papadam.mp3
/home/sc/mp3/tigerfm5/music/Adiemus - Rain Dance.mp3
/home/sc/mp3/tigerfm5/music/Space_Raiders_-_Beautiful_Crazy.mp3
/home/sc/mp3/tigerfm5/music/Fortunato & Montresor - Imagine (Radio Edit).mp3
/home/sc/mp3/tigerfm5/jingle/LDN_SWEEP_04.MP3
/home/sc/mp3/tigerfm5/music/Signfield - Sunrise Theme.mp3
/home/sc/mp3/tigerfm5/music/Smoke City - It's Amazing.mp3
/home/sc/mp3/tigerfm5/music/Cafe Ibiza - Playa Pt. 4 (Dub Mix).mp3
/home/sc/mp3/tigerfm5/music/Dune - Who Wants To Live Forever.mp3
/home/sc/mp3/tigerfm5/jingle/LDN_SWEEP_08.MP3
/home/sc/mp3/tigerfm5/music/E - Leven - 11.mp3
/home/sc/mp3/tigerfm5/music/David Byrne - The Last Emporer.mp3
/home/sc/mp3/tigerfm5/music/Nova June - More.mp3
/home/sc/mp3/tigerfm5/music/FSOL_-_Everyone_In_The_World_Is_Doing....mp3
/home/sc/mp3/tigerfm5/jingle/LDN_ID_04_M.MP3
/home/sc/mp3/tigerfm5/music/Roxy Music - Tara.mp3
/home/sc/mp3/tigerfm5/music/The Edge - Island.mp3
/home/sc/mp3/tigerfm5/music/Sven Van Hees - Seasonal Bounty (Smooth '94).mp3
/home/sc/mp3/tigerfm5/music/Jerry Howard - La Grande Finale.mp3
/home/sc/mp3/tigerfm5/jingle/LDN_ID_04_M.MP3
/home/sc/mp3/tigerfm5/music/Mandalay - Beautiful.mp3
/home/sc/mp3/tigerfm5/music/Jakatta_Feat._Seal_-_My_Vision_(Summer_In_White_Edit).mp3
/home/sc/mp3/tigerfm5/music/David Bedford - King Aeolus.mp3
/home/sc/mp3/tigerfm5/music/Bebel Gilberto - O Caminho.mp3
/home/sc/mp3/tigerfm5/jingle/LDN_ID_08_M.MP3
/home/sc/mp3/tigerfm5/music/Neneh Cherry_Youssou N'Dour - 7 Seconds.mp3
/home/sc/mp3/tigerfm5/music/Wayne_Wonder_-_No_Letting_Go.mp3
/home/sc/mp3/tigerfm5/music/Tribal Winds - Native American Flutes - Lakota Prayer.mp3
/home/sc/mp3/tigerfm5/music/Space_People_-_Cook.mp3
/home/sc/mp3/tigerfm5/jingle/LDN_ID_02_M.MP3
/home/sc/mp3/tigerfm5/music/Alpha - Sometime Later.mp3
/home/sc/mp3/tigerfm5/music/Mike Oldfield - Guilty.mp3
/home/sc/mp3/tigerfm5/music/Enigmatic - Obsession] The Delta Of The Red River.mp3
/home/sc/mp3/tigerfm5/music/Astrud_Gilberto_-_Fly_Me_To_The_Moon.mp3
/home/sc/mp3/tigerfm5/jingle/LDN_SWEEP_08.MP3
/home/sc/mp3/tigerfm5/music/Royksopp - So Easy.mp3
/home/sc/mp3/tigerfm5/music/Sunset Dub - Waiting For Mr. G.mp3
/home/sc/mp3/tigerfm5/music/Ultravox - Dreams .mp3
/home/sc/mp3/tigerfm5/music/Nils Petter Molvaer - Vilderness (Chilluminati Remix).mp3
/home/sc/mp3/tigerfm5/jingle/LDN_ID_01_W.MP3
/home/sc/mp3/tigerfm5/music/Rouge_Rouge_-_L'amour_Avec_Toi.mp3
/home/sc/mp3/tigerfm5/music/The_Project_-_Journey_into_Dust.mp3
/home/sc/mp3/tigerfm5/music/Del Mar - Evening Cafe (Ibiza Dub).mp3
/home/sc/mp3/tigerfm5/music/Bruno-Leonardo Gelber - Beethoven_ Moonlight Sonata.mp3
/home/sc/mp3/tigerfm5/jingle/LDN_SWEEP_01.MP3
/home/sc/mp3/tigerfm5/music/Liquid Motion - To The Sky (Vocal Version).mp3
/home/sc/mp3/tigerfm5/music/Satie - Gymnopedie No. 1.mp3
