/home/sc/mp3/tigerfm9/jingle/LDN_SWEEP_05.MP3
/home/sc/mp3/tigerfm9/music/The Ting Tings - Be The One.mp3
/home/sc/mp3/tigerfm9/music/Alphabeat - Boyfriend.mp3
/home/sc/mp3/tigerfm9/music/Kylie Minogue - The One (Freemasons Mix).mp3
/home/sc/mp3/tigerfm9/music/Chris Brown - Forever.mp3
/home/sc/mp3/tigerfm9/jingle/LDN_SWEEP_01.MP3
/home/sc/mp3/tigerfm9/music/Madonna - Give It To Me.mp3
/home/sc/mp3/tigerfm9/music/Ironik - I Wanna Be Your Man.mp3
/home/sc/mp3/tigerfm9/music/J Majik And Wickaman - Crazy World.mp3
/home/sc/mp3/tigerfm9/music/Ironik - Stay With Me.mp3
/home/sc/mp3/tigerfm9/jingle/LDN_SWEEP_04.MP3
/home/sc/mp3/tigerfm9/music/James Morrison feat Nelly Furtado - Broken Strings.mp3
/home/sc/mp3/tigerfm9/music/Nickelback - Gotta Be Somebody.mp3
/home/sc/mp3/tigerfm9/music/Flo Rida feat. T Pain - Low.mp3
/home/sc/mp3/tigerfm9/music/Ironik - Stay With Me.mp3
/home/sc/mp3/tigerfm9/jingle/LDN_SWEEP_08.MP3
/home/sc/mp3/tigerfm9/music/Britney Spears - Piece Of Me.mp3
/home/sc/mp3/tigerfm9/music/Britney Spears - Radar.mp3
/home/sc/mp3/tigerfm9/music/Axwell - I Found U.mp3
/home/sc/mp3/tigerfm9/music/James Doman - Everythings Gonna Be Alright.mp3
/home/sc/mp3/tigerfm9/jingle/LDN_SWEEP_09.MP3
/home/sc/mp3/tigerfm9/music/Will.I.Am - Heartbreaker.mp3
/home/sc/mp3/tigerfm9/music/The Script - Breakeven.mp3
/home/sc/mp3/tigerfm9/music/Michelle Williams Feat. Flo Rida - We Break The Dawn.mp3
/home/sc/mp3/tigerfm9/music/Pussycat Dolls - When I Grow Up.mp3
/home/sc/mp3/tigerfm9/jingle/LDN_SWEEP_01.MP3
/home/sc/mp3/tigerfm9/music/Kate Ryan - L.I.L.Y.mp3
/home/sc/mp3/tigerfm9/music/Justin Timberlake - SexyBack.mp3
/home/sc/mp3/tigerfm9/music/Utah Saints - Something Good 08.mp3
/home/sc/mp3/tigerfm9/music/Beyonce - Single Ladies.mp3
/home/sc/mp3/tigerfm9/jingle/LDN_SWEEP_08.MP3
/home/sc/mp3/tigerfm9/music/The Verve - Love Is Noise.mp3
/home/sc/mp3/tigerfm9/music/Take That - Shine.mp3
/home/sc/mp3/tigerfm9/music/Beyonce - Single Ladies.mp3
/home/sc/mp3/tigerfm9/music/Maroon 5 And Rihanna - If I Never See Your Face Again.mp3
/home/sc/mp3/tigerfm9/jingle/LDN_SWEEP_03.MP3
/home/sc/mp3/tigerfm9/music/James Morrison - You Make It Real.mp3
/home/sc/mp3/tigerfm9/music/Sugababes - No Can Do.mp3
/home/sc/mp3/tigerfm9/music/Snow Patrol - Take Back The City.mp3
/home/sc/mp3/tigerfm9/music/Katy Perry Feat. Mims - I Kissed A Girl (RMX).mp3
/home/sc/mp3/tigerfm9/jingle/LDN_SWEEP_09.MP3
/home/sc/mp3/tigerfm9/music/John Legend feat. Andre 3000 - Greenlight.mp3
/home/sc/mp3/tigerfm9/music/Katy Perry - Hot N Cold.mp3
/home/sc/mp3/tigerfm9/music/The Kaiser Chiefs - Ruby.mp3
/home/sc/mp3/tigerfm9/music/Sam Sparro - 21st Century.mp3
/home/sc/mp3/tigerfm9/jingle/LDN_SWEEP_04.MP3
/home/sc/mp3/tigerfm9/music/The Ting Tings - Shut Up And Let Me Go.mp3
/home/sc/mp3/tigerfm9/music/Lemar - If She Knew.mp3
/home/sc/mp3/tigerfm9/music/Samim - Heater.mp3
/home/sc/mp3/tigerfm9/music/Wiley - Summertime.mp3
/home/sc/mp3/tigerfm9/jingle/LDN_SWEEP_05.MP3
/home/sc/mp3/tigerfm9/music/Sash Ft. Stunt - Raindrops (Encore Une Fois Remix 2008).pk
/home/sc/mp3/tigerfm9/music/Hoosiers - Goodbye Mr A.mp3
/home/sc/mp3/tigerfm9/music/Mcfly - The Heart Never Lies.mp3
/home/sc/mp3/tigerfm9/music/Kylie Minogue - In My Arms.mp3
/home/sc/mp3/tigerfm9/jingle/LDN_SWEEP_10.MP3
/home/sc/mp3/tigerfm9/music/Freemasons - Uninvited.mp3
/home/sc/mp3/tigerfm9/music/Kings of Leon - Use Somebody.mp3
/home/sc/mp3/tigerfm9/music/Gym Class Heroes - Cookie Jar.mp3
/home/sc/mp3/tigerfm9/music/Basshunter & DJ Mental - Now Youre Gone.mp3
/home/sc/mp3/tigerfm9/jingle/LDN_SWEEP_07.MP3
/home/sc/mp3/tigerfm9/music/Katy Perry - I Kissed A Girl.mp3
/home/sc/mp3/tigerfm9/music/The Saturdays - Up (Wideboys Radio Edit).mp3
/home/sc/mp3/tigerfm9/music/Utah Saints - Something Good 08.mp3
/home/sc/mp3/tigerfm9/music/Madonna - 4 Minutes (Ft Justin Timberlake].mp3
/home/sc/mp3/tigerfm9/jingle/LDN_SWEEP_08.MP3
/home/sc/mp3/tigerfm9/music/The Ting Tings - Shut Up And Let Me Go.mp3
/home/sc/mp3/tigerfm9/music/Beyonce - If I Were a Boy.mp3
/home/sc/mp3/tigerfm9/music/The Script - Breakeven.mp3
/home/sc/mp3/tigerfm9/music/Kylie Minogue - The One (Freemasons Mix).mp3
/home/sc/mp3/tigerfm9/jingle/LDN_SWEEP_09.MP3
/home/sc/mp3/tigerfm9/music/Basshunter - All I Ever Wanted.mp3
/home/sc/mp3/tigerfm9/music/Pink - U + Ur Hand.mp3
/home/sc/mp3/tigerfm9/music/T.I. Feat. Rihanna - Live Your Life.mp3
/home/sc/mp3/tigerfm9/music/Duffy - Rain On Your Parade.mp3
/home/sc/mp3/tigerfm9/jingle/LDN_SWEEP_04.MP3
/home/sc/mp3/tigerfm9/music/Razorlight - Wire To Wire.mp3
/home/sc/mp3/tigerfm9/music/Ironik - Stay With Me.mp3
/home/sc/mp3/tigerfm9/music/James Morrison feat Nelly Furtado - Broken Strings.mp3
/home/sc/mp3/tigerfm9/music/The Ting Tings - Thats Not My Name.mp3
/home/sc/mp3/tigerfm9/jingle/LDN_SWEEP_03.MP3
/home/sc/mp3/tigerfm9/music/Jennifer Hudson - Spotlight.mp3
/home/sc/mp3/tigerfm9/music/KanYeWest feat. Dewele - Flashing Lights.mp3
/home/sc/mp3/tigerfm9/music/Samim - Heater.mp3
/home/sc/mp3/tigerfm9/music/Alex Gaudino - Destination Calabria.mp3
/home/sc/mp3/tigerfm9/jingle/LDN_SWEEP_07.MP3
/home/sc/mp3/tigerfm9/music/Lady Gaga ft. Colby O Donis - Just Dance.mp3
/home/sc/mp3/tigerfm9/music/Kid Cudi - Day And Nite.mp3
/home/sc/mp3/tigerfm9/music/Mark Ronson - Valerie (Feat. Amy Winehouse).mp3
/home/sc/mp3/tigerfm9/music/Sabaton - 40 to 1.mp3
/home/sc/mp3/tigerfm9/jingle/LDN_SWEEP_07.MP3
/home/sc/mp3/tigerfm9/music/The Ting Tings - Be The One.mp3
/home/sc/mp3/tigerfm9/music/The Verve - Love Is Noise.mp3
/home/sc/mp3/tigerfm9/music/Ironik - Stay With Me.mp3
/home/sc/mp3/tigerfm9/music/Britney Spears - Radar.mp3
/home/sc/mp3/tigerfm9/jingle/LDN_SWEEP_04.MP3
/home/sc/mp3/tigerfm9/music/David Gueta vs The Egg - Love Don't Let Me Go.mp3
/home/sc/mp3/tigerfm9/music/Collie Buddz - Mamacita.mp3
/home/sc/mp3/tigerfm9/music/AYO - Down On My Knees.mp3
/home/sc/mp3/tigerfm9/music/Basshunter - All I Ever Wanted.mp3
/home/sc/mp3/tigerfm9/jingle/LDN_SWEEP_09.MP3
/home/sc/mp3/tigerfm9/music/Wiley ft. Daniel Merriweather - Cash In My Pocket.mp3
/home/sc/mp3/tigerfm9/music/Kid Rock - All Summer Long.mp3
/home/sc/mp3/tigerfm9/music/John Legend feat. Andre 3000 - Greenlight.mp3
/home/sc/mp3/tigerfm9/music/Digital Dog - Cothes Off.mp3
/home/sc/mp3/tigerfm9/jingle/LDN_SWEEP_06.MP3
/home/sc/mp3/tigerfm9/music/Snow Patrol - Take Back The City.mp3
/home/sc/mp3/tigerfm9/music/Mint Royale - Singin In The Rain.mp3
/home/sc/mp3/tigerfm9/music/Dizzee Rascal - Dance Wiv Me.mp3
/home/sc/mp3/tigerfm9/music/Snow Patrol - Take Back The City.mp3
/home/sc/mp3/tigerfm9/jingle/LDN_SWEEP_02.MP3
/home/sc/mp3/tigerfm9/music/Madonna - 4 Minutes (Ft Justin Timberlake].mp3
/home/sc/mp3/tigerfm9/music/Jay Sean - Ride It.mp3
/home/sc/mp3/tigerfm9/music/Sonny J - Cant Stop Moving.mp3
/home/sc/mp3/tigerfm9/music/Chris Brown ft. T Pain - Kiss Kiss.mp3
/home/sc/mp3/tigerfm9/jingle/LDN_SWEEP_07.MP3
/home/sc/mp3/tigerfm9/music/Gabriella Cilmi - Sweet About Me.mp3
/home/sc/mp3/tigerfm9/music/Chris Brown - Forever.mp3
/home/sc/mp3/tigerfm9/music/Sharleen Spiteri - All The Times I Cried.mp3
/home/sc/mp3/tigerfm9/music/Mia - Paper Planes.mp3
/home/sc/mp3/tigerfm9/jingle/LDN_SWEEP_08.MP3
/home/sc/mp3/tigerfm9/music/Sonny J - Cant Stop Moving.mp3
/home/sc/mp3/tigerfm9/music/Kid Rock - All Summer Long.mp3
/home/sc/mp3/tigerfm9/music/Wiley ft. Daniel Merriweather - Cash In My Pocket.mp3
/home/sc/mp3/tigerfm9/music/Kate Ryan - Ella Elle l'a.mp3
/home/sc/mp3/tigerfm9/jingle/LDN_SWEEP_07.MP3
/home/sc/mp3/tigerfm9/music/Katy Perry Feat. Mims - I Kissed A Girl (RMX).mp3
/home/sc/mp3/tigerfm9/music/Fedde le Grande vs. Ida Corr - Let Me Think About It.mp3
/home/sc/mp3/tigerfm9/music/Katy Perry - I Kissed A Girl.mp3
/home/sc/mp3/tigerfm9/music/Christian Falk ft. Robyn - Dream On.mp3
/home/sc/mp3/tigerfm9/jingle/LDN_SWEEP_06.MP3
/home/sc/mp3/tigerfm9/music/Axwell And Bob Sinclar - What A Wonderful World.mp3
/home/sc/mp3/tigerfm9/music/James Morrison - You Make It Real.mp3
/home/sc/mp3/tigerfm9/music/Guru Josh Project - Infinity 2008.mp3
/home/sc/mp3/tigerfm9/music/Chris Brown ft Jordin Sparks - No Air.mp3
/home/sc/mp3/tigerfm9/jingle/LDN_SWEEP_05.MP3
/home/sc/mp3/tigerfm9/music/Axwell And Bob Sinclar - What A Wonderful World.mp3
/home/sc/mp3/tigerfm9/music/Lady Gaga ft. Colby O Donis - Just Dance.mp3
/home/sc/mp3/tigerfm9/music/Will I Am - One More Chance.mp3
/home/sc/mp3/tigerfm9/music/Gabriella Cilmi - Warm This Winter.mp3
/home/sc/mp3/tigerfm9/jingle/LDN_SWEEP_09.MP3
/home/sc/mp3/tigerfm9/music/Take That - Shine.mp3
/home/sc/mp3/tigerfm9/music/Geraldine - The Winners Song.mp3
/home/sc/mp3/tigerfm9/music/Morandi - Angels.mp3
/home/sc/mp3/tigerfm9/music/Hoosiers - Goodbye Mr A.mp3
/home/sc/mp3/tigerfm9/jingle/LDN_SWEEP_07.MP3
/home/sc/mp3/tigerfm9/music/J Majik And Wickaman - Crazy World.mp3
/home/sc/mp3/tigerfm9/music/Madonna - Give It To Me.mp3
/home/sc/mp3/tigerfm9/music/Alexandra Burke - Hallelujah.mp3
/home/sc/mp3/tigerfm9/music/Usher - Moving Mountains.mp3
/home/sc/mp3/tigerfm9/jingle/LDN_SWEEP_03.MP3
/home/sc/mp3/tigerfm9/music/Britney Spears - Radar.mp3
/home/sc/mp3/tigerfm9/music/The Saturdays - Up (Wideboys Radio Edit).mp3
/home/sc/mp3/tigerfm9/music/The Ting Tings - Be The One.mp3
/home/sc/mp3/tigerfm9/music/Kings of Leon - Use Somebody.mp3
/home/sc/mp3/tigerfm9/jingle/LDN_SWEEP_06.MP3
/home/sc/mp3/tigerfm9/music/Sam Sparro - 21st Century.mp3
/home/sc/mp3/tigerfm9/music/Mint Royale - Singin In The Rain.mp3
/home/sc/mp3/tigerfm9/music/Lloyd feat. Ludacris - How We Do It.mp3
/home/sc/mp3/tigerfm9/music/Eric Pridz - Pjanoo.mp3
/home/sc/mp3/tigerfm9/jingle/LDN_SWEEP_08.MP3
/home/sc/mp3/tigerfm9/music/Akon - Right Now (Na Na Na).mp3
/home/sc/mp3/tigerfm9/music/Akon And  Shaggy - Whats Love.mp3
/home/sc/mp3/tigerfm9/music/Take That - Rule The World.mp3
/home/sc/mp3/tigerfm9/music/The Saturdays - If This Is Love.mp3
/home/sc/mp3/tigerfm9/jingle/LDN_SWEEP_03.MP3
/home/sc/mp3/tigerfm9/music/Mans Zelmerow - Miss America.mp3
/home/sc/mp3/tigerfm9/music/Mika - Grace Kelly.mp3
/home/sc/mp3/tigerfm9/music/Kanye West - Love Lockdown.mp3
/home/sc/mp3/tigerfm9/music/Basshunter - Angel In The Night.mp3
/home/sc/mp3/tigerfm9/jingle/LDN_SWEEP_05.MP3
/home/sc/mp3/tigerfm9/music/James Morrison - You Make It Real.mp3
/home/sc/mp3/tigerfm9/music/Madonna - 4 Minutes (Ft Justin Timberlake].mp3
/home/sc/mp3/tigerfm9/music/Ultrabeat vs Darren Styles - Discolights.mp3
/home/sc/mp3/tigerfm9/music/Kylie Minogue - In My Arms.mp3
/home/sc/mp3/tigerfm9/jingle/LDN_SWEEP_04.MP3
/home/sc/mp3/tigerfm9/music/Pussycat Dolls - When I Grow Up.mp3
/home/sc/mp3/tigerfm9/music/Digital Dog - Cothes Off.mp3
/home/sc/mp3/tigerfm9/music/Teddybears - Cobrastyle.mp3
/home/sc/mp3/tigerfm9/music/Will.I.Am - Heartbreaker.mp3
/home/sc/mp3/tigerfm9/jingle/LDN_SWEEP_04.MP3
/home/sc/mp3/tigerfm9/music/Pussycat Dolls - When I Grow Up.mp3
/home/sc/mp3/tigerfm9/music/September - Cry For You.mp3
/home/sc/mp3/tigerfm9/music/Gym Class Heroes - Cookie Jar.mp3
/home/sc/mp3/tigerfm9/music/Rihanna - Disturbia.mp3
/home/sc/mp3/tigerfm9/jingle/LDN_SWEEP_06.MP3
/home/sc/mp3/tigerfm9/music/Christian Falk ft. Robyn - Dream On.mp3
/home/sc/mp3/tigerfm9/music/Axwell And Bob Sinclar - What A Wonderful World.mp3
/home/sc/mp3/tigerfm9/music/Eric Pridz - Pjanoo.mp3
/home/sc/mp3/tigerfm9/music/Kanye West - Love Lockdown.mp3
/home/sc/mp3/tigerfm9/jingle/LDN_SWEEP_10.MP3
/home/sc/mp3/tigerfm9/music/Digital Dog - Cothes Off.mp3
/home/sc/mp3/tigerfm9/music/Lemar - If She Knew.mp3
/home/sc/mp3/tigerfm9/music/Sonny J - Cant Stop Moving.mp3
/home/sc/mp3/tigerfm9/music/Akon And  Shaggy - Whats Love.mp3
/home/sc/mp3/tigerfm9/jingle/LDN_SWEEP_09.MP3
/home/sc/mp3/tigerfm9/music/Lloyd feat. Ludacris - How We Do It.mp3
/home/sc/mp3/tigerfm9/music/Janet - Feedback.mp3
/home/sc/mp3/tigerfm9/music/Taio Cruz - I Can Be (Remix Feat Estelle).mp3
/home/sc/mp3/tigerfm9/music/Sugababes - About You Now.mp3
/home/sc/mp3/tigerfm9/jingle/LDN_SWEEP_05.MP3
/home/sc/mp3/tigerfm9/music/Britney Spears - Womanizer.mp3
/home/sc/mp3/tigerfm9/music/The Saturdays - If This Is Love.mp3
/home/sc/mp3/tigerfm9/music/Maroon 5 And Rihanna - If I Never See Your Face Again.mp3
/home/sc/mp3/tigerfm9/music/J Majik And Wickaman - Crazy World.mp3
/home/sc/mp3/tigerfm9/jingle/LDN_SWEEP_07.MP3
/home/sc/mp3/tigerfm9/music/James Morrison - You Make It Real.mp3
