/home/sc/mp3/tigerfm8/jingle/LDN_ID_08_M.MP3
/home/sc/mp3/tigerfm8/music/James_Brown_-_Im_a_Soul_Man.mp3
/home/sc/mp3/tigerfm8/music/Bruce_Springsteen_-_Born_To_Run.mp3
/home/sc/mp3/tigerfm8/music/James_Taylor_-_Sweet_Baby_James.mp3
/home/sc/mp3/tigerfm8/music/Bryan_Adams_-_Please_Forgive_Me.mp3
/home/sc/mp3/tigerfm8/jingle/LDN_ID_05_M.MP3
/home/sc/mp3/tigerfm8/music/Rammstein_&_Depeche_Mode_-_Stripped.mp3
/home/sc/mp3/tigerfm8/music/Limp_Bizkit_-_My_Generation.mp3
/home/sc/mp3/tigerfm8/music/The_Byrds_-_Mr_Tambourine_Man.mp3
/home/sc/mp3/tigerfm8/music/BB_King_And_Tracy_Chapman_-_The_Thrill_Is_Gone.mp3
/home/sc/mp3/tigerfm8/jingle/LDN_SWEEP_05.MP3
/home/sc/mp3/tigerfm8/music/Emerson_Lake_And_Palmer_-_Lucky_Man.mp3
/home/sc/mp3/tigerfm8/music/The_Beatles_-_Revolution.mp3
/home/sc/mp3/tigerfm8/music/Soundgarden_-_Rusty_Cage.mp3
/home/sc/mp3/tigerfm8/music/Nirvana_-_Polly.mp3
/home/sc/mp3/tigerfm8/jingle/LDN_SWEEP_03.MP3
/home/sc/mp3/tigerfm8/music/Massive_Attack_-_Teardrop.mp3
/home/sc/mp3/tigerfm8/music/Frankie_Lymon_And_The_Teenagers_-_Why_Do_Fools_Fall_In_Love.mp3
/home/sc/mp3/tigerfm8/music/Michael_Jackson_-_Thriller.mp3
/home/sc/mp3/tigerfm8/music/Elton_John_-_Candle_In_The_Wind.mp3
/home/sc/mp3/tigerfm8/jingle/LDN_SWEEP_04.MP3
/home/sc/mp3/tigerfm8/music/The_Rolling_Stones_-_Under_My_Thumb.mp3
/home/sc/mp3/tigerfm8/music/David_Bowie_-_Space_Oddity.mp3
/home/sc/mp3/tigerfm8/music/The_Doors_-_Love_Street.mp3
/home/sc/mp3/tigerfm8/music/Guano_Apes_-_Big_In_Japan.mp3
/home/sc/mp3/tigerfm8/jingle/LDN_SWEEP_02.MP3
/home/sc/mp3/tigerfm8/music/Guns_N_Roses_-_Paradise_City.mp3
/home/sc/mp3/tigerfm8/music/Black_-_Wonderfull_Life.mp3
/home/sc/mp3/tigerfm8/music/Red_Hot_Chilli_Peppers_-_By_The_Way.mp3
/home/sc/mp3/tigerfm8/music/The_Beatles_-_She_Loves_You.mp3
/home/sc/mp3/tigerfm8/jingle/LDN_SWEEP_03.MP3
/home/sc/mp3/tigerfm8/music/Jethro_Tull_-_Aqualung.mp3
/home/sc/mp3/tigerfm8/music/Pink_Floyd_-_Have_A_Cigar.mp3
/home/sc/mp3/tigerfm8/music/The_Doors_-_Five_To_One.mp3
/home/sc/mp3/tigerfm8/music/Ray_Charles_-_Georgia_On_My_Mind.mp3
/home/sc/mp3/tigerfm8/jingle/LDN_ID_02_W.MP3
/home/sc/mp3/tigerfm8/music/John_Denver_-_Take_Me_Home_Country_Roads.mp3
/home/sc/mp3/tigerfm8/music/Pink_Floyd_-_Have_A_Cigar.mp3
/home/sc/mp3/tigerfm8/music/Falco_-_Out_Of_The_Dark.mp3
/home/sc/mp3/tigerfm8/music/Survivor-_Eye_of_the_Tiger.mp3
/home/sc/mp3/tigerfm8/jingle/LDN_ID_09_M.MP3
/home/sc/mp3/tigerfm8/music/Paul_Simon_and_Art_Garfunkel_-_Mrs_Robinson.mp3
/home/sc/mp3/tigerfm8/music/Allman_Brothers_Band_-_Whipping_Post.mp3
/home/sc/mp3/tigerfm8/music/Queen_-_Bohemian_Rhapsody.mp3
/home/sc/mp3/tigerfm8/music/Bachman-Turner_Overdrive_-_Takin_Care_Of_Business.mp3
/home/sc/mp3/tigerfm8/jingle/LDN_ID_01_M.MP3
/home/sc/mp3/tigerfm8/music/Marvin_Gaye_-_I_Heard_It_Through_The_Grapevine.mp3
/home/sc/mp3/tigerfm8/music/Cheap_Trick_-_I_Want_You_To_Want_Me.mp3
/home/sc/mp3/tigerfm8/music/Sam_Cook_-_A_Change_Is_Gonna_Come.mp3
/home/sc/mp3/tigerfm8/music/David_Bowie_-_Fame.mp3
/home/sc/mp3/tigerfm8/jingle/LDN_ID_09_M.MP3
/home/sc/mp3/tigerfm8/music/Neil_Young_-_Heart_of_Gold.mp3
/home/sc/mp3/tigerfm8/music/Elton_John_-_Bennie_and_the_Jets.mp3
/home/sc/mp3/tigerfm8/music/Allman_Brothers_-_Jessica.mp3
/home/sc/mp3/tigerfm8/music/Tina_Turner_-_Golden_Eye.mp3
/home/sc/mp3/tigerfm8/jingle/LDN_ID_05_M.MP3
/home/sc/mp3/tigerfm8/music/Boston_-_Rock_And_Roll_Band.mp3
/home/sc/mp3/tigerfm8/music/System_of_a_Down_-_Chic_N_Stu.mp3
/home/sc/mp3/tigerfm8/music/Ray_Charles_-_Hit_The_Road_Jack.mp3
/home/sc/mp3/tigerfm8/music/Led_Zeppellin_-_Good_Times_Bad_Times.mp3
/home/sc/mp3/tigerfm8/jingle/LDN_SWEEP_06.MP3
/home/sc/mp3/tigerfm8/music/Freddie_Mercury_And_Monserrat_Caballe_-_Barcelona.mp3
/home/sc/mp3/tigerfm8/music/U2_-_Pride).mp3
/home/sc/mp3/tigerfm8/music/Edgar_Winters_Group_-_Frankenstein.mp3
/home/sc/mp3/tigerfm8/music/Liquid_Tension_Experiment_-_When_The_Water_Breaks.mp3
/home/sc/mp3/tigerfm8/jingle/LDN_ID_02_W.MP3
/home/sc/mp3/tigerfm8/music/Massive_Attack_-_Angel.mp3
/home/sc/mp3/tigerfm8/music/Michael_Jackson_-_Thriller.mp3
/home/sc/mp3/tigerfm8/music/Seal_-_Its_A_Mans_Mans_Mans_World.mp3
/home/sc/mp3/tigerfm8/music/Red_Hot_Chilli_Peppers_-_By_The_Way.mp3
/home/sc/mp3/tigerfm8/jingle/LDN_SWEEP_05.MP3
/home/sc/mp3/tigerfm8/music/Dire_Straits_-_Money_For_Nothing.mp3
/home/sc/mp3/tigerfm8/music/TRex_-_Bang_A_Gong_Get_It_On.mp3
/home/sc/mp3/tigerfm8/music/Led_Zeppelin_-_Fool_In_The_Rain.mp3
/home/sc/mp3/tigerfm8/music/David_Bowie_-_Fame.mp3
/home/sc/mp3/tigerfm8/jingle/LDN_SWEEP_10.MP3
/home/sc/mp3/tigerfm8/music/Howard_Shore_-_Requiem.mp3
/home/sc/mp3/tigerfm8/music/The_Doors_-_The_Soft_Parade.mp3
/home/sc/mp3/tigerfm8/music/System_Of_A_Down_-_Aerials.mp3
/home/sc/mp3/tigerfm8/music/Tina_Turner_-_Golden_Eye.mp3
/home/sc/mp3/tigerfm8/jingle/LDN_ID_01_M.MP3
/home/sc/mp3/tigerfm8/music/The_Rolling_Stones_-_Under_My_Thumb.mp3
/home/sc/mp3/tigerfm8/music/Ray_Charles_-_Whatd_I_Say.mp3
/home/sc/mp3/tigerfm8/music/Bjork_-_All_Is_Full_Of_Love.mp3
/home/sc/mp3/tigerfm8/music/Lou_Reed_-_Walk_On_The_Wild_Side.mp3
/home/sc/mp3/tigerfm8/jingle/LDN_ID_08_M.MP3
/home/sc/mp3/tigerfm8/music/Eric_Clapton_-_Cocaine.mp3
/home/sc/mp3/tigerfm8/music/Vaya_Con_Dios_-_Whats_A_Woman.mp3
/home/sc/mp3/tigerfm8/music/Oasis_-_Wonderwall.mp3
/home/sc/mp3/tigerfm8/music/Scorpions_-_Send_Me_An_Angel.mp3
/home/sc/mp3/tigerfm8/jingle/LDN_SWEEP_04.MP3
/home/sc/mp3/tigerfm8/music/Simon_And_Garfunkel_-_Bridge_Over_Troubled_Water.mp3
/home/sc/mp3/tigerfm8/music/Kiss_-_Rock_And_Roll_All_Night.mp3
/home/sc/mp3/tigerfm8/music/Rammstein_&_Depeche_Mode_-_Stripped.mp3
/home/sc/mp3/tigerfm8/music/Led_Zeppelin_-_Kashmir.mp3
/home/sc/mp3/tigerfm8/jingle/LDN_ID_01_W.MP3
/home/sc/mp3/tigerfm8/music/Led_Zeppelin_-_All_Of_My_Love.mp3
/home/sc/mp3/tigerfm8/music/James_Brown_-_Im_a_Soul_Man.mp3
/home/sc/mp3/tigerfm8/music/Depeche_Mode_-_People_Are_People.mp3
/home/sc/mp3/tigerfm8/music/POD_-_Youth_Of_The_Nation.mp3
/home/sc/mp3/tigerfm8/jingle/LDN_SWEEP_07.MP3
/home/sc/mp3/tigerfm8/music/Metallica_-_The_Day_That_Never_Comes.mp3
/home/sc/mp3/tigerfm8/music/Wilson_Pickett_-_In_The_Midnight_Hour.mp3
/home/sc/mp3/tigerfm8/music/Bachman-Turner_Overdrive_-_Takin_Care_Of_Business.mp3
/home/sc/mp3/tigerfm8/music/Linkin_Park_-_Paper_Cut.mp3
/home/sc/mp3/tigerfm8/jingle/LDN_ID_02_M.MP3
/home/sc/mp3/tigerfm8/music/Simon_And_Garfunkel_-_The_Boxer.mp3
/home/sc/mp3/tigerfm8/music/Depeche_Mode_-_Freelove.mp3
/home/sc/mp3/tigerfm8/music/Elton_John_-_Daniel.mp3
/home/sc/mp3/tigerfm8/music/Rolling_Stones_-_Sympathy_For_The_Devil.mp3
/home/sc/mp3/tigerfm8/jingle/LDN_SWEEP_02.MP3
/home/sc/mp3/tigerfm8/music/H_Blockx_-_Risin_High.mp3
/home/sc/mp3/tigerfm8/music/Creedence_Clearwater_Revival_-_Down_On_The_Corner.mp3
/home/sc/mp3/tigerfm8/music/Alanis_Morissette_-_Ironic.mp3
/home/sc/mp3/tigerfm8/music/Edgar_Winters_Group_-_Frankenstein.mp3
/home/sc/mp3/tigerfm8/jingle/LDN_ID_06_M.MP3
/home/sc/mp3/tigerfm8/music/Bon_Jovi_-_Wanted_Dead_Or_Alive.mp3
/home/sc/mp3/tigerfm8/music/Steppenwolf_-_Magic_Carpet_Ride.mp3
/home/sc/mp3/tigerfm8/music/The_Kingsmen_-_Louie,_Louie.mp3
/home/sc/mp3/tigerfm8/music/Buddy_Holly_-_Peggy_Sue.mp3
/home/sc/mp3/tigerfm8/jingle/LDN_SWEEP_07.MP3
/home/sc/mp3/tigerfm8/music/Norman_Greenbaum_-_Spirit_In_The_Sky.mp3
/home/sc/mp3/tigerfm8/music/The_Doors_-_People_Are_Strange.mp3
/home/sc/mp3/tigerfm8/music/Led_Zeppelin_-_Dyer_Maker.mp3
/home/sc/mp3/tigerfm8/music/Creedence_Clearwater_Revival_-_Down_On_The_Corner.mp3
/home/sc/mp3/tigerfm8/jingle/LDN_SWEEP_02.MP3
/home/sc/mp3/tigerfm8/music/Lynyrd_Skynyrd_-_Freebird.mp3
/home/sc/mp3/tigerfm8/music/The_Doors_-_Love_Me_Two_Times.mp3
/home/sc/mp3/tigerfm8/music/Simon_and_Garfunkel_-_The_Sound_of_Silence.mp3
/home/sc/mp3/tigerfm8/music/Deep_Purple_-_Sometimes_I_Feel_Like_Screaming.mp3
/home/sc/mp3/tigerfm8/jingle/LDN_ID_07_M.MP3
/home/sc/mp3/tigerfm8/music/Eagles_-_One_Of_These_Nights.mp3
/home/sc/mp3/tigerfm8/music/Bjork_-_Violently_Happy.mp3
/home/sc/mp3/tigerfm8/music/Derek_and_the_Dominos_-_Layla.mp3
/home/sc/mp3/tigerfm8/music/Alanis_Morissette_-_You_Oughta_Know.mp3
/home/sc/mp3/tigerfm8/jingle/LDN_SWEEP_05.MP3
/home/sc/mp3/tigerfm8/music/David_Bowie_-_Changes.mp3
/home/sc/mp3/tigerfm8/music/Liquid_Tension_Experiment_-_Paradigm_Shift.mp3
/home/sc/mp3/tigerfm8/music/Brenda_Lee_-_Im_Sorry.mp3
/home/sc/mp3/tigerfm8/music/The_Rolling_Stones_-_Honky_Tonk_Women.mp3
/home/sc/mp3/tigerfm8/jingle/LDN_ID_02_M.MP3
/home/sc/mp3/tigerfm8/music/Simple_Minds_-_Mandela_Day.mp3
/home/sc/mp3/tigerfm8/music/Jimi_Hendrix_-_All_Along_The_Watchtower.mp3
/home/sc/mp3/tigerfm8/music/Chuck_Berry_-_Maybellene.mp3
/home/sc/mp3/tigerfm8/music/Scorpions_-_Wind_Of_Change.mp3
/home/sc/mp3/tigerfm8/jingle/LDN_ID_02_M.MP3
/home/sc/mp3/tigerfm8/music/The_Beatles_-_Lucy_In_The_Sky_With_Diamonds.mp3
/home/sc/mp3/tigerfm8/music/Guns_N_Roses_-_Sweet_Home_Alabama.mp3
/home/sc/mp3/tigerfm8/music/Metallica_-_The_Unforgiven_II.mp3
/home/sc/mp3/tigerfm8/music/Metallica_-_One.mp3
/home/sc/mp3/tigerfm8/jingle/LDN_ID_01_M.MP3
/home/sc/mp3/tigerfm8/music/The_Beatles_-_I_Want_To_Hold_Your_Hand.mp3
/home/sc/mp3/tigerfm8/music/Michael_Jackson_-_Wanna_Be_Startin_Somethin.mp3
/home/sc/mp3/tigerfm8/music/Rammstein_-_Wo_Bist_Du.mp3
/home/sc/mp3/tigerfm8/music/Depeche_Mode_-_I_Feel_You.mp3
/home/sc/mp3/tigerfm8/jingle/LDN_ID_09_M.MP3
/home/sc/mp3/tigerfm8/music/The_Doors_-_Whiskey_Mistics_And_Man.mp3
/home/sc/mp3/tigerfm8/music/Jefferson_Airplane_-_White_Rabbit.mp3
/home/sc/mp3/tigerfm8/music/Buddy_Holly_-_Peggy_Sue.mp3
/home/sc/mp3/tigerfm8/music/Soundgarden_-_Burden_In_My_Hand.mp3
/home/sc/mp3/tigerfm8/jingle/LDN_ID_07_M.MP3
/home/sc/mp3/tigerfm8/music/The_Beatles_-_Twist_And_Shout.mp3
/home/sc/mp3/tigerfm8/music/Jackson_Browne_-_Running_On_Empty.mp3
/home/sc/mp3/tigerfm8/music/Crosby_Stills_Nash_And_Young_-_Teach_Your_Children.mp3
/home/sc/mp3/tigerfm8/music/Michael_Jackson_-_Thriller.mp3
/home/sc/mp3/tigerfm8/jingle/LDN_ID_08_M.MP3
/home/sc/mp3/tigerfm8/music/Brian_May_-_Too_Much_Love_Kill_You.mp3
/home/sc/mp3/tigerfm8/music/The_Cars_-_Just_What_I_Needed.mp3
/home/sc/mp3/tigerfm8/music/Led_Zeppelin_-_Black_Dog.mp3
/home/sc/mp3/tigerfm8/music/The_Police_-_Message_In_A_Bottle.mp3
/home/sc/mp3/tigerfm8/jingle/LDN_ID_07_M.MP3
/home/sc/mp3/tigerfm8/music/Elvis_Presley_-_In_The_Ghetto.mp3
/home/sc/mp3/tigerfm8/music/Queen_-_Another_One_Bites_The_Dust.mp3
/home/sc/mp3/tigerfm8/music/The_Doors_-_Strange_Days.mp3
/home/sc/mp3/tigerfm8/music/Bloodhound_Gang_-_The_Ballad_of_Chasey_Lain.mp3
/home/sc/mp3/tigerfm8/jingle/LDN_SWEEP_10.MP3
/home/sc/mp3/tigerfm8/music/Guano_Apes_-_Big_In_Japan.mp3
/home/sc/mp3/tigerfm8/music/The_Doors_-_Cars_Hiss_By_My_Window.mp3
/home/sc/mp3/tigerfm8/music/Doobie_Brothers_-_China_Grove.mp3
/home/sc/mp3/tigerfm8/music/Boston_-_More_Than_A_Feeling.mp3
/home/sc/mp3/tigerfm8/jingle/LDN_ID_03_M.MP3
/home/sc/mp3/tigerfm8/music/Falco_-_Jeanny.mp3
/home/sc/mp3/tigerfm8/music/System_of_a_Down_-_Sugar.mp3
/home/sc/mp3/tigerfm8/music/The_Who_-_Wont_Get_Fooled_Again.mp3
/home/sc/mp3/tigerfm8/music/Creedence_Clearwater_Revival_-_Proud_Mary.mp3
/home/sc/mp3/tigerfm8/jingle/LDN_ID_07_M.MP3
/home/sc/mp3/tigerfm8/music/Jimi_Hendrix_-_Fire.mp3
/home/sc/mp3/tigerfm8/music/Bobby_Darin_-_Mack_The_Knife.mp3
/home/sc/mp3/tigerfm8/music/The_Hollies_-_Long_Cool_Woman_In_A_Black_Dress.mp3
/home/sc/mp3/tigerfm8/music/Deep_Purple_-_Sometimes_I_Feel_Like_Screaming.mp3
/home/sc/mp3/tigerfm8/jingle/LDN_SWEEP_03.MP3
/home/sc/mp3/tigerfm8/music/Him_-_Wicked_Games.mp3
/home/sc/mp3/tigerfm8/music/Red_Hot_Chilli_Peppers_-_By_The_Way.mp3
/home/sc/mp3/tigerfm8/music/Metallica_-_The_Unforgiven_II.mp3
/home/sc/mp3/tigerfm8/music/Chuck_Berry_-_Johnny_B._Goode.mp3
/home/sc/mp3/tigerfm8/jingle/LDN_ID_09_M.MP3
/home/sc/mp3/tigerfm8/music/Grand_Funk_Railroad_-_Were_An_American_Band.mp3
/home/sc/mp3/tigerfm8/music/The_Cranberries_-_Just_My_Imagination.mp3
/home/sc/mp3/tigerfm8/music/Fleetwood_Mac_-_Gold_Dust_Woman.mp3
/home/sc/mp3/tigerfm8/music/Guns_N_Roses_-_Dont_Cry.mp3
/home/sc/mp3/tigerfm8/jingle/LDN_SWEEP_10.MP3
/home/sc/mp3/tigerfm8/music/Cream_-_White_Room.mp3
/home/sc/mp3/tigerfm8/music/Rammstein_&_Depeche_Mode_-_Stripped.mp3
/home/sc/mp3/tigerfm8/music/Gregorian_-_Voyage_voyage.mp3
/home/sc/mp3/tigerfm8/music/Led_Zeppelin_-_Black_Dog.mp3
/home/sc/mp3/tigerfm8/jingle/LDN_ID_06_M.MP3
/home/sc/mp3/tigerfm8/music/Michael_Jackson_-_You_Are_Not_Alone.mp3
/home/sc/mp3/tigerfm8/music/Neil_Young_-_Southern_Man.mp3
/home/sc/mp3/tigerfm8/music/Wheatus_-_Tennage_Dirtbag.mp3
/home/sc/mp3/tigerfm8/music/Soundgarden_-_Black_Hole_Sun.mp3
/home/sc/mp3/tigerfm8/jingle/LDN_SWEEP_02.MP3
/home/sc/mp3/tigerfm8/music/The_Doors_-_Love_Me_Two_Times.mp3
/home/sc/mp3/tigerfm8/music/Beach_Boys_-_In_My_Room.mp3
/home/sc/mp3/tigerfm8/music/Steve_Miller_Band_-_Fly_Like_An_Eagle.mp3
/home/sc/mp3/tigerfm8/music/Rush_-_Tom_Sawyer.mp3
/home/sc/mp3/tigerfm8/jingle/LDN_SWEEP_03.MP3
/home/sc/mp3/tigerfm8/music/Dion_And_Belmonts_-_Runaround_Sue.mp3
/home/sc/mp3/tigerfm8/music/Guano_Apes_-_Living_in_a_Lie.mp3
/home/sc/mp3/tigerfm8/music/Eric_Clapton_-_Cocaine.mp3
/home/sc/mp3/tigerfm8/music/James_Brown_-_Living_In_America.mp3
/home/sc/mp3/tigerfm8/jingle/LDN_ID_01_M.MP3
/home/sc/mp3/tigerfm8/music/Dobbie_Brothers_-_Listen_To_The_Music.mp3
/home/sc/mp3/tigerfm8/music/Linkin_Park_-_Carousel.mp3
/home/sc/mp3/tigerfm8/music/Metallica_-_Metalica_Until_It_Sleeps.mp3
/home/sc/mp3/tigerfm8/music/Liquid_Tension_Experiment_-_914.mp3
/home/sc/mp3/tigerfm8/jingle/LDN_SWEEP_01.MP3
/home/sc/mp3/tigerfm8/music/Emerson_Lake_And_Palmer_-_Lucky_Man.mp3
/home/sc/mp3/tigerfm8/music/The_Rolling_Stones-_Miss_You.mp3
/home/sc/mp3/tigerfm8/music/Metallica_-_The_Unforgiven.mp3
/home/sc/mp3/tigerfm8/music/Queen_-_Dont_Stop_Me_Now.mp3
/home/sc/mp3/tigerfm8/jingle/LDN_SWEEP_08.MP3
/home/sc/mp3/tigerfm8/music/ZZ_Top_-_Cheap_Sunglasses.mp3
/home/sc/mp3/tigerfm8/music/Steve_Miller_Band_-_Jet_Airliner.mp3
/home/sc/mp3/tigerfm8/music/Steely_Dan_-_Reeling_In_The_Years.mp3
/home/sc/mp3/tigerfm8/music/Jonny_Cash_-_Ring_of_Fire.mp3
/home/sc/mp3/tigerfm8/jingle/LDN_ID_01_M.MP3
/home/sc/mp3/tigerfm8/music/Edgar_Winters_Group_-_Frankenstein.mp3
/home/sc/mp3/tigerfm8/music/The_Beatles_-_Get_Back.mp3
/home/sc/mp3/tigerfm8/music/System_Of_A_Down_-_Toxicity.mp3
/home/sc/mp3/tigerfm8/music/ZZ_Top_-_Gimme_All_Your_Lovin.mp3
/home/sc/mp3/tigerfm8/jingle/LDN_SWEEP_07.MP3
/home/sc/mp3/tigerfm8/music/Massive_Attack_-_Angel.mp3
/home/sc/mp3/tigerfm8/music/Bjork_-_All_Is_Full_Of_Love.mp3
/home/sc/mp3/tigerfm8/music/The_Kinks_-_You_Really_Got_Me.mp3
/home/sc/mp3/tigerfm8/music/Phil_Collins_-_In_The_Air_Tonight.mp3
/home/sc/mp3/tigerfm8/jingle/LDN_ID_09_M.MP3
/home/sc/mp3/tigerfm8/music/Van_Morrison_-_Moondance.mp3
/home/sc/mp3/tigerfm8/music/The_Shirelles_-_Will_You_Still_Love_Me_Tomorrow.mp3
/home/sc/mp3/tigerfm8/music/Elvis_Presley_-_Dont_Be_Cruel.mp3
/home/sc/mp3/tigerfm8/music/Led_Zeppelin_-_Misty_Mountain_Hop.mp3
/home/sc/mp3/tigerfm8/jingle/LDN_SWEEP_07.MP3
/home/sc/mp3/tigerfm8/music/Buddy_Holly_-_Peggy_Sue.mp3
/home/sc/mp3/tigerfm8/music/Led_Zeppelin_-_Fool_In_The_Rain.mp3
/home/sc/mp3/tigerfm8/music/Elvis_Presley_-_All_Shook_Up.mp3
/home/sc/mp3/tigerfm8/music/Boston_-_Rock_And_Roll_Band.mp3
/home/sc/mp3/tigerfm8/jingle/LDN_SWEEP_07.MP3
/home/sc/mp3/tigerfm8/music/Eagles_-_Hotel_California.mp3
/home/sc/mp3/tigerfm8/music/The_Doors_-_Touch_me.mp3
/home/sc/mp3/tigerfm8/music/Elvis_Presley_-_Hound_Dog.mp3
/home/sc/mp3/tigerfm8/music/Led_Zeppelin_-_Misty_Mountain_Hop.mp3
/home/sc/mp3/tigerfm8/jingle/LDN_SWEEP_08.MP3
/home/sc/mp3/tigerfm8/music/Elvis_Presley_-_In_The_Ghetto.mp3
/home/sc/mp3/tigerfm8/music/Led_Zeppelin_-_Immigrant_Song.mp3
/home/sc/mp3/tigerfm8/music/Iron_Maiden_-_Prowler.mp3
/home/sc/mp3/tigerfm8/music/Babylon_Zoo_-_Spaceman.mp3
/home/sc/mp3/tigerfm8/jingle/LDN_ID_03_M.MP3
/home/sc/mp3/tigerfm8/music/Bruce_Dickinson_And_Marillion_-_With_a_Little_Help_From_My_Friends.mp3
/home/sc/mp3/tigerfm8/music/The_Rolling_Stones_-_Tumbling_Dice.mp3
/home/sc/mp3/tigerfm8/music/U2_-_Beautiful_Day.mp3
/home/sc/mp3/tigerfm8/music/Iron_Maiden_-_The_Fallen_Angel.mp3
/home/sc/mp3/tigerfm8/jingle/LDN_SWEEP_08.MP3
/home/sc/mp3/tigerfm8/music/Abc-The_Look_Of_Love.mp3
/home/sc/mp3/tigerfm8/music/Bill_Haley_and_his_Comets_-_Rock_Around_the_Clock.mp3
/home/sc/mp3/tigerfm8/music/Iron_Maiden_-_The_Mercenary.mp3
/home/sc/mp3/tigerfm8/music/Manfred_Manns_Earth_Band_-_Blinded_By_The_Light.mp3
/home/sc/mp3/tigerfm8/jingle/LDN_SWEEP_01.MP3
/home/sc/mp3/tigerfm8/music/Mamas_And_Papas_-_California_Dreaming.mp3
/home/sc/mp3/tigerfm8/music/The_Who_-_I_Can_See_For_Miles.mp3
/home/sc/mp3/tigerfm8/music/Metallica_-_The_Unforgiven.mp3
/home/sc/mp3/tigerfm8/music/The_Beatles_-_Revolution.mp3
/home/sc/mp3/tigerfm8/jingle/LDN_SWEEP_10.MP3
/home/sc/mp3/tigerfm8/music/Led_Zeppelin_-_Rock_and_Roll.mp3
/home/sc/mp3/tigerfm8/music/Wheatus_-_Tennage_Dirtbag.mp3
/home/sc/mp3/tigerfm8/music/Edgar_Winters_Group_-_Frankenstein.mp3
/home/sc/mp3/tigerfm8/music/Rage_Against_The_Machine_-_Bulls_On_Parade.mp3
/home/sc/mp3/tigerfm8/jingle/LDN_SWEEP_01.MP3
/home/sc/mp3/tigerfm8/music/Van_Halen_-_You_Really_Got_Me.mp3
/home/sc/mp3/tigerfm8/music/Buddy_Holly_-_Peggy_Sue.mp3
/home/sc/mp3/tigerfm8/music/Johnny_Horton_-_The_Battle_of_New_Orleans.mp3
/home/sc/mp3/tigerfm8/music/Smashing_Pumpkins_-_Never_Let_Me_Down_Again.mp3
/home/sc/mp3/tigerfm8/jingle/LDN_SWEEP_07.MP3
/home/sc/mp3/tigerfm8/music/U2_-_Where_The_Streets_Have_No_Name.mp3
/home/sc/mp3/tigerfm8/music/The_Rolling_Stones_-_Shattered.mp3
/home/sc/mp3/tigerfm8/music/Queen_-_These_Are_The_Days_Of_Our_Lives.mp3
/home/sc/mp3/tigerfm8/music/Type_O_Negative_-_Love_You_to_Death.mp3
/home/sc/mp3/tigerfm8/jingle/LDN_ID_01_M.MP3
/home/sc/mp3/tigerfm8/music/The_Rolling_Stones_-_Shattered.mp3
/home/sc/mp3/tigerfm8/music/U2-Green_Day_-_The_Saints_Are_Coming.mp3
/home/sc/mp3/tigerfm8/music/Scorpions_-_Still_Loving_You.mp3
/home/sc/mp3/tigerfm8/music/Queen_-_Breakthru.mp3
/home/sc/mp3/tigerfm8/jingle/LDN_ID_01_M.MP3
/home/sc/mp3/tigerfm8/music/The_Doors_-_Whiskey_Mistics_And_Man.mp3
/home/sc/mp3/tigerfm8/music/Queen_-_I_Was_Born_To_Love_You.mp3
/home/sc/mp3/tigerfm8/music/Metallica_-_Seek_and_Destroy.mp3
/home/sc/mp3/tigerfm8/music/The_Rolling_Stones_-_Gimme_Shelter.mp3
/home/sc/mp3/tigerfm8/jingle/LDN_ID_05_M.MP3
/home/sc/mp3/tigerfm8/music/U2_-_Discoteque.mp3
/home/sc/mp3/tigerfm8/music/Eagles_-_Take_It_To_The_Limit.mp3
/home/sc/mp3/tigerfm8/music/Dream_Theater_-_Smoke_On_The_Water.mp3
/home/sc/mp3/tigerfm8/music/Elton_John_-_Candle_In_The_Wind.mp3
/home/sc/mp3/tigerfm8/jingle/LDN_ID_07_M.MP3
/home/sc/mp3/tigerfm8/music/Metallica_-_Metalica_Until_It_Sleeps.mp3
/home/sc/mp3/tigerfm8/music/Rolling_Stones_-_Street_Fighting_Man.mp3
/home/sc/mp3/tigerfm8/music/Creedence_Clearwater_Revival_-_I_Heard_It_Through_The_Grapevine.mp3
/home/sc/mp3/tigerfm8/music/Scorpions_-_Send_Me_An_Angel.mp3
/home/sc/mp3/tigerfm8/jingle/LDN_ID_04_M.MP3
/home/sc/mp3/tigerfm8/music/Van_Morrison_And_John_Lee_Hooker_-_Gloria.mp3
/home/sc/mp3/tigerfm8/music/James_Taylor_-_Youve_Got_A_Friend.mp3
/home/sc/mp3/tigerfm8/music/Bob_Dylan_-_Tangled_Up_In_Blue.mp3
/home/sc/mp3/tigerfm8/music/Iron_Maiden_-_The_Trooper.mp3
/home/sc/mp3/tigerfm8/jingle/LDN_SWEEP_02.MP3
/home/sc/mp3/tigerfm8/music/The_Who_-_Bargain.mp3
/home/sc/mp3/tigerfm8/music/The_Who_-_Who_Are_You.mp3
/home/sc/mp3/tigerfm8/music/The_Beatles_-_Hey_Jude.mp3
/home/sc/mp3/tigerfm8/music/Allman_Brothers_Band_-_Whipping_Post.mp3
/home/sc/mp3/tigerfm8/jingle/LDN_SWEEP_07.MP3
/home/sc/mp3/tigerfm8/music/System_of_a_Down_-_Chic_N_Stu.mp3
/home/sc/mp3/tigerfm8/music/Eric_Clapton_-_Layla_(Unplugged).mp3
/home/sc/mp3/tigerfm8/music/Queen_-_Ride_The_Wild_Wind.mp3
/home/sc/mp3/tigerfm8/music/Aerosmith_-_Sweet_Emotion.mp3
/home/sc/mp3/tigerfm8/jingle/LDN_SWEEP_09.MP3
/home/sc/mp3/tigerfm8/music/Massive_Attack_-_Teardrop.mp3
/home/sc/mp3/tigerfm8/music/Michael_Jackson_-_Smooth_Criminal.mp3
/home/sc/mp3/tigerfm8/music/Eagles_-_Take_It_To_The_Limit.mp3
/home/sc/mp3/tigerfm8/music/Smashing_Pumpkins_-_Today.mp3
/home/sc/mp3/tigerfm8/jingle/LDN_ID_05_M.MP3
/home/sc/mp3/tigerfm8/music/Metallica_-_Seek_and_Destroy.mp3
/home/sc/mp3/tigerfm8/music/Sam_Cook_-_A_Change_Is_Gonna_Come.mp3
/home/sc/mp3/tigerfm8/music/Queen_-_Live_At_Wembley_86_-_Love_of_My_Life.mp3
/home/sc/mp3/tigerfm8/music/The_Doors_-_My_Wild_Love.mp3
/home/sc/mp3/tigerfm8/jingle/LDN_SWEEP_09.MP3
/home/sc/mp3/tigerfm8/music/Frankie_Lymon_And_The_Teenagers_-_Why_Do_Fools_Fall_In_Love.mp3
/home/sc/mp3/tigerfm8/music/The_Doors_-_I_Looked_You.mp3
/home/sc/mp3/tigerfm8/music/Liquid_Tension_Experiment_-_When_The_Water_Breaks.mp3
/home/sc/mp3/tigerfm8/music/The_Beatles_-_Something.mp3
/home/sc/mp3/tigerfm8/jingle/LDN_SWEEP_03.MP3
/home/sc/mp3/tigerfm8/music/Guns_N_Roses_-_Welcome_to_the_Jungle.mp3
/home/sc/mp3/tigerfm8/music/Brenda_Lee_-_Im_Sorry.mp3
/home/sc/mp3/tigerfm8/music/Michael_Jackson_-_Bad.mp3
/home/sc/mp3/tigerfm8/music/The_Doors_-_Break_On_Through.mp3
/home/sc/mp3/tigerfm8/jingle/LDN_ID_01_M.MP3
/home/sc/mp3/tigerfm8/music/Elton_John_-_Tiny_Dancer.mp3
/home/sc/mp3/tigerfm8/music/The_Temptations_-_My_Girl.mp3
/home/sc/mp3/tigerfm8/music/Elvis_Presley_-_Love_me_tender.mp3
/home/sc/mp3/tigerfm8/music/Falco_-_Jeanny.mp3
/home/sc/mp3/tigerfm8/jingle/LDN_SWEEP_02.MP3
/home/sc/mp3/tigerfm8/music/Bob_Seger_-_Hollywood_Nights.mp3
/home/sc/mp3/tigerfm8/music/Enya_-_Maye_It_Be.mp3
/home/sc/mp3/tigerfm8/music/Guano_Apes_-_Open_your_eyes.mp3
/home/sc/mp3/tigerfm8/music/Beatles_-_Penny_Lane.mp3
/home/sc/mp3/tigerfm8/jingle/LDN_SWEEP_10.MP3
/home/sc/mp3/tigerfm8/music/The_Doors_-_Riders_On_The_Storm.mp3
/home/sc/mp3/tigerfm8/music/U2.-_Vertigo.mp3
/home/sc/mp3/tigerfm8/music/Marylin_Manson_-_Personal_Jesus.mp3
/home/sc/mp3/tigerfm8/music/Nirvana_-_Polly.mp3
/home/sc/mp3/tigerfm8/jingle/LDN_SWEEP_01.MP3
/home/sc/mp3/tigerfm8/music/H_Blockx_-_Risin_High.mp3
/home/sc/mp3/tigerfm8/music/Beatles_-_Back_in_the_USSR.mp3
/home/sc/mp3/tigerfm8/music/The_Who_-_Pinball_Wizard.mp3
/home/sc/mp3/tigerfm8/music/Stevie_Wonder_-_You_Are_The_Sunshine_Of_My_Life.mp3
/home/sc/mp3/tigerfm8/jingle/LDN_SWEEP_01.MP3
/home/sc/mp3/tigerfm8/music/Alanis_Morissette_-_You_Oughta_Know.mp3
/home/sc/mp3/tigerfm8/music/Elvis_Presley_-_Hound_Dog.mp3
/home/sc/mp3/tigerfm8/music/Bonnie_Tyler_And_Meat_Loaf_-_Total_Eclipse_Of_The_Heart.mp3
/home/sc/mp3/tigerfm8/music/Bjork_-_Joga.mp3
/home/sc/mp3/tigerfm8/jingle/LDN_ID_01_W.MP3
/home/sc/mp3/tigerfm8/music/The_Beatles_-_In_My_Life.mp3
/home/sc/mp3/tigerfm8/music/U2_-_Elevation.mp3
/home/sc/mp3/tigerfm8/music/Rolling_Stones_-_Mothers_Little_Helper.mp3
/home/sc/mp3/tigerfm8/music/Nirvana_-_Smells_like_teens_spirit.mp3
/home/sc/mp3/tigerfm8/jingle/LDN_SWEEP_02.MP3
/home/sc/mp3/tigerfm8/music/Linkin_Park_-_Carousel.mp3
/home/sc/mp3/tigerfm8/music/Dion_And_Belmonts_-_Runaround_Sue.mp3
/home/sc/mp3/tigerfm8/music/Danzing_-_Mother.mp3
/home/sc/mp3/tigerfm8/music/Dire_Straits_-_Sultans_of_Swing.mp3
/home/sc/mp3/tigerfm8/jingle/LDN_ID_04_M.MP3
/home/sc/mp3/tigerfm8/music/The_Ronettes_-_Be_My_Baby.mp3
/home/sc/mp3/tigerfm8/music/Bjork_-_Unison.mp3
/home/sc/mp3/tigerfm8/music/Led_Zeppelin_-_Ramble_On.mp3
/home/sc/mp3/tigerfm8/music/Rolling_Stones_-_Sympathy_For_The_Devil.mp3
/home/sc/mp3/tigerfm8/jingle/LDN_ID_05_M.MP3
/home/sc/mp3/tigerfm8/music/Eric_Clapton_-_Layla_(Unplugged).mp3
/home/sc/mp3/tigerfm8/music/Paula_Abdul_-_Rush_Rush.mp3
/home/sc/mp3/tigerfm8/music/Creedence_Clearwater_Revival_-_Bad_Moon_Rising.mp3
/home/sc/mp3/tigerfm8/music/Fleetwood_Mac_-_Dont_Stop.mp3
/home/sc/mp3/tigerfm8/jingle/LDN_SWEEP_07.MP3
/home/sc/mp3/tigerfm8/music/The_Eagles_-_Already_Gone.mp3
/home/sc/mp3/tigerfm8/music/Beatles_-_Back_in_the_USSR.mp3
/home/sc/mp3/tigerfm8/music/Joe_Walsh_-_Lifes_Been_Good_to_Me_So_Far.mp3
/home/sc/mp3/tigerfm8/music/Bon_Jovi_-_Its_My_Life.mp3
/home/sc/mp3/tigerfm8/jingle/LDN_ID_03_M.MP3
/home/sc/mp3/tigerfm8/music/Queen_-_The_Show_Must_Go_On.mp3
/home/sc/mp3/tigerfm8/music/U2_-_Mysterious_Ways.mp3
/home/sc/mp3/tigerfm8/music/Robert_Tepper_-_No_Easy_Way_Out.mp3
/home/sc/mp3/tigerfm8/music/The_Eagles_-_Desperado.mp3
/home/sc/mp3/tigerfm8/jingle/LDN_SWEEP_03.MP3
/home/sc/mp3/tigerfm8/music/Gueno_Apes_-_Lords_Of_The_Boards.mp3
/home/sc/mp3/tigerfm8/music/Bob_Marley_-_Get_Up_Stand_Up.mp3
/home/sc/mp3/tigerfm8/music/Beatles_-_Penny_Lane.mp3
/home/sc/mp3/tigerfm8/music/Whitesnake_-_Is_This_Love.mp3
/home/sc/mp3/tigerfm8/jingle/LDN_SWEEP_06.MP3
/home/sc/mp3/tigerfm8/music/Don_McLean_-_American_Pie.mp3
/home/sc/mp3/tigerfm8/music/The_Beatles_-_Yesterday.mp3
/home/sc/mp3/tigerfm8/music/Johnny_Mathis_-_Chances_Are.mp3
/home/sc/mp3/tigerfm8/music/The_Eagles_-_Already_Gone.mp3
/home/sc/mp3/tigerfm8/jingle/LDN_SWEEP_06.MP3
/home/sc/mp3/tigerfm8/music/ZZ_Top_-_Tush.mp3
/home/sc/mp3/tigerfm8/music/Rammstein_-_Sonne.mp3
/home/sc/mp3/tigerfm8/music/Simon_And_Garfunkel_-_The_Boxer.mp3
/home/sc/mp3/tigerfm8/music/Ritchie_Valens_-_La_Bamba.mp3
/home/sc/mp3/tigerfm8/jingle/LDN_ID_05_M.MP3
/home/sc/mp3/tigerfm8/music/The_Doors_-_The_End.mp3
/home/sc/mp3/tigerfm8/music/Petula_Clark_-_Downtown.mp3
/home/sc/mp3/tigerfm8/music/Him_-_Wicked_Games.mp3
/home/sc/mp3/tigerfm8/music/Janis_Joplin_-_Piece_Of_My_Heart.mp3
/home/sc/mp3/tigerfm8/jingle/LDN_SWEEP_04.MP3
/home/sc/mp3/tigerfm8/music/Jerry_Mungo_-_In_The_Summertime.mp3
/home/sc/mp3/tigerfm8/music/Roberta_Flack_-_Killing_Me_Softly_With_His_Song.mp3
/home/sc/mp3/tigerfm8/music/Rammstein_-_Wo_Bist_Du.mp3
/home/sc/mp3/tigerfm8/music/Iggy_Pop_-_Passenger.mp3
/home/sc/mp3/tigerfm8/jingle/LDN_SWEEP_04.MP3
/home/sc/mp3/tigerfm8/music/Michael_Jackson_-_Black_or_White.mp3
/home/sc/mp3/tigerfm8/music/Kate_Bush_-_Running_Up_That_Hill.mp3
/home/sc/mp3/tigerfm8/music/Elvis_Presley_-_In_The_Ghetto.mp3
/home/sc/mp3/tigerfm8/music/Bestie_Boys_-_Intergalatic.mp3
/home/sc/mp3/tigerfm8/jingle/LDN_ID_04_M.MP3
/home/sc/mp3/tigerfm8/music/Michael_Jackson_-_Smooth_Criminal.mp3
/home/sc/mp3/tigerfm8/music/August_Rush_-_Bruce_Dickinson_-_Tears_Of_The_Dragon.mp3
/home/sc/mp3/tigerfm8/music/Queen_-_Bohemian_Rhapsody.mp3
/home/sc/mp3/tigerfm8/music/Bachman-Turner_Overdrive_-_Takin_Care_Of_Business.mp3
/home/sc/mp3/tigerfm8/jingle/LDN_SWEEP_06.MP3
/home/sc/mp3/tigerfm8/music/Jethro_Tull_-_Locomotive_Breath.mp3
/home/sc/mp3/tigerfm8/music/Santana_-_Black_Magic_Woman.mp3
/home/sc/mp3/tigerfm8/music/Queen_-_Bicycle_Race.mp3
/home/sc/mp3/tigerfm8/music/Soundgarden_-_Black_Hole_Sun.mp3
/home/sc/mp3/tigerfm8/jingle/LDN_SWEEP_04.MP3
/home/sc/mp3/tigerfm8/music/Queen_-_Somebody_To_Love.mp3
/home/sc/mp3/tigerfm8/music/Bob_Seger_-_Turn_The_Page.mp3
/home/sc/mp3/tigerfm8/music/Peter_Frampton_-_Show_Me_The_Way.mp3
/home/sc/mp3/tigerfm8/music/Scorpions_-_Wind_Of_Change.mp3
/home/sc/mp3/tigerfm8/jingle/LDN_SWEEP_02.MP3
/home/sc/mp3/tigerfm8/music/Rage_Against_The_Machine_-_Bulls_On_Parade.mp3
/home/sc/mp3/tigerfm8/music/Nazareth_-_Love_Hurts.mp3
/home/sc/mp3/tigerfm8/music/Bruce_Springsteen_-_Thunder_Road.mp3
/home/sc/mp3/tigerfm8/music/Depeche_Mode_-_Freelove.mp3
/home/sc/mp3/tigerfm8/jingle/LDN_ID_06_M.MP3
/home/sc/mp3/tigerfm8/music/Van_Halen_-_You_Really_Got_Me.mp3
/home/sc/mp3/tigerfm8/music/The_Doors_-_My_Eyes_Have_Seen_You.mp3
/home/sc/mp3/tigerfm8/music/Rammstein_-_Wo_Bist_Du.mp3
/home/sc/mp3/tigerfm8/music/The_Who_-_My_generation.mp3
/home/sc/mp3/tigerfm8/jingle/LDN_ID_01_M.MP3
/home/sc/mp3/tigerfm8/music/Rolling_Stones_-_Sympathy_For_The_Devil.mp3
/home/sc/mp3/tigerfm8/music/Whitesnake_-_Is_This_Love.mp3
/home/sc/mp3/tigerfm8/music/Thin_Lizzy_-_The_Boys_Are_Back_In_Town.mp3
/home/sc/mp3/tigerfm8/music/U2_-_Where_The_Streets_Have_No_Name.mp3
/home/sc/mp3/tigerfm8/jingle/LDN_ID_04_M.MP3
/home/sc/mp3/tigerfm8/music/Elton_John_-_Candle_In_The_Wind.mp3
/home/sc/mp3/tigerfm8/music/Elvis_Presley_-_Heartbreak_Hotel.mp3
/home/sc/mp3/tigerfm8/music/Nirvana_-_In_Bloom.mp3
/home/sc/mp3/tigerfm8/music/U2_-_Elevation.mp3
/home/sc/mp3/tigerfm8/jingle/LDN_SWEEP_02.MP3
/home/sc/mp3/tigerfm8/music/Red_Hot_Chili_Peppers_-_Other_Side.mp3
/home/sc/mp3/tigerfm8/music/Bob_Seger_-_Old_Time_Rock_n_Roll.mp3
/home/sc/mp3/tigerfm8/music/Dire_Straits_-_Sultans_of_Swing.mp3
/home/sc/mp3/tigerfm8/music/Johnny_Mathis_-_Chances_Are.mp3
/home/sc/mp3/tigerfm8/jingle/LDN_SWEEP_06.MP3
/home/sc/mp3/tigerfm8/music/Aerosmith_-_Walk_This_Way.mp3
/home/sc/mp3/tigerfm8/music/Placebo_-_Running_Up_That_Hill.mp3
/home/sc/mp3/tigerfm8/music/ZZ_Top_-_La_Grange.mp3
/home/sc/mp3/tigerfm8/music/Deep_Purple_-_Child_In_Time.mp3
/home/sc/mp3/tigerfm8/jingle/LDN_SWEEP_04.MP3
/home/sc/mp3/tigerfm8/music/Michael_Jackson_-_Thriller.mp3
/home/sc/mp3/tigerfm8/music/The_Beatles_-_Revolution.mp3
/home/sc/mp3/tigerfm8/music/Led_Zeppelin_-_Immigrant_Song.mp3
/home/sc/mp3/tigerfm8/music/Ray_Charles_-_Hit_The_Road_Jack.mp3
/home/sc/mp3/tigerfm8/jingle/LDN_SWEEP_01.MP3
/home/sc/mp3/tigerfm8/music/U2_-_Hold_Me_Thrill_Me_Kiss_Me_Kill_Me.mp3
/home/sc/mp3/tigerfm8/music/Don_McLean_-_American_Pie.mp3
/home/sc/mp3/tigerfm8/music/Bjork_-_Ballard.mp3
/home/sc/mp3/tigerfm8/music/The_Who_-_Bargain.mp3
/home/sc/mp3/tigerfm8/jingle/LDN_ID_01_W.MP3
/home/sc/mp3/tigerfm8/music/Deep_Purple_-_Smoke_On_The_Water.mp3
/home/sc/mp3/tigerfm8/music/Creedence_Clearwater_Revival_-_Who_Will_Stop_the_Rain.mp3
/home/sc/mp3/tigerfm8/music/The_Rolling_Stones_-_Gimme_Shelter.mp3
/home/sc/mp3/tigerfm8/music/The_Beatles_-_A_Hard_Days_Night.mp3
/home/sc/mp3/tigerfm8/jingle/LDN_ID_09_M.MP3
/home/sc/mp3/tigerfm8/music/Soundgarden_-_Burden_In_My_Hand.mp3
/home/sc/mp3/tigerfm8/music/U2_-_I_Still_Havent_Found_What_Im_Looking_For.mp3
/home/sc/mp3/tigerfm8/music/The_Animals_-_The_House_Of_The_Rising_Sun.mp3
/home/sc/mp3/tigerfm8/music/Ray_Charles_-_Hit_The_Road_Jack.mp3
/home/sc/mp3/tigerfm8/jingle/LDN_ID_01_M.MP3
/home/sc/mp3/tigerfm8/music/Bill_Haley_and_his_Comets_-_Rock_Around_the_Clock.mp3
/home/sc/mp3/tigerfm8/music/Apocalyptica_-_Until_It_Sleeps.mp3
/home/sc/mp3/tigerfm8/music/Santana_-_Evil_ways.mp3
/home/sc/mp3/tigerfm8/music/Nirvana_-_Polly.mp3
/home/sc/mp3/tigerfm8/jingle/LDN_SWEEP_09.MP3
/home/sc/mp3/tigerfm8/music/Styx_-_Renegade.mp3
/home/sc/mp3/tigerfm8/music/Tina_Turner_-_Simply_the_Best.mp3
/home/sc/mp3/tigerfm8/music/Tina_Turner_-_Simply_the_Best.mp3
/home/sc/mp3/tigerfm8/music/Smashing_Pumpkins_-_Today.mp3
/home/sc/mp3/tigerfm8/jingle/LDN_ID_01_W.MP3
/home/sc/mp3/tigerfm8/music/Van_Halen_-_You_Really_Got_Me.mp3
/home/sc/mp3/tigerfm8/music/U2.-_Vertigo.mp3
/home/sc/mp3/tigerfm8/music/Nirvana_-_All_Apologises.mp3
/home/sc/mp3/tigerfm8/music/Jackson_Five_-_I_Want_You_Back.mp3
/home/sc/mp3/tigerfm8/jingle/LDN_ID_08_M.MP3
/home/sc/mp3/tigerfm8/music/Rod_Stewart_-_Maggie_May.mp3
/home/sc/mp3/tigerfm8/music/Bad_Company_-_Feel_Like_Makin_Love.mp3
/home/sc/mp3/tigerfm8/music/Elton_John_-_Daniel.mp3
/home/sc/mp3/tigerfm8/music/John_Lennon_-_Instant_Karma.mp3
/home/sc/mp3/tigerfm8/jingle/LDN_SWEEP_01.MP3
/home/sc/mp3/tigerfm8/music/Gueno_Apes_-_Lords_Of_The_Boards.mp3
/home/sc/mp3/tigerfm8/music/John_Cougar_Mellencamp_-_Jack_And_Diane.mp3
/home/sc/mp3/tigerfm8/music/Liquid_Tension_Experiment_-_When_The_Water_Breaks.mp3
/home/sc/mp3/tigerfm8/music/Chuck_Berry_-_Maybellene.mp3
/home/sc/mp3/tigerfm8/jingle/LDN_SWEEP_05.MP3
/home/sc/mp3/tigerfm8/music/Bryan_Adams_-_Please_Forgive_Me.mp3
/home/sc/mp3/tigerfm8/music/Doobie_Brothers_-_Black_Water.mp3
/home/sc/mp3/tigerfm8/music/Limp_Bizkit_-_My_Generation.mp3
/home/sc/mp3/tigerfm8/music/Jimi_Hendrix_-_Hey_Joe.mp3
/home/sc/mp3/tigerfm8/jingle/LDN_SWEEP_02.MP3
/home/sc/mp3/tigerfm8/music/The_Mamas_And_The_Papas_-_California_Dreamin.mp3
/home/sc/mp3/tigerfm8/music/The_Beatles_-_Magical_Mystery_Tour.mp3
/home/sc/mp3/tigerfm8/music/Peter_Frampton_-_Do_You_Feel_Like_We_Do.mp3
/home/sc/mp3/tigerfm8/music/Iron_Maiden_-_Prowler.mp3
/home/sc/mp3/tigerfm8/jingle/LDN_SWEEP_07.MP3
/home/sc/mp3/tigerfm8/music/Tina_Turner_-_Simply_the_Best.mp3
/home/sc/mp3/tigerfm8/music/Nirvana_-_Polly.mp3
/home/sc/mp3/tigerfm8/music/Smashing_Pumpkins_-_Never_Let_Me_Down_Again.mp3
/home/sc/mp3/tigerfm8/music/Queen_-_These_Are_The_Days_Of_Our_Lives.mp3
/home/sc/mp3/tigerfm8/jingle/LDN_ID_02_W.MP3
/home/sc/mp3/tigerfm8/music/Led_Zeppelin_-_Rock_and_Roll.mp3
/home/sc/mp3/tigerfm8/music/Bob_Dylan_-_Tangled_Up_In_Blue.mp3
/home/sc/mp3/tigerfm8/music/The_Who_-_Pinball_Wizard.mp3
/home/sc/mp3/tigerfm8/music/Iron_Maiden_-_Rime_Of_The_Ancient_Mariner.mp3
/home/sc/mp3/tigerfm8/jingle/LDN_SWEEP_05.MP3
/home/sc/mp3/tigerfm8/music/Fleetwood_Mac_-_Gold_Dust_Woman.mp3
/home/sc/mp3/tigerfm8/music/The_Four_Tops_-_Reach_Out_Ill_Be_There.mp3
/home/sc/mp3/tigerfm8/music/The_Beatles_-_Lucy_In_The_Sky_With_Diamonds.mp3
/home/sc/mp3/tigerfm8/music/The_Doors_-_L.A._Woman.mp3
/home/sc/mp3/tigerfm8/jingle/LDN_ID_09_M.MP3
/home/sc/mp3/tigerfm8/music/Liquid_Tension_Experiment_-_Paradigm_Shift.mp3
/home/sc/mp3/tigerfm8/music/Van_Morrison_-_Moondance.mp3
/home/sc/mp3/tigerfm8/music/Howard_Shore_-_Requiem.mp3
/home/sc/mp3/tigerfm8/music/Metallica_-_Fade_To_Black.mp3
/home/sc/mp3/tigerfm8/jingle/LDN_ID_02_W.MP3
/home/sc/mp3/tigerfm8/music/Korn_-_Falling_Away_From_Me.mp3
/home/sc/mp3/tigerfm8/music/Steve_Miller_Band_-_Jet_Airliner.mp3
/home/sc/mp3/tigerfm8/music/The_Cars_-_Just_What_I_Needed.mp3
/home/sc/mp3/tigerfm8/music/The_Rolling_Stones-_Miss_You.mp3
/home/sc/mp3/tigerfm8/jingle/LDN_SWEEP_07.MP3
/home/sc/mp3/tigerfm8/music/Manfred_Manns_Earth_Band_-_Blinded_By_The_Light.mp3
/home/sc/mp3/tigerfm8/music/Led_Zeppelin_-_Going_To_California.mp3
/home/sc/mp3/tigerfm8/music/The_Rolling_Stones_-_Jumpin_Jack_Flash.mp3
/home/sc/mp3/tigerfm8/music/Janis_Joplin_-_Me_And_Bobby_McGee.mp3
/home/sc/mp3/tigerfm8/jingle/LDN_ID_01_W.MP3
/home/sc/mp3/tigerfm8/music/Bjork_-_Pagan_Poetry.mp3
/home/sc/mp3/tigerfm8/music/Joni_Mitchell_-_Blue.mp3
/home/sc/mp3/tigerfm8/music/Fleetwood_Mac_-_Rhiannon.mp3
/home/sc/mp3/tigerfm8/music/Marvin_Gaye_And_Tammi_Terrell_-_Aint_No_Mountain_High_Enough.mp3
/home/sc/mp3/tigerfm8/jingle/LDN_ID_08_M.MP3
/home/sc/mp3/tigerfm8/music/Guns_N_Roses_-_Paradise_City.mp3
/home/sc/mp3/tigerfm8/music/Queen_-_Radio_Ga_Ga.mp3
/home/sc/mp3/tigerfm8/music/Van_Halen_-_You_Really_Got_Me.mp3
/home/sc/mp3/tigerfm8/music/Led_Zeppelin_-_Fool_In_The_Rain.mp3
/home/sc/mp3/tigerfm8/jingle/LDN_SWEEP_03.MP3
/home/sc/mp3/tigerfm8/music/John_Cougar_Mellencamp_-_Small_Town.mp3
/home/sc/mp3/tigerfm8/music/James_Brown_-_Living_In_America.mp3
/home/sc/mp3/tigerfm8/music/Elton_John_-_Candle_In_The_Wind.mp3
/home/sc/mp3/tigerfm8/music/Bjork_-_Pagan_Poetry.mp3
/home/sc/mp3/tigerfm8/jingle/LDN_ID_01_W.MP3
/home/sc/mp3/tigerfm8/music/Bob_Seger_-_Old_Time_Rock_n_Roll.mp3
/home/sc/mp3/tigerfm8/music/Joe_Walsh_-_Rocky_Mountain_Way.mp3
/home/sc/mp3/tigerfm8/music/Michael_Bolton_-_When_A_Man_Loves_A_Woman.mp3
/home/sc/mp3/tigerfm8/music/Guns_N_Roses_-_November_Rain.mp3
/home/sc/mp3/tigerfm8/jingle/LDN_ID_07_M.MP3
/home/sc/mp3/tigerfm8/music/Metallica_-_The_Unforgiven_III.mp3
/home/sc/mp3/tigerfm8/music/Jethro_Tull_-_Locomotive_Breath.mp3
/home/sc/mp3/tigerfm8/music/The_Beatles_-_She_Loves_You.mp3
/home/sc/mp3/tigerfm8/music/George_Michael_-_Faith.mp3
/home/sc/mp3/tigerfm8/jingle/LDN_SWEEP_04.MP3
/home/sc/mp3/tigerfm8/music/Heart_-_Crazy_On_You.mp3
/home/sc/mp3/tigerfm8/music/Falco_-_Out_Of_The_Dark.mp3
/home/sc/mp3/tigerfm8/music/Beach_boys_-_California_Girls.mp3
/home/sc/mp3/tigerfm8/music/Lynyrd_Skynyrd_-_Freebird.mp3
/home/sc/mp3/tigerfm8/jingle/LDN_ID_09_M.MP3
/home/sc/mp3/tigerfm8/music/James_Brown_-_Living_In_America.mp3
/home/sc/mp3/tigerfm8/music/Rammstein_-_Mutter.mp3
/home/sc/mp3/tigerfm8/music/The_Beatles_-_Come_Together.mp3
/home/sc/mp3/tigerfm8/music/Tom_Petty_And_the_Heartbreakers_-_Refugee.mp3
/home/sc/mp3/tigerfm8/jingle/LDN_ID_02_W.MP3
/home/sc/mp3/tigerfm8/music/The_69_Eyes_-_Brandon_Lee.mp3
/home/sc/mp3/tigerfm8/music/Lynyrd_Skynyrd_-_Freebird.mp3
/home/sc/mp3/tigerfm8/music/Bruce_Springsteen_-_Jungleland.mp3
/home/sc/mp3/tigerfm8/music/Elton_John_-_Candle_In_The_Wind.mp3
/home/sc/mp3/tigerfm8/jingle/LDN_ID_02_M.MP3
/home/sc/mp3/tigerfm8/music/Elton_John_And_Jon_Bon_Jovi_-_Levon.mp3
/home/sc/mp3/tigerfm8/music/Jethro_Tull_-_Aqualung.mp3
/home/sc/mp3/tigerfm8/music/Platters_-_The_Great_Pretender.mp3
/home/sc/mp3/tigerfm8/music/The_Kinks_-_Lola.mp3
/home/sc/mp3/tigerfm8/jingle/LDN_ID_01_W.MP3
/home/sc/mp3/tigerfm8/music/Tom_Petty_And_the_Heartbreakers_-_Runnin_Down_a_Dream.mp3
/home/sc/mp3/tigerfm8/music/Ray_Charles_-_Whatd_I_Say.mp3
/home/sc/mp3/tigerfm8/music/The_Who_-_Love_Reign_Oer_Me.mp3
/home/sc/mp3/tigerfm8/music/The_Doors_-_My_Eyes_Have_Seen_You.mp3
/home/sc/mp3/tigerfm8/jingle/LDN_SWEEP_03.MP3
/home/sc/mp3/tigerfm8/music/Heart_-_Barracuda.mp3
/home/sc/mp3/tigerfm8/music/Lynyrd_Skynyrd_-_Sweet_Home_Alabama.mp3
/home/sc/mp3/tigerfm8/music/H_Blockx_-_Risin_High.mp3
/home/sc/mp3/tigerfm8/music/The_Rolling_Stones_-_You_Cant_Always_Get_What_You_Want.mp3
/home/sc/mp3/tigerfm8/jingle/LDN_SWEEP_03.MP3
/home/sc/mp3/tigerfm8/music/Bo_Didley_-_Bo_Diddley.mp3
/home/sc/mp3/tigerfm8/music/Queen_-_These_Are_The_Days_Of_Our_Lives.mp3
/home/sc/mp3/tigerfm8/music/Queen_-_Dont_Stop_Me_Now.mp3
/home/sc/mp3/tigerfm8/music/The_Beatles_-_Twist_And_Shout.mp3
/home/sc/mp3/tigerfm8/jingle/LDN_ID_02_M.MP3
/home/sc/mp3/tigerfm8/music/Bob_Dylan_-_Blowin_In_The_Wind.mp3
/home/sc/mp3/tigerfm8/music/Bjork_-_Pagan_Poetry.mp3
/home/sc/mp3/tigerfm8/music/The_Rolling_Stones_-_Beast_of_Burden.mp3
/home/sc/mp3/tigerfm8/music/The_Eagles_-_Already_Gone.mp3
/home/sc/mp3/tigerfm8/jingle/LDN_ID_01_M.MP3
/home/sc/mp3/tigerfm8/music/The_Who_-_My_generation.mp3
/home/sc/mp3/tigerfm8/music/Bob_Dylan_-_Blowin_In_The_Wind.mp3
/home/sc/mp3/tigerfm8/music/Jimi_Hendrix_-_Fire.mp3
/home/sc/mp3/tigerfm8/music/Peter_Gabriel_And_Kate_Bush_-_Dont_Give_Up.mp3
/home/sc/mp3/tigerfm8/jingle/LDN_SWEEP_10.MP3
/home/sc/mp3/tigerfm8/music/Steppenwolf_-_Magic_Carpet_Ride.mp3
/home/sc/mp3/tigerfm8/music/Foreginer_-_I_Want_To_Know_What_Love_is.mp3
/home/sc/mp3/tigerfm8/music/The_Beatles_-_The_Long_And_Winding_Road.mp3
/home/sc/mp3/tigerfm8/music/Simon_And_Garfunkel_-_Bridge_Over_Troubled_Water.mp3
/home/sc/mp3/tigerfm8/jingle/LDN_ID_02_M.MP3
/home/sc/mp3/tigerfm8/music/Queen_-_Who_Wants_to_Live_Forever.mp3
/home/sc/mp3/tigerfm8/music/Korn_-_Falling_Away_From_Me.mp3
/home/sc/mp3/tigerfm8/music/Michael_Jackson_-_Beat_It.mp3
/home/sc/mp3/tigerfm8/music/Smashing_Pumpkins_-_Tonight_Tonight.mp3
/home/sc/mp3/tigerfm8/jingle/LDN_ID_08_M.MP3
/home/sc/mp3/tigerfm8/music/U2.-_Vertigo.mp3
/home/sc/mp3/tigerfm8/music/The_Doors_-_When_The_Musics_Over.mp3
/home/sc/mp3/tigerfm8/music/Santana_-_Black_Magic_Woman.mp3
/home/sc/mp3/tigerfm8/music/Bjork_-_All_Is_Full_Of_Love.mp3
/home/sc/mp3/tigerfm8/jingle/LDN_ID_02_M.MP3
/home/sc/mp3/tigerfm8/music/Placebo_-_I_feel_you.mp3
/home/sc/mp3/tigerfm8/music/ZZ_Top_-_Sharp_Dressed_Man.mp3
/home/sc/mp3/tigerfm8/music/Pink_Floyd_-_Wish_You_Were_Here.mp3
/home/sc/mp3/tigerfm8/music/Placebo_-_Running_Up_That_Hill.mp3
/home/sc/mp3/tigerfm8/jingle/LDN_SWEEP_06.MP3
/home/sc/mp3/tigerfm8/music/Iron_Maiden_-_Prowler.mp3
/home/sc/mp3/tigerfm8/music/Deep_Purple_-_Black_Night.mp3
/home/sc/mp3/tigerfm8/music/Massive_Attack_-_Teardrop.mp3
/home/sc/mp3/tigerfm8/music/Jimi_Hendrix_-_Fire.mp3
/home/sc/mp3/tigerfm8/jingle/LDN_ID_05_M.MP3
/home/sc/mp3/tigerfm8/music/Enya_-_Maye_It_Be.mp3
/home/sc/mp3/tigerfm8/music/Metallica_-_The_Unforgiven_III.mp3
/home/sc/mp3/tigerfm8/music/Beatles_-_All_My_Loving.mp3
/home/sc/mp3/tigerfm8/music/The_Doors_-_Strange_Days.mp3
/home/sc/mp3/tigerfm8/jingle/LDN_ID_03_M.MP3
/home/sc/mp3/tigerfm8/music/David_Bowie_-_Suffragette_City.mp3
/home/sc/mp3/tigerfm8/music/Bjork_-_Violently_Happy.mp3
/home/sc/mp3/tigerfm8/music/The_Rolling_Stones_-_Ruby_Tuesday.mp3
/home/sc/mp3/tigerfm8/music/Bjork_-_Violently_Happy.mp3
/home/sc/mp3/tigerfm8/jingle/LDN_ID_05_M.MP3
/home/sc/mp3/tigerfm8/music/Iron_Maiden_-_The_Wicker_Man.mp3
/home/sc/mp3/tigerfm8/music/Led_Zeppelin_-_Dyer_Maker.mp3
/home/sc/mp3/tigerfm8/music/Simple_Minds_-_Mandela_Day.mp3
/home/sc/mp3/tigerfm8/music/Paul_Simon_and_Art_Garfunkel_-_Mrs_Robinson.mp3
/home/sc/mp3/tigerfm8/jingle/LDN_SWEEP_04.MP3
/home/sc/mp3/tigerfm8/music/Led_Zeppelin_-_Dyer_Maker.mp3
/home/sc/mp3/tigerfm8/music/The_Hollies_-_Long_Cool_Woman_In_A_Black_Dress.mp3
/home/sc/mp3/tigerfm8/music/Led_Zeppelin_-_Misty_Mountain_Hop.mp3
/home/sc/mp3/tigerfm8/music/The_Beatles_-_Let_It_Be.mp3
/home/sc/mp3/tigerfm8/jingle/LDN_SWEEP_05.MP3
/home/sc/mp3/tigerfm8/music/The_Rolling_Stones_-_Start_Me_Up.mp3
/home/sc/mp3/tigerfm8/music/Cream_-_Sunshine_Of_Your_Love.mp3
/home/sc/mp3/tigerfm8/music/Omega_-_Dziewczyna_o_Perlowych_Wlosach.mp3
/home/sc/mp3/tigerfm8/music/Metallica_-_Fade_To_Black.mp3
/home/sc/mp3/tigerfm8/jingle/LDN_ID_04_M.MP3
/home/sc/mp3/tigerfm8/music/The_Police_-_Every_Breath_You_Take.mp3
/home/sc/mp3/tigerfm8/music/U2.-_Vertigo.mp3
/home/sc/mp3/tigerfm8/music/Lenny_Kravitz_-_American_Woman.mp3
/home/sc/mp3/tigerfm8/music/Korn_-_Falling_Away_From_Me.mp3
/home/sc/mp3/tigerfm8/jingle/LDN_ID_03_M.MP3
/home/sc/mp3/tigerfm8/music/Pink_Floyd_-_Money.mp3
/home/sc/mp3/tigerfm8/music/Type_O_Negative_-_Wolf_Moon.mp3
/home/sc/mp3/tigerfm8/music/Bob_Dylan_-_Blowin_In_The_Wind.mp3
/home/sc/mp3/tigerfm8/music/Rammstein_-_Engel.mp3
/home/sc/mp3/tigerfm8/jingle/LDN_ID_08_M.MP3
/home/sc/mp3/tigerfm8/music/Eagles_-_The_Boys_Of_Summer.mp3
/home/sc/mp3/tigerfm8/music/Type_O_Negative_-_Cinnamon_Girl.mp3
/home/sc/mp3/tigerfm8/music/Metallica_-_Fade_To_Black.mp3
/home/sc/mp3/tigerfm8/music/The_Beatles_-_Eight_Days_a_Week.mp3
/home/sc/mp3/tigerfm8/jingle/LDN_SWEEP_04.MP3
/home/sc/mp3/tigerfm8/music/Marylin_Manson_-_Personal_Jesus.mp3
/home/sc/mp3/tigerfm8/music/The_Rolling_Stones_-_Angie.mp3
/home/sc/mp3/tigerfm8/music/Robert_Tepper_-_No_Easy_Way_Out.mp3
/home/sc/mp3/tigerfm8/music/Scorpions_-_Send_Me_An_Angel.mp3
/home/sc/mp3/tigerfm8/jingle/LDN_ID_02_W.MP3
/home/sc/mp3/tigerfm8/music/The_Doors_-_The_End.mp3
/home/sc/mp3/tigerfm8/music/Chubby_Checker_-_The_Twist.mp3
/home/sc/mp3/tigerfm8/music/Santana_-_Evil_ways.mp3
/home/sc/mp3/tigerfm8/music/Pink_Floyd_-_Time.mp3
/home/sc/mp3/tigerfm8/jingle/LDN_SWEEP_10.MP3
/home/sc/mp3/tigerfm8/music/ACDC_-_You_Shook_Me_All_Night_Long.mp3
/home/sc/mp3/tigerfm8/music/Deep_Purple_-_Black_Night.mp3
/home/sc/mp3/tigerfm8/music/Boston_-_Rock_And_Roll_Band.mp3
/home/sc/mp3/tigerfm8/music/The_Doors_-_Soul_Kitchen.mp3
/home/sc/mp3/tigerfm8/jingle/LDN_SWEEP_07.MP3
/home/sc/mp3/tigerfm8/music/Billy_Joel_-_Big_Shot.mp3
/home/sc/mp3/tigerfm8/music/Lynyrd_Skynyrd_-_Sweet_Home_Alabama.mp3
/home/sc/mp3/tigerfm8/music/Led_Zeppelin_-_Dyer_Maker.mp3
/home/sc/mp3/tigerfm8/music/Doobie_Brothers_-_Long_Train_Running.mp3
/home/sc/mp3/tigerfm8/jingle/LDN_SWEEP_03.MP3
/home/sc/mp3/tigerfm8/music/Robbie_Williams_-_King_Of_The_Bongo.mp3
/home/sc/mp3/tigerfm8/music/Jimmy_Buffet_-_Margaritaville.mp3
/home/sc/mp3/tigerfm8/music/Allman_Brothers_Band_-_Ramblin_Man.mp3
/home/sc/mp3/tigerfm8/music/Grand_Funk_Railroad_-_Were_An_American_Band.mp3
/home/sc/mp3/tigerfm8/jingle/LDN_SWEEP_07.MP3
/home/sc/mp3/tigerfm8/music/Van_Morrison_And_John_Lee_Hooker_-_Gloria.mp3
/home/sc/mp3/tigerfm8/music/Iron_Maiden_-_The_Mercenary.mp3
/home/sc/mp3/tigerfm8/music/Michael_Jackson_-_Beat_It.mp3
/home/sc/mp3/tigerfm8/music/Guano_Apes_-_Big_In_Japan.mp3
/home/sc/mp3/tigerfm8/jingle/LDN_SWEEP_01.MP3
/home/sc/mp3/tigerfm8/music/Dire_Straits_-_Money_For_Nothing.mp3
/home/sc/mp3/tigerfm8/music/Queen_-_Innuendo.mp3
/home/sc/mp3/tigerfm8/music/The_Who_-_Baba_Oriley.mp3
/home/sc/mp3/tigerfm8/music/The_Who_-_Who_Are_You.mp3
/home/sc/mp3/tigerfm8/jingle/LDN_ID_01_W.MP3
/home/sc/mp3/tigerfm8/music/Queen_-_Somebody_To_Love.mp3
/home/sc/mp3/tigerfm8/music/Frank_Sinatra_-_Strangers_In_The_Night.mp3
/home/sc/mp3/tigerfm8/music/Nirvana_-_Smells_like_teens_spirit.mp3
/home/sc/mp3/tigerfm8/music/Joe_Coker_-_With_A_Little_Help_From_My_Friends.mp3
/home/sc/mp3/tigerfm8/jingle/LDN_SWEEP_10.MP3
/home/sc/mp3/tigerfm8/music/Elvis_Presley_-_In_The_Ghetto.mp3
/home/sc/mp3/tigerfm8/music/Elvis_Presley_-_All_Shook_Up.mp3
/home/sc/mp3/tigerfm8/music/Kansas_-_Carry_On_My_Wayward_Son.mp3
/home/sc/mp3/tigerfm8/music/Him_-_Wicked_Games.mp3
/home/sc/mp3/tigerfm8/jingle/LDN_SWEEP_06.MP3
/home/sc/mp3/tigerfm8/music/Vaya_Con_Dios_-_Nah_Neh_Nah.mp3
/home/sc/mp3/tigerfm8/music/The_Doors_-_Light_My_Fire.mp3
/home/sc/mp3/tigerfm8/music/The_Doors_-_Waiting_For_The_Sun.mp3
/home/sc/mp3/tigerfm8/music/Janis_Joplin_-_Summertime.mp3
/home/sc/mp3/tigerfm8/jingle/LDN_ID_04_M.MP3
/home/sc/mp3/tigerfm8/music/Jefferson_Airplane_-_White_Rabbit.mp3
/home/sc/mp3/tigerfm8/music/Tom_Petty_and_The_Heartbreakers_-_Free_Falling.mp3
/home/sc/mp3/tigerfm8/music/Doobie_Brothers_-_China_Grove.mp3
/home/sc/mp3/tigerfm8/music/Kate_Bush_-_Running_Up_That_Hill.mp3
/home/sc/mp3/tigerfm8/jingle/LDN_ID_07_M.MP3
/home/sc/mp3/tigerfm8/music/ACDC_-_You_Shook_Me_All_Night_Long.mp3
/home/sc/mp3/tigerfm8/music/Elton_John_-_Bennie_and_the_Jets.mp3
/home/sc/mp3/tigerfm8/music/Bjork_-_Joga.mp3
/home/sc/mp3/tigerfm8/music/Joan_Jett_-_I_Love_Rock_And_Roll.mp3
/home/sc/mp3/tigerfm8/jingle/LDN_SWEEP_06.MP3
/home/sc/mp3/tigerfm8/music/Ramones_-_I_Wanna_Be_Sedated.mp3
/home/sc/mp3/tigerfm8/music/Fleetwood_Mac_-_Dont_Stop.mp3
/home/sc/mp3/tigerfm8/music/Jimi_Hendrix_-_Fire.mp3
/home/sc/mp3/tigerfm8/music/James_Brown_-_I_got_you.mp3
/home/sc/mp3/tigerfm8/jingle/LDN_ID_08_M.MP3
/home/sc/mp3/tigerfm8/music/Beatles_-_Penny_Lane.mp3
/home/sc/mp3/tigerfm8/music/Oasis_-_Wonderwall.mp3
/home/sc/mp3/tigerfm8/music/Ray_Charles_-_I_Cant_Stop_Loving_You.mp3
/home/sc/mp3/tigerfm8/music/Bestie_Boys_-_Intergalatic.mp3
/home/sc/mp3/tigerfm8/jingle/LDN_ID_01_M.MP3
/home/sc/mp3/tigerfm8/music/Kansas_-_Carry_On_My_Wayward_Son.mp3
/home/sc/mp3/tigerfm8/music/Seal_-_Its_A_Mans_Mans_Mans_World.mp3
/home/sc/mp3/tigerfm8/music/Bob_Seger_-_Hollywood_Nights.mp3
/home/sc/mp3/tigerfm8/music/Guano_Apes_-_Living_in_a_Lie.mp3
/home/sc/mp3/tigerfm8/jingle/LDN_SWEEP_03.MP3
/home/sc/mp3/tigerfm8/music/Bjork_-_Army_Of_Me.mp3
/home/sc/mp3/tigerfm8/music/Jimi_Hendrix_-_Purple_Haze.mp3
/home/sc/mp3/tigerfm8/music/Styx_-_Renegade.mp3
/home/sc/mp3/tigerfm8/music/Joe_Cocker_-_Night_Calls.mp3
/home/sc/mp3/tigerfm8/jingle/LDN_SWEEP_01.MP3
/home/sc/mp3/tigerfm8/music/The_Beatles_-_A_Day_In_The_Life.mp3
/home/sc/mp3/tigerfm8/music/Bon_Jovi_-_Blaze_of_Glory.mp3
/home/sc/mp3/tigerfm8/music/Abc-The_Look_Of_Love.mp3
/home/sc/mp3/tigerfm8/music/The_Who_-_Wont_Get_Fooled_Again.mp3
/home/sc/mp3/tigerfm8/jingle/LDN_ID_02_M.MP3
/home/sc/mp3/tigerfm8/music/Creedence_Clearwater_Revival_-_Bad_Moon_Rising.mp3
/home/sc/mp3/tigerfm8/music/TRex_-_Bang_A_Gong_Get_It_On.mp3
/home/sc/mp3/tigerfm8/music/Billy_Joel_-_Scenes_From_An_Italian_Restaurant.mp3
/home/sc/mp3/tigerfm8/music/Metallica_-_Metalica_Until_It_Sleeps.mp3
/home/sc/mp3/tigerfm8/jingle/LDN_ID_07_M.MP3
/home/sc/mp3/tigerfm8/music/Queen_-_A_Kind_Of_Magic.mp3
/home/sc/mp3/tigerfm8/music/Bruce_Springsteen_-_Born_To_Run.mp3
/home/sc/mp3/tigerfm8/music/Guns_N_Roses_-_Welcome_to_the_Jungle.mp3
/home/sc/mp3/tigerfm8/music/The_Byrds_-_Turn_Turn_Turn.mp3
/home/sc/mp3/tigerfm8/jingle/LDN_ID_04_M.MP3
/home/sc/mp3/tigerfm8/music/Queen_-_Bohemian_Rhapsody.mp3
/home/sc/mp3/tigerfm8/music/Kansas_-_Dust_In_The_Wind.mp3
/home/sc/mp3/tigerfm8/music/The_Beatles_-_Sgt_Peppers_Lonely_Hearts_Club_Band.mp3
/home/sc/mp3/tigerfm8/music/Freddie_Mercury_And_Monserrat_Caballe_-_Barcelona.mp3
/home/sc/mp3/tigerfm8/jingle/LDN_ID_05_M.MP3
/home/sc/mp3/tigerfm8/music/David_Bowie_-_Changes.mp3
/home/sc/mp3/tigerfm8/music/Aerosmith_-_Walk_This_Way.mp3
/home/sc/mp3/tigerfm8/music/BB_King_-_Stand_By_Me.mp3
/home/sc/mp3/tigerfm8/music/The_Eagles_-_Desperado.mp3
/home/sc/mp3/tigerfm8/jingle/LDN_SWEEP_01.MP3
/home/sc/mp3/tigerfm8/music/Boston_-_Rock_And_Roll_Band.mp3
/home/sc/mp3/tigerfm8/music/Don_McLean_-_American_Pie.mp3
/home/sc/mp3/tigerfm8/music/Nirvana_-_In_Bloom.mp3
/home/sc/mp3/tigerfm8/music/Lynyrd_Skynyrd_-_Gimme_Three_Steps.mp3
/home/sc/mp3/tigerfm8/jingle/LDN_SWEEP_06.MP3
/home/sc/mp3/tigerfm8/music/Creedence_Clearwater_Revival_-_Who_Will_Stop_the_Rain.mp3
/home/sc/mp3/tigerfm8/music/Soundgarden_-_Burden_In_My_Hand.mp3
/home/sc/mp3/tigerfm8/music/H_Blockx_-_Risin_High.mp3
/home/sc/mp3/tigerfm8/music/ZZ_Top_-_Tush.mp3
/home/sc/mp3/tigerfm8/jingle/LDN_ID_04_M.MP3
/home/sc/mp3/tigerfm8/music/Carl_Perkins_-_Blue_Suede_Shoes.mp3
/home/sc/mp3/tigerfm8/music/Supertramp_-_Give_A_Little_Bit.mp3
/home/sc/mp3/tigerfm8/music/Billy_Joel_-_Only_The_Good_Die_Young.mp3
/home/sc/mp3/tigerfm8/music/Fleetwood_Mac_-_Gold_Dust_Woman.mp3
/home/sc/mp3/tigerfm8/jingle/LDN_ID_05_M.MP3
/home/sc/mp3/tigerfm8/music/Spencer_Davis_Group_-_Gimme_Some_Lovin.mp3
/home/sc/mp3/tigerfm8/music/U2_-_I_Still_Havent_Found_What_Im_Looking_For.mp3
/home/sc/mp3/tigerfm8/music/Lynyrd_Skynyrd_-_Gimme_Three_Steps.mp3
/home/sc/mp3/tigerfm8/music/The_Rolling_Stones_-_Ruby_Tuesday.mp3
/home/sc/mp3/tigerfm8/jingle/LDN_SWEEP_08.MP3
/home/sc/mp3/tigerfm8/music/Iron_Maiden_-_Fear_of_the_Dark.mp3
/home/sc/mp3/tigerfm8/music/Massive_Attack_-_Safe_From_Harm.mp3
/home/sc/mp3/tigerfm8/music/Santana_-_Oye_Como_Va.mp3
/home/sc/mp3/tigerfm8/music/U2_-_With_Or_Without_You.mp3
/home/sc/mp3/tigerfm8/jingle/LDN_SWEEP_01.MP3
/home/sc/mp3/tigerfm8/music/Billy_Joel_-_Just_The_Way_You_Are.mp3
/home/sc/mp3/tigerfm8/music/Vaya_Con_Dios_-_Whats_A_Woman.mp3
/home/sc/mp3/tigerfm8/music/The_Police_-_Roxanne.mp3
/home/sc/mp3/tigerfm8/music/U2_-_Hold_Me_Thrill_Me_Kiss_Me_Kill_Me.mp3
/home/sc/mp3/tigerfm8/jingle/LDN_SWEEP_01.MP3
/home/sc/mp3/tigerfm8/music/Lenny_Kravitz_-_American_Woman.mp3
/home/sc/mp3/tigerfm8/music/Queen_-_Bicycle_Race.mp3
/home/sc/mp3/tigerfm8/music/John_Lennon_-_Instant_Karma.mp3
/home/sc/mp3/tigerfm8/music/Scorpions_-_Wind_Of_Change.mp3
/home/sc/mp3/tigerfm8/jingle/LDN_SWEEP_07.MP3
/home/sc/mp3/tigerfm8/music/Creedence_Clearwater_Revival_-_Fortunate_Son.mp3
/home/sc/mp3/tigerfm8/music/The_Four_Tops_-_Reach_Out_Ill_Be_There.mp3
/home/sc/mp3/tigerfm8/music/Danzing_-_Mother.mp3
/home/sc/mp3/tigerfm8/music/The_Rolling_Stones_-_Brown_Sugar.mp3
/home/sc/mp3/tigerfm8/jingle/LDN_ID_02_M.MP3
/home/sc/mp3/tigerfm8/music/Doobie_Brothers_-_Long_Train_Running.mp3
/home/sc/mp3/tigerfm8/music/Bruce_Dickinson_-_Tears_Of_The_Dragon.mp3
/home/sc/mp3/tigerfm8/music/Buffalo_Springfield_-_For_What_Its_Worth.mp3
/home/sc/mp3/tigerfm8/music/Queen_-_Innuendo.mp3
/home/sc/mp3/tigerfm8/jingle/LDN_ID_01_W.MP3
/home/sc/mp3/tigerfm8/music/Liquid_Tension_Experiment_-_Acid_Rain.mp3
/home/sc/mp3/tigerfm8/music/Billy_Joel_-_Piano_Man.mp3
/home/sc/mp3/tigerfm8/music/Limp_Bizkit_-_Nookie.mp3
/home/sc/mp3/tigerfm8/music/Smashing_Pumpkins_-_Today.mp3
/home/sc/mp3/tigerfm8/jingle/LDN_ID_02_W.MP3
/home/sc/mp3/tigerfm8/music/Depeche_Mode_-_Enjoy_The_Silence.mp3
/home/sc/mp3/tigerfm8/music/Linkin_Park_-_Paper_Cut.mp3
/home/sc/mp3/tigerfm8/music/Gueno_Apes_-_Lords_Of_The_Boards.mp3
/home/sc/mp3/tigerfm8/music/The_Rolling_Stones_-_Angie.mp3
