/home/sc/mp3/tigerfm2/jingle/The Best 3.1.mp3
/home/sc/mp3/tigerfm2/music/Justin_Timberlake_And_T.I._-_Dead_And_Gone.mp3
/home/sc/mp3/tigerfm2/music/Freemasons_-_Uninvited.mp3
/home/sc/mp3/tigerfm2/music/Pompero-Pompero - radio edit.mp3
/home/sc/mp3/tigerfm2/music/The_Pussycat_Dolls_-_Jai_Ho.mp3
/home/sc/mp3/tigerfm2/jingle/The Best 2.1.mp3
/home/sc/mp3/tigerfm2/music/Leon_Jackson_-_Dont_Call_This_Love.mp3
/home/sc/mp3/tigerfm2/music/Britney_Spears_-_Circus.mp3
/home/sc/mp3/tigerfm2/music/Nightcrawlers - Push The Feeling On.mp3
/home/sc/mp3/tigerfm2/music/Spiller - Groove Jet.mp3
/home/sc/mp3/tigerfm2/jingle/Ulubione 2.0.mp3
/home/sc/mp3/tigerfm2/music/DND ft. Angie Irons - Ex Ex Girlfriend.mp3
/home/sc/mp3/tigerfm2/music/Fatboy Slim - Praise You.mp3
/home/sc/mp3/tigerfm2/music/Rihanna_-_Disturbia.mp3
/home/sc/mp3/tigerfm2/music/Booty Luv - Don't Mess with My Man.mp3
/home/sc/mp3/tigerfm2/jingle/The Best 1.0.mp3
/home/sc/mp3/tigerfm2/music/Metro_Station_-_Shake_It.mp3
/home/sc/mp3/tigerfm2/music/Tina Moore - Never Gonna Let You Go.mp3
/home/sc/mp3/tigerfm2/music/Sash - Encore Une Fois.mp3
/home/sc/mp3/tigerfm2/music/Freemasons feat. Amanda Wilson - Love On My Mind (radio edit).mp3
/home/sc/mp3/tigerfm2/jingle/The Best 3.0.mp3
/home/sc/mp3/tigerfm2/music/Run D.M.C. vs Jason Nevins - It's Like That.mp3
/home/sc/mp3/tigerfm2/music/The_Saturdays_-_Up_(Wideboys_Radio_Edit).mp3
/home/sc/mp3/tigerfm2/music/Katy_Perry_-_Hot_N_Cold_(Bimbo_Jones_Remix_Radio_Edit).mp3
/home/sc/mp3/tigerfm2/music/Basement Jaxx - Just 1 Kiss.mp3
/home/sc/mp3/tigerfm2/jingle/Ulubione 2.0.mp3
/home/sc/mp3/tigerfm2/music/Duffy - Mercy.mp3
/home/sc/mp3/tigerfm2/music/Mason - Excedeer.mp3
/home/sc/mp3/tigerfm2/music/Funkey 9ers - Stars On 45.mp3
/home/sc/mp3/tigerfm2/music/Madcon_-_Beggin.mp3
/home/sc/mp3/tigerfm2/jingle/The Best 2.1.mp3
/home/sc/mp3/tigerfm2/music/Los Lobos - La Bamba.mp3
/home/sc/mp3/tigerfm2/music/Robin S - Show Me Love.mp3
/home/sc/mp3/tigerfm2/music/Jennifer Lopez - Lets get loud.mp3
/home/sc/mp3/tigerfm2/music/The_Ting_Tings_-_Shut_Up_And_Let_Me_Go.mp3
/home/sc/mp3/tigerfm2/jingle/Ulubione 1.0.mp3
/home/sc/mp3/tigerfm2/music/David Gueta vs The Egg - Love Don't Let Me Go.mp3
/home/sc/mp3/tigerfm2/music/Sugababes - Push The Button.mp3
/home/sc/mp3/tigerfm2/music/Todd Edwards - Saved My Life.mp3
/home/sc/mp3/tigerfm2/music/Baby D - Let Me Be Your Fantasy (Bomfunk Breakbeat Remix).mp3
/home/sc/mp3/tigerfm2/jingle/The Best 3.0.mp3
/home/sc/mp3/tigerfm2/music/September - Cry For You.mp3
/home/sc/mp3/tigerfm2/music/Blondy - Fiesta.mp3
/home/sc/mp3/tigerfm2/music/Mary Mary - Shackles.mp3
/home/sc/mp3/tigerfm2/music/Mousse T - Horny.mp3
/home/sc/mp3/tigerfm2/jingle/The Best 2.1.mp3
/home/sc/mp3/tigerfm2/music/Crystal Waters - Gypsy Woman.mp3
/home/sc/mp3/tigerfm2/music/Sugababes_-_Girls.mp3
/home/sc/mp3/tigerfm2/music/K Warren ft Lee O - Coming Home.mp3
/home/sc/mp3/tigerfm2/music/Gass - Dark 2003.mp3
/home/sc/mp3/tigerfm2/jingle/Ulubione 2.1.mp3
/home/sc/mp3/tigerfm2/music/Sonique - It Feels So Good.mp3
/home/sc/mp3/tigerfm2/music/Moloko - Sing It Back.mp3
/home/sc/mp3/tigerfm2/music/Nightcrawlers - Push The Feeling On 2000.mp3
/home/sc/mp3/tigerfm2/music/Scouting_For_Girls_-_Shes_So_Lovely.mp3
/home/sc/mp3/tigerfm2/jingle/Ulubione 1.1.mp3
/home/sc/mp3/tigerfm2/music/Martin Solveig - Everybody.mp3
/home/sc/mp3/tigerfm2/music/Scouting_For_Girls_-_Heartbeat.mp3
/home/sc/mp3/tigerfm2/music/Britney_Spears_-_Womanizer.mp3
/home/sc/mp3/tigerfm2/music/Rihanna - Don't Stop The Music.mp3
/home/sc/mp3/tigerfm2/jingle/The Best 1.0.mp3
/home/sc/mp3/tigerfm2/music/Akon_-_Dangerous.mp3
/home/sc/mp3/tigerfm2/music/Mia_-_Paper_Planes.mp3
/home/sc/mp3/tigerfm2/music/Platnum_-_Love_Shy.mp3
/home/sc/mp3/tigerfm2/music/Lloyd_feat._Ludacris_-_How_We_Do_It.mp3
/home/sc/mp3/tigerfm2/jingle/The Best 3.0.mp3
/home/sc/mp3/tigerfm2/music/September_-_Cant_Get_Over_(Radio_Edit).mp3
/home/sc/mp3/tigerfm2/music/Faithless - God Is A DJ.mp3
/home/sc/mp3/tigerfm2/music/Outkast - Hey Ya.mp3
/home/sc/mp3/tigerfm2/music/T2 feat. Jodie Aysha - Heartbroken.mp3
/home/sc/mp3/tigerfm2/jingle/The Best 3.0.mp3
/home/sc/mp3/tigerfm2/music/Axwell_-_Feel_The_Vibe.mp3
/home/sc/mp3/tigerfm2/music/Salt'n'Pepa - Push It.mp3
/home/sc/mp3/tigerfm2/music/Sash_Ft._Stunt_-_Raindrops_(Encore_Une_Fois_Remix_2008).mp3
/home/sc/mp3/tigerfm2/music/Angie Stone - No More Rain.mp3
/home/sc/mp3/tigerfm2/jingle/Ulubione 1.0.mp3
/home/sc/mp3/tigerfm2/music/Alphabeat - Fascination.mp3
/home/sc/mp3/tigerfm2/music/Michael Mind - Show Me Love (Club Mix).mp3
/home/sc/mp3/tigerfm2/music/Iglu_And_Hartly_-_In_This_City.mp3
/home/sc/mp3/tigerfm2/music/Madonna - Give It To Me.mp3
/home/sc/mp3/tigerfm2/jingle/The Best 1.0.mp3
/home/sc/mp3/tigerfm2/music/Kylie Minogue - Can't Get You Out Of My Head.mp3
/home/sc/mp3/tigerfm2/music/Mylo Vs Miami Sound Machine - Drop The Pressure.mp3
/home/sc/mp3/tigerfm2/music/Christian_Falk_ft._Robyn_-_Dream_On.mp3
/home/sc/mp3/tigerfm2/music/Kia_-_My_Neck_My_Back.mp3
/home/sc/mp3/tigerfm2/jingle/The Best 2.0.mp3
/home/sc/mp3/tigerfm2/music/Phats And Small - Tonight.mp3
/home/sc/mp3/tigerfm2/music/Lady_Gaga_-_Summerboy.mp3
/home/sc/mp3/tigerfm2/music/Alex_Gaudino_-_Ft_Shena_-_Watch_Out.mp3
/home/sc/mp3/tigerfm2/music/Kings_Of_Leon_-_Sex_On_Fire.mp3
/home/sc/mp3/tigerfm2/jingle/Ulubione 1.1.mp3
/home/sc/mp3/tigerfm2/music/Brooklyn Bounce - The Music Got Me.mp3
/home/sc/mp3/tigerfm2/music/MC Hammer - I Cant Touch This.mp3
/home/sc/mp3/tigerfm2/music/Jerry Ropero - Gipsy Woman.mp3
/home/sc/mp3/tigerfm2/music/Sugababes_-_About_You_Now.mp3
/home/sc/mp3/tigerfm2/jingle/The Best 3.0.mp3
/home/sc/mp3/tigerfm2/music/Pink_-_So_What.mp3
/home/sc/mp3/tigerfm2/music/DJ Tonka - Put Your hands Up In The Air.mp3
/home/sc/mp3/tigerfm2/music/Fedde_le_Grande_vs._Ida_Corr_-_Let_Me_Think_About_It.mp3
/home/sc/mp3/tigerfm2/music/Gnarls Barkley - Crazy.mp3
/home/sc/mp3/tigerfm2/jingle/The Best 1.1.mp3
/home/sc/mp3/tigerfm2/music/Lady_Gaga_ft._Colby_O_Donis_-_Just_Dance.mp3
/home/sc/mp3/tigerfm2/music/RIO_-_Shine_On.mp3
/home/sc/mp3/tigerfm2/music/Axwell_-_I_Found_U.mp3
/home/sc/mp3/tigerfm2/music/Sean Paul - Gimme The Light.mp3
/home/sc/mp3/tigerfm2/jingle/Ulubione 2.0.mp3
/home/sc/mp3/tigerfm2/music/Eve - Who's That Girl.mp3
/home/sc/mp3/tigerfm2/music/Kriss_Kross_feat._Sean_Paul_-_Jump.mp3
/home/sc/mp3/tigerfm2/music/Reel 2 Real - I Like To Move It.mp3
/home/sc/mp3/tigerfm2/music/Guru_Josh_Project_-_Infinity_2008.mp3
/home/sc/mp3/tigerfm2/jingle/The Best 1.0.mp3
/home/sc/mp3/tigerfm2/music/Eminem_-_We_Made_You.mp3
/home/sc/mp3/tigerfm2/music/Digital_Dog_-_Cothes_Off.mp3
/home/sc/mp3/tigerfm2/music/Nalin And Kane - Beachball.mp3
/home/sc/mp3/tigerfm2/music/T2_feat._Jodie_Aysha_-_Heartbroken.mp3
/home/sc/mp3/tigerfm2/jingle/The Best 2.0.mp3
/home/sc/mp3/tigerfm2/music/Kanye_West_-_American_Boy_(Feat_Estelle).mp3
/home/sc/mp3/tigerfm2/music/Britney_Spears_-_If_You_Seek_Amy.mp3
/home/sc/mp3/tigerfm2/music/PARTY MIX 3.mp3
/home/sc/mp3/tigerfm2/music/Jameson + Viper - Urban Hero.mp3
/home/sc/mp3/tigerfm2/jingle/The Best 2.0.mp3
/home/sc/mp3/tigerfm2/music/The_Hoosiers_-_Cops_And_Robbers.mp3
/home/sc/mp3/tigerfm2/music/Axwell_And_Bob_Sinclar_-_What_A_Wonderful_World.mp3
/home/sc/mp3/tigerfm2/music/Once Waz Nice - Messin Around.mp3
/home/sc/mp3/tigerfm2/music/Alesha_Dixon_-_The_Boy_Does_Nothing.mp3
/home/sc/mp3/tigerfm2/jingle/Ulubione 1.0.mp3
/home/sc/mp3/tigerfm2/music/Chris_Brown_-_Forever.mp3
/home/sc/mp3/tigerfm2/music/Eric_Pridz_-_Pjanoo.mp3
/home/sc/mp3/tigerfm2/music/EZ - Just Turn It Up.mp3
/home/sc/mp3/tigerfm2/music/Ciara_ft_Justin_Timberlake_-_Love_And_Sex_And_Magic.mp3
/home/sc/mp3/tigerfm2/jingle/Ulubione 2.0.mp3
/home/sc/mp3/tigerfm2/music/Morandi_-_Angels.mp3
/home/sc/mp3/tigerfm2/music/Yanou - King Of My Castle.mp3
/home/sc/mp3/tigerfm2/music/Lambda_-_Hold_On_Tight.mp3
/home/sc/mp3/tigerfm2/music/Flo Rida feat. T Pain - Low.mp3
/home/sc/mp3/tigerfm2/jingle/Ulubione 1.1.mp3
/home/sc/mp3/tigerfm2/music/Sash - Stay.mp3
/home/sc/mp3/tigerfm2/music/London Elektricity - Round The Corner.mp3
/home/sc/mp3/tigerfm2/music/M People - Moving On Up.mp3
/home/sc/mp3/tigerfm2/music/Stardust - Music Sounds Better With You.mp3
/home/sc/mp3/tigerfm2/jingle/The Best 1.1.mp3
/home/sc/mp3/tigerfm2/music/The_Saturdays_-_If_This_Is_Love.mp3
/home/sc/mp3/tigerfm2/music/Doolally - Straight From The Heart.mp3
/home/sc/mp3/tigerfm2/music/Sharleen_Spiteri_-_All_The_Times_I_Cried.mp3
/home/sc/mp3/tigerfm2/music/David_Gueta_vs_The_Egg_-_Love_Dont_Let_Me_Go.mp3
/home/sc/mp3/tigerfm2/jingle/The Best 1.1.mp3
/home/sc/mp3/tigerfm2/music/Ultrabeat_vs_Darren_Styles_-_Discolights.mp3
/home/sc/mp3/tigerfm2/music/The_Killers_-_Human.mp3
/home/sc/mp3/tigerfm2/music/Jennifer Lopez - Ain't It Funny.mp3
/home/sc/mp3/tigerfm2/music/Snow - Informer.mp3
/home/sc/mp3/tigerfm2/jingle/The Best 2.0.mp3
/home/sc/mp3/tigerfm2/music/Earth Wind And Fire - September 99.mp3
/home/sc/mp3/tigerfm2/music/Marius_&_Giulia_-_Rain.mp3
/home/sc/mp3/tigerfm2/music/Basshunter_And_DJ_Mental_-_Now_Youre_Gone.mp3
/home/sc/mp3/tigerfm2/music/James_Doman_-_Everythings_Gonna_Be_Alright.mp3
/home/sc/mp3/tigerfm2/jingle/The Best 1.1.mp3
/home/sc/mp3/tigerfm2/music/Cassius - 1999.mp3
/home/sc/mp3/tigerfm2/music/EZ - Want You Back.mp3
/home/sc/mp3/tigerfm2/music/N_Dubz_-_Strong_Again.mp3
/home/sc/mp3/tigerfm2/music/Freemasons Feat Sophie Ellis-Bextor - Heartbreak.mp3
/home/sc/mp3/tigerfm2/jingle/Ulubione 1.1.mp3
/home/sc/mp3/tigerfm2/music/Amy_Mc_Donald_-_This_Is_The_Life.mp3
/home/sc/mp3/tigerfm2/music/Fatboy Slim - The  Rockefeller Skank.mp3
/home/sc/mp3/tigerfm2/music/Geri Halliwell - Its Raining Man.mp3
/home/sc/mp3/tigerfm2/music/Kortezman - Everybody's Free.mp3
/home/sc/mp3/tigerfm2/jingle/The Best 2.0.mp3
/home/sc/mp3/tigerfm2/music/ATB - Youre Not Alone.mp3
/home/sc/mp3/tigerfm2/music/Black_Eyed_Peas_-_Boom_Boom_Pow.mp3
/home/sc/mp3/tigerfm2/music/Take_That_-_Up_All_Night.mp3
/home/sc/mp3/tigerfm2/music/Caramel Club - Mama Say Mama Sa.mp3
/home/sc/mp3/tigerfm2/jingle/Ulubione 2.0.mp3
/home/sc/mp3/tigerfm2/music/Liberty_X_-_Just_A_Little_Beat.mp3
/home/sc/mp3/tigerfm2/music/MJ Cole ft. Jill Scott - Perfect Pitch.mp3
/home/sc/mp3/tigerfm2/music/Basement Jaxx - Bingo Bongo.mp3
/home/sc/mp3/tigerfm2/music/Kylie_Minogue_-_The_One_(Freemasons_Mix).mp3
/home/sc/mp3/tigerfm2/jingle/The Best 1.0.mp3
/home/sc/mp3/tigerfm2/music/Tom Novy - Your Body.mp3
/home/sc/mp3/tigerfm2/music/Bob Sinclar - Love Generation.mp3
/home/sc/mp3/tigerfm2/music/Freemasons Feat Sophie Ellis-Bextor - Heartbreak (Make Me A Dancer) (Main Version).mp3
/home/sc/mp3/tigerfm2/music/Olive_-_You_Are_Not_Alone.mp3
/home/sc/mp3/tigerfm2/jingle/The Best 1.1.mp3
/home/sc/mp3/tigerfm2/music/T.I._Feat._Rihanna_-_Live_Your_Life_(LDN).mp3
/home/sc/mp3/tigerfm2/music/Scissor Sisters - I Dont Feel Like Dancin.mp3
/home/sc/mp3/tigerfm2/music/Kelly Rowland - Work.mp3
/home/sc/mp3/tigerfm2/music/Big Brovaz - Baby Boy.mp3
/home/sc/mp3/tigerfm2/jingle/Ulubione 2.1.mp3
/home/sc/mp3/tigerfm2/music/Sticky ft. Kele Le Roc - Things We Do.mp3
/home/sc/mp3/tigerfm2/music/Juanes - La Camisa Negra.mp3
/home/sc/mp3/tigerfm2/music/Rihanna_-_Dont_Stop_The_Music.mp3
/home/sc/mp3/tigerfm2/music/Paul Van Dyk - For An Angel 09 (Spencer & Hill Remix).mp3
/home/sc/mp3/tigerfm2/jingle/Ulubione 1.1.mp3
/home/sc/mp3/tigerfm2/music/Bob Sinclar - Rock This Party.mp3
/home/sc/mp3/tigerfm2/music/Booty Luv - Boogie 2nite.mp3
/home/sc/mp3/tigerfm2/music/Justin Timberlake - My Love.mp3
/home/sc/mp3/tigerfm2/music/Pink_-_Sober.mp3
/home/sc/mp3/tigerfm2/jingle/The Best 2.0.mp3
/home/sc/mp3/tigerfm2/music/Global Dee Jays - The sound of San Francisco.mp3
/home/sc/mp3/tigerfm2/music/Rihanna_-_Shut_Up_And_Drive.mp3
/home/sc/mp3/tigerfm2/music/Pussycat_Dolls_Feat_Missy_Elliot_-_Whatcha_Think_About_That.mp3
/home/sc/mp3/tigerfm2/music/Marisa Turner - Who's Gonna Kiss That Man.mp3
/home/sc/mp3/tigerfm2/jingle/Ulubione 1.0.mp3
/home/sc/mp3/tigerfm2/music/Wiley_-_Wearing_My_Rolex.mp3
/home/sc/mp3/tigerfm2/music/Gouryella - Ligaya.mp3
/home/sc/mp3/tigerfm2/music/Mark_Ronson_-_Valerie_(Feat._Amy_Winehouse).mp3
/home/sc/mp3/tigerfm2/music/Missy Elliot - 4 My People.mp3
/home/sc/mp3/tigerfm2/jingle/Ulubione 2.0.mp3
/home/sc/mp3/tigerfm2/music/Girls_Aloud_-_The_Loving_Kind.mp3
/home/sc/mp3/tigerfm2/music/Michael_Mind_-_Baker_Street.mp3
/home/sc/mp3/tigerfm2/music/Dizzee Rascal - I Luv U.mp3
/home/sc/mp3/tigerfm2/music/Shola Ama - Imagine.mp3
/home/sc/mp3/tigerfm2/jingle/The Best 1.0.mp3
/home/sc/mp3/tigerfm2/music/Paul_Johnson_-_Get_Down_(1999).mp3
/home/sc/mp3/tigerfm2/music/DJ Deekline - I Don't Smoke.mp3
/home/sc/mp3/tigerfm2/music/Scissor_Sisters_-_I_Dont_Feel_Like_Dancin.mp3
/home/sc/mp3/tigerfm2/music/Kate Ryan - Ella Elle l'a.mp3
/home/sc/mp3/tigerfm2/jingle/Ulubione 1.1.mp3
/home/sc/mp3/tigerfm2/music/Freemasons - Witchin.mp3
/home/sc/mp3/tigerfm2/music/Sticky ft. Ms Dynamite - Booo.mp3
/home/sc/mp3/tigerfm2/music/Jon E Cash ft. Wayne Williams - All About Sex.mp3
/home/sc/mp3/tigerfm2/music/Wiley_ft._Daniel_Merriweather_-_Cash_In_My_Pocket.mp3
/home/sc/mp3/tigerfm2/jingle/The Best 2.1.mp3
/home/sc/mp3/tigerfm2/music/Wiley_-_Summertime.mp3
/home/sc/mp3/tigerfm2/music/Jamelia - Superstar.mp3
/home/sc/mp3/tigerfm2/music/Daniel Beddingfield - I'm Gonna Get Through This.mp3
/home/sc/mp3/tigerfm2/music/Michael Jackson - Billie Jean.mp3
/home/sc/mp3/tigerfm2/jingle/The Best 2.1.mp3
/home/sc/mp3/tigerfm2/music/The Artful Dodger - Movin' Too Fast.mp3
/home/sc/mp3/tigerfm2/music/Danny_-_Radio.mp3
/home/sc/mp3/tigerfm2/music/Kai Tracid - Life Is To Short.mp3
/home/sc/mp3/tigerfm2/music/Faithless - Insomnia.mp3
/home/sc/mp3/tigerfm2/jingle/Ulubione 1.0.mp3
/home/sc/mp3/tigerfm2/music/Blue Avenue - On The Radio.mp3
/home/sc/mp3/tigerfm2/music/September - Cant Get Over.mp3
/home/sc/mp3/tigerfm2/music/Robin S - Show Me Love (Funky).mp3
/home/sc/mp3/tigerfm2/music/KLF - What Time Is Love.mp3
/home/sc/mp3/tigerfm2/jingle/Ulubione 2.0.mp3
/home/sc/mp3/tigerfm2/music/Eddy_Wata_-_I_Love_My_People.mp3
/home/sc/mp3/tigerfm2/music/Infernal - Self Control.mp3
/home/sc/mp3/tigerfm2/music/Jerry Ropero - Coracao.mp3
/home/sc/mp3/tigerfm2/music/Tom Novy - Take It.mp3
/home/sc/mp3/tigerfm2/jingle/The Best 3.0.mp3
/home/sc/mp3/tigerfm2/music/Paul Van Dyk - Nothing But You.mp3
/home/sc/mp3/tigerfm2/music/Lilly Allen - Smile.mp3
/home/sc/mp3/tigerfm2/music/Gala - Freed From Desire.mp3
/home/sc/mp3/tigerfm2/music/Micha_Moor_-_Space_(Original_Radio_Edit).mp3
/home/sc/mp3/tigerfm2/jingle/The Best 1.1.mp3
/home/sc/mp3/tigerfm2/music/All Saints - Rock Steady.mp3
/home/sc/mp3/tigerfm2/music/Nina Sky - Move Ya Body.mp3
/home/sc/mp3/tigerfm2/music/Lady_Gaga_-_Love_Game.mp3
/home/sc/mp3/tigerfm2/music/Fragma - Tocas Miracle 2008.mp3
/home/sc/mp3/tigerfm2/jingle/The Best 1.0.mp3
/home/sc/mp3/tigerfm2/music/Wookie - Scrappy.mp3
/home/sc/mp3/tigerfm2/music/Angels_And_Airwaves_-_Everythings_Magic.mp3
/home/sc/mp3/tigerfm2/music/Infernal - I Wont Be Crying.mp3
/home/sc/mp3/tigerfm2/music/Frank Ti Aya - One Love World Love.mp3
/home/sc/mp3/tigerfm2/jingle/The Best 2.1.mp3
/home/sc/mp3/tigerfm2/music/More Fire Crew ft. Dean Chohan - Whats The Point.mp3
/home/sc/mp3/tigerfm2/music/Beyonce_-_If_I_Were_a_Boy.mp3
/home/sc/mp3/tigerfm2/music/EZ - 4 The Mind.mp3
/home/sc/mp3/tigerfm2/music/Rozalla - Everybody's Free.mp3
/home/sc/mp3/tigerfm2/jingle/The Best 1.1.mp3
/home/sc/mp3/tigerfm2/music/Sophie Ellis Bextor - Murder On The Dancefloor.mp3
/home/sc/mp3/tigerfm2/music/Akon_-_Right_Now_(Na_Na_Na).mp3
/home/sc/mp3/tigerfm2/music/David_Tavare_-_Call_Me_Baby.mp3
/home/sc/mp3/tigerfm2/music/Kalwin And Remi - Explosion.mp3
/home/sc/mp3/tigerfm2/jingle/Ulubione 2.1.mp3
/home/sc/mp3/tigerfm2/music/Mark Ronson - Valerie (Feat. Amy Winehouse).mp3
/home/sc/mp3/tigerfm2/music/Maroon_5_And_Rihanna_-_If_I_Never_See_Your_Face_Again.mp3
/home/sc/mp3/tigerfm2/music/Ne_Yo_-_Closer_(Remix).mp3
/home/sc/mp3/tigerfm2/music/Minimalistix - Whistling drive Radio Mix.mp3
/home/sc/mp3/tigerfm2/jingle/Ulubione 1.1.mp3
/home/sc/mp3/tigerfm2/music/Madonna - La isla bonita rap '99.mp3
/home/sc/mp3/tigerfm2/music/Jamelia - Beware Of The Dog.mp3
/home/sc/mp3/tigerfm2/music/Madison Avenue - Dont Call Me Baby.mp3
/home/sc/mp3/tigerfm2/music/Craig David - 6 of 1 Thing.mp3
/home/sc/mp3/tigerfm2/jingle/The Best 1.1.mp3
/home/sc/mp3/tigerfm2/music/Till West - Same Man.mp3
/home/sc/mp3/tigerfm2/music/Somore - I Refuse.mp3
/home/sc/mp3/tigerfm2/music/Alex_Gaudino_-_Destination_Calabria.mp3
/home/sc/mp3/tigerfm2/music/Will.I.Am_-_Heartbreaker.mp3
/home/sc/mp3/tigerfm2/jingle/The Best 2.1.mp3
/home/sc/mp3/tigerfm2/music/Kalwi & Remi - Sunshine.mp3
/home/sc/mp3/tigerfm2/music/Dizzee_Rascal_-_Dance_Wiv_Me.mp3
/home/sc/mp3/tigerfm2/music/DJ_Smash_-_Volna.mp3
/home/sc/mp3/tigerfm2/music/PARTY MIX 2.mp3
/home/sc/mp3/tigerfm2/jingle/Ulubione 2.1.mp3
/home/sc/mp3/tigerfm2/music/Haddaway - What Is Love.mp3
/home/sc/mp3/tigerfm2/music/Fragma - Toca's Miracle.mp3
/home/sc/mp3/tigerfm2/music/Ne Yo - Closer (Remix).mp3
/home/sc/mp3/tigerfm2/music/Deluxe_-_Show_Me_Happiness.mp3
/home/sc/mp3/tigerfm2/jingle/The Best 3.0.mp3
/home/sc/mp3/tigerfm2/music/PARTY MIX 5.mp3
/home/sc/mp3/tigerfm2/music/Fragma_-_Tocas_Miracle_2008.mp3
/home/sc/mp3/tigerfm2/music/Utah_Saints_-_Something_Good_08.mp3
/home/sc/mp3/tigerfm2/music/Girls Aloud - I Think We're Alone Now.mp3
/home/sc/mp3/tigerfm2/jingle/The Best 2.0.mp3
/home/sc/mp3/tigerfm2/music/The Artful Dodger - Re Rewind.mp3
/home/sc/mp3/tigerfm2/music/Paul Van Dyk - For An Angel.mp3
/home/sc/mp3/tigerfm2/music/DJ Narrows - Saved Soul.mp3
/home/sc/mp3/tigerfm2/music/Roy Davis Jr. ft. Peven Everett - Gabriel.mp3
/home/sc/mp3/tigerfm2/jingle/Ulubione 2.1.mp3
/home/sc/mp3/tigerfm2/music/DJ Zinc - 138 Trek.mp3
/home/sc/mp3/tigerfm2/music/PARTY MIX 4.mp3
/home/sc/mp3/tigerfm2/music/J_Majik_And_Wickaman_-_Crazy_World.mp3
/home/sc/mp3/tigerfm2/music/DJ Tonka - Dont Be Affraid.mp3
/home/sc/mp3/tigerfm2/jingle/The Best 3.1.mp3
/home/sc/mp3/tigerfm2/music/Hilary_Duff_-_Reach_Out.mp3
/home/sc/mp3/tigerfm2/music/Bombfunk MC's - Freestyler.mp3
/home/sc/mp3/tigerfm2/music/Basshunter_-_Angel_In_The_Night.mp3
/home/sc/mp3/tigerfm2/music/Sweet Female Attitude - Flowers.mp3
/home/sc/mp3/tigerfm2/jingle/The Best 2.1.mp3
/home/sc/mp3/tigerfm2/music/Phats & Small - Turn Around.mp3
/home/sc/mp3/tigerfm2/music/Kelis - Trick Me.mp3
/home/sc/mp3/tigerfm2/music/Booty_Luv_-_Boogie_2nite.mp3
/home/sc/mp3/tigerfm2/music/ministry_of_sound_-_ritmo_dynamic_calinda.mp3
/home/sc/mp3/tigerfm2/jingle/The Best 3.0.mp3
/home/sc/mp3/tigerfm2/music/Amira - My Desire.mp3
/home/sc/mp3/tigerfm2/music/Fish & Chips - All About Eve.mp3
/home/sc/mp3/tigerfm2/music/3rd Core - Mindless And Broken.mp3
/home/sc/mp3/tigerfm2/music/Galleon - So I Begin.mp3
/home/sc/mp3/tigerfm2/jingle/Ulubione 1.0.mp3
/home/sc/mp3/tigerfm2/music/Trevor T - On Me.mp3
/home/sc/mp3/tigerfm2/music/Britney_Spears_-_Piece_Of_Me.mp3
/home/sc/mp3/tigerfm2/music/Danii Minogue - I Begin To Wonder.mp3
/home/sc/mp3/tigerfm2/music/Neyo_-_Mad.mp3
/home/sc/mp3/tigerfm2/jingle/Ulubione 2.1.mp3
/home/sc/mp3/tigerfm2/music/Lionel Richie - Dont`t Stop The Music.mp3
/home/sc/mp3/tigerfm2/music/Agent X - Skanked.mp3
/home/sc/mp3/tigerfm2/music/Sean Paul - We ll Be Burnin.mp3
/home/sc/mp3/tigerfm2/music/Booty Luv - Shine.mp3
/home/sc/mp3/tigerfm2/jingle/The Best 3.1.mp3
/home/sc/mp3/tigerfm2/music/Alex Gaudino - Little love.mp3
/home/sc/mp3/tigerfm2/music/Martin Solveig - Jealousy.mp3
/home/sc/mp3/tigerfm2/music/Nu Birth - Anytime.mp3
/home/sc/mp3/tigerfm2/music/Mis Teeq - Why.mp3
/home/sc/mp3/tigerfm2/jingle/Ulubione 2.1.mp3
/home/sc/mp3/tigerfm2/music/Modjo - Lady.mp3
/home/sc/mp3/tigerfm2/music/Tee Bone Kie Sparks - Fly Bi.mp3
/home/sc/mp3/tigerfm2/music/Lady_Gaga_-_Poker_Face.mp3
/home/sc/mp3/tigerfm2/music/Deep Dish - Say Hello.mp3
/home/sc/mp3/tigerfm2/jingle/Ulubione 2.1.mp3
/home/sc/mp3/tigerfm2/music/H_Two_O_ft._Platnum_-_Whats_It_Gonna_Be.mp3
/home/sc/mp3/tigerfm2/music/Jennifer_Hudson_-_Spotlight.mp3
/home/sc/mp3/tigerfm2/music/Chanel - My life.mp3
/home/sc/mp3/tigerfm2/music/Katy_Perry_-_I_Kissed_A_Girl.mp3
/home/sc/mp3/tigerfm2/jingle/Ulubione 1.0.mp3
/home/sc/mp3/tigerfm2/music/The_Kaiser_Chiefs_-_Ruby.mp3
/home/sc/mp3/tigerfm2/music/Kid_Cudi_-_Day_And_Nite.mp3
/home/sc/mp3/tigerfm2/music/Michael Gray - The weekend.mp3
/home/sc/mp3/tigerfm2/music/Britney_Spears_-_Gimme_More.mp3
/home/sc/mp3/tigerfm2/jingle/Ulubione 2.1.mp3
/home/sc/mp3/tigerfm2/music/Rihanna - Shut Up And Drive.mp3
/home/sc/mp3/tigerfm2/music/Sean Paul - Get Busy.mp3
/home/sc/mp3/tigerfm2/music/Alphabeat_-_Boyfriend.mp3
/home/sc/mp3/tigerfm2/music/Planet Funk - Chase The Sun.mp3
/home/sc/mp3/tigerfm2/jingle/Ulubione 2.1.mp3
/home/sc/mp3/tigerfm2/music/Katy_Perry_-_Hot_N_Cold.mp3
/home/sc/mp3/tigerfm2/music/Pussycat_Dolls_-_When_I_Grow_Up.mp3
/home/sc/mp3/tigerfm2/music/KIG_-_Heads_Shoulders_Kneez_And_Toez.mp3
/home/sc/mp3/tigerfm2/music/Basshunter_-_All_I_Ever_Wanted.mp3
/home/sc/mp3/tigerfm2/jingle/The Best 1.1.mp3
/home/sc/mp3/tigerfm2/music/Will Smith - Miami.mp3
/home/sc/mp3/tigerfm2/music/Fatboy Slim - I C U Baby.mp3
/home/sc/mp3/tigerfm2/music/The_Saturdays_-_Issues.mp3
/home/sc/mp3/tigerfm2/music/Shontelle_Layne_-_T_Shirt.mp3
/home/sc/mp3/tigerfm2/jingle/Ulubione 1.1.mp3
/home/sc/mp3/tigerfm2/music/Armin van Buuren - In And Out Of Love.mp3
/home/sc/mp3/tigerfm2/music/Shystie - Step Back.mp3
/home/sc/mp3/tigerfm2/music/Booty Luv - Some Kinda Rush.mp3
/home/sc/mp3/tigerfm2/music/Skee Lo - I Wish.mp3
/home/sc/mp3/tigerfm2/jingle/Ulubione 1.1.mp3
/home/sc/mp3/tigerfm2/music/Akon_-_Beautiful.mp3
/home/sc/mp3/tigerfm2/music/Dizzee Rascal - Dance Wiv Me.mp3
/home/sc/mp3/tigerfm2/music/Pink - Get The Party Started.mp3
/home/sc/mp3/tigerfm2/music/Lara Zola - This Is What I Like.mp3
/home/sc/mp3/tigerfm2/jingle/Ulubione 1.1.mp3
/home/sc/mp3/tigerfm2/music/So Solid Crew - 21 Seconds.mp3
/home/sc/mp3/tigerfm2/music/Lily_Allen_-_The_Fear.mp3
/home/sc/mp3/tigerfm2/music/Todd Edwards - Hold On To Me.mp3
/home/sc/mp3/tigerfm2/music/Christina_Aguilera_-_Keeps_Getting_Better.mp3
/home/sc/mp3/tigerfm2/jingle/The Best 3.0.mp3
/home/sc/mp3/tigerfm2/music/David Morales - Needin U.mp3
/home/sc/mp3/tigerfm2/music/Locomotion - Modo Loco.mp3
/home/sc/mp3/tigerfm2/music/PARTY MIX 6.mp3
/home/sc/mp3/tigerfm2/music/Culture Beat - Mr. Vain.mp3
/home/sc/mp3/tigerfm2/jingle/Ulubione 1.1.mp3
/home/sc/mp3/tigerfm2/music/Flo_Rida_-_Right_Round.mp3
/home/sc/mp3/tigerfm2/music/Loft - Mallorca.mp3
/home/sc/mp3/tigerfm2/music/Girls_Aloud_-_The_Promise.mp3
/home/sc/mp3/tigerfm2/music/Destiny's Child - Bootylicious.mp3
/home/sc/mp3/tigerfm2/jingle/The Best 2.0.mp3
/home/sc/mp3/tigerfm2/music/Artful Dodger - You Movin That.mp3
/home/sc/mp3/tigerfm2/music/Craig David - Let's Dance.mp3
/home/sc/mp3/tigerfm2/music/Shapeshifters - Lola's Theme.mp3
/home/sc/mp3/tigerfm2/music/S.N.A.P.! - Rythm Is A Dancer.mp3
/home/sc/mp3/tigerfm2/jingle/The Best 3.0.mp3
/home/sc/mp3/tigerfm2/music/Kanye West - Love Lockdown (electro).MP3
/home/sc/mp3/tigerfm2/music/Liberty X - Jumpin'.mp3
/home/sc/mp3/tigerfm2/music/PARTY MIX 1.mp3
/home/sc/mp3/tigerfm2/music/Tim Deluxe - It Just Won't Do.mp3
/home/sc/mp3/tigerfm2/jingle/The Best 3.1.mp3
/home/sc/mp3/tigerfm2/music/The Drill - The Drill.mp3
/home/sc/mp3/tigerfm2/music/Robin_S_-_Show_Me_Love_2008.mp3
/home/sc/mp3/tigerfm2/music/Papa_AP_-_Gasolina.mp3
/home/sc/mp3/tigerfm2/music/Beyonce_-_Single_Ladies.mp3
/home/sc/mp3/tigerfm2/jingle/The Best 3.0.mp3
/home/sc/mp3/tigerfm2/music/Kid_Rock_-_All_Summer_Long.mp3
/home/sc/mp3/tigerfm2/music/Kenny Loggins - Footloose.mp3
/home/sc/mp3/tigerfm2/music/Junior Senior - Move Your Feet.mp3
/home/sc/mp3/tigerfm2/music/Robin S - Show Me Love (Garage Mix).mp3
/home/sc/mp3/tigerfm2/jingle/The Best 3.1.mp3
/home/sc/mp3/tigerfm2/music/In Grid - Tu Es Foutu.mp3
/home/sc/mp3/tigerfm2/music/David Guetta - Love is Gone.mp3
/home/sc/mp3/tigerfm2/music/Will Smith - Gettin' Jiggy With It.mp3
/home/sc/mp3/tigerfm2/music/Pay As U Go - Champagne Dance.mp3
/home/sc/mp3/tigerfm2/jingle/Ulubione 1.1.mp3
/home/sc/mp3/tigerfm2/music/S Club 7 - Dont Stop Movin.mp3
/home/sc/mp3/tigerfm2/music/DJ Lewi - Hold Me Tight.mp3
/home/sc/mp3/tigerfm2/music/Sticky Vs. Nio - Music Ain't Dead.mp3
/home/sc/mp3/tigerfm2/music/Lady Gaga - Poker Face (Dave Aude Club Mix).mp3
/home/sc/mp3/tigerfm2/jingle/Ulubione 2.1.mp3
/home/sc/mp3/tigerfm2/music/Eric Prydz - Proper Education.mp3
/home/sc/mp3/tigerfm2/music/Platinum 45 feat. More Fire Cru - Oi.mp3
/home/sc/mp3/tigerfm2/music/Loona - Bailando.mp3
